src/app/(app)/appointments/new/page.tsx(45,46): error TS2379: Argument of type '{ patientId: string; clinicianId: string; startsAt: string; endsAt: string; location: string | undefined; reason: string | undefined; }' is not assignable to parameter of type '{ patientId: string; clinicianId: string; startsAt: string; endsAt: string; location?: string; reason?: string; }' with 'exactOptionalPropertyTypes: true'. Consider adding 'undefined' to the types of the target's properties.
  Types of property 'location' are incompatible.
    Type 'string | undefined' is not assignable to type 'string'.
      Type 'undefined' is not assignable to type 'string'.
src/app/(app)/appointments/page.tsx(25,22): error TS2379: Argument of type '{ patientId: string | undefined; clinicianId: string | undefined; dateFrom: string | undefined; dateTo: string | undefined; page: number; pageSize: number; }' is not assignable to parameter of type 'ListAppointmentsInput' with 'exactOptionalPropertyTypes: true'. Consider adding 'undefined' to the types of the target's properties.
  Types of property 'patientId' are incompatible.
    Type 'string | undefined' is not assignable to type 'string'.
      Type 'undefined' is not assignable to type 'string'.
src/app/(app)/notes/[id]/page.tsx(57,41): error TS2379: Argument of type '{ id: string; title: string | undefined; content: string | undefined; }' is not assignable to parameter of type '{ id: string; title?: string; content?: string; }' with 'exactOptionalPropertyTypes: true'. Consider adding 'undefined' to the types of the target's properties.
  Types of property 'title' are incompatible.
    Type 'string | undefined' is not assignable to type 'string'.
      Type 'undefined' is not assignable to type 'string'.
src/app/(app)/notes/[id]/page.tsx(125,37): error TS2379: Argument of type '{ id: string; title: string | undefined; content: string | undefined; }' is not assignable to parameter of type '{ id: string; title?: string; content?: string; }' with 'exactOptionalPropertyTypes: true'. Consider adding 'undefined' to the types of the target's properties.
  Types of property 'title' are incompatible.
    Type 'string | undefined' is not assignable to type 'string'.
      Type 'undefined' is not assignable to type 'string'.
src/app/(app)/notes/[id]/page.tsx(174,38): error TS2379: Argument of type '{ id: string; title: string | undefined; content: string | undefined; }' is not assignable to parameter of type '{ id: string; title?: string; content?: string; }' with 'exactOptionalPropertyTypes: true'. Consider adding 'undefined' to the types of the target's properties.
  Types of property 'title' are incompatible.
    Type 'string | undefined' is not assignable to type 'string'.
      Type 'undefined' is not assignable to type 'string'.
src/app/(app)/patients/new/actions.ts(14,40): error TS2379: Argument of type '{ firstName: string; lastName: string; dob: string | undefined; phone: string | undefined; email: string | undefined; }' is not assignable to parameter of type '{ firstName: string; lastName: string; dob?: string; phone?: string; email?: string; }' with 'exactOptionalPropertyTypes: true'. Consider adding 'undefined' to the types of the target's properties.
  Types of property 'dob' are incompatible.
    Type 'string | undefined' is not assignable to type 'string'.
      Type 'undefined' is not assignable to type 'string'.
src/app/(app)/patients/new/page.tsx(43,15): error TS2322: Type '{ currentStep: WizardStep; onStepClick: (stepId: string) => void; allowSkipAhead: false; showProgress: boolean; }' is not assignable to type 'IntrinsicAttributes & EnhancedWizardTabsProps'.
  Property 'showProgress' does not exist on type 'IntrinsicAttributes & EnhancedWizardTabsProps'.
src/app/globals-bridge.tsx(3,8): error TS2307: Cannot find module '../styles/globals.css' or its corresponding type declarations.
src/modules/appointments/application/appointments.actions.ts(61,11): error TS2769: No overload matches this call.
  Overload 1 of 2, '(relation: never): PostgrestQueryBuilder<{ PostgrestVersion: "13.0.5"; }, { Tables: {}; Views: {}; Functions: { gbt_bit_compress: { Args: { "": unknown; }; Returns: unknown; }; gbt_bool_compress: { Args: { "": unknown; }; Returns: unknown; }; gbt_bool_fetch: { ...; }; ... 52 more ...; gbtreekey8_out: { ...; }; }; Enums: {}; CompositeTypes: {}; }, never, never, never>', gave the following error.
    Argument of type '"orbipax_core.appointments"' is not assignable to parameter of type 'never'.
  Overload 2 of 2, '(relation: never): PostgrestQueryBuilder<{ PostgrestVersion: "13.0.5"; }, { Tables: {}; Views: {}; Functions: { gbt_bit_compress: { Args: { "": unknown; }; Returns: unknown; }; gbt_bool_compress: { Args: { "": unknown; }; Returns: unknown; }; gbt_bool_fetch: { ...; }; ... 52 more ...; gbtreekey8_out: { ...; }; }; Enums: {}; CompositeTypes: {}; }, never, never, never>', gave the following error.
    Argument of type '"orbipax_core.appointments"' is not assignable to parameter of type 'never'.
src/modules/appointments/application/appointments.actions.ts(120,52): error TS2339: Property 'errors' does not exist on type 'ZodError<{ patientId: string; clinicianId: string; startsAt: string; endsAt: string; location?: string | undefined; reason?: string | undefined; }>'.
src/modules/appointments/application/appointments.actions.ts(120,63): error TS7006: Parameter 'e' implicitly has an 'any' type.
src/modules/appointments/application/appointments.actions.ts(136,13): error TS2769: No overload matches this call.
  Overload 1 of 2, '(relation: never): PostgrestQueryBuilder<{ PostgrestVersion: "13.0.5"; }, { Tables: {}; Views: {}; Functions: { gbt_bit_compress: { Args: { "": unknown; }; Returns: unknown; }; gbt_bool_compress: { Args: { "": unknown; }; Returns: unknown; }; gbt_bool_fetch: { ...; }; ... 52 more ...; gbtreekey8_out: { ...; }; }; Enums: {}; CompositeTypes: {}; }, never, never, never>', gave the following error.
    Argument of type '"orbipax_core.appointments"' is not assignable to parameter of type 'never'.
  Overload 2 of 2, '(relation: never): PostgrestQueryBuilder<{ PostgrestVersion: "13.0.5"; }, { Tables: {}; Views: {}; Functions: { gbt_bit_compress: { Args: { "": unknown; }; Returns: unknown; }; gbt_bool_compress: { Args: { "": unknown; }; Returns: unknown; }; gbt_bool_fetch: { ...; }; ... 52 more ...; gbtreekey8_out: { ...; }; }; Enums: {}; CompositeTypes: {}; }, never, never, never>', gave the following error.
    Argument of type '"orbipax_core.appointments"' is not assignable to parameter of type 'never'.
src/modules/appointments/application/appointments.actions.ts(137,8): error TS2769: No overload matches this call.
  Overload 1 of 2, '(values: never, options?: { count?: "exact" | "planned" | "estimated"; } | undefined): PostgrestFilterBuilder<{ PostgrestVersion: "13.0.5"; }, { Tables: {}; Views: {}; Functions: { gbt_bit_compress: { Args: { ...; }; Returns: unknown; }; ... 54 more ...; gbtreekey8_out: { ...; }; }; Enums: {}; CompositeTypes: {}; }, ... 4 more ..., "POST">', gave the following error.
    Argument of type '{ organization_id: string; patient_id: string; clinician_id: string; starts_at: string; ends_at: string; status: string; location: string | null; reason: string | null; created_by: string; created_at: string; }' is not assignable to parameter of type 'never'.
  Overload 2 of 2, '(values: never[], options?: { count?: "exact" | "planned" | "estimated"; defaultToNull?: boolean; } | undefined): PostgrestFilterBuilder<{ PostgrestVersion: "13.0.5"; }, { Tables: {}; Views: {}; Functions: { gbt_bit_compress: { ...; }; ... 54 more ...; gbtreekey8_out: { ...; }; }; Enums: {}; CompositeTypes: {}; }, ... 4 more ..., "POST">', gave the following error.
    Object literal may only specify known properties, and 'organization_id' does not exist in type 'never[]'.
src/modules/appointments/application/appointments.actions.ts(160,27): error TS2339: Property 'id' does not exist on type 'never'.
src/modules/appointments/application/appointments.actions.ts(166,13): error TS2769: No overload matches this call.
  Overload 1 of 2, '(relation: never): PostgrestQueryBuilder<{ PostgrestVersion: "13.0.5"; }, { Tables: {}; Views: {}; Functions: { gbt_bit_compress: { Args: { "": unknown; }; Returns: unknown; }; gbt_bool_compress: { Args: { "": unknown; }; Returns: unknown; }; gbt_bool_fetch: { ...; }; ... 52 more ...; gbtreekey8_out: { ...; }; }; Enums: {}; CompositeTypes: {}; }, never, never, never>', gave the following error.
    Argument of type '"orbipax_core.audit_logs"' is not assignable to parameter of type 'never'.
  Overload 2 of 2, '(relation: never): PostgrestQueryBuilder<{ PostgrestVersion: "13.0.5"; }, { Tables: {}; Views: {}; Functions: { gbt_bit_compress: { Args: { "": unknown; }; Returns: unknown; }; gbt_bool_compress: { Args: { "": unknown; }; Returns: unknown; }; gbt_bool_fetch: { ...; }; ... 52 more ...; gbtreekey8_out: { ...; }; }; Enums: {}; CompositeTypes: {}; }, never, never, never>', gave the following error.
    Argument of type '"orbipax_core.audit_logs"' is not assignable to parameter of type 'never'.
src/modules/appointments/application/appointments.actions.ts(167,8): error TS2769: No overload matches this call.
  Overload 1 of 2, '(values: never, options?: { count?: "exact" | "planned" | "estimated"; } | undefined): PostgrestFilterBuilder<{ PostgrestVersion: "13.0.5"; }, { Tables: {}; Views: {}; Functions: { gbt_bit_compress: { Args: { ...; }; Returns: unknown; }; ... 54 more ...; gbtreekey8_out: { ...; }; }; Enums: {}; CompositeTypes: {}; }, ... 4 more ..., "POST">', gave the following error.
    Argument of type '{ organization_id: string; actor_user_id: string; action: string; subject_type: string; subject_id: any; route: string; method: string; meta: { patient_id: string; clinician_id: string; starts_at: string; ends_at: string; location: string | null; reason: string | null; }; created_at: string; }' is not assignable to parameter of type 'never'.
  Overload 2 of 2, '(values: never[], options?: { count?: "exact" | "planned" | "estimated"; defaultToNull?: boolean; } | undefined): PostgrestFilterBuilder<{ PostgrestVersion: "13.0.5"; }, { Tables: {}; Views: {}; Functions: { gbt_bit_compress: { ...; }; ... 54 more ...; gbtreekey8_out: { ...; }; }; Enums: {}; CompositeTypes: {}; }, ... 4 more ..., "POST">', gave the following error.
    Object literal may only specify known properties, and 'organization_id' does not exist in type 'never[]'.
src/modules/appointments/application/appointments.actions.ts(172,37): error TS2339: Property 'id' does not exist on type 'never'.
src/modules/appointments/application/appointments.actions.ts(191,34): error TS2339: Property 'id' does not exist on type 'never'.
src/modules/appointments/application/appointments.actions.ts(206,52): error TS2339: Property 'errors' does not exist on type 'ZodError<{ id: string; }>'.
src/modules/appointments/application/appointments.actions.ts(206,63): error TS7006: Parameter 'e' implicitly has an 'any' type.
src/modules/appointments/application/appointments.actions.ts(215,11): error TS2769: No overload matches this call.
  Overload 1 of 2, '(relation: never): PostgrestQueryBuilder<{ PostgrestVersion: "13.0.5"; }, { Tables: {}; Views: {}; Functions: { gbt_bit_compress: { Args: { "": unknown; }; Returns: unknown; }; gbt_bool_compress: { Args: { "": unknown; }; Returns: unknown; }; gbt_bool_fetch: { ...; }; ... 52 more ...; gbtreekey8_out: { ...; }; }; Enums: {}; CompositeTypes: {}; }, never, never, never>', gave the following error.
    Argument of type '"orbipax_core.appointments"' is not assignable to parameter of type 'never'.
  Overload 2 of 2, '(relation: never): PostgrestQueryBuilder<{ PostgrestVersion: "13.0.5"; }, { Tables: {}; Views: {}; Functions: { gbt_bit_compress: { Args: { "": unknown; }; Returns: unknown; }; gbt_bool_compress: { Args: { "": unknown; }; Returns: unknown; }; gbt_bool_fetch: { ...; }; ... 52 more ...; gbtreekey8_out: { ...; }; }; Enums: {}; CompositeTypes: {}; }, never, never, never>', gave the following error.
    Argument of type '"orbipax_core.appointments"' is not assignable to parameter of type 'never'.
src/modules/appointments/application/appointments.actions.ts(230,28): error TS2339: Property 'starts_at' does not exist on type 'never'.
src/modules/appointments/application/appointments.actions.ts(235,19): error TS2339: Property 'status' does not exist on type 'never'.
src/modules/appointments/application/appointments.actions.ts(241,11): error TS2769: No overload matches this call.
  Overload 1 of 2, '(relation: never): PostgrestQueryBuilder<{ PostgrestVersion: "13.0.5"; }, { Tables: {}; Views: {}; Functions: { gbt_bit_compress: { Args: { "": unknown; }; Returns: unknown; }; gbt_bool_compress: { Args: { "": unknown; }; Returns: unknown; }; gbt_bool_fetch: { ...; }; ... 52 more ...; gbtreekey8_out: { ...; }; }; Enums: {}; CompositeTypes: {}; }, never, never, never>', gave the following error.
    Argument of type '"orbipax_core.appointments"' is not assignable to parameter of type 'never'.
  Overload 2 of 2, '(relation: never): PostgrestQueryBuilder<{ PostgrestVersion: "13.0.5"; }, { Tables: {}; Views: {}; Functions: { gbt_bit_compress: { Args: { "": unknown; }; Returns: unknown; }; gbt_bool_compress: { Args: { "": unknown; }; Returns: unknown; }; gbt_bool_fetch: { ...; }; ... 52 more ...; gbtreekey8_out: { ...; }; }; Enums: {}; CompositeTypes: {}; }, never, never, never>', gave the following error.
    Argument of type '"orbipax_core.appointments"' is not assignable to parameter of type 'never'.
src/modules/appointments/application/appointments.actions.ts(242,13): error TS2345: Argument of type '{ status: string; updated_at: string; }' is not assignable to parameter of type 'never'.
src/modules/appointments/application/appointments.actions.ts(255,11): error TS2769: No overload matches this call.
  Overload 1 of 2, '(relation: never): PostgrestQueryBuilder<{ PostgrestVersion: "13.0.5"; }, { Tables: {}; Views: {}; Functions: { gbt_bit_compress: { Args: { "": unknown; }; Returns: unknown; }; gbt_bool_compress: { Args: { "": unknown; }; Returns: unknown; }; gbt_bool_fetch: { ...; }; ... 52 more ...; gbtreekey8_out: { ...; }; }; Enums: {}; CompositeTypes: {}; }, never, never, never>', gave the following error.
    Argument of type '"orbipax_core.audit_logs"' is not assignable to parameter of type 'never'.
  Overload 2 of 2, '(relation: never): PostgrestQueryBuilder<{ PostgrestVersion: "13.0.5"; }, { Tables: {}; Views: {}; Functions: { gbt_bit_compress: { Args: { "": unknown; }; Returns: unknown; }; gbt_bool_compress: { Args: { "": unknown; }; Returns: unknown; }; gbt_bool_fetch: { ...; }; ... 52 more ...; gbtreekey8_out: { ...; }; }; Enums: {}; CompositeTypes: {}; }, never, never, never>', gave the following error.
    Argument of type '"orbipax_core.audit_logs"' is not assignable to parameter of type 'never'.
src/modules/appointments/application/appointments.actions.ts(256,6): error TS2769: No overload matches this call.
  Overload 1 of 2, '(values: never, options?: { count?: "exact" | "planned" | "estimated"; } | undefined): PostgrestFilterBuilder<{ PostgrestVersion: "13.0.5"; }, { Tables: {}; Views: {}; Functions: { gbt_bit_compress: { Args: { ...; }; Returns: unknown; }; ... 54 more ...; gbtreekey8_out: { ...; }; }; Enums: {}; CompositeTypes: {}; }, ... 4 more ..., "POST">', gave the following error.
    Argument of type '{ organization_id: string; actor_user_id: string; action: string; subject_type: string; subject_id: string; route: string; method: string; meta: { previous_status: any; canceled_at: string; }; created_at: string; }' is not assignable to parameter of type 'never'.
  Overload 2 of 2, '(values: never[], options?: { count?: "exact" | "planned" | "estimated"; defaultToNull?: boolean; } | undefined): PostgrestFilterBuilder<{ PostgrestVersion: "13.0.5"; }, { Tables: {}; Views: {}; Functions: { gbt_bit_compress: { ...; }; ... 54 more ...; gbtreekey8_out: { ...; }; }; Enums: {}; CompositeTypes: {}; }, ... 4 more ..., "POST">', gave the following error.
    Object literal may only specify known properties, and 'organization_id' does not exist in type 'never[]'.
src/modules/appointments/application/appointments.actions.ts(265,38): error TS2339: Property 'status' does not exist on type 'never'.
src/modules/appointments/application/appointments.actions.ts(302,11): error TS2769: No overload matches this call.
  Overload 1 of 2, '(relation: never): PostgrestQueryBuilder<{ PostgrestVersion: "13.0.5"; }, { Tables: {}; Views: {}; Functions: { gbt_bit_compress: { Args: { "": unknown; }; Returns: unknown; }; gbt_bool_compress: { Args: { "": unknown; }; Returns: unknown; }; gbt_bool_fetch: { ...; }; ... 52 more ...; gbtreekey8_out: { ...; }; }; Enums: {}; CompositeTypes: {}; }, never, never, never>', gave the following error.
    Argument of type '"orbipax_core.appointments"' is not assignable to parameter of type 'never'.
  Overload 2 of 2, '(relation: never): PostgrestQueryBuilder<{ PostgrestVersion: "13.0.5"; }, { Tables: {}; Views: {}; Functions: { gbt_bit_compress: { Args: { "": unknown; }; Returns: unknown; }; gbt_bool_compress: { Args: { "": unknown; }; Returns: unknown; }; gbt_bool_fetch: { ...; }; ... 52 more ...; gbtreekey8_out: { ...; }; }; Enums: {}; CompositeTypes: {}; }, never, never, never>', gave the following error.
    Argument of type '"orbipax_core.appointments"' is not assignable to parameter of type 'never'.
src/modules/appointments/application/appointments.actions.ts(317,28): error TS2339: Property 'starts_at' does not exist on type 'never'.
src/modules/appointments/application/appointments.actions.ts(322,19): error TS2339: Property 'status' does not exist on type 'never'.
src/modules/appointments/application/appointments.actions.ts(329,13): error TS2769: No overload matches this call.
  Overload 1 of 2, '(relation: never): PostgrestQueryBuilder<{ PostgrestVersion: "13.0.5"; }, { Tables: {}; Views: {}; Functions: { gbt_bit_compress: { Args: { "": unknown; }; Returns: unknown; }; gbt_bool_compress: { Args: { "": unknown; }; Returns: unknown; }; gbt_bool_fetch: { ...; }; ... 52 more ...; gbtreekey8_out: { ...; }; }; Enums: {}; CompositeTypes: {}; }, never, never, never>', gave the following error.
    Argument of type '"orbipax_core.appointments"' is not assignable to parameter of type 'never'.
  Overload 2 of 2, '(relation: never): PostgrestQueryBuilder<{ PostgrestVersion: "13.0.5"; }, { Tables: {}; Views: {}; Functions: { gbt_bit_compress: { Args: { "": unknown; }; Returns: unknown; }; gbt_bool_compress: { Args: { "": unknown; }; Returns: unknown; }; gbt_bool_fetch: { ...; }; ... 52 more ...; gbtreekey8_out: { ...; }; }; Enums: {}; CompositeTypes: {}; }, never, never, never>', gave the following error.
    Argument of type '"orbipax_core.appointments"' is not assignable to parameter of type 'never'.
src/modules/appointments/application/appointments.actions.ts(330,15): error TS2345: Argument of type '{ starts_at: string; ends_at: string; updated_at: string; }' is not assignable to parameter of type 'never'.
src/modules/appointments/application/appointments.actions.ts(348,13): error TS2769: No overload matches this call.
  Overload 1 of 2, '(relation: never): PostgrestQueryBuilder<{ PostgrestVersion: "13.0.5"; }, { Tables: {}; Views: {}; Functions: { gbt_bit_compress: { Args: { "": unknown; }; Returns: unknown; }; gbt_bool_compress: { Args: { "": unknown; }; Returns: unknown; }; gbt_bool_fetch: { ...; }; ... 52 more ...; gbtreekey8_out: { ...; }; }; Enums: {}; CompositeTypes: {}; }, never, never, never>', gave the following error.
    Argument of type '"orbipax_core.audit_logs"' is not assignable to parameter of type 'never'.
  Overload 2 of 2, '(relation: never): PostgrestQueryBuilder<{ PostgrestVersion: "13.0.5"; }, { Tables: {}; Views: {}; Functions: { gbt_bit_compress: { Args: { "": unknown; }; Returns: unknown; }; gbt_bool_compress: { Args: { "": unknown; }; Returns: unknown; }; gbt_bool_fetch: { ...; }; ... 52 more ...; gbtreekey8_out: { ...; }; }; Enums: {}; CompositeTypes: {}; }, never, never, never>', gave the following error.
    Argument of type '"orbipax_core.audit_logs"' is not assignable to parameter of type 'never'.
src/modules/appointments/application/appointments.actions.ts(349,8): error TS2769: No overload matches this call.
  Overload 1 of 2, '(values: never, options?: { count?: "exact" | "planned" | "estimated"; } | undefined): PostgrestFilterBuilder<{ PostgrestVersion: "13.0.5"; }, { Tables: {}; Views: {}; Functions: { gbt_bit_compress: { Args: { ...; }; Returns: unknown; }; ... 54 more ...; gbtreekey8_out: { ...; }; }; Enums: {}; CompositeTypes: {}; }, ... 4 more ..., "POST">', gave the following error.
    Argument of type '{ organization_id: string; actor_user_id: string; action: string; subject_type: string; subject_id: string; route: string; method: string; meta: { old_starts_at: any; old_ends_at: any; new_starts_at: string; new_ends_at: string; rescheduled_at: string; }; created_at: string; }' is not assignable to parameter of type 'never'.
  Overload 2 of 2, '(values: never[], options?: { count?: "exact" | "planned" | "estimated"; defaultToNull?: boolean; } | undefined): PostgrestFilterBuilder<{ PostgrestVersion: "13.0.5"; }, { Tables: {}; Views: {}; Functions: { gbt_bit_compress: { ...; }; ... 54 more ...; gbtreekey8_out: { ...; }; }; Enums: {}; CompositeTypes: {}; }, ... 4 more ..., "POST">', gave the following error.
    Object literal may only specify known properties, and 'organization_id' does not exist in type 'never[]'.
src/modules/appointments/application/appointments.actions.ts(358,38): error TS2339: Property 'starts_at' does not exist on type 'never'.
src/modules/appointments/application/appointments.actions.ts(359,36): error TS2339: Property 'ends_at' does not exist on type 'never'.
src/modules/appointments/application/appointments.actions.ts(389,11): error TS2769: No overload matches this call.
  Overload 1 of 2, '(relation: never): PostgrestQueryBuilder<{ PostgrestVersion: "13.0.5"; }, { Tables: {}; Views: {}; Functions: { gbt_bit_compress: { Args: { "": unknown; }; Returns: unknown; }; gbt_bool_compress: { Args: { "": unknown; }; Returns: unknown; }; gbt_bool_fetch: { ...; }; ... 52 more ...; gbtreekey8_out: { ...; }; }; Enums: {}; CompositeTypes: {}; }, never, never, never>', gave the following error.
    Argument of type '"orbipax_core.patients"' is not assignable to parameter of type 'never'.
  Overload 2 of 2, '(relation: never): PostgrestQueryBuilder<{ PostgrestVersion: "13.0.5"; }, { Tables: {}; Views: {}; Functions: { gbt_bit_compress: { Args: { "": unknown; }; Returns: unknown; }; gbt_bool_compress: { Args: { "": unknown; }; Returns: unknown; }; gbt_bool_fetch: { ...; }; ... 52 more ...; gbtreekey8_out: { ...; }; }; Enums: {}; CompositeTypes: {}; }, never, never, never>', gave the following error.
    Argument of type '"orbipax_core.patients"' is not assignable to parameter of type 'never'.
src/modules/appointments/application/appointments.actions.ts(399,11): error TS2339: Property 'id' does not exist on type 'never'.
src/modules/appointments/application/appointments.actions.ts(400,16): error TS2339: Property 'last_name' does not exist on type 'never'.
src/modules/appointments/application/appointments.actions.ts(400,32): error TS2339: Property 'first_name' does not exist on type 'never'.
src/modules/appointments/application/appointments.actions.ts(412,11): error TS2769: No overload matches this call.
  Overload 1 of 2, '(relation: never): PostgrestQueryBuilder<{ PostgrestVersion: "13.0.5"; }, { Tables: {}; Views: {}; Functions: { gbt_bit_compress: { Args: { "": unknown; }; Returns: unknown; }; gbt_bool_compress: { Args: { "": unknown; }; Returns: unknown; }; gbt_bool_fetch: { ...; }; ... 52 more ...; gbtreekey8_out: { ...; }; }; Enums: {}; CompositeTypes: {}; }, never, never, never>', gave the following error.
    Argument of type '"orbipax_core.user_profiles"' is not assignable to parameter of type 'never'.
  Overload 2 of 2, '(relation: never): PostgrestQueryBuilder<{ PostgrestVersion: "13.0.5"; }, { Tables: {}; Views: {}; Functions: { gbt_bit_compress: { Args: { "": unknown; }; Returns: unknown; }; gbt_bool_compress: { Args: { "": unknown; }; Returns: unknown; }; gbt_bool_fetch: { ...; }; ... 52 more ...; gbtreekey8_out: { ...; }; }; Enums: {}; CompositeTypes: {}; }, never, never, never>', gave the following error.
    Argument of type '"orbipax_core.user_profiles"' is not assignable to parameter of type 'never'.
src/modules/appointments/application/appointments.actions.ts(423,11): error TS2339: Property 'user_id' does not exist on type 'never'.
src/modules/appointments/application/appointments.actions.ts(424,13): error TS2339: Property 'full_name' does not exist on type 'never'.
src/modules/encounters/application/encounters.actions.ts(18,52): error TS2339: Property 'errors' does not exist on type 'ZodError<{ appointmentId: string; }>'.
src/modules/encounters/application/encounters.actions.ts(18,63): error TS7006: Parameter 'e' implicitly has an 'any' type.
src/modules/encounters/application/encounters.actions.ts(27,11): error TS2769: No overload matches this call.
  Overload 1 of 2, '(relation: never): PostgrestQueryBuilder<{ PostgrestVersion: "13.0.5"; }, { Tables: {}; Views: {}; Functions: { gbt_bit_compress: { Args: { "": unknown; }; Returns: unknown; }; gbt_bool_compress: { Args: { "": unknown; }; Returns: unknown; }; gbt_bool_fetch: { ...; }; ... 52 more ...; gbtreekey8_out: { ...; }; }; Enums: {}; CompositeTypes: {}; }, never, never, never>', gave the following error.
    Argument of type '"orbipax_core.appointments"' is not assignable to parameter of type 'never'.
  Overload 2 of 2, '(relation: never): PostgrestQueryBuilder<{ PostgrestVersion: "13.0.5"; }, { Tables: {}; Views: {}; Functions: { gbt_bit_compress: { Args: { "": unknown; }; Returns: unknown; }; gbt_bool_compress: { Args: { "": unknown; }; Returns: unknown; }; gbt_bool_fetch: { ...; }; ... 52 more ...; gbtreekey8_out: { ...; }; }; Enums: {}; CompositeTypes: {}; }, never, never, never>', gave the following error.
    Argument of type '"orbipax_core.appointments"' is not assignable to parameter of type 'never'.
src/modules/encounters/application/encounters.actions.ts(42,19): error TS2339: Property 'status' does not exist on type 'never'.
src/modules/encounters/application/encounters.actions.ts(47,49): error TS2339: Property 'starts_at' does not exist on type 'never'.
src/modules/encounters/application/encounters.actions.ts(59,13): error TS2769: No overload matches this call.
  Overload 1 of 2, '(relation: never): PostgrestQueryBuilder<{ PostgrestVersion: "13.0.5"; }, { Tables: {}; Views: {}; Functions: { gbt_bit_compress: { Args: { "": unknown; }; Returns: unknown; }; gbt_bool_compress: { Args: { "": unknown; }; Returns: unknown; }; gbt_bool_fetch: { ...; }; ... 52 more ...; gbtreekey8_out: { ...; }; }; Enums: {}; CompositeTypes: {}; }, never, never, never>', gave the following error.
    Argument of type '"orbipax_core.encounters"' is not assignable to parameter of type 'never'.
  Overload 2 of 2, '(relation: never): PostgrestQueryBuilder<{ PostgrestVersion: "13.0.5"; }, { Tables: {}; Views: {}; Functions: { gbt_bit_compress: { Args: { "": unknown; }; Returns: unknown; }; gbt_bool_compress: { Args: { "": unknown; }; Returns: unknown; }; gbt_bool_fetch: { ...; }; ... 52 more ...; gbtreekey8_out: { ...; }; }; Enums: {}; CompositeTypes: {}; }, never, never, never>', gave the following error.
    Argument of type '"orbipax_core.encounters"' is not assignable to parameter of type 'never'.
src/modules/encounters/application/encounters.actions.ts(60,8): error TS2769: No overload matches this call.
  Overload 1 of 2, '(values: never, options?: { count?: "exact" | "planned" | "estimated"; } | undefined): PostgrestFilterBuilder<{ PostgrestVersion: "13.0.5"; }, { Tables: {}; Views: {}; Functions: { gbt_bit_compress: { Args: { ...; }; Returns: unknown; }; ... 54 more ...; gbtreekey8_out: { ...; }; }; Enums: {}; CompositeTypes: {}; }, ... 4 more ..., "POST">', gave the following error.
    Argument of type '{ organization_id: string; patient_id: any; clinician_id: any; appointment_id: string; occurred_at: any; status: string; created_by: string; created_at: string; }' is not assignable to parameter of type 'never'.
  Overload 2 of 2, '(values: never[], options?: { count?: "exact" | "planned" | "estimated"; defaultToNull?: boolean; } | undefined): PostgrestFilterBuilder<{ PostgrestVersion: "13.0.5"; }, { Tables: {}; Views: {}; Functions: { gbt_bit_compress: { ...; }; ... 54 more ...; gbtreekey8_out: { ...; }; }; Enums: {}; CompositeTypes: {}; }, ... 4 more ..., "POST">', gave the following error.
    Object literal may only specify known properties, and 'organization_id' does not exist in type 'never[]'.
src/modules/encounters/application/encounters.actions.ts(62,33): error TS2339: Property 'patient_id' does not exist on type 'never'.
src/modules/encounters/application/encounters.actions.ts(63,35): error TS2339: Property 'clinician_id' does not exist on type 'never'.
src/modules/encounters/application/encounters.actions.ts(65,34): error TS2339: Property 'starts_at' does not exist on type 'never'.
src/modules/encounters/application/encounters.actions.ts(77,25): error TS2339: Property 'id' does not exist on type 'never'.
src/modules/encounters/application/encounters.actions.ts(83,13): error TS2769: No overload matches this call.
  Overload 1 of 2, '(relation: never): PostgrestQueryBuilder<{ PostgrestVersion: "13.0.5"; }, { Tables: {}; Views: {}; Functions: { gbt_bit_compress: { Args: { "": unknown; }; Returns: unknown; }; gbt_bool_compress: { Args: { "": unknown; }; Returns: unknown; }; gbt_bool_fetch: { ...; }; ... 52 more ...; gbtreekey8_out: { ...; }; }; Enums: {}; CompositeTypes: {}; }, never, never, never>', gave the following error.
    Argument of type '"orbipax_core.notes"' is not assignable to parameter of type 'never'.
  Overload 2 of 2, '(relation: never): PostgrestQueryBuilder<{ PostgrestVersion: "13.0.5"; }, { Tables: {}; Views: {}; Functions: { gbt_bit_compress: { Args: { "": unknown; }; Returns: unknown; }; gbt_bool_compress: { Args: { "": unknown; }; Returns: unknown; }; gbt_bool_fetch: { ...; }; ... 52 more ...; gbtreekey8_out: { ...; }; }; Enums: {}; CompositeTypes: {}; }, never, never, never>', gave the following error.
    Argument of type '"orbipax_core.notes"' is not assignable to parameter of type 'never'.
src/modules/encounters/application/encounters.actions.ts(84,8): error TS2769: No overload matches this call.
  Overload 1 of 2, '(values: never, options?: { count?: "exact" | "planned" | "estimated"; } | undefined): PostgrestFilterBuilder<{ PostgrestVersion: "13.0.5"; }, { Tables: {}; Views: {}; Functions: { gbt_bit_compress: { Args: { ...; }; Returns: unknown; }; ... 54 more ...; gbtreekey8_out: { ...; }; }; Enums: {}; CompositeTypes: {}; }, ... 4 more ..., "POST">', gave the following error.
    Argument of type '{ organization_id: string; encounter_id: any; patient_id: any; title: string; content: string; status: string; note_type: string; author_user_id: string; created_by: string; created_at: string; }' is not assignable to parameter of type 'never'.
  Overload 2 of 2, '(values: never[], options?: { count?: "exact" | "planned" | "estimated"; defaultToNull?: boolean; } | undefined): PostgrestFilterBuilder<{ PostgrestVersion: "13.0.5"; }, { Tables: {}; Views: {}; Functions: { gbt_bit_compress: { ...; }; ... 54 more ...; gbtreekey8_out: { ...; }; }; Enums: {}; CompositeTypes: {}; }, ... 4 more ..., "POST">', gave the following error.
    Object literal may only specify known properties, and 'organization_id' does not exist in type 'never[]'.
src/modules/encounters/application/encounters.actions.ts(86,37): error TS2339: Property 'id' does not exist on type 'never'.
src/modules/encounters/application/encounters.actions.ts(87,33): error TS2339: Property 'patient_id' does not exist on type 'never'.
src/modules/encounters/application/encounters.actions.ts(102,15): error TS2769: No overload matches this call.
  Overload 1 of 2, '(relation: never): PostgrestQueryBuilder<{ PostgrestVersion: "13.0.5"; }, { Tables: {}; Views: {}; Functions: { gbt_bit_compress: { Args: { "": unknown; }; Returns: unknown; }; gbt_bool_compress: { Args: { "": unknown; }; Returns: unknown; }; gbt_bool_fetch: { ...; }; ... 52 more ...; gbtreekey8_out: { ...; }; }; Enums: {}; CompositeTypes: {}; }, never, never, never>', gave the following error.
    Argument of type '"orbipax_core.encounters"' is not assignable to parameter of type 'never'.
  Overload 2 of 2, '(relation: never): PostgrestQueryBuilder<{ PostgrestVersion: "13.0.5"; }, { Tables: {}; Views: {}; Functions: { gbt_bit_compress: { Args: { "": unknown; }; Returns: unknown; }; gbt_bool_compress: { Args: { "": unknown; }; Returns: unknown; }; gbt_bool_fetch: { ...; }; ... 52 more ...; gbtreekey8_out: { ...; }; }; Enums: {}; CompositeTypes: {}; }, never, never, never>', gave the following error.
    Argument of type '"orbipax_core.encounters"' is not assignable to parameter of type 'never'.
src/modules/encounters/application/encounters.actions.ts(104,33): error TS2339: Property 'id' does not exist on type 'never'.
src/modules/encounters/application/encounters.actions.ts(110,20): error TS2339: Property 'id' does not exist on type 'never'.
src/modules/encounters/application/encounters.actions.ts(113,15): error TS2769: No overload matches this call.
  Overload 1 of 2, '(relation: never): PostgrestQueryBuilder<{ PostgrestVersion: "13.0.5"; }, { Tables: {}; Views: {}; Functions: { gbt_bit_compress: { Args: { "": unknown; }; Returns: unknown; }; gbt_bool_compress: { Args: { "": unknown; }; Returns: unknown; }; gbt_bool_fetch: { ...; }; ... 52 more ...; gbtreekey8_out: { ...; }; }; Enums: {}; CompositeTypes: {}; }, never, never, never>', gave the following error.
    Argument of type '"orbipax_core.encounters"' is not assignable to parameter of type 'never'.
  Overload 2 of 2, '(relation: never): PostgrestQueryBuilder<{ PostgrestVersion: "13.0.5"; }, { Tables: {}; Views: {}; Functions: { gbt_bit_compress: { Args: { "": unknown; }; Returns: unknown; }; gbt_bool_compress: { Args: { "": unknown; }; Returns: unknown; }; gbt_bool_fetch: { ...; }; ... 52 more ...; gbtreekey8_out: { ...; }; }; Enums: {}; CompositeTypes: {}; }, never, never, never>', gave the following error.
    Argument of type '"orbipax_core.encounters"' is not assignable to parameter of type 'never'.
src/modules/encounters/application/encounters.actions.ts(115,33): error TS2339: Property 'id' does not exist on type 'never'.
src/modules/encounters/application/encounters.actions.ts(123,13): error TS2769: No overload matches this call.
  Overload 1 of 2, '(relation: never): PostgrestQueryBuilder<{ PostgrestVersion: "13.0.5"; }, { Tables: {}; Views: {}; Functions: { gbt_bit_compress: { Args: { "": unknown; }; Returns: unknown; }; gbt_bool_compress: { Args: { "": unknown; }; Returns: unknown; }; gbt_bool_fetch: { ...; }; ... 52 more ...; gbtreekey8_out: { ...; }; }; Enums: {}; CompositeTypes: {}; }, never, never, never>', gave the following error.
    Argument of type '"orbipax_core.audit_logs"' is not assignable to parameter of type 'never'.
  Overload 2 of 2, '(relation: never): PostgrestQueryBuilder<{ PostgrestVersion: "13.0.5"; }, { Tables: {}; Views: {}; Functions: { gbt_bit_compress: { Args: { "": unknown; }; Returns: unknown; }; gbt_bool_compress: { Args: { "": unknown; }; Returns: unknown; }; gbt_bool_fetch: { ...; }; ... 52 more ...; gbtreekey8_out: { ...; }; }; Enums: {}; CompositeTypes: {}; }, never, never, never>', gave the following error.
    Argument of type '"orbipax_core.audit_logs"' is not assignable to parameter of type 'never'.
src/modules/encounters/application/encounters.actions.ts(124,8): error TS2769: No overload matches this call.
  Overload 1 of 2, '(values: never, options?: { count?: "exact" | "planned" | "estimated"; } | undefined): PostgrestFilterBuilder<{ PostgrestVersion: "13.0.5"; }, { Tables: {}; Views: {}; Functions: { gbt_bit_compress: { Args: { ...; }; Returns: unknown; }; ... 54 more ...; gbtreekey8_out: { ...; }; }; Enums: {}; CompositeTypes: {}; }, ... 4 more ..., "POST">', gave the following error.
    Argument of type '{ organization_id: string; actor_user_id: string; action: string; subject_type: string; subject_id: any; route: string; method: string; meta: { appointment_id: string; patient_id: any; clinician_id: any; occurred_at: any; note_id: any; }; created_at: string; }' is not assignable to parameter of type 'never'.
  Overload 2 of 2, '(values: never[], options?: { count?: "exact" | "planned" | "estimated"; defaultToNull?: boolean; } | undefined): PostgrestFilterBuilder<{ PostgrestVersion: "13.0.5"; }, { Tables: {}; Views: {}; Functions: { gbt_bit_compress: { ...; }; ... 54 more ...; gbtreekey8_out: { ...; }; }; Enums: {}; CompositeTypes: {}; }, ... 4 more ..., "POST">', gave the following error.
    Object literal may only specify known properties, and 'organization_id' does not exist in type 'never[]'.
src/modules/encounters/application/encounters.actions.ts(129,35): error TS2339: Property 'id' does not exist on type 'never'.
src/modules/encounters/application/encounters.actions.ts(134,35): error TS2339: Property 'patient_id' does not exist on type 'never'.
src/modules/encounters/application/encounters.actions.ts(135,37): error TS2339: Property 'clinician_id' does not exist on type 'never'.
src/modules/encounters/application/encounters.actions.ts(136,36): error TS2339: Property 'starts_at' does not exist on type 'never'.
src/modules/encounters/application/encounters.actions.ts(137,29): error TS2339: Property 'id' does not exist on type 'never'.
src/modules/encounters/application/encounters.actions.ts(148,13): error TS2769: No overload matches this call.
  Overload 1 of 2, '(relation: never): PostgrestQueryBuilder<{ PostgrestVersion: "13.0.5"; }, { Tables: {}; Views: {}; Functions: { gbt_bit_compress: { Args: { "": unknown; }; Returns: unknown; }; gbt_bool_compress: { Args: { "": unknown; }; Returns: unknown; }; gbt_bool_fetch: { ...; }; ... 52 more ...; gbtreekey8_out: { ...; }; }; Enums: {}; CompositeTypes: {}; }, never, never, never>', gave the following error.
    Argument of type '"orbipax_core.audit_logs"' is not assignable to parameter of type 'never'.
  Overload 2 of 2, '(relation: never): PostgrestQueryBuilder<{ PostgrestVersion: "13.0.5"; }, { Tables: {}; Views: {}; Functions: { gbt_bit_compress: { Args: { "": unknown; }; Returns: unknown; }; gbt_bool_compress: { Args: { "": unknown; }; Returns: unknown; }; gbt_bool_fetch: { ...; }; ... 52 more ...; gbtreekey8_out: { ...; }; }; Enums: {}; CompositeTypes: {}; }, never, never, never>', gave the following error.
    Argument of type '"orbipax_core.audit_logs"' is not assignable to parameter of type 'never'.
src/modules/encounters/application/encounters.actions.ts(149,8): error TS2769: No overload matches this call.
  Overload 1 of 2, '(values: never, options?: { count?: "exact" | "planned" | "estimated"; } | undefined): PostgrestFilterBuilder<{ PostgrestVersion: "13.0.5"; }, { Tables: {}; Views: {}; Functions: { gbt_bit_compress: { Args: { ...; }; Returns: unknown; }; ... 54 more ...; gbtreekey8_out: { ...; }; }; Enums: {}; CompositeTypes: {}; }, ... 4 more ..., "POST">', gave the following error.
    Argument of type '{ organization_id: string; actor_user_id: string; action: string; subject_type: string; subject_id: any; route: string; method: string; meta: { appointment_id: string; encounter_id: any; patient_id: any; title: string; note_type: string; status: string; }; created_at: string; }' is not assignable to parameter of type 'never'.
  Overload 2 of 2, '(values: never[], options?: { count?: "exact" | "planned" | "estimated"; defaultToNull?: boolean; } | undefined): PostgrestFilterBuilder<{ PostgrestVersion: "13.0.5"; }, { Tables: {}; Views: {}; Functions: { gbt_bit_compress: { ...; }; ... 54 more ...; gbtreekey8_out: { ...; }; }; Enums: {}; CompositeTypes: {}; }, ... 4 more ..., "POST">', gave the following error.
    Object literal may only specify known properties, and 'organization_id' does not exist in type 'never[]'.
src/modules/encounters/application/encounters.actions.ts(154,30): error TS2339: Property 'id' does not exist on type 'never'.
src/modules/encounters/application/encounters.actions.ts(159,39): error TS2339: Property 'id' does not exist on type 'never'.
src/modules/encounters/application/encounters.actions.ts(160,35): error TS2339: Property 'patient_id' does not exist on type 'never'.
src/modules/encounters/application/encounters.actions.ts(173,34): error TS2339: Property 'id' does not exist on type 'never'.
src/modules/encounters/application/encounters.actions.ts(174,24): error TS2339: Property 'id' does not exist on type 'never'.
src/modules/intake/actions/step2/insurance.actions.ts(102,5): error TS2375: Type '{ ok: true; data: InsuranceEligibilityOutputDTO | undefined; }' is not assignable to type 'ActionResponse<InsuranceEligibilityOutputDTO>' with 'exactOptionalPropertyTypes: true'. Consider adding 'undefined' to the types of the target's properties.
  Types of property 'data' are incompatible.
    Type 'InsuranceEligibilityOutputDTO | undefined' is not assignable to type 'InsuranceEligibilityOutputDTO'.
      Type 'undefined' is not assignable to type 'InsuranceEligibilityOutputDTO'.
src/modules/intake/actions/step2/insurance.actions.ts(188,5): error TS2375: Type '{ ok: true; data: { sessionId: string; } | undefined; }' is not assignable to type 'ActionResponse<{ sessionId: string; }>' with 'exactOptionalPropertyTypes: true'. Consider adding 'undefined' to the types of the target's properties.
  Types of property 'data' are incompatible.
    Type '{ sessionId: string; } | undefined' is not assignable to type '{ sessionId: string; }'.
      Type 'undefined' is not assignable to type '{ sessionId: string; }'.
src/modules/intake/actions/step2/insurance.actions.ts(258,37): error TS2339: Property 'saveCoverage' does not exist on type 'InsuranceEligibilityRepository'.
src/modules/intake/actions/step2/insurance.actions.ts(340,9): error TS2869: Right operand of ?? is unreachable because the left operand is never nullish.
src/modules/intake/actions/step2/insurance.actions.ts(354,37): error TS2339: Property 'getSnapshot' does not exist on type 'InsuranceEligibilityRepository'.
src/modules/intake/application/ai/suggestionService.ts(32,32): error TS4111: Property 'OPENAI_API_KEY' comes from an index signature, so it must be accessed with ['OPENAI_API_KEY'].
src/modules/intake/application/ai/suggestionService.ts(127,16): error TS2345: Argument of type '"AI_SUGGESTIONS"' is not assignable to parameter of type '"START" | "COMPLETE" | "ERROR" | "AI_RAW"'.
src/modules/intake/application/review.actions.ts(12,40): error TS2345: Argument of type '"orbipax_core.get_intake_latest_snapshot"' is not assignable to parameter of type '"gbt_bit_compress" | "gbt_bool_compress" | "gbt_bool_fetch" | "gbt_bpchar_compress" | "gbt_bytea_compress" | "gbt_cash_compress" | "gbt_cash_fetch" | "gbt_date_compress" | "gbt_date_fetch" | "gbt_decompress" | "gbt_enum_compress" | "gbt_enum_fetch" | "gbt_float4_compress" | "gbt_float4_fetch" | "gbt_float8_compress" | "gbt_float8_fetch" | "gbt_inet_compress" | "gbt_int2_compress" | "gbt_int2_fetch" | "gbt_int4_compress" | "gbt_int4_fetch" | "gbt_int8_compress" | "gbt_int8_fetch" | "gbt_intv_compress" | "gbt_intv_decompress" | "gbt_intv_fetch" | "gbt_macad_compress" | "gbt_macad_fetch" | "gbt_macad8_compress" | "gbt_macad8_fetch" | "gbt_numeric_compress" | "gbt_oid_compress" | "gbt_oid_fetch" | "gbt_text_compress" | "gbt_time_compress" | "gbt_time_fetch" | "gbt_timetz_compress" | "gbt_ts_compress" | "gbt_ts_fetch" | "gbt_tstz_compress" | "gbt_uuid_compress" | "gbt_uuid_fetch" | "gbt_var_decompress" | "gbt_var_fetch" | "gbtreekey_var_in" | "gbtreekey_var_out" | "gbtreekey16_in" | "gbtreekey16_out" | "gbtreekey2_in" | "gbtreekey2_out" | "gbtreekey32_in" | "gbtreekey32_out" | "gbtreekey4_in" | "gbtreekey4_out" | "gbtreekey8_in" | "gbtreekey8_out"'.
src/modules/intake/application/step1/mappers.ts(25,3): error TS2305: Module '"@/modules/intake/domain/types/common"' has no exported member 'LegalGuardianInfo'.
src/modules/intake/application/step1/mappers.ts(26,3): error TS2305: Module '"@/modules/intake/domain/types/common"' has no exported member 'PowerOfAttorneyInfo'.
src/modules/intake/application/step1/mappers.ts(252,36): error TS2412: Type 'Address | undefined' is not assignable to type '{ street1: string; city: string; state: string; zipCode: string; country: string; street2?: string | undefined; }' with 'exactOptionalPropertyTypes: true'. Consider adding 'undefined' to the type of the target.
  Type 'undefined' is not assignable to type '{ street1: string; city: string; state: string; zipCode: string; country: string; street2?: string | undefined; }'.
src/modules/intake/application/step1/mappers.ts(254,43): error TS2322: Type 'Address | undefined' is not assignable to type '{ street1: string; city: string; state: string; zipCode: string; country: string; street2?: string | undefined; } | undefined'.
  Type 'Address' is not assignable to type '{ street1: string; city: string; state: string; zipCode: string; country: string; street2?: string | undefined; }'.
    Property 'country' is optional in type 'Address' but required in type '{ street1: string; city: string; state: string; zipCode: string; country: string; street2?: string | undefined; }'.
src/modules/intake/application/step1/mappers.ts(259,5): error TS2412: Type 'EmergencyContact | undefined' is not assignable to type '{ name: string; relationship: string; phoneNumber: string; alternatePhone?: string | undefined; address?: { street1: string; city: string; state: string; zipCode: string; country: string; street2?: string | undefined; } | undefined; }' with 'exactOptionalPropertyTypes: true'. Consider adding 'undefined' to the type of the target.
  Type 'undefined' is not assignable to type '{ name: string; relationship: string; phoneNumber: string; alternatePhone?: string | undefined; address?: { street1: string; city: string; state: string; zipCode: string; country: string; street2?: string | undefined; } | undefined; }'.
src/modules/intake/application/step1/mappers.ts(333,43): error TS2379: Argument of type '{ street1: string; city: string; state: string; zipCode: string; country: string; street2?: string | undefined; }' is not assignable to parameter of type 'Address' with 'exactOptionalPropertyTypes: true'. Consider adding 'undefined' to the types of the target's properties.
  Types of property 'street2' are incompatible.
    Type 'string | undefined' is not assignable to type 'string'.
      Type 'undefined' is not assignable to type 'string'.
src/modules/intake/application/step1/mappers.ts(338,50): error TS2379: Argument of type '{ street1: string; city: string; state: string; zipCode: string; country: string; street2?: string | undefined; }' is not assignable to parameter of type 'Address' with 'exactOptionalPropertyTypes: true'. Consider adding 'undefined' to the types of the target's properties.
  Types of property 'street2' are incompatible.
    Type 'string | undefined' is not assignable to type 'string'.
      Type 'undefined' is not assignable to type 'string'.
src/modules/intake/application/step1/mappers.ts(345,52): error TS2379: Argument of type '{ name: string; relationship: string; phoneNumber: string; alternatePhone?: string | undefined; address?: { street1: string; city: string; state: string; zipCode: string; country: string; street2?: string | undefined; } | undefined; }' is not assignable to parameter of type 'EmergencyContact' with 'exactOptionalPropertyTypes: true'. Consider adding 'undefined' to the types of the target's properties.
  Types of property 'alternatePhone' are incompatible.
    Type 'string | undefined' is not assignable to type 'string'.
      Type 'undefined' is not assignable to type 'string'.
src/modules/intake/application/step2/mappers.ts(79,3): error TS2375: Type '{ type: any; carrierName: any; policyNumber: any; groupNumber: any; planKind: any; planName: any; subscriberName: any; subscriberDateOfBirth: string; subscriberRelationship: any; subscriberSSN: any; effectiveDate: string; expirationDate: string | undefined; isPrimary: boolean; isVerified: boolean; verificationDate: string | undefined; verificationNotes: any; hasMentalHealthCoverage: any; mentalHealthCopay: any; mentalHealthDeductible: any; annualMentalHealthLimit: any; requiresPreAuth: any; preAuthNumber: any; preAuthExpiration: string | undefined; }' is not assignable to type 'InsuranceCoverageDTO' with 'exactOptionalPropertyTypes: true'. Consider adding 'undefined' to the types of the target's properties.
  Types of property 'expirationDate' are incompatible.
    Type 'string | undefined' is not assignable to type 'string'.
      Type 'undefined' is not assignable to type 'string'.
src/modules/intake/application/step2/mappers.ts(144,3): error TS2375: Type '{ residesInServiceArea: any; serviceAreaCounty: any; ageGroup: any; isEligibleByAge: boolean; hasDiagnosedMentalHealth: any; diagnosisVerified: boolean; functionalImpairmentLevel: any; impactsDaily: any; impactsWork: any; impactsRelationships: any; suicidalIdeation: any; substanceUse: any; domesticViolence: any; homelessness: any; isVeteran: boolean; isPregnantPostpartum: boolean; isFirstResponder: boolean; hasDisability: boolean; hasMinorChildren: boolean; involvedWithDCF: boolean; courtOrdered: boolean; orderType: any; referralSource: any; referralAgency: any; referralContact: any; referralDate: string | undefined; }' is not assignable to type 'EligibilityCriteriaDTO' with 'exactOptionalPropertyTypes: true'. Consider adding 'undefined' to the types of the target's properties.
  Types of property 'referralDate' are incompatible.
    Type 'string | undefined' is not assignable to type 'string'.
      Type 'undefined' is not assignable to type 'string'.
src/modules/intake/application/step2/mappers.ts(210,3): error TS2375: Type '{ householdIncome: any; householdSize: any; federalPovertyLevel: any; fplPercentage: any; incomeVerified: boolean; incomeVerificationDate: string | undefined; medicaidEligible: boolean; medicaidApplicationStatus: any; medicaidApplicationDate: string | undefined; medicareEligible: boolean; medicarePart: any; slidingFeeEligible: boolean; slidingFeeScale: any; financialHardship: boolean; hardshipDocumented: boolean; assistanceRequested: boolean; assistanceApproved: boolean; assistanceAmount: any; billingPreference: any; paymentPlanRequested: boolean; paymentPlanApproved: boolean; monthlyPaymentAmount: any; documentsProvided: any; documentsNeeded: any; }' is not assignable to type 'FinancialInformationDTO' with 'exactOptionalPropertyTypes: true'. Consider adding 'undefined' to the types of the target's properties.
  Types of property 'incomeVerificationDate' are incompatible.
    Type 'string | undefined' is not assignable to type 'string'.
      Type 'undefined' is not assignable to type 'string'.
src/modules/intake/application/step2/mappers.ts(262,3): error TS2375: Type '{ insuranceCoverages: any; isUninsured: boolean; uninsuredReason: any; eligibilityCriteria: EligibilityCriteriaDTO; financialInformation: FinancialInformationDTO; eligibilityStatus: any; eligibilityDeterminedBy: any; eligibilityDeterminationDate: string | undefined; eligibilityNotes: any; }' is not assignable to type 'InsuranceEligibilityInputDTO' with 'exactOptionalPropertyTypes: true'. Consider adding 'undefined' to the types of the target's properties.
  Types of property 'eligibilityDeterminationDate' are incompatible.
    Type 'string | undefined' is not assignable to type 'string'.
      Type 'undefined' is not assignable to type 'string'.
src/modules/intake/application/step3/usecases.ts(62,16): error TS2339: Property 'error' does not exist on type 'RepositoryResponse<Step3OutputDTO>'.
  Property 'error' does not exist on type '{ ok: true; data: Step3OutputDTO; }'.
src/modules/intake/application/step3/usecases.ts(72,21): error TS2339: Property 'error' does not exist on type 'RepositoryResponse<Step3OutputDTO>'.
  Property 'error' does not exist on type '{ ok: true; data: Step3OutputDTO; }'.
src/modules/intake/application/step3/usecases.ts(139,23): error TS2339: Property 'error' does not exist on type 'RepositoryResponse<{ sessionId: string; }>'.
  Property 'error' does not exist on type '{ ok: true; data: { sessionId: string; }; }'.
src/modules/intake/domain/index.ts(322,5): error TS2304: Cannot find name 'DemographicsData'.
src/modules/intake/domain/index.ts(323,5): error TS2304: Cannot find name 'InsuranceEligibilityData'.
src/modules/intake/domain/index.ts(324,5): error TS2304: Cannot find name 'ClinicalHistoryData'.
src/modules/intake/domain/index.ts(325,5): error TS2304: Cannot find name 'MedicationsData'.
src/modules/intake/domain/index.ts(326,5): error TS2304: Cannot find name 'GoalsData'.
src/modules/intake/domain/index.ts(327,5): error TS2304: Cannot find name 'ProvidersData'.
src/modules/intake/domain/index.ts(328,5): error TS2304: Cannot find name 'ConsentsData'.
src/modules/intake/domain/index.ts(329,5): error TS2304: Cannot find name 'ReviewSubmitData'.
src/modules/intake/domain/index.ts(336,5): error TS2304: Cannot find name 'DemographicsSubmission'.
src/modules/intake/domain/index.ts(337,5): error TS2304: Cannot find name 'InsuranceSubmission'.
src/modules/intake/domain/index.ts(338,5): error TS2304: Cannot find name 'ClinicalHistorySubmission'.
src/modules/intake/domain/index.ts(339,5): error TS2304: Cannot find name 'MedicationsSubmission'.
src/modules/intake/domain/index.ts(340,5): error TS2304: Cannot find name 'GoalsSubmission'.
src/modules/intake/domain/index.ts(341,5): error TS2304: Cannot find name 'ProvidersSubmission'.
src/modules/intake/domain/index.ts(342,5): error TS2304: Cannot find name 'ConsentsSubmission'.
src/modules/intake/domain/index.ts(343,5): error TS2304: Cannot find name 'ReviewSubmitSubmission'.
src/modules/intake/domain/index.ts(350,4): error TS2304: Cannot find name 'IntakeStep'.
src/modules/intake/domain/index.ts(350,30): error TS2304: Cannot find name 'validateDemographicsStep'.
src/modules/intake/domain/index.ts(351,4): error TS2304: Cannot find name 'IntakeStep'.
src/modules/intake/domain/index.ts(351,27): error TS2304: Cannot find name 'validateInsuranceStep'.
src/modules/intake/domain/index.ts(352,4): error TS2304: Cannot find name 'IntakeStep'.
src/modules/intake/domain/index.ts(352,34): error TS2304: Cannot find name 'validateClinicalHistoryStep'.
src/modules/intake/domain/index.ts(353,4): error TS2304: Cannot find name 'IntakeStep'.
src/modules/intake/domain/index.ts(353,29): error TS2304: Cannot find name 'validateMedicationsStep'.
src/modules/intake/domain/index.ts(354,4): error TS2304: Cannot find name 'IntakeStep'.
src/modules/intake/domain/index.ts(354,23): error TS2304: Cannot find name 'validateGoalsStep'.
src/modules/intake/domain/index.ts(355,4): error TS2304: Cannot find name 'IntakeStep'.
src/modules/intake/domain/index.ts(355,27): error TS2304: Cannot find name 'validateProvidersStep'.
src/modules/intake/domain/index.ts(356,4): error TS2304: Cannot find name 'IntakeStep'.
src/modules/intake/domain/index.ts(356,26): error TS2304: Cannot find name 'validateConsentsStep'.
src/modules/intake/domain/index.ts(357,4): error TS2304: Cannot find name 'IntakeStep'.
src/modules/intake/domain/index.ts(357,31): error TS2304: Cannot find name 'validateReviewSubmitStep'.
src/modules/intake/domain/index.ts(365,4): error TS2304: Cannot find name 'IntakeStep'.
src/modules/intake/domain/index.ts(365,30): error TS2304: Cannot find name 'validateDemographicsSubmission'.
src/modules/intake/domain/index.ts(366,4): error TS2304: Cannot find name 'IntakeStep'.
src/modules/intake/domain/index.ts(366,27): error TS2304: Cannot find name 'validateInsuranceSubmission'.
src/modules/intake/domain/index.ts(367,4): error TS2304: Cannot find name 'IntakeStep'.
src/modules/intake/domain/index.ts(367,34): error TS2304: Cannot find name 'validateClinicalHistorySubmission'.
src/modules/intake/domain/index.ts(368,4): error TS2304: Cannot find name 'IntakeStep'.
src/modules/intake/domain/index.ts(368,29): error TS2304: Cannot find name 'validateMedicationsSubmission'.
src/modules/intake/domain/index.ts(369,4): error TS2304: Cannot find name 'IntakeStep'.
src/modules/intake/domain/index.ts(369,23): error TS2304: Cannot find name 'validateGoalsSubmission'.
src/modules/intake/domain/index.ts(370,4): error TS2304: Cannot find name 'IntakeStep'.
src/modules/intake/domain/index.ts(370,27): error TS2304: Cannot find name 'validateProvidersSubmission'.
src/modules/intake/domain/index.ts(371,4): error TS2304: Cannot find name 'IntakeStep'.
src/modules/intake/domain/index.ts(371,26): error TS2304: Cannot find name 'validateConsentsSubmission'.
src/modules/intake/domain/index.ts(372,4): error TS2304: Cannot find name 'IntakeStep'.
src/modules/intake/domain/index.ts(372,31): error TS2304: Cannot find name 'validateReviewSubmitSubmission'.
src/modules/intake/domain/index.ts(383,3): error TS2304: Cannot find name 'IntakeStep'.
src/modules/intake/domain/index.ts(384,3): error TS2304: Cannot find name 'IntakeStep'.
src/modules/intake/domain/index.ts(385,3): error TS2304: Cannot find name 'IntakeStep'.
src/modules/intake/domain/index.ts(386,3): error TS2304: Cannot find name 'IntakeStep'.
src/modules/intake/domain/index.ts(387,3): error TS2304: Cannot find name 'IntakeStep'.
src/modules/intake/domain/index.ts(388,3): error TS2304: Cannot find name 'IntakeStep'.
src/modules/intake/domain/index.ts(389,3): error TS2304: Cannot find name 'IntakeStep'.
src/modules/intake/domain/index.ts(390,3): error TS2304: Cannot find name 'IntakeStep'.
src/modules/intake/domain/index.ts(397,3): error TS2304: Cannot find name 'IntakeStep'.
src/modules/intake/domain/index.ts(398,3): error TS2304: Cannot find name 'IntakeStep'.
src/modules/intake/domain/index.ts(399,3): error TS2304: Cannot find name 'IntakeStep'.
src/modules/intake/domain/index.ts(406,3): error TS2304: Cannot find name 'IntakeStep'.
src/modules/intake/domain/index.ts(413,3): error TS2304: Cannot find name 'IntakeStep'.
src/modules/intake/domain/index.ts(414,3): error TS2304: Cannot find name 'IntakeStep'.
src/modules/intake/domain/index.ts(415,3): error TS2304: Cannot find name 'IntakeStep'.
src/modules/intake/domain/index.ts(416,3): error TS2304: Cannot find name 'IntakeStep'.
src/modules/intake/domain/schemas/consents.schema.ts(10,39): error TS1485: 'NAME_LENGTHS' resolves to a type-only declaration and must be imported using a type-only import when 'verbatimModuleSyntax' is enabled.
src/modules/intake/domain/schemas/consents.schema.ts(26,10): error TS1362: 'NAME_LENGTHS' cannot be used as a value because it was exported using 'export type'.
src/modules/intake/domain/schemas/consents.schema.ts(56,25): error TS2339: Property 'ip' does not exist on type 'ZodString'.
src/modules/intake/domain/schemas/consents.schema.ts(101,10): error TS1362: 'NAME_LENGTHS' cannot be used as a value because it was exported using 'export type'.
src/modules/intake/domain/schemas/consents.schema.ts(114,10): error TS1362: 'NAME_LENGTHS' cannot be used as a value because it was exported using 'export type'.
src/modules/intake/domain/schemas/consents.schema.ts(131,10): error TS1362: 'NAME_LENGTHS' cannot be used as a value because it was exported using 'export type'.
src/modules/intake/domain/schemas/demographics/demographics.schema.ts(11,39): error TS1485: 'NAME_LENGTHS' resolves to a type-only declaration and must be imported using a type-only import when 'verbatimModuleSyntax' is enabled.
src/modules/intake/domain/schemas/demographics/demographics.schema.ts(57,10): error TS1362: 'NAME_LENGTHS' cannot be used as a value because it was exported using 'export type'.
src/modules/intake/domain/schemas/demographics/demographics.schema.ts(77,10): error TS1362: 'NAME_LENGTHS' cannot be used as a value because it was exported using 'export type'.
src/modules/intake/domain/schemas/demographics/demographics.schema.ts(82,10): error TS1362: 'NAME_LENGTHS' cannot be used as a value because it was exported using 'export type'.
src/modules/intake/domain/schemas/demographics/demographics.schema.ts(89,10): error TS1362: 'NAME_LENGTHS' cannot be used as a value because it was exported using 'export type'.
src/modules/intake/domain/schemas/demographics/demographics.schema.ts(94,10): error TS1362: 'NAME_LENGTHS' cannot be used as a value because it was exported using 'export type'.
src/modules/intake/domain/schemas/demographics/demographics.schema.ts(160,12): error TS1362: 'NAME_LENGTHS' cannot be used as a value because it was exported using 'export type'.
src/modules/intake/domain/schemas/demographics/demographics.schema.ts(178,12): error TS1362: 'NAME_LENGTHS' cannot be used as a value because it was exported using 'export type'.
src/modules/intake/domain/schemas/diagnoses-clinical/diagnoses-clinical.schema.ts(273,7): error TS2322: Type '"unknown"' is not assignable to type 'IndependenceLevel | undefined'.
src/modules/intake/domain/schemas/diagnoses-clinical/diagnoses-clinical.schema.ts(274,7): error TS2322: Type '"unknown"' is not assignable to type 'IndependenceLevel | undefined'.
src/modules/intake/domain/schemas/diagnoses-clinical/diagnoses-clinical.schema.ts(275,7): error TS2322: Type '"unknown"' is not assignable to type 'CognitiveFunctioning | undefined'.
src/modules/intake/domain/schemas/goals.schema.ts(10,39): error TS1485: 'NAME_LENGTHS' resolves to a type-only declaration and must be imported using a type-only import when 'verbatimModuleSyntax' is enabled.
src/modules/intake/domain/schemas/goals.schema.ts(331,14): error TS1362: 'NAME_LENGTHS' cannot be used as a value because it was exported using 'export type'.
src/modules/intake/domain/schemas/goals.schema.ts(341,14): error TS1362: 'NAME_LENGTHS' cannot be used as a value because it was exported using 'export type'.
src/modules/intake/domain/schemas/index.ts(22,15): error TS2307: Cannot find module './insurance.schema' or its corresponding type declarations.
src/modules/intake/domain/schemas/insurance-eligibility/insurance-eligibility.schema.ts(10,39): error TS1485: 'NAME_LENGTHS' resolves to a type-only declaration and must be imported using a type-only import when 'verbatimModuleSyntax' is enabled.
src/modules/intake/domain/schemas/insurance-eligibility/insurance-eligibility.schema.ts(29,10): error TS1362: 'NAME_LENGTHS' cannot be used as a value because it was exported using 'export type'.
src/modules/intake/domain/schemas/insurance-eligibility/insurance-eligibility.schema.ts(46,10): error TS1362: 'NAME_LENGTHS' cannot be used as a value because it was exported using 'export type'.
src/modules/intake/domain/schemas/insurance-eligibility/insurance-eligibility.schema.ts(186,10): error TS1362: 'NAME_LENGTHS' cannot be used as a value because it was exported using 'export type'.
src/modules/intake/domain/schemas/insurance-eligibility/insurance-eligibility.schema.ts(282,40): error TS18048: 'applicableFPL' is possibly 'undefined'.
src/modules/intake/domain/schemas/medical-providers/medical-providers.schema.ts(14,39): error TS1485: 'NAME_LENGTHS' resolves to a type-only declaration and must be imported using a type-only import when 'verbatimModuleSyntax' is enabled.
src/modules/intake/domain/schemas/medical-providers/medical-providers.schema.ts(29,10): error TS1362: 'NAME_LENGTHS' cannot be used as a value because it was exported using 'export type'.
src/modules/intake/domain/schemas/medical-providers/medical-providers.schema.ts(85,10): error TS1362: 'NAME_LENGTHS' cannot be used as a value because it was exported using 'export type'.
src/modules/intake/domain/schemas/medical-providers/medical-providers.schema.ts(94,10): error TS1362: 'NAME_LENGTHS' cannot be used as a value because it was exported using 'export type'.
src/modules/intake/domain/schemas/medical-providers/medical-providers.schema.ts(107,10): error TS1362: 'NAME_LENGTHS' cannot be used as a value because it was exported using 'export type'.
src/modules/intake/domain/schemas/medical-providers/medical-providers.schema.ts(420,3): error TS1360: Type '{ hasPCP: PCPStatus | undefined; pcpName: string; pcpPhone: string; pcpPractice: string; pcpAddress: string; authorizedToShare: false; }' does not satisfy the expected type 'Partial<{ hasPCP: "Unknown" | "Yes" | "No"; pcpName?: string | undefined; pcpPhone?: string | undefined; pcpPractice?: string | undefined; pcpAddress?: string | undefined; authorizedToShare?: boolean | undefined; }>'.
  Types of property 'hasPCP' are incompatible.
    Type 'PCPStatus | undefined' is not assignable to type '"Unknown" | "Yes" | "No"'.
      Type 'undefined' is not assignable to type '"Unknown" | "Yes" | "No"'.
src/modules/intake/domain/schemas/medical-providers/medical-providers.schema.ts(434,3): error TS1360: Type '{ hasBeenEvaluated: EvaluationStatus | undefined; psychiatristName: string; evaluationDate: undefined; clinicName: string; notes: string; differentEvaluator: false; evaluatorName: string; evaluatorClinic: string; }' does not satisfy the expected type 'Partial<{ hasBeenEvaluated: "Yes" | "No"; psychiatristName?: string | undefined; evaluationDate?: Date | undefined; clinicName?: string | undefined; notes?: string | undefined; differentEvaluator?: boolean | undefined; evaluatorName?: string | undefined; evaluatorClinic?: string | undefined; }>'.
  Types of property 'hasBeenEvaluated' are incompatible.
    Type 'EvaluationStatus | undefined' is not assignable to type '"Yes" | "No"'.
      Type 'undefined' is not assignable to type '"Yes" | "No"'.
src/modules/intake/domain/schemas/medical-providers/medical-providers.schema.ts(440,3): error TS2322: Type '{ hasPCP: PCPStatus | undefined; pcpName: string; pcpPhone: string; pcpPractice: string; pcpAddress: string; authorizedToShare: false; }' is not assignable to type '{ hasPCP: "Unknown" | "Yes" | "No"; pcpName?: string | undefined; pcpPhone?: string | undefined; pcpPractice?: string | undefined; pcpAddress?: string | undefined; authorizedToShare?: boolean | undefined; }'.
  Types of property 'hasPCP' are incompatible.
    Type 'PCPStatus | undefined' is not assignable to type '"Unknown" | "Yes" | "No"'.
      Type 'undefined' is not assignable to type '"Unknown" | "Yes" | "No"'.
src/modules/intake/domain/schemas/medical-providers/medical-providers.schema.ts(441,3): error TS2322: Type '{ hasBeenEvaluated: EvaluationStatus | undefined; psychiatristName: string; evaluationDate: undefined; clinicName: string; notes: string; differentEvaluator: false; evaluatorName: string; evaluatorClinic: string; }' is not assignable to type '{ hasBeenEvaluated: "Yes" | "No"; psychiatristName?: string | undefined; evaluationDate?: Date | undefined; clinicName?: string | undefined; notes?: string | undefined; differentEvaluator?: boolean | undefined; evaluatorName?: string | undefined; evaluatorClinic?: string | undefined; }'.
  Types of property 'hasBeenEvaluated' are incompatible.
    Type 'EvaluationStatus | undefined' is not assignable to type '"Yes" | "No"'.
      Type 'undefined' is not assignable to type '"Yes" | "No"'.
src/modules/intake/domain/schemas/review-submit.schema.ts(22,43): error TS2307: Cannot find module './insurance.schema' or its corresponding type declarations.
src/modules/intake/domain/schemas/step5/currentMedications.schema.ts(10,39): error TS1485: 'NAME_LENGTHS' resolves to a type-only declaration and must be imported using a type-only import when 'verbatimModuleSyntax' is enabled.
src/modules/intake/domain/schemas/step5/currentMedications.schema.ts(41,10): error TS1362: 'NAME_LENGTHS' cannot be used as a value because it was exported using 'export type'.
src/modules/intake/domain/schemas/step5/currentMedications.schema.ts(111,14): error TS2375: Type '{ hasMedications: undefined; }' is not assignable to type 'Partial<{ hasMedications: "Unknown" | "Yes" | "No"; medications: { id: string; name: string; dosage: string; frequency: string; route?: "other" | "oral" | "injection" | "topical" | "sublingual" | undefined; startDate?: Date | undefined; prescribedBy?: string | undefined; notes?: string | undefined; }[]; allergies: { id: string; allergen: string; reaction: string; severity?: SeverityLevel | undefined; onsetDate?: Date | undefined; notes?: string | undefined; }[]; }>' with 'exactOptionalPropertyTypes: true'. Consider adding 'undefined' to the types of the target's properties.
  Types of property 'hasMedications' are incompatible.
    Type 'undefined' is not assignable to type '"Unknown" | "Yes" | "No"'.
src/modules/intake/domain/schemas/step5/index.ts(102,3): error TS2375: Type '{ hasMedications: undefined; }' is not assignable to type 'Partial<{ hasMedications: "Unknown" | "Yes" | "No"; medications: { id: string; name: string; dosage: string; frequency: string; route?: "other" | "oral" | "injection" | "topical" | "sublingual" | undefined; startDate?: Date | undefined; prescribedBy?: string | undefined; notes?: string | undefined; }[]; allergies: { id: string; allergen: string; reaction: string; severity?: SeverityLevel | undefined; onsetDate?: Date | undefined; notes?: string | undefined; }[]; }>' with 'exactOptionalPropertyTypes: true'. Consider adding 'undefined' to the types of the target's properties.
  Types of property 'hasMedications' are incompatible.
    Type 'undefined' is not assignable to type '"Unknown" | "Yes" | "No"'.
src/modules/intake/domain/schemas/step5/pharmacyInformation.schema.ts(11,39): error TS1485: 'NAME_LENGTHS' resolves to a type-only declaration and must be imported using a type-only import when 'verbatimModuleSyntax' is enabled.
src/modules/intake/domain/schemas/step5/pharmacyInformation.schema.ts(26,10): error TS1362: 'NAME_LENGTHS' cannot be used as a value because it was exported using 'export type'.
src/modules/intake/domain/schemas/step9-legal-consents/legalConsents.schema.ts(2,39): error TS1485: 'NAME_LENGTHS' resolves to a type-only declaration and must be imported using a type-only import when 'verbatimModuleSyntax' is enabled.
src/modules/intake/domain/schemas/step9-legal-consents/legalConsents.schema.ts(17,10): error TS1362: 'NAME_LENGTHS' cannot be used as a value because it was exported using 'export type'.
src/modules/intake/domain/schemas/step9-legal-consents/legalConsents.schema.ts(17,23): error TS2339: Property 'MAX' does not exist on type '{ readonly FIRST_NAME: 50; readonly MIDDLE_NAME: 50; readonly LAST_NAME: 50; readonly FULL_NAME: 100; readonly PREFERRED_NAME: 50; readonly ORGANIZATION_NAME: 120; readonly PROVIDER_NAME: 120; }'.
src/modules/intake/domain/schemas/step9-legal-consents/legalConsents.schema.ts(17,49): error TS1362: 'NAME_LENGTHS' cannot be used as a value because it was exported using 'export type'.
src/modules/intake/domain/schemas/step9-legal-consents/legalConsents.schema.ts(17,62): error TS2339: Property 'MAX' does not exist on type '{ readonly FIRST_NAME: 50; readonly MIDDLE_NAME: 50; readonly LAST_NAME: 50; readonly FULL_NAME: 100; readonly PREFERRED_NAME: 50; readonly ORGANIZATION_NAME: 120; readonly PROVIDER_NAME: 120; }'.
src/modules/intake/domain/schemas/step9-legal-consents/legalConsents.schema.ts(80,41): error TS1362: 'NAME_LENGTHS' cannot be used as a value because it was exported using 'export type'.
src/modules/intake/domain/schemas/step9-legal-consents/legalConsents.schema.ts(80,54): error TS2339: Property 'MAX' does not exist on type '{ readonly FIRST_NAME: 50; readonly MIDDLE_NAME: 50; readonly LAST_NAME: 50; readonly FULL_NAME: 100; readonly PREFERRED_NAME: 50; readonly ORGANIZATION_NAME: 120; readonly PROVIDER_NAME: 120; }'.
src/modules/intake/domain/schemas/step9-legal-consents/legalConsents.schema.ts(84,52): error TS1362: 'NAME_LENGTHS' cannot be used as a value because it was exported using 'export type'.
src/modules/intake/domain/schemas/step9-legal-consents/legalConsents.schema.ts(84,65): error TS2339: Property 'MAX' does not exist on type '{ readonly FIRST_NAME: 50; readonly MIDDLE_NAME: 50; readonly LAST_NAME: 50; readonly FULL_NAME: 100; readonly PREFERRED_NAME: 50; readonly ORGANIZATION_NAME: 120; readonly PROVIDER_NAME: 120; }'.
src/modules/intake/infrastructure/repositories/demographics.repository.ts(325,11): error TS2769: No overload matches this call.
  Overload 2 of 2, '(values: { created_at?: string; created_by: string; dob?: string | null; email?: string | null; ethnicity?: string | null; first_name: string; gender?: string | null; id?: string; last_name: string; ... 8 more ...; veteran_status?: string | null; }[], options?: { ...; } | undefined): PostgrestFilterBuilder<...>', gave the following error.
    Object literal may only specify known properties, and 'session_id' does not exist in type '{ created_at?: string; created_by: string; dob?: string | null; email?: string | null; ethnicity?: string | null; first_name: string; gender?: string | null; id?: string; last_name: string; marital_status?: string | null; middle_name?: string | null; organization_id: string; phone?: string | null; preferred_name?: string | null; race?: string | null; session_id?: string | null; updated_at?: string | null; veteran_status?: string | null; }[]'.
src/modules/intake/infrastructure/repositories/demographics.repository.ts(469,44): error TS2339: Property 'email' does not exist on type 'LegalGuardianDTO'.
src/modules/intake/infrastructure/repositories/insurance-eligibility.repository.ts(159,9): error TS2375: Type '{ insuranceCoverages: InsuranceCoverageDTO[]; isUninsured: boolean; uninsuredReason: string | undefined; eligibilityCriteria: EligibilityCriteriaDTO; financialInformation: FinancialInformationDTO; eligibilityStatus: string | undefined; eligibilityDeterminedBy: string | undefined; eligibilityDeterminationDate: string | undefined; eligibilityNotes: string | undefined; }' is not assignable to type 'InsuranceEligibilityInputDTO' with 'exactOptionalPropertyTypes: true'. Consider adding 'undefined' to the types of the target's properties.
  Types of property 'uninsuredReason' are incompatible.
    Type 'string | undefined' is not assignable to type 'string'.
      Type 'undefined' is not assignable to type 'string'.
src/modules/intake/infrastructure/repositories/insurance-eligibility.repository.ts(174,29): error TS4111: Property 'organization_id' comes from an index signature, so it must be accessed with ['organization_id'].
src/modules/intake/infrastructure/repositories/insurance-eligibility.repository.ts(192,5): error TS2322: Type '{}' is not assignable to type 'string'.
src/modules/intake/infrastructure/repositories/insurance-eligibility.repository.ts(192,18): error TS4111: Property 'insurance_type' comes from an index signature, so it must be accessed with ['insurance_type'].
src/modules/intake/infrastructure/repositories/insurance-eligibility.repository.ts(193,5): error TS2322: Type '{}' is not assignable to type 'string'.
src/modules/intake/infrastructure/repositories/insurance-eligibility.repository.ts(193,25): error TS4111: Property 'carrier_name' comes from an index signature, so it must be accessed with ['carrier_name'].
src/modules/intake/infrastructure/repositories/insurance-eligibility.repository.ts(194,5): error TS2322: Type '{}' is not assignable to type 'string'.
src/modules/intake/infrastructure/repositories/insurance-eligibility.repository.ts(194,26): error TS4111: Property 'member_id' comes from an index signature, so it must be accessed with ['member_id'].
src/modules/intake/infrastructure/repositories/insurance-eligibility.repository.ts(195,5): error TS2322: Type 'unknown' is not assignable to type 'string'.
src/modules/intake/infrastructure/repositories/insurance-eligibility.repository.ts(195,25): error TS4111: Property 'group_number' comes from an index signature, so it must be accessed with ['group_number'].
src/modules/intake/infrastructure/repositories/insurance-eligibility.repository.ts(196,5): error TS2322: Type 'unknown' is not assignable to type 'string'.
src/modules/intake/infrastructure/repositories/insurance-eligibility.repository.ts(196,22): error TS4111: Property 'plan_kind' comes from an index signature, so it must be accessed with ['plan_kind'].
src/modules/intake/infrastructure/repositories/insurance-eligibility.repository.ts(197,5): error TS2322: Type 'unknown' is not assignable to type 'string | null'.
src/modules/intake/infrastructure/repositories/insurance-eligibility.repository.ts(197,22): error TS4111: Property 'plan_name' comes from an index signature, so it must be accessed with ['plan_name'].
src/modules/intake/infrastructure/repositories/insurance-eligibility.repository.ts(198,5): error TS2322: Type '{}' is not assignable to type 'string'.
src/modules/intake/infrastructure/repositories/insurance-eligibility.repository.ts(198,28): error TS4111: Property 'subscriber_name' comes from an index signature, so it must be accessed with ['subscriber_name'].
src/modules/intake/infrastructure/repositories/insurance-eligibility.repository.ts(199,5): error TS2322: Type '{}' is not assignable to type 'string'.
src/modules/intake/infrastructure/repositories/insurance-eligibility.repository.ts(199,35): error TS4111: Property 'subscriber_dob' comes from an index signature, so it must be accessed with ['subscriber_dob'].
src/modules/intake/infrastructure/repositories/insurance-eligibility.repository.ts(200,5): error TS2322: Type '{}' is not assignable to type 'string'.
src/modules/intake/infrastructure/repositories/insurance-eligibility.repository.ts(200,36): error TS4111: Property 'subscriber_relationship' comes from an index signature, so it must be accessed with ['subscriber_relationship'].
src/modules/intake/infrastructure/repositories/insurance-eligibility.repository.ts(201,5): error TS2322: Type 'unknown' is not assignable to type 'string'.
src/modules/intake/infrastructure/repositories/insurance-eligibility.repository.ts(201,27): error TS4111: Property 'subscriber_ssn' comes from an index signature, so it must be accessed with ['subscriber_ssn'].
src/modules/intake/infrastructure/repositories/insurance-eligibility.repository.ts(202,5): error TS2322: Type '{}' is not assignable to type 'string'.
src/modules/intake/infrastructure/repositories/insurance-eligibility.repository.ts(202,27): error TS4111: Property 'effective_date' comes from an index signature, so it must be accessed with ['effective_date'].
src/modules/intake/infrastructure/repositories/insurance-eligibility.repository.ts(203,5): error TS2322: Type 'unknown' is not assignable to type 'string'.
src/modules/intake/infrastructure/repositories/insurance-eligibility.repository.ts(203,28): error TS4111: Property 'termination_date' comes from an index signature, so it must be accessed with ['termination_date'].
src/modules/intake/infrastructure/repositories/insurance-eligibility.repository.ts(204,5): error TS2322: Type '{}' is not assignable to type 'boolean'.
src/modules/intake/infrastructure/repositories/insurance-eligibility.repository.ts(204,23): error TS4111: Property 'is_primary' comes from an index signature, so it must be accessed with ['is_primary'].
src/modules/intake/infrastructure/repositories/insurance-eligibility.repository.ts(205,5): error TS2322: Type '{}' is not assignable to type 'boolean'.
src/modules/intake/infrastructure/repositories/insurance-eligibility.repository.ts(205,24): error TS4111: Property 'is_verified' comes from an index signature, so it must be accessed with ['is_verified'].
src/modules/intake/infrastructure/repositories/insurance-eligibility.repository.ts(206,5): error TS2322: Type 'unknown' is not assignable to type 'string'.
src/modules/intake/infrastructure/repositories/insurance-eligibility.repository.ts(206,30): error TS4111: Property 'verification_date' comes from an index signature, so it must be accessed with ['verification_date'].
src/modules/intake/infrastructure/repositories/insurance-eligibility.repository.ts(207,5): error TS2322: Type 'unknown' is not assignable to type 'string'.
src/modules/intake/infrastructure/repositories/insurance-eligibility.repository.ts(207,31): error TS4111: Property 'verification_notes' comes from an index signature, so it must be accessed with ['verification_notes'].
src/modules/intake/infrastructure/repositories/insurance-eligibility.repository.ts(208,5): error TS2322: Type '{}' is not assignable to type 'string'.
src/modules/intake/infrastructure/repositories/insurance-eligibility.repository.ts(208,37): error TS4111: Property 'mh_coverage' comes from an index signature, so it must be accessed with ['mh_coverage'].
src/modules/intake/infrastructure/repositories/insurance-eligibility.repository.ts(209,5): error TS2322: Type 'unknown' is not assignable to type 'number'.
src/modules/intake/infrastructure/repositories/insurance-eligibility.repository.ts(209,31): error TS4111: Property 'mh_copay' comes from an index signature, so it must be accessed with ['mh_copay'].
src/modules/intake/infrastructure/repositories/insurance-eligibility.repository.ts(210,5): error TS2322: Type 'unknown' is not assignable to type 'number'.
src/modules/intake/infrastructure/repositories/insurance-eligibility.repository.ts(210,36): error TS4111: Property 'mh_deductible' comes from an index signature, so it must be accessed with ['mh_deductible'].
src/modules/intake/infrastructure/repositories/insurance-eligibility.repository.ts(211,5): error TS2322: Type 'unknown' is not assignable to type 'number'.
src/modules/intake/infrastructure/repositories/insurance-eligibility.repository.ts(211,37): error TS4111: Property 'mh_annual_limit' comes from an index signature, so it must be accessed with ['mh_annual_limit'].
src/modules/intake/infrastructure/repositories/insurance-eligibility.repository.ts(212,5): error TS2322: Type '{}' is not assignable to type 'string'.
src/modules/intake/infrastructure/repositories/insurance-eligibility.repository.ts(212,29): error TS4111: Property 'requires_preauth' comes from an index signature, so it must be accessed with ['requires_preauth'].
src/modules/intake/infrastructure/repositories/insurance-eligibility.repository.ts(213,5): error TS2322: Type 'unknown' is not assignable to type 'string'.
src/modules/intake/infrastructure/repositories/insurance-eligibility.repository.ts(213,27): error TS4111: Property 'preauth_number' comes from an index signature, so it must be accessed with ['preauth_number'].
src/modules/intake/infrastructure/repositories/insurance-eligibility.repository.ts(214,5): error TS2322: Type 'unknown' is not assignable to type 'string'.
src/modules/intake/infrastructure/repositories/insurance-eligibility.repository.ts(214,31): error TS4111: Property 'preauth_expiration' comes from an index signature, so it must be accessed with ['preauth_expiration'].
src/modules/intake/infrastructure/repositories/insurance-eligibility.repository.ts(226,5): error TS2322: Type '{}' is not assignable to type 'string'.
src/modules/intake/infrastructure/repositories/insurance-eligibility.repository.ts(226,32): error TS4111: Property 'resides_in_service_area' comes from an index signature, so it must be accessed with ['resides_in_service_area'].
src/modules/intake/infrastructure/repositories/insurance-eligibility.repository.ts(227,5): error TS2322: Type 'unknown' is not assignable to type 'string'.
src/modules/intake/infrastructure/repositories/insurance-eligibility.repository.ts(227,29): error TS4111: Property 'service_area_county' comes from an index signature, so it must be accessed with ['service_area_county'].
src/modules/intake/infrastructure/repositories/insurance-eligibility.repository.ts(228,5): error TS2322: Type '{}' is not assignable to type 'string'.
src/modules/intake/infrastructure/repositories/insurance-eligibility.repository.ts(228,20): error TS4111: Property 'age_group' comes from an index signature, so it must be accessed with ['age_group'].
src/modules/intake/infrastructure/repositories/insurance-eligibility.repository.ts(229,5): error TS2322: Type '{}' is not assignable to type 'boolean'.
src/modules/intake/infrastructure/repositories/insurance-eligibility.repository.ts(229,27): error TS4111: Property 'is_eligible_by_age' comes from an index signature, so it must be accessed with ['is_eligible_by_age'].
src/modules/intake/infrastructure/repositories/insurance-eligibility.repository.ts(230,5): error TS2322: Type '{}' is not assignable to type 'string'.
src/modules/intake/infrastructure/repositories/insurance-eligibility.repository.ts(230,36): error TS4111: Property 'has_diagnosed_mental_health' comes from an index signature, so it must be accessed with ['has_diagnosed_mental_health'].
src/modules/intake/infrastructure/repositories/insurance-eligibility.repository.ts(231,5): error TS2322: Type '{}' is not assignable to type 'boolean'.
src/modules/intake/infrastructure/repositories/insurance-eligibility.repository.ts(231,29): error TS4111: Property 'diagnosis_verified' comes from an index signature, so it must be accessed with ['diagnosis_verified'].
src/modules/intake/infrastructure/repositories/insurance-eligibility.repository.ts(232,5): error TS2322: Type 'unknown' is not assignable to type 'string'.
src/modules/intake/infrastructure/repositories/insurance-eligibility.repository.ts(232,37): error TS4111: Property 'functional_impairment_level' comes from an index signature, so it must be accessed with ['functional_impairment_level'].
src/modules/intake/infrastructure/repositories/insurance-eligibility.repository.ts(233,5): error TS2322: Type '{}' is not assignable to type 'string'.
src/modules/intake/infrastructure/repositories/insurance-eligibility.repository.ts(233,24): error TS4111: Property 'impacts_daily' comes from an index signature, so it must be accessed with ['impacts_daily'].
src/modules/intake/infrastructure/repositories/insurance-eligibility.repository.ts(234,5): error TS2322: Type '{}' is not assignable to type 'string'.
src/modules/intake/infrastructure/repositories/insurance-eligibility.repository.ts(234,23): error TS4111: Property 'impacts_work' comes from an index signature, so it must be accessed with ['impacts_work'].
src/modules/intake/infrastructure/repositories/insurance-eligibility.repository.ts(235,5): error TS2322: Type '{}' is not assignable to type 'string'.
src/modules/intake/infrastructure/repositories/insurance-eligibility.repository.ts(235,32): error TS4111: Property 'impacts_relationships' comes from an index signature, so it must be accessed with ['impacts_relationships'].
src/modules/intake/infrastructure/repositories/insurance-eligibility.repository.ts(236,5): error TS2322: Type '{}' is not assignable to type 'string'.
src/modules/intake/infrastructure/repositories/insurance-eligibility.repository.ts(236,28): error TS4111: Property 'suicidal_ideation' comes from an index signature, so it must be accessed with ['suicidal_ideation'].
src/modules/intake/infrastructure/repositories/insurance-eligibility.repository.ts(237,5): error TS2322: Type '{}' is not assignable to type 'string'.
src/modules/intake/infrastructure/repositories/insurance-eligibility.repository.ts(237,24): error TS4111: Property 'substance_use' comes from an index signature, so it must be accessed with ['substance_use'].
src/modules/intake/infrastructure/repositories/insurance-eligibility.repository.ts(238,5): error TS2322: Type '{}' is not assignable to type 'string'.
src/modules/intake/infrastructure/repositories/insurance-eligibility.repository.ts(238,28): error TS4111: Property 'domestic_violence' comes from an index signature, so it must be accessed with ['domestic_violence'].
src/modules/intake/infrastructure/repositories/insurance-eligibility.repository.ts(239,5): error TS2322: Type '{}' is not assignable to type 'string'.
src/modules/intake/infrastructure/repositories/insurance-eligibility.repository.ts(239,24): error TS4111: Property 'homelessness' comes from an index signature, so it must be accessed with ['homelessness'].
src/modules/intake/infrastructure/repositories/insurance-eligibility.repository.ts(240,5): error TS2322: Type '{}' is not assignable to type 'boolean'.
src/modules/intake/infrastructure/repositories/insurance-eligibility.repository.ts(240,21): error TS4111: Property 'is_veteran' comes from an index signature, so it must be accessed with ['is_veteran'].
src/modules/intake/infrastructure/repositories/insurance-eligibility.repository.ts(241,5): error TS2322: Type '{}' is not assignable to type 'boolean'.
src/modules/intake/infrastructure/repositories/insurance-eligibility.repository.ts(241,32): error TS4111: Property 'is_pregnant_postpartum' comes from an index signature, so it must be accessed with ['is_pregnant_postpartum'].
src/modules/intake/infrastructure/repositories/insurance-eligibility.repository.ts(242,5): error TS2322: Type '{}' is not assignable to type 'boolean'.
src/modules/intake/infrastructure/repositories/insurance-eligibility.repository.ts(242,28): error TS4111: Property 'is_first_responder' comes from an index signature, so it must be accessed with ['is_first_responder'].
src/modules/intake/infrastructure/repositories/insurance-eligibility.repository.ts(243,5): error TS2322: Type '{}' is not assignable to type 'boolean'.
src/modules/intake/infrastructure/repositories/insurance-eligibility.repository.ts(243,25): error TS4111: Property 'has_disability' comes from an index signature, so it must be accessed with ['has_disability'].
src/modules/intake/infrastructure/repositories/insurance-eligibility.repository.ts(244,5): error TS2322: Type '{}' is not assignable to type 'boolean'.
src/modules/intake/infrastructure/repositories/insurance-eligibility.repository.ts(244,28): error TS4111: Property 'has_minor_children' comes from an index signature, so it must be accessed with ['has_minor_children'].
src/modules/intake/infrastructure/repositories/insurance-eligibility.repository.ts(245,5): error TS2322: Type '{}' is not assignable to type 'boolean'.
src/modules/intake/infrastructure/repositories/insurance-eligibility.repository.ts(245,27): error TS4111: Property 'involved_with_dcf' comes from an index signature, so it must be accessed with ['involved_with_dcf'].
src/modules/intake/infrastructure/repositories/insurance-eligibility.repository.ts(246,5): error TS2322: Type '{}' is not assignable to type 'boolean'.
src/modules/intake/infrastructure/repositories/insurance-eligibility.repository.ts(246,24): error TS4111: Property 'court_ordered' comes from an index signature, so it must be accessed with ['court_ordered'].
src/modules/intake/infrastructure/repositories/insurance-eligibility.repository.ts(247,5): error TS2322: Type 'unknown' is not assignable to type 'string'.
src/modules/intake/infrastructure/repositories/insurance-eligibility.repository.ts(247,21): error TS4111: Property 'order_type' comes from an index signature, so it must be accessed with ['order_type'].
src/modules/intake/infrastructure/repositories/insurance-eligibility.repository.ts(248,5): error TS2322: Type 'unknown' is not assignable to type 'string'.
src/modules/intake/infrastructure/repositories/insurance-eligibility.repository.ts(248,26): error TS4111: Property 'referral_source' comes from an index signature, so it must be accessed with ['referral_source'].
src/modules/intake/infrastructure/repositories/insurance-eligibility.repository.ts(249,5): error TS2322: Type 'unknown' is not assignable to type 'string'.
src/modules/intake/infrastructure/repositories/insurance-eligibility.repository.ts(249,26): error TS4111: Property 'referral_agency' comes from an index signature, so it must be accessed with ['referral_agency'].
src/modules/intake/infrastructure/repositories/insurance-eligibility.repository.ts(250,5): error TS2322: Type 'unknown' is not assignable to type 'string'.
src/modules/intake/infrastructure/repositories/insurance-eligibility.repository.ts(250,27): error TS4111: Property 'referral_contact' comes from an index signature, so it must be accessed with ['referral_contact'].
src/modules/intake/infrastructure/repositories/insurance-eligibility.repository.ts(251,5): error TS2322: Type 'unknown' is not assignable to type 'string'.
src/modules/intake/infrastructure/repositories/insurance-eligibility.repository.ts(251,24): error TS4111: Property 'referral_date' comes from an index signature, so it must be accessed with ['referral_date'].
src/modules/intake/infrastructure/repositories/insurance-eligibility.repository.ts(263,5): error TS2322: Type 'unknown' is not assignable to type 'number'.
src/modules/intake/infrastructure/repositories/insurance-eligibility.repository.ts(263,27): error TS4111: Property 'household_income' comes from an index signature, so it must be accessed with ['household_income'].
src/modules/intake/infrastructure/repositories/insurance-eligibility.repository.ts(264,5): error TS2322: Type 'unknown' is not assignable to type 'number'.
src/modules/intake/infrastructure/repositories/insurance-eligibility.repository.ts(264,25): error TS4111: Property 'household_size' comes from an index signature, so it must be accessed with ['household_size'].
src/modules/intake/infrastructure/repositories/insurance-eligibility.repository.ts(265,5): error TS2322: Type 'unknown' is not assignable to type 'number'.
src/modules/intake/infrastructure/repositories/insurance-eligibility.repository.ts(265,31): error TS4111: Property 'federal_poverty_level' comes from an index signature, so it must be accessed with ['federal_poverty_level'].
src/modules/intake/infrastructure/repositories/insurance-eligibility.repository.ts(266,5): error TS2322: Type 'unknown' is not assignable to type 'number'.
src/modules/intake/infrastructure/repositories/insurance-eligibility.repository.ts(266,25): error TS4111: Property 'fpl_percentage' comes from an index signature, so it must be accessed with ['fpl_percentage'].
src/modules/intake/infrastructure/repositories/insurance-eligibility.repository.ts(267,5): error TS2322: Type '{}' is not assignable to type 'boolean'.
src/modules/intake/infrastructure/repositories/insurance-eligibility.repository.ts(267,26): error TS4111: Property 'income_verified' comes from an index signature, so it must be accessed with ['income_verified'].
src/modules/intake/infrastructure/repositories/insurance-eligibility.repository.ts(268,5): error TS2322: Type 'unknown' is not assignable to type 'string'.
src/modules/intake/infrastructure/repositories/insurance-eligibility.repository.ts(268,34): error TS4111: Property 'income_verification_date' comes from an index signature, so it must be accessed with ['income_verification_date'].
src/modules/intake/infrastructure/repositories/insurance-eligibility.repository.ts(269,5): error TS2322: Type '{}' is not assignable to type 'boolean'.
src/modules/intake/infrastructure/repositories/insurance-eligibility.repository.ts(269,28): error TS4111: Property 'medicaid_eligible' comes from an index signature, so it must be accessed with ['medicaid_eligible'].
src/modules/intake/infrastructure/repositories/insurance-eligibility.repository.ts(270,5): error TS2322: Type 'unknown' is not assignable to type 'string'.
src/modules/intake/infrastructure/repositories/insurance-eligibility.repository.ts(270,37): error TS4111: Property 'medicaid_application_status' comes from an index signature, so it must be accessed with ['medicaid_application_status'].
src/modules/intake/infrastructure/repositories/insurance-eligibility.repository.ts(271,5): error TS2322: Type 'unknown' is not assignable to type 'string'.
src/modules/intake/infrastructure/repositories/insurance-eligibility.repository.ts(271,35): error TS4111: Property 'medicaid_application_date' comes from an index signature, so it must be accessed with ['medicaid_application_date'].
src/modules/intake/infrastructure/repositories/insurance-eligibility.repository.ts(272,5): error TS2322: Type '{}' is not assignable to type 'boolean'.
src/modules/intake/infrastructure/repositories/insurance-eligibility.repository.ts(272,28): error TS4111: Property 'medicare_eligible' comes from an index signature, so it must be accessed with ['medicare_eligible'].
src/modules/intake/infrastructure/repositories/insurance-eligibility.repository.ts(273,5): error TS2322: Type 'unknown' is not assignable to type 'string'.
src/modules/intake/infrastructure/repositories/insurance-eligibility.repository.ts(273,24): error TS4111: Property 'medicare_part' comes from an index signature, so it must be accessed with ['medicare_part'].
src/modules/intake/infrastructure/repositories/insurance-eligibility.repository.ts(274,5): error TS2322: Type '{}' is not assignable to type 'boolean'.
src/modules/intake/infrastructure/repositories/insurance-eligibility.repository.ts(274,30): error TS4111: Property 'sliding_fee_eligible' comes from an index signature, so it must be accessed with ['sliding_fee_eligible'].
src/modules/intake/infrastructure/repositories/insurance-eligibility.repository.ts(275,5): error TS2322: Type 'unknown' is not assignable to type 'number'.
src/modules/intake/infrastructure/repositories/insurance-eligibility.repository.ts(275,27): error TS4111: Property 'sliding_fee_scale' comes from an index signature, so it must be accessed with ['sliding_fee_scale'].
src/modules/intake/infrastructure/repositories/insurance-eligibility.repository.ts(276,5): error TS2322: Type '{}' is not assignable to type 'boolean'.
src/modules/intake/infrastructure/repositories/insurance-eligibility.repository.ts(276,29): error TS4111: Property 'financial_hardship' comes from an index signature, so it must be accessed with ['financial_hardship'].
src/modules/intake/infrastructure/repositories/insurance-eligibility.repository.ts(277,5): error TS2322: Type '{}' is not assignable to type 'boolean'.
src/modules/intake/infrastructure/repositories/insurance-eligibility.repository.ts(277,30): error TS4111: Property 'hardship_documented' comes from an index signature, so it must be accessed with ['hardship_documented'].
src/modules/intake/infrastructure/repositories/insurance-eligibility.repository.ts(278,5): error TS2322: Type '{}' is not assignable to type 'boolean'.
src/modules/intake/infrastructure/repositories/insurance-eligibility.repository.ts(278,31): error TS4111: Property 'assistance_requested' comes from an index signature, so it must be accessed with ['assistance_requested'].
src/modules/intake/infrastructure/repositories/insurance-eligibility.repository.ts(279,5): error TS2322: Type '{}' is not assignable to type 'boolean'.
src/modules/intake/infrastructure/repositories/insurance-eligibility.repository.ts(279,30): error TS4111: Property 'assistance_approved' comes from an index signature, so it must be accessed with ['assistance_approved'].
src/modules/intake/infrastructure/repositories/insurance-eligibility.repository.ts(280,5): error TS2322: Type 'unknown' is not assignable to type 'number'.
src/modules/intake/infrastructure/repositories/insurance-eligibility.repository.ts(280,28): error TS4111: Property 'assistance_amount' comes from an index signature, so it must be accessed with ['assistance_amount'].
src/modules/intake/infrastructure/repositories/insurance-eligibility.repository.ts(281,5): error TS2322: Type '{}' is not assignable to type 'string'.
src/modules/intake/infrastructure/repositories/insurance-eligibility.repository.ts(281,29): error TS4111: Property 'billing_preference' comes from an index signature, so it must be accessed with ['billing_preference'].
src/modules/intake/infrastructure/repositories/insurance-eligibility.repository.ts(282,5): error TS2322: Type '{}' is not assignable to type 'boolean'.
src/modules/intake/infrastructure/repositories/insurance-eligibility.repository.ts(282,32): error TS4111: Property 'payment_plan_requested' comes from an index signature, so it must be accessed with ['payment_plan_requested'].
src/modules/intake/infrastructure/repositories/insurance-eligibility.repository.ts(283,5): error TS2322: Type '{}' is not assignable to type 'boolean'.
src/modules/intake/infrastructure/repositories/insurance-eligibility.repository.ts(283,31): error TS4111: Property 'payment_plan_approved' comes from an index signature, so it must be accessed with ['payment_plan_approved'].
src/modules/intake/infrastructure/repositories/insurance-eligibility.repository.ts(284,5): error TS2322: Type 'unknown' is not assignable to type 'number'.
src/modules/intake/infrastructure/repositories/insurance-eligibility.repository.ts(284,32): error TS4111: Property 'monthly_payment_amount' comes from an index signature, so it must be accessed with ['monthly_payment_amount'].
src/modules/intake/infrastructure/repositories/insurance-eligibility.repository.ts(285,5): error TS2740: Type '{}' is missing the following properties from type 'string[]': length, pop, push, concat, and 29 more.
src/modules/intake/infrastructure/repositories/insurance-eligibility.repository.ts(285,29): error TS4111: Property 'documents_provided' comes from an index signature, so it must be accessed with ['documents_provided'].
src/modules/intake/infrastructure/repositories/insurance-eligibility.repository.ts(286,5): error TS2740: Type '{}' is missing the following properties from type 'string[]': length, pop, push, concat, and 29 more.
src/modules/intake/infrastructure/repositories/insurance-eligibility.repository.ts(286,27): error TS4111: Property 'documents_needed' comes from an index signature, so it must be accessed with ['documents_needed'].
src/modules/intake/infrastructure/repositories/insurance-eligibility.repository.ts(368,9): error TS2322: Type 'Record<string, unknown>' is not assignable to type 'Json'.
  Type 'Record<string, unknown>' is missing the following properties from type 'Json[]': length, pop, push, concat, and 29 more.
src/modules/intake/infrastructure/repositories/insurance-eligibility.repository.ts(413,19): error TS2339: Property 'code' does not exist on type 'Error'.
src/modules/intake/infrastructure/repositories/insurance-eligibility.repository.ts(426,45): error TS2345: Argument of type '{ determination: Json; eligibility_criteria: Json; financials: Json; insurance: Json; organization_id: string | null; patient_id: string | null; } | null' is not assignable to parameter of type 'Record<string, any>'.
  Type 'null' is not assignable to type 'Record<string, any>'.
src/modules/intake/infrastructure/repositories/medical-providers.repository.ts(22,3): error TS2459: Module '"@/modules/intake/application/step4/ports"' declares 'RepositoryResponse' locally, but it is not exported.
src/modules/intake/infrastructure/repositories/medical-providers.repository.ts(65,9): error TS2375: Type '{ hasPCP: "Yes" | "Unknown"; pcpName: string | undefined; pcpPhone: string | undefined; pcpPractice: string | undefined; pcpAddress: string | undefined; authorizedToShare: boolean | undefined; }' is not assignable to type 'ProvidersDTO' with 'exactOptionalPropertyTypes: true'. Consider adding 'undefined' to the types of the target's properties.
  Types of property 'pcpName' are incompatible.
    Type 'string | undefined' is not assignable to type 'string'.
      Type 'undefined' is not assignable to type 'string'.
src/modules/intake/infrastructure/repositories/medical-providers.repository.ts(75,9): error TS2375: Type '{ hasBeenEvaluated: "Yes" | "No"; psychiatristName: string | undefined; evaluationDate: string | undefined; clinicName: string | undefined; notes: string | undefined; differentEvaluator: boolean; evaluatorName: string | undefined; evaluatorClinic: string | undefined; }' is not assignable to type 'PsychiatristDTO' with 'exactOptionalPropertyTypes: true'. Consider adding 'undefined' to the types of the target's properties.
  Types of property 'psychiatristName' are incompatible.
    Type 'string | undefined' is not assignable to type 'string'.
      Type 'undefined' is not assignable to type 'string'.
src/modules/intake/infrastructure/repositories/medical-providers.repository.ts(128,9): error TS2345: Argument of type 'PostgrestFilterBuilder<{ PostgrestVersion: "13.0.5"; }, { Tables: { appointments: { Row: { appt_slot: unknown; clinician_id: string; created_at: string; created_by: string; ends_at: string; id: string; location: string | null; notes_internal: string | null; organization_id: string; patient_id: string; reason: string | null; starts_at: string; status: "scheduled" | "checked_in" | "completed" | "no_show" | "cancelled"; updated_at: string | null; updated_by: string | null; }; Insert: { appt_slot?: unknown; clinician_id: string; created_at?: string; created_by: string; ends_at: string; id?: string; location?: string | null; notes_internal?: string | null; organization_id: string; patient_id: string; reason?: string | null; starts_at: string; status?: "scheduled" | "checked_in" | "completed" | "no_show" | "cancelled"; updated_at?: string | null; updated_by?: string | null; }; Update: { appt_slot?: unknown; clinician_id?: string; created_at?: string; created_by?: string; ends_at?: string; id?: string; location?: string | null; notes_internal?: string | null; organization_id?: string; patient_id?: string; reason?: string | null; starts_at?: string; status?: "scheduled" | "checked_in" | "completed" | "no_show" | "cancelled"; updated_at?: string | null; updated_by?: string | null; }; Relationships: [{ foreignKeyName: "appointments_clinician_id_fkey"; columns: ["clinician_id"]; isOneToOne: false; referencedRelation: "clinicians"; referencedColumns: ["id"]; }, { foreignKeyName: "appointments_organization_id_fkey"; columns: ["organization_id"]; isOneToOne: false; referencedRelation: "organizations"; referencedColumns: ["id"]; }, { foreignKeyName: "appointments_organization_id_fkey"; columns: ["organization_id"]; isOneToOne: false; referencedRelation: "v_my_organizations"; referencedColumns: ["id"]; }, { foreignKeyName: "appointments_patient_id_fkey"; columns: ["patient_id"]; isOneToOne: false; referencedRelation: "patients"; referencedColumns: ["id"]; }, { foreignKeyName: "appointments_patient_id_fkey"; columns: ["patient_id"]; isOneToOne: false; referencedRelation: "v_patient_insurance_eligibility_snapshot"; referencedColumns: ["patient_id"]; }]; }; audit_logs: { Row: { action: "login" | "logout" | "create" | "read" | "update" | "delete" | "access_denied" | "export" | "import"; actor_user_id: string; id: string; meta: Json; method: string | null; occurred_at: string; organization_id: string; route: string | null; subject_id: string | null; subject_type: "patient" | "clinician" | "encounter" | "note" | "appointment" | "document" | "organization" | "other"; }; Insert: { action: "login" | "logout" | "create" | "read" | "update" | "delete" | "access_denied" | "export" | "import"; actor_user_id: string; id?: string; meta?: Json; method?: string | null; occurred_at?: string; organization_id: string; route?: string | null; subject_id?: string | null; subject_type: "patient" | "clinician" | "encounter" | "note" | "appointment" | "document" | "organization" | "other"; }; Update: { action?: "login" | "logout" | "create" | "read" | "update" | "delete" | "access_denied" | "export" | "import"; actor_user_id?: string; id?: string; meta?: Json; method?: string | null; occurred_at?: string; organization_id?: string; route?: string | null; subject_id?: string | null; subject_type?: "patient" | "clinician" | "encounter" | "note" | "appointment" | "document" | "organization" | "other"; }; Relationships: [{ foreignKeyName: "audit_logs_organization_id_fkey"; columns: ["organization_id"]; isOneToOne: false; referencedRelation: "organizations"; referencedColumns: ["id"]; }, { foreignKeyName: "audit_logs_organization_id_fkey"; columns: ["organization_id"]; isOneToOne: false; referencedRelation: "v_my_organizations"; referencedColumns: ["id"]; }]; }; authorization_records: { Row: { authorization_number: string; authorization_type: string; created_at: string; end_date: string | null; id: string; notes: string | null; organization_id: string; patient_id: string; start_date: string; units_approved: number | null; updated_at: string | null; }; Insert: { authorization_number: string; authorization_type: string; created_at?: string; end_date?: string | null; id?: string; notes?: string | null; organization_id: string; patient_id: string; start_date: string; units_approved?: number | null; updated_at?: string | null; }; Update: { authorization_number?: string; authorization_type?: string; created_at?: string; end_date?: string | null; id?: string; notes?: string | null; organization_id?: string; patient_id?: string; start_date?: string; units_approved?: number | null; updated_at?: string | null; }; Relationships: [{ foreignKeyName: "authorization_records_organization_id_fkey"; columns: ["organization_id"]; isOneToOne: false; referencedRelation: "organizations"; referencedColumns: ["id"]; }, { foreignKeyName: "authorization_records_organization_id_fkey"; columns: ["organization_id"]; isOneToOne: false; referencedRelation: "v_my_organizations"; referencedColumns: ["id"]; }, { foreignKeyName: "authorization_records_patient_id_fkey"; columns: ["patient_id"]; isOneToOne: false; referencedRelation: "patients"; referencedColumns: ["id"]; }, { foreignKeyName: "authorization_records_patient_id_fkey"; columns: ["patient_id"]; isOneToOne: false; referencedRelation: "v_patient_insurance_eligibility_snapshot"; referencedColumns: ["patient_id"]; }]; }; clinicians: { Row: { created_at: string; deactivated_at: string | null; display_name: string; id: string; languages: string[] | null; license_expires_at: string | null; license_number: string | null; license_state: string | null; max_caseload: number | null; npi: string | null; organization_id: string; specialties: string[] | null; status: "active" | "inactive" | "suspended"; time_zone: string | null; updated_at: string | null; user_id: string | null; }; Insert: { created_at?: string; deactivated_at?: string | null; display_name: string; id?: string; languages?: string[] | null; license_expires_at?: string | null; license_number?: string | null; license_state?: string | null; max_caseload?: number | null; npi?: string | null; organization_id: string; specialties?: string[] | null; status?: "active" | "inactive" | "suspended"; time_zone?: string | null; updated_at?: string | null; user_id?: string | null; }; Update: { created_at?: string; deactivated_at?: string | null; display_name?: string; id?: string; languages?: string[] | null; license_expires_at?: string | null; license_number?: string | null; license_state?: string | null; max_caseload?: number | null; npi?: string | null; organization_id?: string; specialties?: string[] | null; status?: "active" | "inactive" | "suspended"; time_zone?: string | null; updated_at?: string | null; user_id?: string | null; }; Relationships: [{ foreignKeyName: "clinicians_organization_id_fkey"; columns: ["organization_id"]; isOneToOne: false; referencedRelation: "organizations"; referencedColumns: ["id"]; }, { foreignKeyName: "clinicians_organization_id_fkey"; columns: ["organization_id"]; isOneToOne: false; referencedRelation: "v_my_organizations"; referencedColumns: ["id"]; }]; }; consent_signatures: { Row: { consent_id: string; created_at: string; id: string; ip_hash: string | null; method: string; organization_id: string; patient_id: string; pdf_snapshot_id: string | null; signed_at: string; signed_by_user: string | null; user_agent_hash: string | null; }; Insert: { consent_id: string; created_at?: string; id?: string; ip_hash?: string | null; method: string; organization_id: string; patient_id: string; pdf_snapshot_id?: string | null; signed_at?: string; signed_by_user?: string | null; user_agent_hash?: string | null; }; Update: { consent_id?: string; created_at?: string; id?: string; ip_hash?: string | null; method?: string; organization_id?: string; patient_id?: string; pdf_snapshot_id?: string | null; signed_at?: string; signed_by_user?: string | null; user_agent_hash?: string | null; }; Relationships: [{ foreignKeyName: "consent_signatures_consent_id_fkey"; columns: ["consent_id"]; isOneToOne: false; referencedRelation: "consents"; referencedColumns: ["id"]; }, { foreignKeyName: "consent_signatures_organization_id_fkey"; columns: ["organization_id"]; isOneToOne: false; referencedRelation: "organizations"; referencedColumns: ["id"]; }, { foreignKeyName: "consent_signatures_organization_id_fkey"; columns: ["organization_id"]; isOneToOne: false; referencedRelation: "v_my_organizations"; referencedColumns: ["id"]; }, { foreignKeyName: "consent_signatures_patient_id_fkey"; columns: ["patient_id"]; isOneToOne: false; referencedRelation: "patients"; referencedColumns: ["id"]; }, { foreignKeyName: "consent_signatures_patient_id_fkey"; columns: ["patient_id"]; isOneToOne: false; referencedRelation: "v_patient_insurance_eligibility_snapshot"; referencedColumns: ["patient_id"]; }, { foreignKeyName: "consent_signatures_pdf_snapshot_id_fkey"; columns: ["pdf_snapshot_id"]; isOneToOne: false; referencedRelation: "documents"; referencedColumns: ["id"]; }]; }; consents: { Row: { code: string; created_at: string; document_id: string | null; id: string; organization_id: string; status: "active" | "draft" | "revoked" | "expired"; title: string; version: string; }; Insert: { code: string; created_at?: string; document_id?: string | null; id?: string; organization_id: string; status?: "active" | "draft" | "revoked" | "expired"; title: string; version: string; }; Update: { code?: string; created_at?: string; document_id?: string | null; id?: string; organization_id?: string; status?: "active" | "draft" | "revoked" | "expired"; title?: string; version?: string; }; Relationships: [{ foreignKeyName: "consents_document_id_fkey"; columns: ["document_id"]; isOneToOne: false; referencedRelation: "documents"; referencedColumns: ["id"]; }, { foreignKeyName: "consents_organization_id_fkey"; columns: ["organization_id"]; isOneToOne: false; referencedRelation: "organizations"; referencedColumns: ["id"]; }, { foreignKeyName: "consents_organization_id_fkey"; columns: ["organization_id"]; isOneToOne: false; referencedRelation: "v_my_organizations"; referencedColumns: ["id"]; }]; }; diagnoses_clinical: { Row: { completed_at: string | null; created_at: string; diagnoses: Json; functional_assessment: Json; id: string; last_modified: string | null; organization_id: string; patient_id: string | null; psychiatric_evaluation: Json; session_id: string; updated_at: string; }; Insert: { completed_at?: string | null; created_at?: string; diagnoses?: Json; functional_assessment?: Json; id?: string; last_modified?: string | null; organization_id: string; patient_id?: string | null; psychiatric_evaluation?: Json; session_id: string; updated_at?: string; }; Update: { completed_at?: string | null; created_at?: string; diagnoses?: Json; functional_assessment?: Json; id?: string; last_modified?: string | null; organization_id?: string; patient_id?: string | null; psychiatric_evaluation?: Json; session_id?: string; updated_at?: string; }; Relationships: []; }; documents: { Row: { bucket: string; created_at: string; encrypted_at_rest: boolean; file_size_bytes: number; id: string; kind: "id" | "other" | "general" | "consent" | "insurance" | "lab"; mime_type: string; organization_id: string; owner_patient_id: string | null; sha256_hex: string; storage_path: string; uploaded_by: string; }; Insert: { bucket: string; created_at?: string; encrypted_at_rest?: boolean; file_size_bytes: number; id?: string; kind?: "id" | "other" | "general" | "consent" | "insurance" | "lab"; mime_type: string; organization_id: string; owner_patient_id?: string | null; sha256_hex: string; storage_path: string; uploaded_by: string; }; Update: { bucket?: string; created_at?: string; encrypted_at_rest?: boolean; file_size_bytes?: number; id?: string; kind?: "id" | "other" | "general" | "consent" | "insurance" | "lab"; mime_type?: string; organization_id?: string; owner_patient_id?: string | null; sha256_hex?: string; storage_path?: string; uploaded_by?: string; }; Relationships: [{ foreignKeyName: "documents_organization_id_fkey"; columns: ["organization_id"]; isOneToOne: false; referencedRelation: "organizations"; referencedColumns: ["id"]; }, { foreignKeyName: "documents_organization_id_fkey"; columns: ["organization_id"]; isOneToOne: false; referencedRelation: "v_my_organizations"; referencedColumns: ["id"]; }, { foreignKeyName: "documents_owner_patient_id_fkey"; columns: ["owner_patient_id"]; isOneToOne: false; referencedRelation: "patients"; referencedColumns: ["id"]; }, { foreignKeyName: "documents_owner_patient_id_fkey"; columns: ["owner_patient_id"]; isOneToOne: false; referencedRelation: "v_patient_insurance_eligibility_snapshot"; referencedColumns: ["patient_id"]; }]; }; encounters: { Row: { clinician_id: string | null; created_at: string; created_by: string; id: string; location: string | null; occurred_at: string; organization_id: string; patient_id: string; }; Insert: { clinician_id?: string | null; created_at?: string; created_by: string; id?: string; location?: string | null; occurred_at: string; organization_id: string; patient_id: string; }; Update: { clinician_id?: string | null; created_at?: string; created_by?: string; id?: string; location?: string | null; occurred_at?: string; organization_id?: string; patient_id?: string; }; Relationships: [{ foreignKeyName: "encounters_clinician_id_fkey"; columns: ["clinician_id"]; isOneToOne: false; referencedRelation: "clinicians"; referencedColumns: ["id"]; }, { foreignKeyName: "encounters_organization_id_fkey"; columns: ["organization_id"]; isOneToOne: false; referencedRelation: "organizations"; referencedColumns: ["id"]; }, { foreignKeyName: "encounters_organization_id_fkey"; columns: ["organization_id"]; isOneToOne: false; referencedRelation: "v_my_organizations"; referencedColumns: ["id"]; }, { foreignKeyName: "encounters_patient_id_fkey"; columns: ["patient_id"]; isOneToOne: false; referencedRelation: "patients"; referencedColumns: ["id"]; }, { foreignKeyName: "encounters_patient_id_fkey"; columns: ["patient_id"]; isOneToOne: false; referencedRelation: "v_patient_insurance_eligibility_snapshot"; referencedColumns: ["patient_id"]; }]; }; insurance_records: { Row: { annual_mental_health_limit: number | null; carrier: string; created_at: string; effective_date: string; expiration_date: string | null; group_number: string | null; has_mental_health_coverage: boolean; id: string; insurance_type: "other" | "commercial" | "medicaid" | "medicare" | "self_pay" | null; is_primary: boolean; is_verified: boolean; member_id: string; mental_health_copay: number | null; mental_health_deductible: number | null; organization_id: string; patient_id: string; plan_kind: "other" | "hmo" | "ppo" | "epo" | "pos" | "hdhp" | null; plan_name: string | null; plan_type: string | null; relationship_to_subscriber: string | null; requires_preauth: boolean; subscriber_date_of_birth: string | null; subscriber_name: string | null; subscriber_ssn_ciphertext: string | null; subscriber_ssn_last4: string | null; updated_at: string | null; verification_date: string | null; verification_notes: string | null; }; Insert: { annual_mental_health_limit?: number | null; carrier: string; created_at?: string; effective_date: string; expiration_date?: string | null; group_number?: string | null; has_mental_health_coverage?: boolean; id?: string; insurance_type?: "other" | "commercial" | "medicaid" | "medicare" | "self_pay" | null; is_primary?: boolean; is_verified?: boolean; member_id: string; mental_health_copay?: number | null; mental_health_deductible?: number | null; organization_id: string; patient_id: string; plan_kind?: "other" | "hmo" | "ppo" | "epo" | "pos" | "hdhp" | null; plan_name?: string | null; plan_type?: string | null; relationship_to_subscriber?: string | null; requires_preauth?: boolean; subscriber_date_of_birth?: string | null; subscriber_name?: string | null; subscriber_ssn_ciphertext?: string | null; subscriber_ssn_last4?: string | null; updated_at?: string | null; verification_date?: string | null; verification_notes?: string | null; }; Update: { annual_mental_health_limit?: number | null; carrier?: string; created_at?: string; effective_date?: string; expiration_date?: string | null; group_number?: string | null; has_mental_health_coverage?: boolean; id?: string; insurance_type?: "other" | "commercial" | "medicaid" | "medicare" | "self_pay" | null; is_primary?: boolean; is_verified?: boolean; member_id?: string; mental_health_copay?: number | null; mental_health_deductible?: number | null; organization_id?: string; patient_id?: string; plan_kind?: "other" | "hmo" | "ppo" | "epo" | "pos" | "hdhp" | null; plan_name?: string | null; plan_type?: string | null; relationship_to_subscriber?: string | null; requires_preauth?: boolean; subscriber_date_of_birth?: string | null; subscriber_name?: string | null; subscriber_ssn_ciphertext?: string | null; subscriber_ssn_last4?: string | null; updated_at?: string | null; verification_date?: string | null; verification_notes?: string | null; }; Relationships: [{ foreignKeyName: "insurance_records_organization_id_fkey"; columns: ["organization_id"]; isOneToOne: false; referencedRelation: "organizations"; referencedColumns: ["id"]; }, { foreignKeyName: "insurance_records_organization_id_fkey"; columns: ["organization_id"]; isOneToOne: false; referencedRelation: "v_my_organizations"; referencedColumns: ["id"]; }, { foreignKeyName: "insurance_records_patient_id_fkey"; columns: ["patient_id"]; isOneToOne: false; referencedRelation: "patients"; referencedColumns: ["id"]; }, { foreignKeyName: "insurance_records_patient_id_fkey"; columns: ["patient_id"]; isOneToOne: false; referencedRelation: "v_patient_insurance_eligibility_snapshot"; referencedColumns: ["patient_id"]; }]; }; intake_session_map: { Row: { created_at: string; id: string; organization_id: string; patient_id: string; session_id: string; updated_at: string | null; }; Insert: { created_at?: string; id?: string; organization_id: string; patient_id: string; session_id: string; updated_at?: string | null; }; Update: { created_at?: string; id?: string; organization_id?: string; patient_id?: string; session_id?: string; updated_at?: string | null; }; Relationships: [{ foreignKeyName: "fk_intake_session_map_org"; columns: ["organization_id"]; isOneToOne: false; referencedRelation: "organizations"; referencedColumns: ["id"]; }, { foreignKeyName: "fk_intake_session_map_org"; columns: ["organization_id"]; isOneToOne: false; referencedRelation: "v_my_organizations"; referencedColumns: ["id"]; }, { foreignKeyName: "fk_intake_session_map_patient"; columns: ["patient_id"]; isOneToOne: false; referencedRelation: "patients"; referencedColumns: ["id"]; }, { foreignKeyName: "fk_intake_session_map_patient"; columns: ["patient_id"]; isOneToOne: false; referencedRelation: "v_patient_insurance_eligibility_snapshot"; referencedColumns: ["patient_id"]; }]; }; intake_submissions: { Row: { consent_signature_id: string | null; id: string; insurance_card_back: string | null; insurance_card_front: string | null; organization_id: string; patient_id: string; snapshot: Json; submitted_at: string; submitted_by: string; version: string; }; Insert: { consent_signature_id?: string | null; id?: string; insurance_card_back?: string | null; insurance_card_front?: string | null; organization_id: string; patient_id: string; snapshot: Json; submitted_at?: string; submitted_by: string; version?: string; }; Update: { consent_signature_id?: string | null; id?: string; insurance_card_back?: string | null; insurance_card_front?: string | null; organization_id?: string; patient_id?: string; snapshot?: Json; submitted_at?: string; submitted_by?: string; version?: string; }; Relationships: [{ foreignKeyName: "intake_submissions_consent_signature_id_fkey"; columns: ["consent_signature_id"]; isOneToOne: false; referencedRelation: "consent_signatures"; referencedColumns: ["id"]; }, { foreignKeyName: "intake_submissions_insurance_card_back_fkey"; columns: ["insurance_card_back"]; isOneToOne: false; referencedRelation: "documents"; referencedColumns: ["id"]; }, { foreignKeyName: "intake_submissions_insurance_card_front_fkey"; columns: ["insurance_card_front"]; isOneToOne: false; referencedRelation: "documents"; referencedColumns: ["id"]; }, { foreignKeyName: "intake_submissions_organization_id_fkey"; columns: ["organization_id"]; isOneToOne: false; referencedRelation: "organizations"; referencedColumns: ["id"]; }, { foreignKeyName: "intake_submissions_organization_id_fkey"; columns: ["organization_id"]; isOneToOne: false; referencedRelation: "v_my_organizations"; referencedColumns: ["id"]; }, { foreignKeyName: "intake_submissions_patient_id_fkey"; columns: ["patient_id"]; isOneToOne: false; referencedRelation: "patients"; referencedColumns: ["id"]; }, { foreignKeyName: "intake_submissions_patient_id_fkey"; columns: ["patient_id"]; isOneToOne: false; referencedRelation: "v_patient_insurance_eligibility_snapshot"; referencedColumns: ["patient_id"]; }]; }; notes: { Row: { amended_from: string | null; author_user_id: string; body: string | null; created_at: string; encounter_id: string | null; id: string; organization_id: string; patient_id: string; signed_at: string | null; status: "draft" | "signed" | "amended"; title: string | null; updated_at: string | null; }; Insert: { amended_from?: string | null; author_user_id: string; body?: string | null; created_at?: string; encounter_id?: string | null; id?: string; organization_id: string; patient_id: string; signed_at?: string | null; status?: "draft" | "signed" | "amended"; title?: string | null; updated_at?: string | null; }; Update: { amended_from?: string | null; author_user_id?: string; body?: string | null; created_at?: string; encounter_id?: string | null; id?: string; organization_id?: string; patient_id?: string; signed_at?: string | null; status?: "draft" | "signed" | "amended"; title?: string | null; updated_at?: string | null; }; Relationships: [{ foreignKeyName: "notes_amended_from_fkey"; columns: ["amended_from"]; isOneToOne: false; referencedRelation: "notes"; referencedColumns: ["id"]; }, { foreignKeyName: "notes_encounter_id_fkey"; columns: ["encounter_id"]; isOneToOne: false; referencedRelation: "encounters"; referencedColumns: ["id"]; }, { foreignKeyName: "notes_organization_id_fkey"; columns: ["organization_id"]; isOneToOne: false; referencedRelation: "organizations"; referencedColumns: ["id"]; }, { foreignKeyName: "notes_organization_id_fkey"; columns: ["organization_id"]; isOneToOne: false; referencedRelation: "v_my_organizations"; referencedColumns: ["id"]; }, { foreignKeyName: "notes_patient_id_fkey"; columns: ["patient_id"]; isOneToOne: false; referencedRelation: "patients"; referencedColumns: ["id"]; }, { foreignKeyName: "notes_patient_id_fkey"; columns: ["patient_id"]; isOneToOne: false; referencedRelation: "v_patient_insurance_eligibility_snapshot"; referencedColumns: ["patient_id"]; }]; }; organization_memberships: { Row: { created_at: string; id: string; organization_id: string; role: "clinician" | "supervisor" | "admin"; user_id: string; }; Insert: { created_at?: string; id?: string; organization_id: string; role?: "clinician" | "supervisor" | "admin"; user_id: string; }; Update: { created_at?: string; id?: string; organization_id?: string; role?: "clinician" | "supervisor" | "admin"; user_id?: string; }; Relationships: [{ foreignKeyName: "organization_memberships_organization_id_fkey"; columns: ["organization_id"]; isOneToOne: false; referencedRelation: "organizations"; referencedColumns: ["id"]; }, { foreignKeyName: "organization_memberships_organization_id_fkey"; columns: ["organization_id"]; isOneToOne: false; referencedRelation: "v_my_organizations"; referencedColumns: ["id"]; }]; }; organizations: { Row: { created_at: string; created_by: string | null; id: string; name: string; slug: string; timezone: string; }; Insert: { created_at?: string; created_by?: string | null; id?: string; name: string; slug: string; timezone?: string; }; Update: { created_at?: string; created_by?: string | null; id?: string; name?: string; slug?: string; timezone?: string; }; Relationships: []; }; patient_addresses: { Row: { address: string | null; address_line_1: string; address_line_2: string | null; address_type: string; city: string; country: string | null; county: string | null; created_at: string; id: string; is_primary: boolean; organization_id: string; patient_id: string; postal_code: string | null; state: string; updated_at: string | null; zip_code: string; }; Insert: { address?: string | null; address_line_1: string; address_line_2?: string | null; address_type: string; city: string; country?: string | null; county?: string | null; created_at?: string; id?: string; is_primary?: boolean; organization_id: string; patient_id: string; postal_code?: string | null; state: string; updated_at?: string | null; zip_code: string; }; Update: { address?: string | null; address_line_1?: string; address_line_2?: string | null; address_type?: string; city?: string; country?: string | null; county?: string | null; created_at?: string; id?: string; is_primary?: boolean; organization_id?: string; patient_id?: string; postal_code?: string | null; state?: string; updated_at?: string | null; zip_code?: string; }; Relationships: [{ foreignKeyName: "patient_addresses_organization_id_fkey"; columns: ["organization_id"]; isOneToOne: false; referencedRelation: "organizations"; referencedColumns: ["id"]; }, { foreignKeyName: "patient_addresses_organization_id_fkey"; columns: ["organization_id"]; isOneToOne: false; referencedRelation: "v_my_organizations"; referencedColumns: ["id"]; }, { foreignKeyName: "patient_addresses_patient_id_fkey"; columns: ["patient_id"]; isOneToOne: false; referencedRelation: "patients"; referencedColumns: ["id"]; }, { foreignKeyName: "patient_addresses_patient_id_fkey"; columns: ["patient_id"]; isOneToOne: false; referencedRelation: "v_patient_insurance_eligibility_snapshot"; referencedColumns: ["patient_id"]; }]; }; patient_allergies: { Row: { created_at: string; id: string; notes: string | null; organization_id: string; patient_id: string; reaction: string | null; severity: "mild" | "moderate" | "severe" | "unknown" | null; substance: string; updated_at: string | null; }; Insert: { created_at?: string; id?: string; notes?: string | null; organization_id: string; patient_id: string; reaction?: string | null; severity?: "mild" | "moderate" | "severe" | "unknown" | null; substance: string; updated_at?: string | null; }; Update: { created_at?: string; id?: string; notes?: string | null; organization_id?: string; patient_id?: string; reaction?: string | null; severity?: "mild" | "moderate" | "severe" | "unknown" | null; substance?: string; updated_at?: string | null; }; Relationships: [{ foreignKeyName: "patient_allergies_organization_id_fkey"; columns: ["organization_id"]; isOneToOne: false; referencedRelation: "organizations"; referencedColumns: ["id"]; }, { foreignKeyName: "patient_allergies_organization_id_fkey"; columns: ["organization_id"]; isOneToOne: false; referencedRelation: "v_my_organizations"; referencedColumns: ["id"]; }, { foreignKeyName: "patient_allergies_patient_id_fkey"; columns: ["patient_id"]; isOneToOne: false; referencedRelation: "patients"; referencedColumns: ["id"]; }, { foreignKeyName: "patient_allergies_patient_id_fkey"; columns: ["patient_id"]; isOneToOne: false; referencedRelation: "v_patient_insurance_eligibility_snapshot"; referencedColumns: ["patient_id"]; }]; }; patient_clinical_info: { Row: { chronic_conditions_note: string | null; created_at: string; disability_accommodations: string | null; id: string; last_physical_exam_date: string | null; organization_id: string; patient_id: string; preferred_pronouns: string | null; primary_language: string | null; risk_suicide_flag: boolean | null; risk_violence_flag: boolean | null; updated_at: string | null; }; Insert: { chronic_conditions_note?: string | null; created_at?: string; disability_accommodations?: string | null; id?: string; last_physical_exam_date?: string | null; organization_id: string; patient_id: string; preferred_pronouns?: string | null; primary_language?: string | null; risk_suicide_flag?: boolean | null; risk_violence_flag?: boolean | null; updated_at?: string | null; }; Update: { chronic_conditions_note?: string | null; created_at?: string; disability_accommodations?: string | null; id?: string; last_physical_exam_date?: string | null; organization_id?: string; patient_id?: string; preferred_pronouns?: string | null; primary_language?: string | null; risk_suicide_flag?: boolean | null; risk_violence_flag?: boolean | null; updated_at?: string | null; }; Relationships: [{ foreignKeyName: "patient_clinical_info_organization_id_fkey"; columns: ["organization_id"]; isOneToOne: false; referencedRelation: "organizations"; referencedColumns: ["id"]; }, { foreignKeyName: "patient_clinical_info_organization_id_fkey"; columns: ["organization_id"]; isOneToOne: false; referencedRelation: "v_my_organizations"; referencedColumns: ["id"]; }, { foreignKeyName: "patient_clinical_info_patient_id_fkey"; columns: ["patient_id"]; isOneToOne: false; referencedRelation: "patients"; referencedColumns: ["id"]; }, { foreignKeyName: "patient_clinical_info_patient_id_fkey"; columns: ["patient_id"]; isOneToOne: false; referencedRelation: "v_patient_insurance_eligibility_snapshot"; referencedColumns: ["patient_id"]; }]; }; patient_conditions: { Row: { code: string | null; code_system: string | null; created_at: string; description: string; id: string; onset_date: string | null; organization_id: string; patient_id: string; resolved_date: string | null; status: "active" | "unknown" | "resolved" | "remission"; updated_at: string | null; }; Insert: { code?: string | null; code_system?: string | null; created_at?: string; description: string; id?: string; onset_date?: string | null; organization_id: string; patient_id: string; resolved_date?: string | null; status?: "active" | "unknown" | "resolved" | "remission"; updated_at?: string | null; }; Update: { code?: string | null; code_system?: string | null; created_at?: string; description?: string; id?: string; onset_date?: string | null; organization_id?: string; patient_id?: string; resolved_date?: string | null; status?: "active" | "unknown" | "resolved" | "remission"; updated_at?: string | null; }; Relationships: [{ foreignKeyName: "patient_conditions_organization_id_fkey"; columns: ["organization_id"]; isOneToOne: false; referencedRelation: "organizations"; referencedColumns: ["id"]; }, { foreignKeyName: "patient_conditions_organization_id_fkey"; columns: ["organization_id"]; isOneToOne: false; referencedRelation: "v_my_organizations"; referencedColumns: ["id"]; }, { foreignKeyName: "patient_conditions_patient_id_fkey"; columns: ["patient_id"]; isOneToOne: false; referencedRelation: "patients"; referencedColumns: ["id"]; }, { foreignKeyName: "patient_conditions_patient_id_fkey"; columns: ["patient_id"]; isOneToOne: false; referencedRelation: "v_patient_insurance_eligibility_snapshot"; referencedColumns: ["patient_id"]; }]; }; patient_contacts: { Row: { alternate_phone: string | null; contact_preference: string | null; created_at: string; email: string | null; emergency_contact_name: string | null; emergency_contact_phone: string | null; emergency_contact_relationship: string | null; id: string; is_emergency: boolean; name: string | null; organization_id: string; patient_id: string; phone: string | null; primary_phone: string | null; relationship: string | null; updated_at: string | null; }; Insert: { alternate_phone?: string | null; contact_preference?: string | null; created_at?: string; email?: string | null; emergency_contact_name?: string | null; emergency_contact_phone?: string | null; emergency_contact_relationship?: string | null; id?: string; is_emergency?: boolean; name?: string | null; organization_id: string; patient_id: string; phone?: string | null; primary_phone?: string | null; relationship?: string | null; updated_at?: string | null; }; Update: { alternate_phone?: string | null; contact_preference?: string | null; created_at?: string; email?: string | null; emergency_contact_name?: string | null; emergency_contact_phone?: string | null; emergency_contact_relationship?: string | null; id?: string; is_emergency?: boolean; name?: string | null; organization_id?: string; patient_id?: string; phone?: string | null; primary_phone?: string | null; relationship?: string | null; updated_at?: string | null; }; Relationships: [{ foreignKeyName: "patient_contacts_organization_id_fkey"; columns: ["organization_id"]; isOneToOne: false; referencedRelation: "organizations"; referencedColumns: ["id"]; }, { foreignKeyName: "patient_contacts_organization_id_fkey"; columns: ["organization_id"]; isOneToOne: false; referencedRelation: "v_my_organizations"; referencedColumns: ["id"]; }, { foreignKeyName: "patient_contacts_patient_id_fkey"; columns: ["patient_id"]; isOneToOne: false; referencedRelation: "patients"; referencedColumns: ["id"]; }, { foreignKeyName: "patient_contacts_patient_id_fkey"; columns: ["patient_id"]; isOneToOne: false; referencedRelation: "v_patient_insurance_eligibility_snapshot"; referencedColumns: ["patient_id"]; }]; }; patient_eligibility_criteria: { Row: { age_group: string | null; created_at: string | null; currently_in_treatment: string | null; diagnosis_verified: boolean | null; domestic_violence: string | null; functional_impairment_level: string | null; has_child_welfare: boolean | null; has_diagnosed_mental_health: string | null; has_legal_involvement: boolean | null; homelessness: string | null; id: string; impacts_daily: string | null; impacts_relationships: string | null; impacts_work: string | null; is_eligible_by_age: boolean | null; is_pregnant_postpartum: boolean | null; is_veteran: boolean | null; last_treatment_date: string | null; organization_id: string; patient_id: string; previous_mental_health_treatment: string | null; reason_for_leaving: string | null; resides_in_service_area: string | null; service_area_county: string | null; substance_use: string | null; suicidal_ideation: string | null; updated_at: string | null; }; Insert: { age_group?: string | null; created_at?: string | null; currently_in_treatment?: string | null; diagnosis_verified?: boolean | null; domestic_violence?: string | null; functional_impairment_level?: string | null; has_child_welfare?: boolean | null; has_diagnosed_mental_health?: string | null; has_legal_involvement?: boolean | null; homelessness?: string | null; id?: string; impacts_daily?: string | null; impacts_relationships?: string | null; impacts_work?: string | null; is_eligible_by_age?: boolean | null; is_pregnant_postpartum?: boolean | null; is_veteran?: boolean | null; last_treatment_date?: string | null; organization_id: string; patient_id: string; previous_mental_health_treatment?: string | null; reason_for_leaving?: string | null; resides_in_service_area?: string | null; service_area_county?: string | null; substance_use?: string | null; suicidal_ideation?: string | null; updated_at?: string | null; }; Update: { age_group?: string | null; created_at?: string | null; currently_in_treatment?: string | null; diagnosis_verified?: boolean | null; domestic_violence?: string | null; functional_impairment_level?: string | null; has_child_welfare?: boolean | null; has_diagnosed_mental_health?: string | null; has_legal_involvement?: boolean | null; homelessness?: string | null; id?: string; impacts_daily?: string | null; impacts_relationships?: string | null; impacts_work?: string | null; is_eligible_by_age?: boolean | null; is_pregnant_postpartum?: boolean | null; is_veteran?: boolean | null; last_treatment_date?: string | null; organization_id?: string; patient_id?: string; previous_mental_health_treatment?: string | null; reason_for_leaving?: string | null; resides_in_service_area?: string | null; service_area_county?: string | null; substance_use?: string | null; suicidal_ideation?: string | null; updated_at?: string | null; }; Relationships: [{ foreignKeyName: "patient_eligibility_criteria_organization_id_fkey"; columns: ["organization_id"]; isOneToOne: false; referencedRelation: "organizations"; referencedColumns: ["id"]; }, { foreignKeyName: "patient_eligibility_criteria_organization_id_fkey"; columns: ["organization_id"]; isOneToOne: false; referencedRelation: "v_my_organizations"; referencedColumns: ["id"]; }, { foreignKeyName: "patient_eligibility_criteria_patient_id_fkey"; columns: ["patient_id"]; isOneToOne: true; referencedRelation: "patients"; referencedColumns: ["id"]; }, { foreignKeyName: "patient_eligibility_criteria_patient_id_fkey"; columns: ["patient_id"]; isOneToOne: true; referencedRelation: "v_patient_insurance_eligibility_snapshot"; referencedColumns: ["patient_id"]; }]; }; patient_eligibility_determination: { Row: { appeal_date: string | null; appeal_outcome: string | null; appeal_status: string | null; created_at: string | null; determination_date: string; determined_by: string | null; documents_json: Json; expiration_date: string | null; id: string; is_current: boolean; method: string | null; notes: string | null; organization_id: string; patient_id: string; programs_json: Json; status: string; updated_at: string | null; }; Insert: { appeal_date?: string | null; appeal_outcome?: string | null; appeal_status?: string | null; created_at?: string | null; determination_date?: string; determined_by?: string | null; documents_json?: Json; expiration_date?: string | null; id?: string; is_current?: boolean; method?: string | null; notes?: string | null; organization_id: string; patient_id: string; programs_json?: Json; status: string; updated_at?: string | null; }; Update: { appeal_date?: string | null; appeal_outcome?: string | null; appeal_status?: string | null; created_at?: string | null; determination_date?: string; determined_by?: string | null; documents_json?: Json; expiration_date?: string | null; id?: string; is_current?: boolean; method?: string | null; notes?: string | null; organization_id?: string; patient_id?: string; programs_json?: Json; status?: string; updated_at?: string | null; }; Relationships: [{ foreignKeyName: "patient_eligibility_determination_organization_id_fkey"; columns: ["organization_id"]; isOneToOne: false; referencedRelation: "organizations"; referencedColumns: ["id"]; }, { foreignKeyName: "patient_eligibility_determination_organization_id_fkey"; columns: ["organization_id"]; isOneToOne: false; referencedRelation: "v_my_organizations"; referencedColumns: ["id"]; }, { foreignKeyName: "patient_eligibility_determination_patient_id_fkey"; columns: ["patient_id"]; isOneToOne: false; referencedRelation: "patients"; referencedColumns: ["id"]; }, { foreignKeyName: "patient_eligibility_determination_patient_id_fkey"; columns: ["patient_id"]; isOneToOne: false; referencedRelation: "v_patient_insurance_eligibility_snapshot"; referencedColumns: ["patient_id"]; }]; }; patient_financial_information: { Row: { annual_gross_income: number | null; assets_json: Json; benefits_json: Json; created_at: string | null; dependents_count: number | null; employment_status: string | null; federal_poverty_level_pct: number | null; household_size: number | null; id: string; income_sources: string | null; monthly_gross_income: number | null; monthly_net_income: number | null; notes: string | null; organization_id: string; patient_id: string; sliding_scale_eligible: boolean | null; updated_at: string | null; }; Insert: { annual_gross_income?: number | null; assets_json?: Json; benefits_json?: Json; created_at?: string | null; dependents_count?: number | null; employment_status?: string | null; federal_poverty_level_pct?: number | null; household_size?: number | null; id?: string; income_sources?: string | null; monthly_gross_income?: number | null; monthly_net_income?: number | null; notes?: string | null; organization_id: string; patient_id: string; sliding_scale_eligible?: boolean | null; updated_at?: string | null; }; Update: { annual_gross_income?: number | null; assets_json?: Json; benefits_json?: Json; created_at?: string | null; dependents_count?: number | null; employment_status?: string | null; federal_poverty_level_pct?: number | null; household_size?: number | null; id?: string; income_sources?: string | null; monthly_gross_income?: number | null; monthly_net_income?: number | null; notes?: string | null; organization_id?: string; patient_id?: string; sliding_scale_eligible?: boolean | null; updated_at?: string | null; }; Relationships: [{ foreignKeyName: "patient_financial_information_organization_id_fkey"; columns: ["organization_id"]; isOneToOne: false; referencedRelation: "organizations"; referencedColumns: ["id"]; }, { foreignKeyName: "patient_financial_information_organization_id_fkey"; columns: ["organization_id"]; isOneToOne: false; referencedRelation: "v_my_organizations"; referencedColumns: ["id"]; }, { foreignKeyName: "patient_financial_information_patient_id_fkey"; columns: ["patient_id"]; isOneToOne: true; referencedRelation: "patients"; referencedColumns: ["id"]; }, { foreignKeyName: "patient_financial_information_patient_id_fkey"; columns: ["patient_id"]; isOneToOne: true; referencedRelation: "v_patient_insurance_eligibility_snapshot"; referencedColumns: ["patient_id"]; }]; }; patient_guardians: { Row: { created_at: string; email: string | null; guardian_type: string; id: string; name: string; organization_id: string; patient_id: string; phone: string | null; relationship: string | null; updated_at: string | null; }; Insert: { created_at?: string; email?: string | null; guardian_type: string; id?: string; name: string; organization_id: string; patient_id: string; phone?: string | null; relationship?: string | null; updated_at?: string | null; }; Update: { created_at?: string; email?: string | null; guardian_type?: string; id?: string; name?: string; organization_id?: string; patient_id?: string; phone?: string | null; relationship?: string | null; updated_at?: string | null; }; Relationships: [{ foreignKeyName: "patient_guardians_organization_id_fkey"; columns: ["organization_id"]; isOneToOne: false; referencedRelation: "organizations"; referencedColumns: ["id"]; }, { foreignKeyName: "patient_guardians_organization_id_fkey"; columns: ["organization_id"]; isOneToOne: false; referencedRelation: "v_my_organizations"; referencedColumns: ["id"]; }, { foreignKeyName: "patient_guardians_patient_id_fkey"; columns: ["patient_id"]; isOneToOne: false; referencedRelation: "patients"; referencedColumns: ["id"]; }, { foreignKeyName: "patient_guardians_patient_id_fkey"; columns: ["patient_id"]; isOneToOne: false; referencedRelation: "v_patient_insurance_eligibility_snapshot"; referencedColumns: ["patient_id"]; }]; }; patient_insurance: { Row: { created_at: string; effective_date: string | null; eligibility_date: string | null; end_date: string | null; group_number: string | null; id: string; insurance_type: string | null; is_primary: boolean; medicaid_effective_date: string | null; medicaid_id: string | null; medicare_id: string | null; member_id: string | null; metadata: Json; organization_id: string; patient_id: string; payer_name: string | null; program_type: string | null; updated_at: string | null; }; Insert: { created_at?: string; effective_date?: string | null; eligibility_date?: string | null; end_date?: string | null; group_number?: string | null; id?: string; insurance_type?: string | null; is_primary?: boolean; medicaid_effective_date?: string | null; medicaid_id?: string | null; medicare_id?: string | null; member_id?: string | null; metadata?: Json; organization_id: string; patient_id: string; payer_name?: string | null; program_type?: string | null; updated_at?: string | null; }; Update: { created_at?: string; effective_date?: string | null; eligibility_date?: string | null; end_date?: string | null; group_number?: string | null; id?: string; insurance_type?: string | null; is_primary?: boolean; medicaid_effective_date?: string | null; medicaid_id?: string | null; medicare_id?: string | null; member_id?: string | null; metadata?: Json; organization_id?: string; patient_id?: string; payer_name?: string | null; program_type?: string | null; updated_at?: string | null; }; Relationships: [{ foreignKeyName: "patient_insurance_organization_id_fkey"; columns: ["organization_id"]; isOneToOne: false; referencedRelation: "organizations"; referencedColumns: ["id"]; }, { foreignKeyName: "patient_insurance_organization_id_fkey"; columns: ["organization_id"]; isOneToOne: false; referencedRelation: "v_my_organizations"; referencedColumns: ["id"]; }, { foreignKeyName: "patient_insurance_patient_id_fkey"; columns: ["patient_id"]; isOneToOne: false; referencedRelation: "patients"; referencedColumns: ["id"]; }, { foreignKeyName: "patient_insurance_patient_id_fkey"; columns: ["patient_id"]; isOneToOne: false; referencedRelation: "v_patient_insurance_eligibility_snapshot"; referencedColumns: ["patient_id"]; }]; }; patient_medications: { Row: { adherence_note: string | null; created_at: string; dose: string | null; end_date: string | null; frequency: string | null; id: string; medication_name: string; organization_id: string; patient_id: string; prescribing_provider: string | null; route: string | null; side_effects: string | null; start_date: string | null; status: "active" | "discontinued" | "prn"; updated_at: string | null; }; Insert: { adherence_note?: string | null; created_at?: string; dose?: string | null; end_date?: string | null; frequency?: string | null; id?: string; medication_name: string; organization_id: string; patient_id: string; prescribing_provider?: string | null; route?: string | null; side_effects?: string | null; start_date?: string | null; status?: "active" | "discontinued" | "prn"; updated_at?: string | null; }; Update: { adherence_note?: string | null; created_at?: string; dose?: string | null; end_date?: string | null; frequency?: string | null; id?: string; medication_name?: string; organization_id?: string; patient_id?: string; prescribing_provider?: string | null; route?: string | null; side_effects?: string | null; start_date?: string | null; status?: "active" | "discontinued" | "prn"; updated_at?: string | null; }; Relationships: [{ foreignKeyName: "patient_medications_organization_id_fkey"; columns: ["organization_id"]; isOneToOne: false; referencedRelation: "organizations"; referencedColumns: ["id"]; }, { foreignKeyName: "patient_medications_organization_id_fkey"; columns: ["organization_id"]; isOneToOne: false; referencedRelation: "v_my_organizations"; referencedColumns: ["id"]; }, { foreignKeyName: "patient_medications_patient_id_fkey"; columns: ["patient_id"]; isOneToOne: false; referencedRelation: "patients"; referencedColumns: ["id"]; }, { foreignKeyName: "patient_medications_patient_id_fkey"; columns: ["patient_id"]; isOneToOne: false; referencedRelation: "v_patient_insurance_eligibility_snapshot"; referencedColumns: ["patient_id"]; }]; }; patient_providers: { Row: { address: string | null; authorized_to_share: boolean | null; created_at: string; email: string | null; evaluation_date: string | null; fax: string | null; id: string; name: string; notes: string | null; organization_id: string; patient_id: string; phone: string | null; practice: string | null; provider_type: string; updated_at: string | null; }; Insert: { address?: string | null; authorized_to_share?: boolean | null; created_at?: string; email?: string | null; evaluation_date?: string | null; fax?: string | null; id?: string; name: string; notes?: string | null; organization_id: string; patient_id: string; phone?: string | null; practice?: string | null; provider_type: string; updated_at?: string | null; }; Update: { address?: string | null; authorized_to_share?: boolean | null; created_at?: string; email?: string | null; evaluation_date?: string | null; fax?: string | null; id?: string; name?: string; notes?: string | null; organization_id?: string; patient_id?: string; phone?: string | null; practice?: string | null; provider_type?: string; updated_at?: string | null; }; Relationships: [{ foreignKeyName: "patient_providers_organization_id_fkey"; columns: ["organization_id"]; isOneToOne: false; referencedRelation: "organizations"; referencedColumns: ["id"]; }, { foreignKeyName: "patient_providers_organization_id_fkey"; columns: ["organization_id"]; isOneToOne: false; referencedRelation: "v_my_organizations"; referencedColumns: ["id"]; }, { foreignKeyName: "patient_providers_patient_id_fkey"; columns: ["patient_id"]; isOneToOne: false; referencedRelation: "patients"; referencedColumns: ["id"]; }, { foreignKeyName: "patient_providers_patient_id_fkey"; columns: ["patient_id"]; isOneToOne: false; referencedRelation: "v_patient_insurance_eligibility_snapshot"; referencedColumns: ["patient_id"]; }]; }; patient_referrals: { Row: { created_at: string; id: string; notes: string | null; organization_id: string; patient_id: string; reason: string | null; received_at: string; referred_by_name: string | null; source: "other" | "self" | "family" | "provider" | "hospital" | "school" | "court" | "employer"; updated_at: string | null; }; Insert: { created_at?: string; id?: string; notes?: string | null; organization_id: string; patient_id: string; reason?: string | null; received_at?: string; referred_by_name?: string | null; source: "other" | "self" | "family" | "provider" | "hospital" | "school" | "court" | "employer"; updated_at?: string | null; }; Update: { created_at?: string; id?: string; notes?: string | null; organization_id?: string; patient_id?: string; reason?: string | null; received_at?: string; referred_by_name?: string | null; source?: "other" | "self" | "family" | "provider" | "hospital" | "school" | "court" | "employer"; updated_at?: string | null; }; Relationships: [{ foreignKeyName: "patient_referrals_organization_id_fkey"; columns: ["organization_id"]; isOneToOne: false; referencedRelation: "organizations"; referencedColumns: ["id"]; }, { foreignKeyName: "patient_referrals_organization_id_fkey"; columns: ["organization_id"]; isOneToOne: false; referencedRelation: "v_my_organizations"; referencedColumns: ["id"]; }, { foreignKeyName: "patient_referrals_patient_id_fkey"; columns: ["patient_id"]; isOneToOne: false; referencedRelation: "patients"; referencedColumns: ["id"]; }, { foreignKeyName: "patient_referrals_patient_id_fkey"; columns: ["patient_id"]; isOneToOne: false; referencedRelation: "v_patient_insurance_eligibility_snapshot"; referencedColumns: ["patient_id"]; }]; }; patients: { Row: { created_at: string; created_by: string; dob: string | null; email: string | null; ethnicity: string | null; first_name: string; gender: string | null; id: string; last_name: string; marital_status: string | null; middle_name: string | null; organization_id: string; phone: string | null; preferred_name: string | null; race: string | null; session_id: string | null; updated_at: string | null; veteran_status: string | null; }; Insert: { created_at?: string; created_by: string; dob?: string | null; email?: string | null; ethnicity?: string | null; first_name: string; gender?: string | null; id?: string; last_name: string; marital_status?: string | null; middle_name?: string | null; organization_id: string; phone?: string | null; preferred_name?: string | null; race?: string | null; session_id?: string | null; updated_at?: string | null; veteran_status?: string | null; }; Update: { created_at?: string; created_by?: string; dob?: string | null; email?: string | null; ethnicity?: string | null; first_name?: string; gender?: string | null; id?: string; last_name?: string; marital_status?: string | null; middle_name?: string | null; organization_id?: string; phone?: string | null; preferred_name?: string | null; race?: string | null; session_id?: string | null; updated_at?: string | null; veteran_status?: string | null; }; Relationships: [{ foreignKeyName: "patients_organization_id_fkey"; columns: ["organization_id"]; isOneToOne: false; referencedRelation: "organizations"; referencedColumns: ["id"]; }, { foreignKeyName: "patients_organization_id_fkey"; columns: ["organization_id"]; isOneToOne: false; referencedRelation: "v_my_organizations"; referencedColumns: ["id"]; }]; }; session_activity: { Row: { event: string; id: string; ip_hash: string | null; occurred_at: string; organization_id: string; user_agent_hash: string | null; user_id: string; }; Insert: { event: string; id?: string; ip_hash?: string | null; occurred_at?: string; organization_id: string; user_agent_hash?: string | null; user_id: string; }; Update: { event?: string; id?: string; ip_hash?: string | null; occurred_at?: string; organization_id?: string; user_agent_hash?: string | null; user_id?: string; }; Relationships: [{ foreignKeyName: "session_activity_organization_id_fkey"; columns: ["organization_id"]; isOneToOne: false; referencedRelation: "organizations"; referencedColumns: ["id"]; }, { foreignKeyName: "session_activity_organization_id_fkey"; columns: ["organization_id"]; isOneToOne: false; referencedRelation: "v_my_organizations"; referencedColumns: ["id"]; }]; }; treatment_goals: { Row: { completed_at: string | null; created_at: string; created_by: string; description: string | null; id: string; organization_id: string; patient_id: string; start_date: string; status: "completed" | "active" | "discontinued" | "on_hold"; target_date: string | null; title: string; updated_at: string | null; }; Insert: { completed_at?: string | null; created_at?: string; created_by: string; description?: string | null; id?: string; organization_id: string; patient_id: string; start_date?: string; status?: "completed" | "active" | "discontinued" | "on_hold"; target_date?: string | null; title: string; updated_at?: string | null; }; Update: { completed_at?: string | null; created_at?: string; created_by?: string; description?: string | null; id?: string; organization_id?: string; patient_id?: string; start_date?: string; status?: "completed" | "active" | "discontinued" | "on_hold"; target_date?: string | null; title?: string; updated_at?: string | null; }; Relationships: [{ foreignKeyName: "treatment_goals_organization_id_fkey"; columns: ["organization_id"]; isOneToOne: false; referencedRelation: "organizations"; referencedColumns: ["id"]; }, { foreignKeyName: "treatment_goals_organization_id_fkey"; columns: ["organization_id"]; isOneToOne: false; referencedRelation: "v_my_organizations"; referencedColumns: ["id"]; }, { foreignKeyName: "treatment_goals_patient_id_fkey"; columns: ["patient_id"]; isOneToOne: false; referencedRelation: "patients"; referencedColumns: ["id"]; }, { foreignKeyName: "treatment_goals_patient_id_fkey"; columns: ["patient_id"]; isOneToOne: false; referencedRelation: "v_patient_insurance_eligibility_snapshot"; referencedColumns: ["patient_id"]; }]; }; treatment_objectives: { Row: { baseline_value: string | null; created_at: string; description: string; due_date: string | null; goal_id: string; id: string; metric: string | null; organization_id: string; status: "completed" | "active" | "discontinued" | "on_hold"; target_value: string | null; updated_at: string | null; }; Insert: { baseline_value?: string | null; created_at?: string; description: string; due_date?: string | null; goal_id: string; id?: string; metric?: string | null; organization_id: string; status?: "completed" | "active" | "discontinued" | "on_hold"; target_value?: string | null; updated_at?: string | null; }; Update: { baseline_value?: string | null; created_at?: string; description?: string; due_date?: string | null; goal_id?: string; id?: string; metric?: string | null; organization_id?: string; status?: "completed" | "active" | "discontinued" | "on_hold"; target_value?: string | null; updated_at?: string | null; }; Relationships: [{ foreignKeyName: "treatment_objectives_goal_id_fkey"; columns: ["goal_id"]; isOneToOne: false; referencedRelation: "treatment_goals"; referencedColumns: ["id"]; }, { foreignKeyName: "treatment_objectives_organization_id_fkey"; columns: ["organization_id"]; isOneToOne: false; referencedRelation: "organizations"; referencedColumns: ["id"]; }, { foreignKeyName: "treatment_objectives_organization_id_fkey"; columns: ["organization_id"]; isOneToOne: false; referencedRelation: "v_my_organizations"; referencedColumns: ["id"]; }]; }; user_profiles: { Row: { created_at: string; full_name: string | null; organization_id: string; role: "clinician" | "supervisor" | "admin"; user_id: string; }; Insert: { created_at?: string; full_name?: string | null; organization_id: string; role?: "clinician" | "supervisor" | "admin"; user_id: string; }; Update: { created_at?: string; full_name?: string | null; organization_id?: string; role?: "clinician" | "supervisor" | "admin"; user_id?: string; }; Relationships: [{ foreignKeyName: "user_profiles_organization_id_fkey"; columns: ["organization_id"]; isOneToOne: false; referencedRelation: "organizations"; referencedColumns: ["id"]; }, { foreignKeyName: "user_profiles_organization_id_fkey"; columns: ["organization_id"]; isOneToOne: false; referencedRelation: "v_my_organizations"; referencedColumns: ["id"]; }]; }; }; Views: { v_intake_latest_snapshots: { Row: { organization_id: string | null; patient_id: string | null; snapshot: Json; submitted_at: string | null; }; Relationships: [{ foreignKeyName: "intake_submissions_organization_id_fkey"; columns: ["organization_id"]; isOneToOne: false; referencedRelation: "organizations"; referencedColumns: ["id"]; }, { foreignKeyName: "intake_submissions_organization_id_fkey"; columns: ["organization_id"]; isOneToOne: false; referencedRelation: "v_my_organizations"; referencedColumns: ["id"]; }, { foreignKeyName: "intake_submissions_patient_id_fkey"; columns: ["patient_id"]; isOneToOne: false; referencedRelation: "patients"; referencedColumns: ["id"]; }, { foreignKeyName: "intake_submissions_patient_id_fkey"; columns: ["patient_id"]; isOneToOne: false; referencedRelation: "v_patient_insurance_eligibility_snapshot"; referencedColumns: ["patient_id"]; }]; }; v_my_organizations: { Row: { created_at: string | null; id: string | null; name: string | null; role: "clinician" | "supervisor" | "admin" | null; slug: string | null; }; Relationships: []; }; v_patient_insurance_eligibility_snapshot: { Row: { determination: Json; eligibility_criteria: Json; financials: Json; insurance: Json; organization_id: string | null; patient_id: string | null; }; Relationships: [{ foreignKeyName: "patients_organization_id_fkey"; columns: ["organization_id"]; isOneToOne: false; referencedRelation: "organizations"; referencedColumns: ["id"]; }, { foreignKeyName: "patients_organization_id_fkey"; columns: ["organization_id"]; isOneToOne: false; referencedRelation: "v_my_organizations"; referencedColumns: ["id"]; }]; }; v_patient_providers_by_session: { Row: { address: string | null; authorized_to_share: boolean | null; created_at: string | null; email: string | null; evaluation_date: string | null; fax: string | null; name: string | null; notes: string | null; organization_id: string | null; patient_id: string | null; patient_provider_id: string | null; phone: string | null; practice: string | null; provider_type: string | null; session_id: string | null; updated_at: string | null; }; Relationships: [{ foreignKeyName: "patient_providers_organization_id_fkey"; columns: ["organization_id"]; isOneToOne: false; referencedRelation: "organizations"; referencedColumns: ["id"]; }, { foreignKeyName: "patient_providers_organization_id_fkey"; columns: ["organization_id"]; isOneToOne: false; referencedRelation: "v_my_organizations"; referencedColumns: ["id"]; }, { foreignKeyName: "patient_providers_patient_id_fkey"; columns: ["patient_id"]; isOneToOne: false; referencedRelation: "patients"; referencedColumns: ["id"]; }, { foreignKeyName: "patient_providers_patient_id_fkey"; columns: ["patient_id"]; isOneToOne: false; referencedRelation: "v_patient_insurance_eligibility_snapshot"; referencedColumns: ["patient_id"]; }]; }; }; Functions: { get_intake_latest_snapshot: { Args: { p_patient_id: string; }; Returns: Json; }; has_role: { Args: { min_role: string; }; Returns: boolean; }; is_member: { Args: { p_org: string; }; Returns: boolean; }; jwt_organization_id: { Args: Record<PropertyKey, never>; Returns: string; }; slugify: { Args: { txt: string; }; Returns: string; }; upsert_insurance_with_primary_swap: { Args: { p_patient_id: string; p_record: Json; }; Returns: string; }; user_org: { Args: Record<PropertyKey, never>; Returns: string; }; }; Enums: { allergy_severity: "mild" | "moderate" | "severe" | "unknown"; appointment_status: "scheduled" | "checked_in" | "completed" | "no_show" | "cancelled"; audit_action: "login" | "logout" | "create" | "read" | "update" | "delete" | "access_denied" | "export" | "import"; clinician_status: "active" | "inactive" | "suspended"; condition_status: "active" | "unknown" | "resolved" | "remission"; consent_status: "active" | "draft" | "revoked" | "expired"; document_kind: "id" | "other" | "general" | "consent" | "insurance" | "lab"; goal_status: "completed" | "active" | "discontinued" | "on_hold"; insurance_plan_kind: "other" | "hmo" | "ppo" | "epo" | "pos" | "hdhp"; insurance_type: "other" | "commercial" | "medicaid" | "medicare" | "self_pay"; med_status: "active" | "discontinued" | "prn"; note_status: "draft" | "signed" | "amended"; referral_source: "other" | "self" | "family" | "provider" | "hospital" | "school" | "court" | "employer"; subject_type: "patient" | "clinician" | "encounter" | "note" | "appointment" | "document" | "organization" | "other"; user_role: "clinician" | "supervisor" | "admin"; }; CompositeTypes: {}; }, { address: string | null; authorized_to_share: boolean | null; created_at: string | null; email: string | null; evaluation_date: string | null; fax: string | null; name: string | null; notes: string | null; organization_id: string | null; patient_id: string | null; patient_provider_id: string | null; phone: string | null; practice: string | null; provider_type: string | null; session_id: string | null; updated_at: string | null; }, SelectQueryError<"column 'shares_records' does not exist on 'v_patient_providers_by_session'.">[], "v_patient_providers_by_session", [{ foreignKeyName: "patient_providers_organization_id_fkey"; columns: ["organization_id"]; isOneToOne: false; referencedRelation: "organizations"; referencedColumns: ["id"]; }, { foreignKeyName: "patient_providers_organization_id_fkey"; columns: ["organization_id"]; isOneToOne: false; referencedRelation: "v_my_organizations"; referencedColumns: ["id"]; }, { foreignKeyName: "patient_providers_patient_id_fkey"; columns: ["patient_id"]; isOneToOne: false; referencedRelation: "patients"; referencedColumns: ["id"]; }, { foreignKeyName: "patient_providers_patient_id_fkey"; columns: ["patient_id"]; isOneToOne: false; referencedRelation: "v_patient_insurance_eligibility_snapshot"; referencedColumns: ["patient_id"]; }], "GET">' is not assignable to parameter of type 'PromiseLike<{ data: { address: string | null; authorized_to_share: boolean | null; created_at: string | null; email: string | null; evaluation_date: string | null; fax: string | null; name: string | null; notes: string | null; organization_id: string | null; patient_id: string | null; patient_provider_id: string | null; phone: string | null; practice: string | null; provider_type: string | null; session_id: string | null; updated_at: string | null; }[] | null; error: unknown; }>'.
  Types of property 'then' are incompatible.
    Type '<TResult1 = PostgrestSingleResponse<SelectQueryError<"column 'shares_records' does not exist on 'v_patient_providers_by_session'.">[]>, TResult2 = never>(onfulfilled?: ((value: PostgrestSingleResponse<SelectQueryError<"column 'shares_records' does not exist on 'v_patient_providers_by_session'.">[]>) => TResult1 | PromiseLike<TResult1>) | null | undefined, onrejected?: ((reason: any) => TResult2 | PromiseLike<TResult2>) | null | undefined) => PromiseLike<TResult1 | TResult2>' is not assignable to type '<TResult1 = { data: { address: string | null; authorized_to_share: boolean | null; created_at: string | null; email: string | null; evaluation_date: string | null; fax: string | null; name: string | null; notes: string | null; organization_id: string | null; patient_id: string | null; patient_provider_id: string | null; phone: string | null; practice: string | null; provider_type: string | null; session_id: string | null; updated_at: string | null; }[] | null; error: unknown; }, TResult2 = never>(onfulfilled?: ((value: { data: { address: string | null; authorized_to_share: boolean | null; created_at: string | null; email: string | null; evaluation_date: string | null; fax: string | null; name: string | null; notes: string | null; organization_id: string | null; patient_id: string | null; patient_provider_id: string | null; phone: string | null; practice: string | null; provider_type: string | null; session_id: string | null; updated_at: string | null; }[] | null; error: unknown; }) => TResult1 | PromiseLike<TResult1>) | null | undefined, onrejected?: ((reason: any) => TResult2 | PromiseLike<TResult2>) | null | undefined) => PromiseLike<TResult1 | TResult2>'.
      Types of parameters 'onfulfilled' and 'onfulfilled' are incompatible.
        Types of parameters 'value' and 'value' are incompatible.
          Type 'PostgrestSingleResponse<SelectQueryError<"column 'shares_records' does not exist on 'v_patient_providers_by_session'.">[]>' is not assignable to type '{ data: { address: string | null; authorized_to_share: boolean | null; created_at: string | null; email: string | null; evaluation_date: string | null; fax: string | null; name: string | null; notes: string | null; organization_id: string | null; patient_id: string | null; patient_provider_id: string | null; phone: string | null; practice: string | null; provider_type: string | null; session_id: string | null; updated_at: string | null; }[] | null; error: unknown; }'.
            Type 'PostgrestResponseSuccess<SelectQueryError<"column 'shares_records' does not exist on 'v_patient_providers_by_session'.">[]>' is not assignable to type '{ data: { address: string | null; authorized_to_share: boolean | null; created_at: string | null; email: string | null; evaluation_date: string | null; fax: string | null; name: string | null; notes: string | null; organization_id: string | null; patient_id: string | null; patient_provider_id: string | null; phone: string | null; practice: string | null; provider_type: string | null; session_id: string | null; updated_at: string | null; }[] | null; error: unknown; }'.
              Types of property 'data' are incompatible.
                Type 'SelectQueryError<"column 'shares_records' does not exist on 'v_patient_providers_by_session'.">[]' is not assignable to type '{ address: string | null; authorized_to_share: boolean | null; created_at: string | null; email: string | null; evaluation_date: string | null; fax: string | null; name: string | null; notes: string | null; organization_id: string | null; patient_id: string | null; patient_provider_id: string | null; phone: string | null; practice: string | null; provider_type: string | null; session_id: string | null; updated_at: string | null; }[]'.
                  Type '{ error: true; } & String' is missing the following properties from type '{ address: string | null; authorized_to_share: boolean | null; created_at: string | null; email: string | null; evaluation_date: string | null; fax: string | null; name: string | null; notes: string | null; organization_id: string | null; patient_id: string | null; patient_provider_id: string | null; phone: string | null; practice: string | null; provider_type: string | null; session_id: string | null; updated_at: string | null; }': address, authorized_to_share, created_at, email, and 12 more.
src/modules/intake/infrastructure/repositories/medical-providers.repository.ts(151,19): error TS2339: Property 'code' does not exist on type 'Error'.
src/modules/intake/infrastructure/repositories/medical-providers.repository.ts(454,19): error TS2339: Property 'code' does not exist on type 'Error'.
src/modules/intake/state/slices/step4.slice.ts(252,13): error TS2769: No overload matches this call.
  Overload 1 of 2, '(partial: Step4State | Partial<Step4State> | ((state: Step4State) => Step4State | Partial<Step4State>), replace?: false | undefined, action?: Action | undefined): void', gave the following error.
    Argument of type '(prevState: Step4State) => { providers: { hasPCP: "Yes" | "No" | "Unknown" | undefined; }; isDirty: true; psychiatrist: { hasBeenEvaluated?: "Yes" | "No"; psychiatristName?: string; evaluationDate?: string; clinicName?: string; notes?: string; differentEvaluator?: boolean; evaluatorName?: string; evaluatorClinic?: string; }; expandedSections: { providers: boolean; psychiatrist: boolean; }; validationErrors: { providers: Record<string, string>; psychiatrist: Record<string, string>; }; isSubmitting: boolean; hydrate: (data: Step4OutputDTO) => void; reset: () => void; setProvidersField: <K extends keyof ProvidersDTO>(field: K, value: ProvidersDTO[K]) => void; setPhoneNumber: (displayValue: string, normalizedValue: string) => void; clearValidationError: (section: "providers" | "psychiatrist", field: string) => void; resetConditionalFields: (section: "providers" | "psychiatrist") => void; setPsychiatristField: <K extends keyof PsychiatristDTO>(field: K, value: PsychiatristDTO[K]) => void; toggleSection: (section: "providers" | "psychiatrist") => void; setValidationErrors: (section: "providers" | "psychiatrist", errors: Record<string, string>) => void; clearValidationErrors: () => void; setIsSubmitting: (isSubmitting: boolean) => void; markDirty: () => void; markClean: () => void; }' is not assignable to parameter of type 'Step4State | Partial<Step4State> | ((state: Step4State) => Step4State | Partial<Step4State>)'.
      Type '(prevState: Step4State) => { providers: { hasPCP: "Yes" | "No" | "Unknown" | undefined; }; isDirty: true; psychiatrist: { hasBeenEvaluated?: "Yes" | "No"; psychiatristName?: string; evaluationDate?: string; clinicName?: string; notes?: string; differentEvaluator?: boolean; evaluatorName?: string; evaluatorClinic?: string; }; expandedSections: { providers: boolean; psychiatrist: boolean; }; validationErrors: { providers: Record<string, string>; psychiatrist: Record<string, string>; }; isSubmitting: boolean; hydrate: (data: Step4OutputDTO) => void; reset: () => void; setProvidersField: <K extends keyof ProvidersDTO>(field: K, value: ProvidersDTO[K]) => void; setPhoneNumber: (displayValue: string, normalizedValue: string) => void; clearValidationError: (section: "providers" | "psychiatrist", field: string) => void; resetConditionalFields: (section: "providers" | "psychiatrist") => void; setPsychiatristField: <K extends keyof PsychiatristDTO>(field: K, value: PsychiatristDTO[K]) => void; toggleSection: (section: "providers" | "psychiatrist") => void; setValidationErrors: (section: "providers" | "psychiatrist", errors: Record<string, string>) => void; clearValidationErrors: () => void; setIsSubmitting: (isSubmitting: boolean) => void; markDirty: () => void; markClean: () => void; }' is not assignable to type '(state: Step4State) => Step4State | Partial<Step4State>'.
        Type '{ providers: { hasPCP: "Yes" | "No" | "Unknown" | undefined; }; isDirty: true; psychiatrist: { hasBeenEvaluated?: "Yes" | "No"; psychiatristName?: string; evaluationDate?: string; clinicName?: string; notes?: string; differentEvaluator?: boolean; evaluatorName?: string; evaluatorClinic?: string; }; expandedSections: { providers: boolean; psychiatrist: boolean; }; validationErrors: { providers: Record<string, string>; psychiatrist: Record<string, string>; }; isSubmitting: boolean; hydrate: (data: Step4OutputDTO) => void; reset: () => void; setProvidersField: <K extends keyof ProvidersDTO>(field: K, value: ProvidersDTO[K]) => void; setPhoneNumber: (displayValue: string, normalizedValue: string) => void; clearValidationError: (section: "providers" | "psychiatrist", field: string) => void; resetConditionalFields: (section: "providers" | "psychiatrist") => void; setPsychiatristField: <K extends keyof PsychiatristDTO>(field: K, value: PsychiatristDTO[K]) => void; toggleSection: (section: "providers" | "psychiatrist") => void; setValidationErrors: (section: "providers" | "psychiatrist", errors: Record<string, string>) => void; clearValidationErrors: () => void; setIsSubmitting: (isSubmitting: boolean) => void; markDirty: () => void; markClean: () => void; }' is not assignable to type 'Step4State | Partial<Step4State>'.
          Type '{ providers: { hasPCP: "Yes" | "No" | "Unknown" | undefined; }; isDirty: true; psychiatrist: { hasBeenEvaluated?: "Yes" | "No"; psychiatristName?: string; evaluationDate?: string; clinicName?: string; notes?: string; differentEvaluator?: boolean; evaluatorName?: string; evaluatorClinic?: string; }; expandedSections: { providers: boolean; psychiatrist: boolean; }; validationErrors: { providers: Record<string, string>; psychiatrist: Record<string, string>; }; isSubmitting: boolean; hydrate: (data: Step4OutputDTO) => void; reset: () => void; setProvidersField: <K extends keyof ProvidersDTO>(field: K, value: ProvidersDTO[K]) => void; setPhoneNumber: (displayValue: string, normalizedValue: string) => void; clearValidationError: (section: "providers" | "psychiatrist", field: string) => void; resetConditionalFields: (section: "providers" | "psychiatrist") => void; setPsychiatristField: <K extends keyof PsychiatristDTO>(field: K, value: PsychiatristDTO[K]) => void; toggleSection: (section: "providers" | "psychiatrist") => void; setValidationErrors: (section: "providers" | "psychiatrist", errors: Record<string, string>) => void; clearValidationErrors: () => void; setIsSubmitting: (isSubmitting: boolean) => void; markDirty: () => void; markClean: () => void; }' is not assignable to type 'Partial<Step4State>'.
            The types of 'providers.hasPCP' are incompatible between these types.
              Type '"Yes" | "No" | "Unknown" | undefined' is not assignable to type '"Yes" | "No" | "Unknown"'.
                Type 'undefined' is not assignable to type '"Yes" | "No" | "Unknown"'.
  Overload 2 of 2, '(state: Step4State | ((state: Step4State) => Step4State), replace: true, action?: Action | undefined): void', gave the following error.
    Argument of type '(prevState: Step4State) => { providers: { hasPCP: "Yes" | "No" | "Unknown" | undefined; }; isDirty: true; psychiatrist: { hasBeenEvaluated?: "Yes" | "No"; psychiatristName?: string; evaluationDate?: string; clinicName?: string; notes?: string; differentEvaluator?: boolean; evaluatorName?: string; evaluatorClinic?: string; }; expandedSections: { providers: boolean; psychiatrist: boolean; }; validationErrors: { providers: Record<string, string>; psychiatrist: Record<string, string>; }; isSubmitting: boolean; hydrate: (data: Step4OutputDTO) => void; reset: () => void; setProvidersField: <K extends keyof ProvidersDTO>(field: K, value: ProvidersDTO[K]) => void; setPhoneNumber: (displayValue: string, normalizedValue: string) => void; clearValidationError: (section: "providers" | "psychiatrist", field: string) => void; resetConditionalFields: (section: "providers" | "psychiatrist") => void; setPsychiatristField: <K extends keyof PsychiatristDTO>(field: K, value: PsychiatristDTO[K]) => void; toggleSection: (section: "providers" | "psychiatrist") => void; setValidationErrors: (section: "providers" | "psychiatrist", errors: Record<string, string>) => void; clearValidationErrors: () => void; setIsSubmitting: (isSubmitting: boolean) => void; markDirty: () => void; markClean: () => void; }' is not assignable to parameter of type 'Step4State | ((state: Step4State) => Step4State)'.
      Type '(prevState: Step4State) => { providers: { hasPCP: "Yes" | "No" | "Unknown" | undefined; }; isDirty: true; psychiatrist: { hasBeenEvaluated?: "Yes" | "No"; psychiatristName?: string; evaluationDate?: string; clinicName?: string; notes?: string; differentEvaluator?: boolean; evaluatorName?: string; evaluatorClinic?: string; }; expandedSections: { providers: boolean; psychiatrist: boolean; }; validationErrors: { providers: Record<string, string>; psychiatrist: Record<string, string>; }; isSubmitting: boolean; hydrate: (data: Step4OutputDTO) => void; reset: () => void; setProvidersField: <K extends keyof ProvidersDTO>(field: K, value: ProvidersDTO[K]) => void; setPhoneNumber: (displayValue: string, normalizedValue: string) => void; clearValidationError: (section: "providers" | "psychiatrist", field: string) => void; resetConditionalFields: (section: "providers" | "psychiatrist") => void; setPsychiatristField: <K extends keyof PsychiatristDTO>(field: K, value: PsychiatristDTO[K]) => void; toggleSection: (section: "providers" | "psychiatrist") => void; setValidationErrors: (section: "providers" | "psychiatrist", errors: Record<string, string>) => void; clearValidationErrors: () => void; setIsSubmitting: (isSubmitting: boolean) => void; markDirty: () => void; markClean: () => void; }' is not assignable to type '(state: Step4State) => Step4State'.
        Call signature return types '{ providers: { hasPCP: "Yes" | "No" | "Unknown" | undefined; }; isDirty: true; psychiatrist: { hasBeenEvaluated?: "Yes" | "No"; psychiatristName?: string; evaluationDate?: string; clinicName?: string; notes?: string; differentEvaluator?: boolean; evaluatorName?: string; evaluatorClinic?: string; }; expandedSections: { providers: boolean; psychiatrist: boolean; }; validationErrors: { providers: Record<string, string>; psychiatrist: Record<string, string>; }; isSubmitting: boolean; hydrate: (data: Step4OutputDTO) => void; reset: () => void; setProvidersField: <K extends keyof ProvidersDTO>(field: K, value: ProvidersDTO[K]) => void; setPhoneNumber: (displayValue: string, normalizedValue: string) => void; clearValidationError: (section: "providers" | "psychiatrist", field: string) => void; resetConditionalFields: (section: "providers" | "psychiatrist") => void; setPsychiatristField: <K extends keyof PsychiatristDTO>(field: K, value: PsychiatristDTO[K]) => void; toggleSection: (section: "providers" | "psychiatrist") => void; setValidationErrors: (section: "providers" | "psychiatrist", errors: Record<string, string>) => void; clearValidationErrors: () => void; setIsSubmitting: (isSubmitting: boolean) => void; markDirty: () => void; markClean: () => void; }' and 'Step4State' are incompatible.
          The types of 'providers.hasPCP' are incompatible between these types.
            Type '"Yes" | "No" | "Unknown" | undefined' is not assignable to type '"Yes" | "No" | "Unknown"'.
              Type 'undefined' is not assignable to type '"Yes" | "No" | "Unknown"'.
src/modules/intake/state/slices/step4.slice.ts(262,13): error TS2769: No overload matches this call.
  Overload 1 of 2, '(partial: Step4State | Partial<Step4State> | ((state: Step4State) => Step4State | Partial<Step4State>), replace?: false | undefined, action?: Action | undefined): void', gave the following error.
    Argument of type '(prevState: Step4State) => { psychiatrist: { hasBeenEvaluated: "Yes" | "No" | undefined; }; isDirty: true; providers: { hasPCP?: "Yes" | "No" | "Unknown"; pcpName?: string; pcpPhone?: string; pcpPractice?: string; pcpAddress?: string; authorizedToShare?: boolean; phoneDisplayValue?: string; }; expandedSections: { providers: boolean; psychiatrist: boolean; }; validationErrors: { providers: Record<string, string>; psychiatrist: Record<string, string>; }; isSubmitting: boolean; hydrate: (data: Step4OutputDTO) => void; reset: () => void; setProvidersField: <K extends keyof ProvidersDTO>(field: K, value: ProvidersDTO[K]) => void; setPhoneNumber: (displayValue: string, normalizedValue: string) => void; clearValidationError: (section: "providers" | "psychiatrist", field: string) => void; resetConditionalFields: (section: "providers" | "psychiatrist") => void; setPsychiatristField: <K extends keyof PsychiatristDTO>(field: K, value: PsychiatristDTO[K]) => void; toggleSection: (section: "providers" | "psychiatrist") => void; setValidationErrors: (section: "providers" | "psychiatrist", errors: Record<string, string>) => void; clearValidationErrors: () => void; setIsSubmitting: (isSubmitting: boolean) => void; markDirty: () => void; markClean: () => void; }' is not assignable to parameter of type 'Step4State | Partial<Step4State> | ((state: Step4State) => Step4State | Partial<Step4State>)'.
      Type '(prevState: Step4State) => { psychiatrist: { hasBeenEvaluated: "Yes" | "No" | undefined; }; isDirty: true; providers: { hasPCP?: "Yes" | "No" | "Unknown"; pcpName?: string; pcpPhone?: string; pcpPractice?: string; pcpAddress?: string; authorizedToShare?: boolean; phoneDisplayValue?: string; }; expandedSections: { providers: boolean; psychiatrist: boolean; }; validationErrors: { providers: Record<string, string>; psychiatrist: Record<string, string>; }; isSubmitting: boolean; hydrate: (data: Step4OutputDTO) => void; reset: () => void; setProvidersField: <K extends keyof ProvidersDTO>(field: K, value: ProvidersDTO[K]) => void; setPhoneNumber: (displayValue: string, normalizedValue: string) => void; clearValidationError: (section: "providers" | "psychiatrist", field: string) => void; resetConditionalFields: (section: "providers" | "psychiatrist") => void; setPsychiatristField: <K extends keyof PsychiatristDTO>(field: K, value: PsychiatristDTO[K]) => void; toggleSection: (section: "providers" | "psychiatrist") => void; setValidationErrors: (section: "providers" | "psychiatrist", errors: Record<string, string>) => void; clearValidationErrors: () => void; setIsSubmitting: (isSubmitting: boolean) => void; markDirty: () => void; markClean: () => void; }' is not assignable to type '(state: Step4State) => Step4State | Partial<Step4State>'.
        Type '{ psychiatrist: { hasBeenEvaluated: "Yes" | "No" | undefined; }; isDirty: true; providers: { hasPCP?: "Yes" | "No" | "Unknown"; pcpName?: string; pcpPhone?: string; pcpPractice?: string; pcpAddress?: string; authorizedToShare?: boolean; phoneDisplayValue?: string; }; expandedSections: { providers: boolean; psychiatrist: boolean; }; validationErrors: { providers: Record<string, string>; psychiatrist: Record<string, string>; }; isSubmitting: boolean; hydrate: (data: Step4OutputDTO) => void; reset: () => void; setProvidersField: <K extends keyof ProvidersDTO>(field: K, value: ProvidersDTO[K]) => void; setPhoneNumber: (displayValue: string, normalizedValue: string) => void; clearValidationError: (section: "providers" | "psychiatrist", field: string) => void; resetConditionalFields: (section: "providers" | "psychiatrist") => void; setPsychiatristField: <K extends keyof PsychiatristDTO>(field: K, value: PsychiatristDTO[K]) => void; toggleSection: (section: "providers" | "psychiatrist") => void; setValidationErrors: (section: "providers" | "psychiatrist", errors: Record<string, string>) => void; clearValidationErrors: () => void; setIsSubmitting: (isSubmitting: boolean) => void; markDirty: () => void; markClean: () => void; }' is not assignable to type 'Step4State | Partial<Step4State>'.
          Type '{ psychiatrist: { hasBeenEvaluated: "Yes" | "No" | undefined; }; isDirty: true; providers: { hasPCP?: "Yes" | "No" | "Unknown"; pcpName?: string; pcpPhone?: string; pcpPractice?: string; pcpAddress?: string; authorizedToShare?: boolean; phoneDisplayValue?: string; }; expandedSections: { providers: boolean; psychiatrist: boolean; }; validationErrors: { providers: Record<string, string>; psychiatrist: Record<string, string>; }; isSubmitting: boolean; hydrate: (data: Step4OutputDTO) => void; reset: () => void; setProvidersField: <K extends keyof ProvidersDTO>(field: K, value: ProvidersDTO[K]) => void; setPhoneNumber: (displayValue: string, normalizedValue: string) => void; clearValidationError: (section: "providers" | "psychiatrist", field: string) => void; resetConditionalFields: (section: "providers" | "psychiatrist") => void; setPsychiatristField: <K extends keyof PsychiatristDTO>(field: K, value: PsychiatristDTO[K]) => void; toggleSection: (section: "providers" | "psychiatrist") => void; setValidationErrors: (section: "providers" | "psychiatrist", errors: Record<string, string>) => void; clearValidationErrors: () => void; setIsSubmitting: (isSubmitting: boolean) => void; markDirty: () => void; markClean: () => void; }' is not assignable to type 'Partial<Step4State>'.
            The types of 'psychiatrist.hasBeenEvaluated' are incompatible between these types.
              Type '"Yes" | "No" | undefined' is not assignable to type '"Yes" | "No"'.
                Type 'undefined' is not assignable to type '"Yes" | "No"'.
  Overload 2 of 2, '(state: Step4State | ((state: Step4State) => Step4State), replace: true, action?: Action | undefined): void', gave the following error.
    Argument of type '(prevState: Step4State) => { psychiatrist: { hasBeenEvaluated: "Yes" | "No" | undefined; }; isDirty: true; providers: { hasPCP?: "Yes" | "No" | "Unknown"; pcpName?: string; pcpPhone?: string; pcpPractice?: string; pcpAddress?: string; authorizedToShare?: boolean; phoneDisplayValue?: string; }; expandedSections: { providers: boolean; psychiatrist: boolean; }; validationErrors: { providers: Record<string, string>; psychiatrist: Record<string, string>; }; isSubmitting: boolean; hydrate: (data: Step4OutputDTO) => void; reset: () => void; setProvidersField: <K extends keyof ProvidersDTO>(field: K, value: ProvidersDTO[K]) => void; setPhoneNumber: (displayValue: string, normalizedValue: string) => void; clearValidationError: (section: "providers" | "psychiatrist", field: string) => void; resetConditionalFields: (section: "providers" | "psychiatrist") => void; setPsychiatristField: <K extends keyof PsychiatristDTO>(field: K, value: PsychiatristDTO[K]) => void; toggleSection: (section: "providers" | "psychiatrist") => void; setValidationErrors: (section: "providers" | "psychiatrist", errors: Record<string, string>) => void; clearValidationErrors: () => void; setIsSubmitting: (isSubmitting: boolean) => void; markDirty: () => void; markClean: () => void; }' is not assignable to parameter of type 'Step4State | ((state: Step4State) => Step4State)'.
      Type '(prevState: Step4State) => { psychiatrist: { hasBeenEvaluated: "Yes" | "No" | undefined; }; isDirty: true; providers: { hasPCP?: "Yes" | "No" | "Unknown"; pcpName?: string; pcpPhone?: string; pcpPractice?: string; pcpAddress?: string; authorizedToShare?: boolean; phoneDisplayValue?: string; }; expandedSections: { providers: boolean; psychiatrist: boolean; }; validationErrors: { providers: Record<string, string>; psychiatrist: Record<string, string>; }; isSubmitting: boolean; hydrate: (data: Step4OutputDTO) => void; reset: () => void; setProvidersField: <K extends keyof ProvidersDTO>(field: K, value: ProvidersDTO[K]) => void; setPhoneNumber: (displayValue: string, normalizedValue: string) => void; clearValidationError: (section: "providers" | "psychiatrist", field: string) => void; resetConditionalFields: (section: "providers" | "psychiatrist") => void; setPsychiatristField: <K extends keyof PsychiatristDTO>(field: K, value: PsychiatristDTO[K]) => void; toggleSection: (section: "providers" | "psychiatrist") => void; setValidationErrors: (section: "providers" | "psychiatrist", errors: Record<string, string>) => void; clearValidationErrors: () => void; setIsSubmitting: (isSubmitting: boolean) => void; markDirty: () => void; markClean: () => void; }' is not assignable to type '(state: Step4State) => Step4State'.
        Call signature return types '{ psychiatrist: { hasBeenEvaluated: "Yes" | "No" | undefined; }; isDirty: true; providers: { hasPCP?: "Yes" | "No" | "Unknown"; pcpName?: string; pcpPhone?: string; pcpPractice?: string; pcpAddress?: string; authorizedToShare?: boolean; phoneDisplayValue?: string; }; expandedSections: { providers: boolean; psychiatrist: boolean; }; validationErrors: { providers: Record<string, string>; psychiatrist: Record<string, string>; }; isSubmitting: boolean; hydrate: (data: Step4OutputDTO) => void; reset: () => void; setProvidersField: <K extends keyof ProvidersDTO>(field: K, value: ProvidersDTO[K]) => void; setPhoneNumber: (displayValue: string, normalizedValue: string) => void; clearValidationError: (section: "providers" | "psychiatrist", field: string) => void; resetConditionalFields: (section: "providers" | "psychiatrist") => void; setPsychiatristField: <K extends keyof PsychiatristDTO>(field: K, value: PsychiatristDTO[K]) => void; toggleSection: (section: "providers" | "psychiatrist") => void; setValidationErrors: (section: "providers" | "psychiatrist", errors: Record<string, string>) => void; clearValidationErrors: () => void; setIsSubmitting: (isSubmitting: boolean) => void; markDirty: () => void; markClean: () => void; }' and 'Step4State' are incompatible.
          The types of 'psychiatrist.hasBeenEvaluated' are incompatible between these types.
            Type '"Yes" | "No" | undefined' is not assignable to type '"Yes" | "No"'.
              Type 'undefined' is not assignable to type '"Yes" | "No"'.
src/modules/intake/state/slices/step5/currentMedications.ui.slice.ts(233,13): error TS2769: No overload matches this call.
  Overload 1 of 2, '(partial: CurrentMedicationsUIStore | Partial<CurrentMedicationsUIStore> | ((state: CurrentMedicationsUIStore) => CurrentMedicationsUIStore | Partial<...>), replace?: false | undefined, action?: Action | undefined): void', gave the following error.
    Argument of type '{ hasMedications: MedicationStatus | undefined; medications: MedicationItem[]; allergies: AllergyItem[]; isExpanded: boolean; isDirty: boolean; validationErrors: {}; medicationErrors: {}; allergyErrors: {}; }' is not assignable to parameter of type 'CurrentMedicationsUIStore | Partial<CurrentMedicationsUIStore> | ((state: CurrentMedicationsUIStore) => CurrentMedicationsUIStore | Partial<CurrentMedicationsUIStore>)'.
      Type '{ hasMedications: MedicationStatus | undefined; medications: MedicationItem[]; allergies: AllergyItem[]; isExpanded: boolean; isDirty: boolean; validationErrors: {}; medicationErrors: {}; allergyErrors: {}; }' is not assignable to type 'Partial<CurrentMedicationsUIStore>' with 'exactOptionalPropertyTypes: true'. Consider adding 'undefined' to the types of the target's properties.
        Types of property 'hasMedications' are incompatible.
          Type 'MedicationStatus | undefined' is not assignable to type 'MedicationStatus'.
            Type 'undefined' is not assignable to type 'MedicationStatus'.
  Overload 2 of 2, '(state: CurrentMedicationsUIStore | ((state: CurrentMedicationsUIStore) => CurrentMedicationsUIStore), replace: true, action?: Action | undefined): void', gave the following error.
    Argument of type '{ hasMedications: MedicationStatus | undefined; medications: MedicationItem[]; allergies: AllergyItem[]; isExpanded: boolean; isDirty: boolean; validationErrors: {}; medicationErrors: {}; allergyErrors: {}; }' is not assignable to parameter of type 'CurrentMedicationsUIStore | ((state: CurrentMedicationsUIStore) => CurrentMedicationsUIStore)'.
      Type '{ hasMedications: MedicationStatus | undefined; medications: { id: string; name: string; dosage: string; frequency: string; route?: "other" | "oral" | "injection" | "topical" | "sublingual" | undefined; startDate?: Date | undefined; prescribedBy?: string | undefined; notes?: string | undefined; }[]; allergies: { id: string; allergen: string; reaction: string; severity?: SeverityLevel | undefined; onsetDate?: Date | undefined; notes?: string | undefined; }[]; isExpanded: boolean; isDirty: boolean; validationErrors: {}; medicationErrors: {}; allergyErrors: {}; }' is missing the following properties from type 'CurrentMedicationsUIStore': setHasMedications, clearConditionalFields, addMedication, removeMedication, and 13 more.
src/modules/intake/state/slices/step5/currentMedications.ui.slice.ts(275,16): error TS1284: An 'export default' must reference a value when 'verbatimModuleSyntax' is enabled, but 'CurrentMedicationsUIStore' only refers to a type.
src/modules/intake/state/slices/step5/index.ts(39,30): error TS2304: Cannot find name 'useCurrentMedicationsUIStore'.
src/modules/intake/state/slices/step5/index.ts(40,31): error TS2304: Cannot find name 'usePharmacyInformationUIStore'.
src/modules/intake/state/slices/step5/index.ts(52,38): error TS2304: Cannot find name 'useCurrentMedicationsUIStore'.
src/modules/intake/state/slices/step5/index.ts(53,5): error TS7006: Parameter 'state' implicitly has an 'any' type.
src/modules/intake/state/slices/step5/index.ts(55,39): error TS2304: Cannot find name 'usePharmacyInformationUIStore'.
src/modules/intake/state/slices/step5/index.ts(56,5): error TS7006: Parameter 'state' implicitly has an 'any' type.
src/modules/intake/state/slices/step5/index.ts(69,36): error TS2304: Cannot find name 'useCurrentMedicationsUIStore'.
src/modules/intake/state/slices/step5/index.ts(70,5): error TS7006: Parameter 'state' implicitly has an 'any' type.
src/modules/intake/state/slices/step5/index.ts(72,37): error TS2304: Cannot find name 'usePharmacyInformationUIStore'.
src/modules/intake/state/slices/step5/index.ts(73,5): error TS7006: Parameter 'state' implicitly has an 'any' type.
src/modules/intake/state/slices/step5/index.ts(90,38): error TS2304: Cannot find name 'useCurrentMedicationsUIStore'.
src/modules/intake/state/slices/step5/index.ts(91,5): error TS7006: Parameter 'state' implicitly has an 'any' type.
src/modules/intake/state/slices/step5/index.ts(91,14): error TS2304: Cannot find name 'currentMedicationsSelectors'.
src/modules/intake/state/slices/step5/index.ts(93,39): error TS2304: Cannot find name 'usePharmacyInformationUIStore'.
src/modules/intake/state/slices/step5/index.ts(94,5): error TS7006: Parameter 'state' implicitly has an 'any' type.
src/modules/intake/state/slices/step5/index.ts(94,14): error TS2304: Cannot find name 'pharmacyInformationSelectors'.
src/modules/intake/state/slices/step5/index.ts(114,3): error TS2304: Cannot find name 'useCurrentMedicationsUIStore'.
src/modules/intake/state/slices/step5/index.ts(115,3): error TS2304: Cannot find name 'usePharmacyInformationUIStore'.
src/modules/intake/state/slices/step5/index.ts(122,3): error TS2304: Cannot find name 'useCurrentMedicationsUIStore'.
src/modules/intake/state/slices/step5/index.ts(123,3): error TS2304: Cannot find name 'usePharmacyInformationUIStore'.
src/modules/intake/state/slices/step5/index.ts(130,3): error TS2304: Cannot find name 'useCurrentMedicationsUIStore'.
src/modules/intake/state/slices/step5/index.ts(131,3): error TS2304: Cannot find name 'usePharmacyInformationUIStore'.
src/modules/intake/state/slices/step5/pharmacyInformation.ui.slice.ts(127,13): error TS2769: No overload matches this call.
  Overload 1 of 2, '(partial: PharmacyInformationUIStore | Partial<PharmacyInformationUIStore> | ((state: PharmacyInformationUIStore) => PharmacyInformationUIStore | Partial<...>), replace?: false | undefined, action?: Action | undefined): void', gave the following error.
    Argument of type '(state: PharmacyInformationUIStore) => { isDirty: false; pharmacyName: string; pharmacyPhone: string; pharmacyAddress: string | undefined; isExpanded: boolean; validationErrors: Record<string, string>; setPharmacyName: (value: string) => void; setPharmacyPhone: (value: string) => void; setPharmacyAddress: (value: string) => void; setExpanded: (expanded: boolean) => void; toggleExpanded: () => void; setDirty: (dirty: boolean) => void; setValidationErrors: (errors: Record<string, string>) => void; clearValidationError: (field: string) => void; resetSection: () => void; loadFromPayload: (data: Partial<{ pharmacyName: string; pharmacyPhone: string; pharmacyAddress?: string | undefined; }>) => void; }' is not assignable to parameter of type 'PharmacyInformationUIStore | Partial<PharmacyInformationUIStore> | ((state: PharmacyInformationUIStore) => PharmacyInformationUIStore | Partial<PharmacyInformationUIStore>)'.
      Type '(state: PharmacyInformationUIStore) => { isDirty: false; pharmacyName: string; pharmacyPhone: string; pharmacyAddress: string | undefined; isExpanded: boolean; validationErrors: Record<string, string>; setPharmacyName: (value: string) => void; setPharmacyPhone: (value: string) => void; setPharmacyAddress: (value: string) => void; setExpanded: (expanded: boolean) => void; toggleExpanded: () => void; setDirty: (dirty: boolean) => void; setValidationErrors: (errors: Record<string, string>) => void; clearValidationError: (field: string) => void; resetSection: () => void; loadFromPayload: (data: Partial<{ pharmacyName: string; pharmacyPhone: string; pharmacyAddress?: string | undefined; }>) => void; }' is not assignable to type '(state: PharmacyInformationUIStore) => PharmacyInformationUIStore | Partial<PharmacyInformationUIStore>'.
        Type '{ isDirty: false; pharmacyName: string; pharmacyPhone: string; pharmacyAddress: string | undefined; isExpanded: boolean; validationErrors: Record<string, string>; setPharmacyName: (value: string) => void; setPharmacyPhone: (value: string) => void; setPharmacyAddress: (value: string) => void; setExpanded: (expanded: boolean) => void; toggleExpanded: () => void; setDirty: (dirty: boolean) => void; setValidationErrors: (errors: Record<string, string>) => void; clearValidationError: (field: string) => void; resetSection: () => void; loadFromPayload: (data: Partial<PharmacyInformationSchema>) => void; }' is not assignable to type 'PharmacyInformationUIStore | Partial<PharmacyInformationUIStore>' with 'exactOptionalPropertyTypes: true'. Consider adding 'undefined' to the types of the target's properties.
          Type '{ isDirty: false; pharmacyName: string; pharmacyPhone: string; pharmacyAddress: string | undefined; isExpanded: boolean; validationErrors: Record<string, string>; setPharmacyName: (value: string) => void; setPharmacyPhone: (value: string) => void; setPharmacyAddress: (value: string) => void; setExpanded: (expanded: boolean) => void; toggleExpanded: () => void; setDirty: (dirty: boolean) => void; setValidationErrors: (errors: Record<string, string>) => void; clearValidationError: (field: string) => void; resetSection: () => void; loadFromPayload: (data: Partial<PharmacyInformationSchema>) => void; }' is not assignable to type 'Partial<PharmacyInformationUIStore>' with 'exactOptionalPropertyTypes: true'. Consider adding 'undefined' to the types of the target's properties.
            Types of property 'pharmacyAddress' are incompatible.
              Type 'string | undefined' is not assignable to type 'string'.
                Type 'undefined' is not assignable to type 'string'.
  Overload 2 of 2, '(state: PharmacyInformationUIStore | ((state: PharmacyInformationUIStore) => PharmacyInformationUIStore), replace: true, action?: Action | undefined): void', gave the following error.
    Argument of type '(state: PharmacyInformationUIStore) => { isDirty: false; pharmacyName: string; pharmacyPhone: string; pharmacyAddress: string | undefined; isExpanded: boolean; validationErrors: Record<string, string>; setPharmacyName: (value: string) => void; setPharmacyPhone: (value: string) => void; setPharmacyAddress: (value: string) => void; setExpanded: (expanded: boolean) => void; toggleExpanded: () => void; setDirty: (dirty: boolean) => void; setValidationErrors: (errors: Record<string, string>) => void; clearValidationError: (field: string) => void; resetSection: () => void; loadFromPayload: (data: Partial<{ pharmacyName: string; pharmacyPhone: string; pharmacyAddress?: string | undefined; }>) => void; }' is not assignable to parameter of type 'PharmacyInformationUIStore | ((state: PharmacyInformationUIStore) => PharmacyInformationUIStore)'.
      Type '(state: PharmacyInformationUIStore) => { isDirty: false; pharmacyName: string; pharmacyPhone: string; pharmacyAddress: string | undefined; isExpanded: boolean; validationErrors: Record<string, string>; setPharmacyName: (value: string) => void; setPharmacyPhone: (value: string) => void; setPharmacyAddress: (value: string) => void; setExpanded: (expanded: boolean) => void; toggleExpanded: () => void; setDirty: (dirty: boolean) => void; setValidationErrors: (errors: Record<string, string>) => void; clearValidationError: (field: string) => void; resetSection: () => void; loadFromPayload: (data: Partial<{ pharmacyName: string; pharmacyPhone: string; pharmacyAddress?: string | undefined; }>) => void; }' is not assignable to type '(state: PharmacyInformationUIStore) => PharmacyInformationUIStore'.
        Call signature return types '{ isDirty: false; pharmacyName: string; pharmacyPhone: string; pharmacyAddress: string | undefined; isExpanded: boolean; validationErrors: Record<string, string>; setPharmacyName: (value: string) => void; setPharmacyPhone: (value: string) => void; setPharmacyAddress: (value: string) => void; setExpanded: (expanded: boolean) => void; toggleExpanded: () => void; setDirty: (dirty: boolean) => void; setValidationErrors: (errors: Record<string, string>) => void; clearValidationError: (field: string) => void; resetSection: () => void; loadFromPayload: (data: Partial<{ pharmacyName: string; pharmacyPhone: string; pharmacyAddress?: string | undefined; }>) => void; }' and 'PharmacyInformationUIStore' are incompatible.
          The types of 'pharmacyAddress' are incompatible between these types.
            Type 'string | undefined' is not assignable to type 'string'.
              Type 'undefined' is not assignable to type 'string'.
src/modules/intake/state/slices/step5/pharmacyInformation.ui.slice.ts(168,16): error TS1284: An 'export default' must reference a value when 'verbatimModuleSyntax' is enabled, but 'PharmacyInformationUIStore' only refers to a type.
src/modules/intake/state/slices/wizard-navigation.slice.ts(8,10): error TS2305: Module '"../../ui/enhanced-wizard-tabs/steps.config"' has no exported member 'VISIBLE_STEP_IDS'.
src/modules/intake/ui/step1-demographics/components/AddressSection.tsx(9,23): error TS1149: File name 'D:/ORBIPAX-PROJECT/src/shared/ui/primitives/label/index.tsx' differs from already included file name 'D:/ORBIPAX-PROJECT/src/shared/ui/primitives/Label/index.tsx' only in casing.
  The file is in the program because:
    Imported via "@/shared/ui/primitives/Label" from file 'D:/ORBIPAX-PROJECT/src/shared/ui/primitives/Form/index.tsx'
    Imported via "@/shared/ui/primitives/label" from file 'D:/ORBIPAX-PROJECT/src/modules/intake/ui/step1-demographics/components/AddressSection.tsx'
    Imported via "@/shared/ui/primitives/label" from file 'D:/ORBIPAX-PROJECT/src/modules/intake/ui/step1-demographics/components/LegalSection.tsx'
    Imported via "@/shared/ui/primitives/label" from file 'D:/ORBIPAX-PROJECT/src/modules/intake/ui/step1-demographics/components/PersonalInfoSection.tsx'
    Imported via "@/shared/ui/primitives/label" from file 'D:/ORBIPAX-PROJECT/src/modules/intake/ui/step2-eligibility-insurance/components/AuthorizationsSection.tsx'
    Imported via "@/shared/ui/primitives/label" from file 'D:/ORBIPAX-PROJECT/src/modules/intake/ui/step2-eligibility-insurance/components/EligibilityRecordsSection.tsx'
    Imported via "@/shared/ui/primitives/label" from file 'D:/ORBIPAX-PROJECT/src/modules/intake/ui/step2-eligibility-insurance/components/GovernmentCoverageSection.tsx'
    Imported via "@/shared/ui/primitives/Label" from file 'D:/ORBIPAX-PROJECT/src/modules/intake/ui/step2-eligibility-insurance/components/InsuranceRecordsSection.tsx'
    Imported via "@/shared/ui/primitives/label" from file 'D:/ORBIPAX-PROJECT/src/modules/intake/ui/step3-diagnoses-clinical/components/DiagnosesSection.tsx'
    Imported via "@/shared/ui/primitives/label" from file 'D:/ORBIPAX-PROJECT/src/modules/intake/ui/step3-diagnoses-clinical/components/FunctionalAssessmentSection.tsx'
    Imported via "@/shared/ui/primitives/label" from file 'D:/ORBIPAX-PROJECT/src/modules/intake/ui/step3-diagnoses-clinical/components/PsychiatricEvaluationSection.tsx'
    Imported via "@/shared/ui/primitives/Label" from file 'D:/ORBIPAX-PROJECT/src/modules/intake/ui/step4-medical-providers/components/ProvidersSection.tsx'
    Imported via "@/shared/ui/primitives/Label" from file 'D:/ORBIPAX-PROJECT/src/modules/intake/ui/step4-medical-providers/components/PsychiatristEvaluatorSection.tsx'
    Imported via "@/shared/ui/primitives/label" from file 'D:/ORBIPAX-PROJECT/src/modules/intake/ui/step5-medications/components/CurrentMedicationsSection.tsx'
    Imported via "@/shared/ui/primitives/label" from file 'D:/ORBIPAX-PROJECT/src/modules/intake/ui/step5-medications/components/PharmacyInformationSection.tsx'
    Imported via "@/shared/ui/primitives/label" from file 'D:/ORBIPAX-PROJECT/src/modules/intake/ui/step6-referrals-services/components/TreatmentHistorySection.tsx'
    Imported via "@/shared/ui/primitives/label" from file 'D:/ORBIPAX-PROJECT/src/modules/intake/ui/step6-referrals-services/components/ExternalReferralsSection.tsx'
    Imported via "@/shared/ui/primitives/label" from file 'D:/ORBIPAX-PROJECT/src/modules/intake/ui/step6-referrals-services/components/InternalServiceReferralsSection.tsx'
    Imported via "@/shared/ui/primitives/label" from file 'D:/ORBIPAX-PROJECT/src/modules/intake/ui/step9-legal-consents/Step7LegalConsents.tsx'
    Imported via '@/shared/ui/primitives/label' from file 'D:/ORBIPAX-PROJECT/src/modules/intake/ui/step8-treatment-goals/components/TreatmentGoalsSection.tsx'
    Imported via '@/shared/ui/primitives/label' from file 'D:/ORBIPAX-PROJECT/src/modules/intake/ui/step8-treatment-goals/components/PriorityAreasSection.tsx'
    Imported via '@/shared/ui/primitives/Label' from file 'D:/ORBIPAX-PROJECT/src/modules/intake/ui/step10-review/Step10Review.tsx'
    Imported via "@/shared/ui/primitives/Label" from file 'D:/ORBIPAX-PROJECT/src/shared/ui/primitives/Combobox/index.tsx'
    Matched by include pattern 'src/**/*' in 'D:/ORBIPAX-PROJECT/tsconfig.json'
src/modules/intake/ui/step1-demographics/components/LegalSection.tsx(10,23): error TS1149: File name 'D:/ORBIPAX-PROJECT/src/shared/ui/primitives/label/index.tsx' differs from already included file name 'D:/ORBIPAX-PROJECT/src/shared/ui/primitives/Label/index.tsx' only in casing.
  The file is in the program because:
    Imported via "@/shared/ui/primitives/Label" from file 'D:/ORBIPAX-PROJECT/src/shared/ui/primitives/Form/index.tsx'
    Imported via "@/shared/ui/primitives/label" from file 'D:/ORBIPAX-PROJECT/src/modules/intake/ui/step1-demographics/components/AddressSection.tsx'
    Imported via "@/shared/ui/primitives/label" from file 'D:/ORBIPAX-PROJECT/src/modules/intake/ui/step1-demographics/components/LegalSection.tsx'
    Imported via "@/shared/ui/primitives/label" from file 'D:/ORBIPAX-PROJECT/src/modules/intake/ui/step1-demographics/components/PersonalInfoSection.tsx'
    Imported via "@/shared/ui/primitives/label" from file 'D:/ORBIPAX-PROJECT/src/modules/intake/ui/step2-eligibility-insurance/components/AuthorizationsSection.tsx'
    Imported via "@/shared/ui/primitives/label" from file 'D:/ORBIPAX-PROJECT/src/modules/intake/ui/step2-eligibility-insurance/components/EligibilityRecordsSection.tsx'
    Imported via "@/shared/ui/primitives/label" from file 'D:/ORBIPAX-PROJECT/src/modules/intake/ui/step2-eligibility-insurance/components/GovernmentCoverageSection.tsx'
    Imported via "@/shared/ui/primitives/Label" from file 'D:/ORBIPAX-PROJECT/src/modules/intake/ui/step2-eligibility-insurance/components/InsuranceRecordsSection.tsx'
    Imported via "@/shared/ui/primitives/label" from file 'D:/ORBIPAX-PROJECT/src/modules/intake/ui/step3-diagnoses-clinical/components/DiagnosesSection.tsx'
    Imported via "@/shared/ui/primitives/label" from file 'D:/ORBIPAX-PROJECT/src/modules/intake/ui/step3-diagnoses-clinical/components/FunctionalAssessmentSection.tsx'
    Imported via "@/shared/ui/primitives/label" from file 'D:/ORBIPAX-PROJECT/src/modules/intake/ui/step3-diagnoses-clinical/components/PsychiatricEvaluationSection.tsx'
    Imported via "@/shared/ui/primitives/Label" from file 'D:/ORBIPAX-PROJECT/src/modules/intake/ui/step4-medical-providers/components/ProvidersSection.tsx'
    Imported via "@/shared/ui/primitives/Label" from file 'D:/ORBIPAX-PROJECT/src/modules/intake/ui/step4-medical-providers/components/PsychiatristEvaluatorSection.tsx'
    Imported via "@/shared/ui/primitives/label" from file 'D:/ORBIPAX-PROJECT/src/modules/intake/ui/step5-medications/components/CurrentMedicationsSection.tsx'
    Imported via "@/shared/ui/primitives/label" from file 'D:/ORBIPAX-PROJECT/src/modules/intake/ui/step5-medications/components/PharmacyInformationSection.tsx'
    Imported via "@/shared/ui/primitives/label" from file 'D:/ORBIPAX-PROJECT/src/modules/intake/ui/step6-referrals-services/components/TreatmentHistorySection.tsx'
    Imported via "@/shared/ui/primitives/label" from file 'D:/ORBIPAX-PROJECT/src/modules/intake/ui/step6-referrals-services/components/ExternalReferralsSection.tsx'
    Imported via "@/shared/ui/primitives/label" from file 'D:/ORBIPAX-PROJECT/src/modules/intake/ui/step6-referrals-services/components/InternalServiceReferralsSection.tsx'
    Imported via "@/shared/ui/primitives/label" from file 'D:/ORBIPAX-PROJECT/src/modules/intake/ui/step9-legal-consents/Step7LegalConsents.tsx'
    Imported via '@/shared/ui/primitives/label' from file 'D:/ORBIPAX-PROJECT/src/modules/intake/ui/step8-treatment-goals/components/TreatmentGoalsSection.tsx'
    Imported via '@/shared/ui/primitives/label' from file 'D:/ORBIPAX-PROJECT/src/modules/intake/ui/step8-treatment-goals/components/PriorityAreasSection.tsx'
    Imported via '@/shared/ui/primitives/Label' from file 'D:/ORBIPAX-PROJECT/src/modules/intake/ui/step10-review/Step10Review.tsx'
    Imported via "@/shared/ui/primitives/Label" from file 'D:/ORBIPAX-PROJECT/src/shared/ui/primitives/Combobox/index.tsx'
    Matched by include pattern 'src/**/*' in 'D:/ORBIPAX-PROJECT/tsconfig.json'
src/modules/intake/ui/step1-demographics/components/LegalSection.tsx(109,26): error TS2375: Type '{ id: string; checked: boolean | undefined; onCheckedChange: (checked: boolean) => void; "aria-invalid": boolean; "aria-describedby": string | undefined; }' is not assignable to type 'Omit<SwitchProps & RefAttributes<HTMLButtonElement>, "ref">' with 'exactOptionalPropertyTypes: true'. Consider adding 'undefined' to the types of the target's properties.
  Types of property 'checked' are incompatible.
    Type 'boolean | undefined' is not assignable to type 'boolean'.
      Type 'undefined' is not assignable to type 'boolean'.
src/modules/intake/ui/step1-demographics/components/LegalSection.tsx(244,26): error TS2375: Type '{ id: string; checked: boolean | undefined; onCheckedChange: (checked: boolean) => void; "aria-invalid": boolean; "aria-describedby": string | undefined; }' is not assignable to type 'Omit<SwitchProps & RefAttributes<HTMLButtonElement>, "ref">' with 'exactOptionalPropertyTypes: true'. Consider adding 'undefined' to the types of the target's properties.
  Types of property 'checked' are incompatible.
    Type 'boolean | undefined' is not assignable to type 'boolean'.
      Type 'undefined' is not assignable to type 'boolean'.
src/modules/intake/ui/step1-demographics/components/PersonalInfoSection.tsx(9,23): error TS1149: File name 'D:/ORBIPAX-PROJECT/src/shared/ui/primitives/label/index.tsx' differs from already included file name 'D:/ORBIPAX-PROJECT/src/shared/ui/primitives/Label/index.tsx' only in casing.
  The file is in the program because:
    Imported via "@/shared/ui/primitives/Label" from file 'D:/ORBIPAX-PROJECT/src/shared/ui/primitives/Form/index.tsx'
    Imported via "@/shared/ui/primitives/label" from file 'D:/ORBIPAX-PROJECT/src/modules/intake/ui/step1-demographics/components/AddressSection.tsx'
    Imported via "@/shared/ui/primitives/label" from file 'D:/ORBIPAX-PROJECT/src/modules/intake/ui/step1-demographics/components/LegalSection.tsx'
    Imported via "@/shared/ui/primitives/label" from file 'D:/ORBIPAX-PROJECT/src/modules/intake/ui/step1-demographics/components/PersonalInfoSection.tsx'
    Imported via "@/shared/ui/primitives/label" from file 'D:/ORBIPAX-PROJECT/src/modules/intake/ui/step2-eligibility-insurance/components/AuthorizationsSection.tsx'
    Imported via "@/shared/ui/primitives/label" from file 'D:/ORBIPAX-PROJECT/src/modules/intake/ui/step2-eligibility-insurance/components/EligibilityRecordsSection.tsx'
    Imported via "@/shared/ui/primitives/label" from file 'D:/ORBIPAX-PROJECT/src/modules/intake/ui/step2-eligibility-insurance/components/GovernmentCoverageSection.tsx'
    Imported via "@/shared/ui/primitives/Label" from file 'D:/ORBIPAX-PROJECT/src/modules/intake/ui/step2-eligibility-insurance/components/InsuranceRecordsSection.tsx'
    Imported via "@/shared/ui/primitives/label" from file 'D:/ORBIPAX-PROJECT/src/modules/intake/ui/step3-diagnoses-clinical/components/DiagnosesSection.tsx'
    Imported via "@/shared/ui/primitives/label" from file 'D:/ORBIPAX-PROJECT/src/modules/intake/ui/step3-diagnoses-clinical/components/FunctionalAssessmentSection.tsx'
    Imported via "@/shared/ui/primitives/label" from file 'D:/ORBIPAX-PROJECT/src/modules/intake/ui/step3-diagnoses-clinical/components/PsychiatricEvaluationSection.tsx'
    Imported via "@/shared/ui/primitives/Label" from file 'D:/ORBIPAX-PROJECT/src/modules/intake/ui/step4-medical-providers/components/ProvidersSection.tsx'
    Imported via "@/shared/ui/primitives/Label" from file 'D:/ORBIPAX-PROJECT/src/modules/intake/ui/step4-medical-providers/components/PsychiatristEvaluatorSection.tsx'
    Imported via "@/shared/ui/primitives/label" from file 'D:/ORBIPAX-PROJECT/src/modules/intake/ui/step5-medications/components/CurrentMedicationsSection.tsx'
    Imported via "@/shared/ui/primitives/label" from file 'D:/ORBIPAX-PROJECT/src/modules/intake/ui/step5-medications/components/PharmacyInformationSection.tsx'
    Imported via "@/shared/ui/primitives/label" from file 'D:/ORBIPAX-PROJECT/src/modules/intake/ui/step6-referrals-services/components/TreatmentHistorySection.tsx'
    Imported via "@/shared/ui/primitives/label" from file 'D:/ORBIPAX-PROJECT/src/modules/intake/ui/step6-referrals-services/components/ExternalReferralsSection.tsx'
    Imported via "@/shared/ui/primitives/label" from file 'D:/ORBIPAX-PROJECT/src/modules/intake/ui/step6-referrals-services/components/InternalServiceReferralsSection.tsx'
    Imported via "@/shared/ui/primitives/label" from file 'D:/ORBIPAX-PROJECT/src/modules/intake/ui/step9-legal-consents/Step7LegalConsents.tsx'
    Imported via '@/shared/ui/primitives/label' from file 'D:/ORBIPAX-PROJECT/src/modules/intake/ui/step8-treatment-goals/components/TreatmentGoalsSection.tsx'
    Imported via '@/shared/ui/primitives/label' from file 'D:/ORBIPAX-PROJECT/src/modules/intake/ui/step8-treatment-goals/components/PriorityAreasSection.tsx'
    Imported via '@/shared/ui/primitives/Label' from file 'D:/ORBIPAX-PROJECT/src/modules/intake/ui/step10-review/Step10Review.tsx'
    Imported via "@/shared/ui/primitives/Label" from file 'D:/ORBIPAX-PROJECT/src/shared/ui/primitives/Combobox/index.tsx'
    Matched by include pattern 'src/**/*' in 'D:/ORBIPAX-PROJECT/tsconfig.json'
src/modules/intake/ui/step1-demographics/components/PersonalInfoSection.tsx(58,15): error TS2532: Object is possibly 'undefined'.
src/modules/intake/ui/step1-demographics/components/PersonalInfoSection.tsx(58,15): error TS2532: Object is possibly 'undefined'.
src/modules/intake/ui/step1-demographics/components/PersonalInfoSection.tsx(58,29): error TS2532: Object is possibly 'undefined'.
src/modules/intake/ui/step1-demographics/components/PersonalInfoSection.tsx(58,29): error TS2532: Object is possibly 'undefined'.
src/modules/intake/ui/step1-demographics/components/PersonalInfoSection.tsx(60,12): error TS2532: Object is possibly 'undefined'.
src/modules/intake/ui/step1-demographics/components/PersonalInfoSection.tsx(60,12): error TS2532: Object is possibly 'undefined'.
src/modules/intake/ui/step1-demographics/components/PersonalInfoSection.tsx(177,22): error TS2375: Type '{ date: Date | undefined; onSelect: (date: Date | undefined) => void; placeholder: string; maxDate: Date; minDate: Date; "aria-invalid": boolean; "aria-describedby": string | undefined; }' is not assignable to type 'DatePickerProps' with 'exactOptionalPropertyTypes: true'. Consider adding 'undefined' to the types of the target's properties.
  Types of property '"aria-describedby"' are incompatible.
    Type 'string | undefined' is not assignable to type 'string'.
      Type 'undefined' is not assignable to type 'string'.
src/modules/intake/ui/step1-demographics/Step1Demographics.tsx(46,5): error TS2322: Type 'Resolver<{ firstName?: string | undefined; middleName?: string | undefined; lastName?: string | undefined; preferredName?: string | undefined; dateOfBirth?: Date | undefined; gender?: "male" | "female" | undefined; genderIdentity?: GenderIdentity | undefined; pronouns?: string | undefined; race?: Race[] | undefined; ethnicity?: Ethnicity | undefined; maritalStatus?: MaritalStatus | undefined; veteranStatus?: VeteranStatus | undefined; primaryLanguage?: Language | undefined; needsInterpreter?: boolean | undefined; preferredCommunicationMethod?: CommunicationMethod[] | undefined; email?: string | undefined; phoneNumbers?: { number: string; type: "other" | "mobile" | "home" | "work"; isPrimary: boolean; }[] | undefined; address?: { street1: string; city: string; state: string; zipCode: string; street2?: string | undefined; country?: string | undefined; } | undefined; sameAsMailingAddress?: boolean | undefined; mailingAddress?: { street1: string; city: string; state: string; zipCode: string; street2?: string | undefined; country?: string | undefined; } | undefined; housingStatus?: HousingStatus | undefined; emergencyContact?: { name: string; relationship: string; phoneNumber: string; alternatePhone?: string | undefined; address?: { street1: string; city: string; state: string; zipCode: string; street2?: string | undefined; country?: string | undefined; } | undefined; } | undefined; socialSecurityNumber?: string | undefined; driverLicenseNumber?: string | undefined; driverLicenseState?: string | undefined; hasLegalGuardian?: boolean | undefined; legalGuardianInfo?: { name: string; relationship: "other" | "legal_guardian" | "parent" | "grandparent"; phoneNumber: string; email?: string | undefined; address?: { street1: string; city: string; state: string; zipCode: string; street2?: string | undefined; country?: string | undefined; } | undefined; } | undefined; hasPowerOfAttorney?: boolean | undefined; powerOfAttorneyInfo?: { name: string; phoneNumber: string; } | undefined; }, any, { firstName?: string | undefined; middleName?: string | undefined; lastName?: string | undefined; preferredName?: string | undefined; dateOfBirth?: Date | undefined; gender?: "male" | "female" | undefined; genderIdentity?: GenderIdentity | undefined; pronouns?: string | undefined; race?: Race[] | undefined; ethnicity?: Ethnicity | undefined; maritalStatus?: MaritalStatus | undefined; veteranStatus?: VeteranStatus | undefined; primaryLanguage?: Language | undefined; needsInterpreter?: boolean | undefined; preferredCommunicationMethod?: CommunicationMethod[] | undefined; email?: string | undefined; phoneNumbers?: { number: string; type: "other" | "mobile" | "home" | "work"; isPrimary: boolean; }[] | undefined; address?: { street1: string; city: string; state: string; zipCode: string; country: string; street2?: string | undefined; } | undefined; sameAsMailingAddress?: boolean | undefined; mailingAddress?: { street1: string; city: string; state: string; zipCode: string; country: string; street2?: string | undefined; } | undefined; housingStatus?: HousingStatus | undefined; emergencyContact?: { name: string; relationship: string; phoneNumber: string; alternatePhone?: string | undefined; address?: { street1: string; city: string; state: string; zipCode: string; country: string; street2?: string | undefined; } | undefined; } | undefined; socialSecurityNumber?: string | undefined; driverLicenseNumber?: string | undefined; driverLicenseState?: string | undefined; hasLegalGuardian?: boolean | undefined; legalGuardianInfo?: { name: string; relationship: "other" | "legal_guardian" | "parent" | "grandparent"; phoneNumber: string; email?: string | undefined; address?: { street1: string; city: string; state: string; zipCode: string; country: string; street2?: string | undefined; } | undefined; } | undefined; hasPowerOfAttorney?: boolean | undefined; powerOfAttorneyInfo?: { name: string; phoneNumber: string; } | undefined; }>' is not assignable to type 'Resolver<Partial<{ firstName: string; lastName: string; dateOfBirth: Date; gender: "male" | "female"; genderIdentity: GenderIdentity; race: Race[]; ethnicity: Ethnicity; maritalStatus: MaritalStatus; veteranStatus: VeteranStatus; primaryLanguage: Language; needsInterpreter: boolean; preferredCommunicationMethod: CommunicationMethod[]; phoneNumbers: { number: string; type: "other" | "mobile" | "home" | "work"; isPrimary: boolean; }[]; address: { street1: string; city: string; state: string; zipCode: string; country: string; street2?: string | undefined; }; sameAsMailingAddress: boolean; housingStatus: HousingStatus; emergencyContact: { name: string; relationship: string; phoneNumber: string; alternatePhone?: string | undefined; address?: { street1: string; city: string; state: string; zipCode: string; country: string; street2?: string | undefined; } | undefined; }; hasLegalGuardian: boolean; hasPowerOfAttorney: boolean; middleName?: string | undefined; preferredName?: string | undefined; pronouns?: string | undefined; email?: string | undefined; mailingAddress?: { street1: string; city: string; state: string; zipCode: string; country: string; street2?: string | undefined; } | undefined; socialSecurityNumber?: string | undefined; driverLicenseNumber?: string | undefined; driverLicenseState?: string | undefined; legalGuardianInfo?: { name: string; relationship: "other" | "legal_guardian" | "parent" | "grandparent"; phoneNumber: string; email?: string | undefined; address?: { street1: string; city: string; state: string; zipCode: string; country: string; street2?: string | undefined; } | undefined; } | undefined; powerOfAttorneyInfo?: { name: string; phoneNumber: string; } | undefined; }>, any, Partial<{ firstName: string; lastName: string; dateOfBirth: Date; gender: "male" | "female"; genderIdentity: GenderIdentity; race: Race[]; ethnicity: Ethnicity; maritalStatus: MaritalStatus; veteranStatus: VeteranStatus; primaryLanguage: Language; needsInterpreter: boolean; preferredCommunicationMethod: CommunicationMethod[]; phoneNumbers: { number: string; type: "other" | "mobile" | "home" | "work"; isPrimary: boolean; }[]; address: { street1: string; city: string; state: string; zipCode: string; country: string; street2?: string | undefined; }; sameAsMailingAddress: boolean; housingStatus: HousingStatus; emergencyContact: { name: string; relationship: string; phoneNumber: string; alternatePhone?: string | undefined; address?: { street1: string; city: string; state: string; zipCode: string; country: string; street2?: string | undefined; } | undefined; }; hasLegalGuardian: boolean; hasPowerOfAttorney: boolean; middleName?: string | undefined; preferredName?: string | undefined; pronouns?: string | undefined; email?: string | undefined; mailingAddress?: { street1: string; city: string; state: string; zipCode: string; country: string; street2?: string | undefined; } | undefined; socialSecurityNumber?: string | undefined; driverLicenseNumber?: string | undefined; driverLicenseState?: string | undefined; legalGuardianInfo?: { name: string; relationship: "other" | "legal_guardian" | "parent" | "grandparent"; phoneNumber: string; email?: string | undefined; address?: { street1: string; city: string; state: string; zipCode: string; country: string; street2?: string | undefined; } | undefined; } | undefined; powerOfAttorneyInfo?: { name: string; phoneNumber: string; } | undefined; }>>'.
  Types of parameters 'options' and 'options' are incompatible.
    Type 'ResolverOptions<Partial<{ firstName: string; lastName: string; dateOfBirth: Date; gender: "male" | "female"; genderIdentity: GenderIdentity; race: Race[]; ethnicity: Ethnicity; maritalStatus: MaritalStatus; veteranStatus: VeteranStatus; primaryLanguage: Language; needsInterpreter: boolean; preferredCommunicationMethod: CommunicationMethod[]; phoneNumbers: { number: string; type: "other" | "mobile" | "home" | "work"; isPrimary: boolean; }[]; address: { street1: string; city: string; state: string; zipCode: string; country: string; street2?: string | undefined; }; sameAsMailingAddress: boolean; housingStatus: HousingStatus; emergencyContact: { name: string; relationship: string; phoneNumber: string; alternatePhone?: string | undefined; address?: { street1: string; city: string; state: string; zipCode: string; country: string; street2?: string | undefined; } | undefined; }; hasLegalGuardian: boolean; hasPowerOfAttorney: boolean; middleName?: string | undefined; preferredName?: string | undefined; pronouns?: string | undefined; email?: string | undefined; mailingAddress?: { street1: string; city: string; state: string; zipCode: string; country: string; street2?: string | undefined; } | undefined; socialSecurityNumber?: string | undefined; driverLicenseNumber?: string | undefined; driverLicenseState?: string | undefined; legalGuardianInfo?: { name: string; relationship: "other" | "legal_guardian" | "parent" | "grandparent"; phoneNumber: string; email?: string | undefined; address?: { street1: string; city: string; state: string; zipCode: string; country: string; street2?: string | undefined; } | undefined; } | undefined; powerOfAttorneyInfo?: { name: string; phoneNumber: string; } | undefined; }>>' is not assignable to type 'ResolverOptions<{ firstName?: string | undefined; middleName?: string | undefined; lastName?: string | undefined; preferredName?: string | undefined; dateOfBirth?: Date | undefined; gender?: "male" | "female" | undefined; genderIdentity?: GenderIdentity | undefined; pronouns?: string | undefined; race?: Race[] | undefined; ethnicity?: Ethnicity | undefined; maritalStatus?: MaritalStatus | undefined; veteranStatus?: VeteranStatus | undefined; primaryLanguage?: Language | undefined; needsInterpreter?: boolean | undefined; preferredCommunicationMethod?: CommunicationMethod[] | undefined; email?: string | undefined; phoneNumbers?: { number: string; type: "other" | "mobile" | "home" | "work"; isPrimary: boolean; }[] | undefined; address?: { street1: string; city: string; state: string; zipCode: string; street2?: string | undefined; country?: string | undefined; } | undefined; sameAsMailingAddress?: boolean | undefined; mailingAddress?: { street1: string; city: string; state: string; zipCode: string; street2?: string | undefined; country?: string | undefined; } | undefined; housingStatus?: HousingStatus | undefined; emergencyContact?: { name: string; relationship: string; phoneNumber: string; alternatePhone?: string | undefined; address?: { street1: string; city: string; state: string; zipCode: string; street2?: string | undefined; country?: string | undefined; } | undefined; } | undefined; socialSecurityNumber?: string | undefined; driverLicenseNumber?: string | undefined; driverLicenseState?: string | undefined; hasLegalGuardian?: boolean | undefined; legalGuardianInfo?: { name: string; relationship: "other" | "legal_guardian" | "parent" | "grandparent"; phoneNumber: string; email?: string | undefined; address?: { street1: string; city: string; state: string; zipCode: string; street2?: string | undefined; country?: string | undefined; } | undefined; } | undefined; hasPowerOfAttorney?: boolean | undefined; powerOfAttorneyInfo?: { name: string; phoneNumber: string; } | undefined; }>' with 'exactOptionalPropertyTypes: true'. Consider adding 'undefined' to the types of the target's properties.
      Type 'string | undefined' is not assignable to type 'string'.
        Type 'undefined' is not assignable to type 'string'.
src/modules/intake/ui/step1-demographics/Step1Demographics.tsx(48,5): error TS2322: Type '{ firstName: string; lastName: string; preferredName: string; dateOfBirth: undefined; gender: undefined; genderIdentity: undefined; race: never[]; ethnicity: undefined; maritalStatus: undefined; veteranStatus: undefined; primaryLanguage: undefined; needsInterpreter: false; preferredCommunicationMethod: never[]; email: string; phoneNumbers: { number: string; type: "mobile"; isPrimary: true; }[]; address: { street1: string; street2: string; city: string; state: string; zipCode: string; country: string; }; sameAsMailingAddress: true; mailingAddress: { street1: string; street2: string; city: string; state: string; zipCode: string; country: string; }; housingStatus: undefined; emergencyContact: { name: string; relationship: string; phoneNumber: string; alternatePhone: string; }; socialSecurityNumber: string; hasLegalGuardian: false; legalGuardianInfo: undefined; hasPowerOfAttorney: false; powerOfAttorneyInfo: undefined; }' is not assignable to type 'AsyncDefaultValues<Partial<{ firstName: string; lastName: string; dateOfBirth: Date; gender: "male" | "female"; genderIdentity: GenderIdentity; race: Race[]; ethnicity: Ethnicity; maritalStatus: MaritalStatus; veteranStatus: VeteranStatus; primaryLanguage: Language; needsInterpreter: boolean; preferredCommunicationMethod: CommunicationMethod[]; phoneNumbers: { number: string; type: "other" | "mobile" | "home" | "work"; isPrimary: boolean; }[]; address: { street1: string; city: string; state: string; zipCode: string; country: string; street2?: string | undefined; }; sameAsMailingAddress: boolean; housingStatus: HousingStatus; emergencyContact: { name: string; relationship: string; phoneNumber: string; alternatePhone?: string | undefined; address?: { street1: string; city: string; state: string; zipCode: string; country: string; street2?: string | undefined; } | undefined; }; hasLegalGuardian: boolean; hasPowerOfAttorney: boolean; middleName?: string | undefined; preferredName?: string | undefined; pronouns?: string | undefined; email?: string | undefined; mailingAddress?: { street1: string; city: string; state: string; zipCode: string; country: string; street2?: string | undefined; } | undefined; socialSecurityNumber?: string | undefined; driverLicenseNumber?: string | undefined; driverLicenseState?: string | undefined; legalGuardianInfo?: { name: string; relationship: "other" | "legal_guardian" | "parent" | "grandparent"; phoneNumber: string; email?: string | undefined; address?: { street1: string; city: string; state: string; zipCode: string; country: string; street2?: string | undefined; } | undefined; } | undefined; powerOfAttorneyInfo?: { name: string; phoneNumber: string; } | undefined; }>> | { firstName?: string; lastName?: string; dateOfBirth?: Date; gender?: "male" | "female"; genderIdentity?: GenderIdentity; race?: (Race | undefined)[]; ethnicity?: Ethnicity; maritalStatus?: MaritalStatus; veteranStatus?: VeteranStatus; primaryLanguage?: Language; needsInterpreter?: boolean; preferredCommunicationMethod?: (CommunicationMethod | undefined)[]; phoneNumbers?: ({ number?: string; type?: "other" | "mobile" | "home" | "work"; isPrimary?: boolean; } | undefined)[]; address?: { street1?: string; city?: string; state?: string; zipCode?: string; country?: string; street2?: string | undefined; }; sameAsMailingAddress?: boolean; housingStatus?: HousingStatus; emergencyContact?: { name?: string; relationship?: string; phoneNumber?: string; alternatePhone?: string | undefined; address?: { street1?: string; city?: string; state?: string; zipCode?: string; country?: string; street2?: string | undefined; } | undefined; }; hasLegalGuardian?: boolean; hasPowerOfAttorney?: boolean; middleName?: string | undefined; preferredName?: string | undefined; pronouns?: string | undefined; email?: string | undefined; mailingAddress?: { street1?: string; city?: string; state?: string; zipCode?: string; country?: string; street2?: string | undefined; } | undefined; socialSecurityNumber?: string | undefined; driverLicenseNumber?: string | undefined; driverLicenseState?: string | undefined; legalGuardianInfo?: { name?: string; relationship?: "other" | "legal_guardian" | "parent" | "grandparent"; phoneNumber?: string; email?: string | undefined; address?: { street1?: string; city?: string; state?: string; zipCode?: string; country?: string; street2?: string | undefined; } | undefined; } | undefined; powerOfAttorneyInfo?: { name?: string; phoneNumber?: string; } | undefined; } | undefined'.
  Type '{ firstName: string; lastName: string; preferredName: string; dateOfBirth: undefined; gender: undefined; genderIdentity: undefined; race: never[]; ethnicity: undefined; maritalStatus: undefined; veteranStatus: undefined; primaryLanguage: undefined; needsInterpreter: false; preferredCommunicationMethod: never[]; email: string; phoneNumbers: { number: string; type: "mobile"; isPrimary: true; }[]; address: { street1: string; street2: string; city: string; state: string; zipCode: string; country: string; }; sameAsMailingAddress: true; mailingAddress: { street1: string; street2: string; city: string; state: string; zipCode: string; country: string; }; housingStatus: undefined; emergencyContact: { name: string; relationship: string; phoneNumber: string; alternatePhone: string; }; socialSecurityNumber: string; hasLegalGuardian: false; legalGuardianInfo: undefined; hasPowerOfAttorney: false; powerOfAttorneyInfo: undefined; }' is not assignable to type '{ firstName?: string; lastName?: string; dateOfBirth?: Date; gender?: "male" | "female"; genderIdentity?: GenderIdentity; race?: (Race | undefined)[]; ethnicity?: Ethnicity; maritalStatus?: MaritalStatus; veteranStatus?: VeteranStatus; primaryLanguage?: Language; needsInterpreter?: boolean; preferredCommunicationMethod?: (CommunicationMethod | undefined)[]; phoneNumbers?: ({ number?: string; type?: "other" | "mobile" | "home" | "work"; isPrimary?: boolean; } | undefined)[]; address?: { street1?: string; city?: string; state?: string; zipCode?: string; country?: string; street2?: string | undefined; }; sameAsMailingAddress?: boolean; housingStatus?: HousingStatus; emergencyContact?: { name?: string; relationship?: string; phoneNumber?: string; alternatePhone?: string | undefined; address?: { street1?: string; city?: string; state?: string; zipCode?: string; country?: string; street2?: string | undefined; } | undefined; }; hasLegalGuardian?: boolean; hasPowerOfAttorney?: boolean; middleName?: string | undefined; preferredName?: string | undefined; pronouns?: string | undefined; email?: string | undefined; mailingAddress?: { street1?: string; city?: string; state?: string; zipCode?: string; country?: string; street2?: string | undefined; } | undefined; socialSecurityNumber?: string | undefined; driverLicenseNumber?: string | undefined; driverLicenseState?: string | undefined; legalGuardianInfo?: { name?: string; relationship?: "other" | "legal_guardian" | "parent" | "grandparent"; phoneNumber?: string; email?: string | undefined; address?: { street1?: string; city?: string; state?: string; zipCode?: string; country?: string; street2?: string | undefined; } | undefined; } | undefined; powerOfAttorneyInfo?: { name?: string; phoneNumber?: string; } | undefined; }' with 'exactOptionalPropertyTypes: true'. Consider adding 'undefined' to the types of the target's properties.
    Types of property 'dateOfBirth' are incompatible.
      Type 'undefined' is not assignable to type 'Date'.
src/modules/intake/ui/step2-eligibility-insurance/components/AuthorizationsSection.tsx(10,23): error TS1149: File name 'D:/ORBIPAX-PROJECT/src/shared/ui/primitives/label/index.tsx' differs from already included file name 'D:/ORBIPAX-PROJECT/src/shared/ui/primitives/Label/index.tsx' only in casing.
  The file is in the program because:
    Imported via "@/shared/ui/primitives/Label" from file 'D:/ORBIPAX-PROJECT/src/shared/ui/primitives/Form/index.tsx'
    Imported via "@/shared/ui/primitives/label" from file 'D:/ORBIPAX-PROJECT/src/modules/intake/ui/step1-demographics/components/AddressSection.tsx'
    Imported via "@/shared/ui/primitives/label" from file 'D:/ORBIPAX-PROJECT/src/modules/intake/ui/step1-demographics/components/LegalSection.tsx'
    Imported via "@/shared/ui/primitives/label" from file 'D:/ORBIPAX-PROJECT/src/modules/intake/ui/step1-demographics/components/PersonalInfoSection.tsx'
    Imported via "@/shared/ui/primitives/label" from file 'D:/ORBIPAX-PROJECT/src/modules/intake/ui/step2-eligibility-insurance/components/AuthorizationsSection.tsx'
    Imported via "@/shared/ui/primitives/label" from file 'D:/ORBIPAX-PROJECT/src/modules/intake/ui/step2-eligibility-insurance/components/EligibilityRecordsSection.tsx'
    Imported via "@/shared/ui/primitives/label" from file 'D:/ORBIPAX-PROJECT/src/modules/intake/ui/step2-eligibility-insurance/components/GovernmentCoverageSection.tsx'
    Imported via "@/shared/ui/primitives/Label" from file 'D:/ORBIPAX-PROJECT/src/modules/intake/ui/step2-eligibility-insurance/components/InsuranceRecordsSection.tsx'
    Imported via "@/shared/ui/primitives/label" from file 'D:/ORBIPAX-PROJECT/src/modules/intake/ui/step3-diagnoses-clinical/components/DiagnosesSection.tsx'
    Imported via "@/shared/ui/primitives/label" from file 'D:/ORBIPAX-PROJECT/src/modules/intake/ui/step3-diagnoses-clinical/components/FunctionalAssessmentSection.tsx'
    Imported via "@/shared/ui/primitives/label" from file 'D:/ORBIPAX-PROJECT/src/modules/intake/ui/step3-diagnoses-clinical/components/PsychiatricEvaluationSection.tsx'
    Imported via "@/shared/ui/primitives/Label" from file 'D:/ORBIPAX-PROJECT/src/modules/intake/ui/step4-medical-providers/components/ProvidersSection.tsx'
    Imported via "@/shared/ui/primitives/Label" from file 'D:/ORBIPAX-PROJECT/src/modules/intake/ui/step4-medical-providers/components/PsychiatristEvaluatorSection.tsx'
    Imported via "@/shared/ui/primitives/label" from file 'D:/ORBIPAX-PROJECT/src/modules/intake/ui/step5-medications/components/CurrentMedicationsSection.tsx'
    Imported via "@/shared/ui/primitives/label" from file 'D:/ORBIPAX-PROJECT/src/modules/intake/ui/step5-medications/components/PharmacyInformationSection.tsx'
    Imported via "@/shared/ui/primitives/label" from file 'D:/ORBIPAX-PROJECT/src/modules/intake/ui/step6-referrals-services/components/TreatmentHistorySection.tsx'
    Imported via "@/shared/ui/primitives/label" from file 'D:/ORBIPAX-PROJECT/src/modules/intake/ui/step6-referrals-services/components/ExternalReferralsSection.tsx'
    Imported via "@/shared/ui/primitives/label" from file 'D:/ORBIPAX-PROJECT/src/modules/intake/ui/step6-referrals-services/components/InternalServiceReferralsSection.tsx'
    Imported via "@/shared/ui/primitives/label" from file 'D:/ORBIPAX-PROJECT/src/modules/intake/ui/step9-legal-consents/Step7LegalConsents.tsx'
    Imported via '@/shared/ui/primitives/label' from file 'D:/ORBIPAX-PROJECT/src/modules/intake/ui/step8-treatment-goals/components/TreatmentGoalsSection.tsx'
    Imported via '@/shared/ui/primitives/label' from file 'D:/ORBIPAX-PROJECT/src/modules/intake/ui/step8-treatment-goals/components/PriorityAreasSection.tsx'
    Imported via '@/shared/ui/primitives/Label' from file 'D:/ORBIPAX-PROJECT/src/modules/intake/ui/step10-review/Step10Review.tsx'
    Imported via "@/shared/ui/primitives/Label" from file 'D:/ORBIPAX-PROJECT/src/shared/ui/primitives/Combobox/index.tsx'
    Matched by include pattern 'src/**/*' in 'D:/ORBIPAX-PROJECT/tsconfig.json'
src/modules/intake/ui/step2-eligibility-insurance/components/EligibilityRecordsSection.tsx(8,23): error TS1149: File name 'D:/ORBIPAX-PROJECT/src/shared/ui/primitives/label/index.tsx' differs from already included file name 'D:/ORBIPAX-PROJECT/src/shared/ui/primitives/Label/index.tsx' only in casing.
  The file is in the program because:
    Imported via "@/shared/ui/primitives/Label" from file 'D:/ORBIPAX-PROJECT/src/shared/ui/primitives/Form/index.tsx'
    Imported via "@/shared/ui/primitives/label" from file 'D:/ORBIPAX-PROJECT/src/modules/intake/ui/step1-demographics/components/AddressSection.tsx'
    Imported via "@/shared/ui/primitives/label" from file 'D:/ORBIPAX-PROJECT/src/modules/intake/ui/step1-demographics/components/LegalSection.tsx'
    Imported via "@/shared/ui/primitives/label" from file 'D:/ORBIPAX-PROJECT/src/modules/intake/ui/step1-demographics/components/PersonalInfoSection.tsx'
    Imported via "@/shared/ui/primitives/label" from file 'D:/ORBIPAX-PROJECT/src/modules/intake/ui/step2-eligibility-insurance/components/AuthorizationsSection.tsx'
    Imported via "@/shared/ui/primitives/label" from file 'D:/ORBIPAX-PROJECT/src/modules/intake/ui/step2-eligibility-insurance/components/EligibilityRecordsSection.tsx'
    Imported via "@/shared/ui/primitives/label" from file 'D:/ORBIPAX-PROJECT/src/modules/intake/ui/step2-eligibility-insurance/components/GovernmentCoverageSection.tsx'
    Imported via "@/shared/ui/primitives/Label" from file 'D:/ORBIPAX-PROJECT/src/modules/intake/ui/step2-eligibility-insurance/components/InsuranceRecordsSection.tsx'
    Imported via "@/shared/ui/primitives/label" from file 'D:/ORBIPAX-PROJECT/src/modules/intake/ui/step3-diagnoses-clinical/components/DiagnosesSection.tsx'
    Imported via "@/shared/ui/primitives/label" from file 'D:/ORBIPAX-PROJECT/src/modules/intake/ui/step3-diagnoses-clinical/components/FunctionalAssessmentSection.tsx'
    Imported via "@/shared/ui/primitives/label" from file 'D:/ORBIPAX-PROJECT/src/modules/intake/ui/step3-diagnoses-clinical/components/PsychiatricEvaluationSection.tsx'
    Imported via "@/shared/ui/primitives/Label" from file 'D:/ORBIPAX-PROJECT/src/modules/intake/ui/step4-medical-providers/components/ProvidersSection.tsx'
    Imported via "@/shared/ui/primitives/Label" from file 'D:/ORBIPAX-PROJECT/src/modules/intake/ui/step4-medical-providers/components/PsychiatristEvaluatorSection.tsx'
    Imported via "@/shared/ui/primitives/label" from file 'D:/ORBIPAX-PROJECT/src/modules/intake/ui/step5-medications/components/CurrentMedicationsSection.tsx'
    Imported via "@/shared/ui/primitives/label" from file 'D:/ORBIPAX-PROJECT/src/modules/intake/ui/step5-medications/components/PharmacyInformationSection.tsx'
    Imported via "@/shared/ui/primitives/label" from file 'D:/ORBIPAX-PROJECT/src/modules/intake/ui/step6-referrals-services/components/TreatmentHistorySection.tsx'
    Imported via "@/shared/ui/primitives/label" from file 'D:/ORBIPAX-PROJECT/src/modules/intake/ui/step6-referrals-services/components/ExternalReferralsSection.tsx'
    Imported via "@/shared/ui/primitives/label" from file 'D:/ORBIPAX-PROJECT/src/modules/intake/ui/step6-referrals-services/components/InternalServiceReferralsSection.tsx'
    Imported via "@/shared/ui/primitives/label" from file 'D:/ORBIPAX-PROJECT/src/modules/intake/ui/step9-legal-consents/Step7LegalConsents.tsx'
    Imported via '@/shared/ui/primitives/label' from file 'D:/ORBIPAX-PROJECT/src/modules/intake/ui/step8-treatment-goals/components/TreatmentGoalsSection.tsx'
    Imported via '@/shared/ui/primitives/label' from file 'D:/ORBIPAX-PROJECT/src/modules/intake/ui/step8-treatment-goals/components/PriorityAreasSection.tsx'
    Imported via '@/shared/ui/primitives/Label' from file 'D:/ORBIPAX-PROJECT/src/modules/intake/ui/step10-review/Step10Review.tsx'
    Imported via "@/shared/ui/primitives/Label" from file 'D:/ORBIPAX-PROJECT/src/shared/ui/primitives/Combobox/index.tsx'
    Matched by include pattern 'src/**/*' in 'D:/ORBIPAX-PROJECT/tsconfig.json'
src/modules/intake/ui/step2-eligibility-insurance/components/GovernmentCoverageSection.tsx(10,23): error TS1149: File name 'D:/ORBIPAX-PROJECT/src/shared/ui/primitives/label/index.tsx' differs from already included file name 'D:/ORBIPAX-PROJECT/src/shared/ui/primitives/Label/index.tsx' only in casing.
  The file is in the program because:
    Imported via "@/shared/ui/primitives/Label" from file 'D:/ORBIPAX-PROJECT/src/shared/ui/primitives/Form/index.tsx'
    Imported via "@/shared/ui/primitives/label" from file 'D:/ORBIPAX-PROJECT/src/modules/intake/ui/step1-demographics/components/AddressSection.tsx'
    Imported via "@/shared/ui/primitives/label" from file 'D:/ORBIPAX-PROJECT/src/modules/intake/ui/step1-demographics/components/LegalSection.tsx'
    Imported via "@/shared/ui/primitives/label" from file 'D:/ORBIPAX-PROJECT/src/modules/intake/ui/step1-demographics/components/PersonalInfoSection.tsx'
    Imported via "@/shared/ui/primitives/label" from file 'D:/ORBIPAX-PROJECT/src/modules/intake/ui/step2-eligibility-insurance/components/AuthorizationsSection.tsx'
    Imported via "@/shared/ui/primitives/label" from file 'D:/ORBIPAX-PROJECT/src/modules/intake/ui/step2-eligibility-insurance/components/EligibilityRecordsSection.tsx'
    Imported via "@/shared/ui/primitives/label" from file 'D:/ORBIPAX-PROJECT/src/modules/intake/ui/step2-eligibility-insurance/components/GovernmentCoverageSection.tsx'
    Imported via "@/shared/ui/primitives/Label" from file 'D:/ORBIPAX-PROJECT/src/modules/intake/ui/step2-eligibility-insurance/components/InsuranceRecordsSection.tsx'
    Imported via "@/shared/ui/primitives/label" from file 'D:/ORBIPAX-PROJECT/src/modules/intake/ui/step3-diagnoses-clinical/components/DiagnosesSection.tsx'
    Imported via "@/shared/ui/primitives/label" from file 'D:/ORBIPAX-PROJECT/src/modules/intake/ui/step3-diagnoses-clinical/components/FunctionalAssessmentSection.tsx'
    Imported via "@/shared/ui/primitives/label" from file 'D:/ORBIPAX-PROJECT/src/modules/intake/ui/step3-diagnoses-clinical/components/PsychiatricEvaluationSection.tsx'
    Imported via "@/shared/ui/primitives/Label" from file 'D:/ORBIPAX-PROJECT/src/modules/intake/ui/step4-medical-providers/components/ProvidersSection.tsx'
    Imported via "@/shared/ui/primitives/Label" from file 'D:/ORBIPAX-PROJECT/src/modules/intake/ui/step4-medical-providers/components/PsychiatristEvaluatorSection.tsx'
    Imported via "@/shared/ui/primitives/label" from file 'D:/ORBIPAX-PROJECT/src/modules/intake/ui/step5-medications/components/CurrentMedicationsSection.tsx'
    Imported via "@/shared/ui/primitives/label" from file 'D:/ORBIPAX-PROJECT/src/modules/intake/ui/step5-medications/components/PharmacyInformationSection.tsx'
    Imported via "@/shared/ui/primitives/label" from file 'D:/ORBIPAX-PROJECT/src/modules/intake/ui/step6-referrals-services/components/TreatmentHistorySection.tsx'
    Imported via "@/shared/ui/primitives/label" from file 'D:/ORBIPAX-PROJECT/src/modules/intake/ui/step6-referrals-services/components/ExternalReferralsSection.tsx'
    Imported via "@/shared/ui/primitives/label" from file 'D:/ORBIPAX-PROJECT/src/modules/intake/ui/step6-referrals-services/components/InternalServiceReferralsSection.tsx'
    Imported via "@/shared/ui/primitives/label" from file 'D:/ORBIPAX-PROJECT/src/modules/intake/ui/step9-legal-consents/Step7LegalConsents.tsx'
    Imported via '@/shared/ui/primitives/label' from file 'D:/ORBIPAX-PROJECT/src/modules/intake/ui/step8-treatment-goals/components/TreatmentGoalsSection.tsx'
    Imported via '@/shared/ui/primitives/label' from file 'D:/ORBIPAX-PROJECT/src/modules/intake/ui/step8-treatment-goals/components/PriorityAreasSection.tsx'
    Imported via '@/shared/ui/primitives/Label' from file 'D:/ORBIPAX-PROJECT/src/modules/intake/ui/step10-review/Step10Review.tsx'
    Imported via "@/shared/ui/primitives/Label" from file 'D:/ORBIPAX-PROJECT/src/shared/ui/primitives/Combobox/index.tsx'
    Matched by include pattern 'src/**/*' in 'D:/ORBIPAX-PROJECT/tsconfig.json'
src/modules/intake/ui/step2-eligibility-insurance/components/GovernmentCoverageSection.tsx(47,9): error TS2322: Type '"medicaid"' is not assignable to type 'InsuranceType'.
src/modules/intake/ui/step2-eligibility-insurance/components/GovernmentCoverageSection.tsx(56,9): error TS2322: Type '"unknown"' is not assignable to type 'BooleanResponse'.
src/modules/intake/ui/step2-eligibility-insurance/components/GovernmentCoverageSection.tsx(57,9): error TS2322: Type '"unknown"' is not assignable to type 'BooleanResponse'.
src/modules/intake/ui/step2-eligibility-insurance/components/GovernmentCoverageSection.tsx(65,9): error TS2322: Type '"medicare"' is not assignable to type 'InsuranceType'.
src/modules/intake/ui/step2-eligibility-insurance/components/GovernmentCoverageSection.tsx(74,9): error TS2322: Type '"unknown"' is not assignable to type 'BooleanResponse'.
src/modules/intake/ui/step2-eligibility-insurance/components/GovernmentCoverageSection.tsx(75,9): error TS2322: Type '"unknown"' is not assignable to type 'BooleanResponse'.
src/modules/intake/ui/step2-eligibility-insurance/components/GovernmentCoverageSection.tsx(154,24): error TS2375: Type '{ id: string; placeholder: string; className: string; "aria-invalid": boolean; "aria-describedby": string | undefined; onChange: (...event: any[]) => void; onBlur: Noop; value: Date; disabled?: boolean; name: `insuranceCoverages.${number}.effectiveDate`; ref: RefCallBack; }' is not assignable to type 'DatePickerProps' with 'exactOptionalPropertyTypes: true'. Consider adding 'undefined' to the types of the target's properties.
  Types of property '"aria-describedby"' are incompatible.
    Type 'string | undefined' is not assignable to type 'string'.
      Type 'undefined' is not assignable to type 'string'.
src/modules/intake/ui/step2-eligibility-insurance/components/InsuranceRecordsSection.tsx(82,11): error TS2353: Object literal may only specify known properties, and 'title' does not exist in type '(() => ReactNode) | ReactElement<any, string | JSXElementConstructor<any>> | Iterable<ReactNode> | ReactPortal | Promise<AwaitedReactNode>'.
src/modules/intake/ui/step2-eligibility-insurance/components/InsuranceRecordsSection.tsx(91,11): error TS2353: Object literal may only specify known properties, and 'title' does not exist in type '(() => ReactNode) | ReactElement<any, string | JSXElementConstructor<any>> | Iterable<ReactNode> | ReactPortal | Promise<AwaitedReactNode>'.
src/modules/intake/ui/step2-eligibility-insurance/components/InsuranceRecordsSection.tsx(101,9): error TS2353: Object literal may only specify known properties, and 'title' does not exist in type '(() => ReactNode) | ReactElement<any, string | JSXElementConstructor<any>> | Iterable<ReactNode> | ReactPortal | Promise<AwaitedReactNode>'.
src/modules/intake/ui/step2-eligibility-insurance/components/InsuranceRecordsSection.tsx(113,7): error TS2322: Type '"private"' is not assignable to type 'InsuranceType'.
src/modules/intake/ui/step2-eligibility-insurance/components/InsuranceRecordsSection.tsx(120,7): error TS2322: Type 'undefined' is not assignable to type 'Date'.
src/modules/intake/ui/step2-eligibility-insurance/components/InsuranceRecordsSection.tsx(362,28): error TS2375: Type '{ id: string; placeholder: string; className: string; "aria-label": string; "aria-required": true; "aria-invalid": boolean; "aria-describedby": string | undefined; onChange: (...event: any[]) => void; onBlur: Noop; value: Date; disabled?: boolean; name: `insuranceCoverages.${number}.effectiveDate`; ref: RefCallBack; }' is not assignable to type 'DatePickerProps' with 'exactOptionalPropertyTypes: true'. Consider adding 'undefined' to the types of the target's properties.
  Types of property '"aria-describedby"' are incompatible.
    Type 'string | undefined' is not assignable to type 'string'.
      Type 'undefined' is not assignable to type 'string'.
src/modules/intake/ui/step2-eligibility-insurance/components/InsuranceRecordsSection.tsx(392,28): error TS2375: Type '{ id: string; placeholder: string; className: string; "aria-label": string; "aria-invalid": boolean; "aria-describedby": string | undefined; onChange: (...event: any[]) => void; onBlur: Noop; value: Date | undefined; disabled?: boolean; name: `insuranceCoverages.${number}.expirationDate`; ref: RefCallBack; }' is not assignable to type 'DatePickerProps' with 'exactOptionalPropertyTypes: true'. Consider adding 'undefined' to the types of the target's properties.
  Types of property '"aria-describedby"' are incompatible.
    Type 'string | undefined' is not assignable to type 'string'.
      Type 'undefined' is not assignable to type 'string'.
src/modules/intake/ui/step2-eligibility-insurance/components/InsuranceRecordsSection.tsx(421,28): error TS2375: Type '{ children: Element[]; value: InsurancePlanKind | undefined; onValueChange: (...event: any[]) => void; }' is not assignable to type '{ value?: string; defaultValue?: string; onValueChange?(value: string): void; }' with 'exactOptionalPropertyTypes: true'. Consider adding 'undefined' to the types of the target's properties.
  Types of property 'value' are incompatible.
    Type 'import("D:/ORBIPAX-PROJECT/src/modules/intake/domain/types/common").InsurancePlanKind | undefined' is not assignable to type 'string'.
      Type 'undefined' is not assignable to type 'string'.
src/modules/intake/ui/step2-eligibility-insurance/components/InsuranceRecordsSection.tsx(505,28): error TS2375: Type '{ id: string; placeholder: string; className: string; maxDate: Date; "aria-label": string; "aria-required": string; "aria-invalid": boolean; "aria-describedby": string | undefined; onChange: (...event: any[]) => void; onBlur: Noop; value: Date; disabled?: boolean; name: `insuranceCoverages.${number}.subscriberDateOfBirth`; ref: RefCallBack; }' is not assignable to type 'DatePickerProps' with 'exactOptionalPropertyTypes: true'. Consider adding 'undefined' to the types of the target's properties.
  Types of property '"aria-describedby"' are incompatible.
    Type 'string | undefined' is not assignable to type 'string'.
      Type 'undefined' is not assignable to type 'string'.
src/modules/intake/ui/step2-eligibility-insurance/Step2EligibilityInsurance.tsx(67,49): error TS4111: Property 'subscriberDateOfBirth' comes from an index signature, so it must be accessed with ['subscriberDateOfBirth'].
src/modules/intake/ui/step2-eligibility-insurance/Step2EligibilityInsurance.tsx(68,41): error TS4111: Property 'effectiveDate' comes from an index signature, so it must be accessed with ['effectiveDate'].
src/modules/intake/ui/step2-eligibility-insurance/Step2EligibilityInsurance.tsx(69,42): error TS4111: Property 'expirationDate' comes from an index signature, so it must be accessed with ['expirationDate'].
src/modules/intake/ui/step2-eligibility-insurance/Step2EligibilityInsurance.tsx(70,44): error TS4111: Property 'verificationDate' comes from an index signature, so it must be accessed with ['verificationDate'].
src/modules/intake/ui/step2-eligibility-insurance/Step2EligibilityInsurance.tsx(71,45): error TS4111: Property 'preAuthExpiration' comes from an index signature, so it must be accessed with ['preAuthExpiration'].
src/modules/intake/ui/step2-eligibility-insurance/Step2EligibilityInsurance.tsx(82,18): error TS4111: Property 'data' comes from an index signature, so it must be accessed with ['data'].
src/modules/intake/ui/step2-eligibility-insurance/Step2EligibilityInsurance.tsx(86,25): error TS4111: Property 'data' comes from an index signature, so it must be accessed with ['data'].
src/modules/intake/ui/step2-eligibility-insurance/Step2EligibilityInsurance.tsx(91,5): error TS2322: Type 'Record<string, unknown>[]' is not assignable to type '{ type: InsuranceType; carrierName: string; policyNumber: string; subscriberName: string; subscriberDateOfBirth: Date; subscriberRelationship: "other" | "self" | "spouse" | "parent" | "child"; effectiveDate: Date; isPrimary: boolean; isVerified: boolean; hasMentalHealthCoverage: BooleanResponse; requiresPreAuth: BooleanResponse; groupNumber?: string | undefined; planKind?: InsurancePlanKind | undefined; planName?: string | null | undefined; subscriberSSN?: string | undefined; expirationDate?: Date | undefined; verificationDate?: Date | undefined; verificationNotes?: string | undefined; mentalHealthCopay?: number | undefined; mentalHealthDeductible?: number | undefined; annualMentalHealthLimit?: number | undefined; preAuthNumber?: string | undefined; preAuthExpiration?: Date | undefined; }[]'.
  Type 'Record<string, unknown>' is missing the following properties from type '{ type: InsuranceType; carrierName: string; policyNumber: string; subscriberName: string; subscriberDateOfBirth: Date; subscriberRelationship: "other" | "self" | "spouse" | "parent" | "child"; effectiveDate: Date; isPrimary: boolean; isVerified: boolean; hasMentalHealthCoverage: BooleanResponse; requiresPreAuth: BooleanResponse; groupNumber?: string | undefined; planKind?: InsurancePlanKind | undefined; planName?: string | null | undefined; subscriberSSN?: string | undefined; expirationDate?: Date | undefined; verificationDate?: Date | undefined; verificationNotes?: string | undefined; mentalHealthCopay?: number | undefined; mentalHealthDeductible?: number | undefined; annualMentalHealthLimit?: number | undefined; preAuthNumber?: string | undefined; preAuthExpiration?: Date | undefined; }': type, carrierName, policyNumber, subscriberName, and 7 more.
src/modules/intake/ui/step2-eligibility-insurance/Step2EligibilityInsurance.tsx(91,50): error TS4111: Property 'insuranceCoverages' comes from an index signature, so it must be accessed with ['insuranceCoverages'].
src/modules/intake/ui/step2-eligibility-insurance/Step2EligibilityInsurance.tsx(124,5): error TS2322: Type 'Resolver<{ insuranceCoverages?: { type: InsuranceType; carrierName: string; policyNumber: string; subscriberName: string; subscriberDateOfBirth: Date; subscriberRelationship: "other" | "self" | "spouse" | "parent" | "child"; effectiveDate: Date; isPrimary: boolean; hasMentalHealthCoverage: BooleanResponse; requiresPreAuth: BooleanResponse; groupNumber?: string | undefined; planKind?: InsurancePlanKind | undefined; planName?: string | null | undefined; subscriberSSN?: string | undefined; expirationDate?: Date | undefined; isVerified?: boolean | undefined; verificationDate?: Date | undefined; verificationNotes?: string | undefined; mentalHealthCopay?: number | undefined; mentalHealthDeductible?: number | undefined; annualMentalHealthLimit?: number | undefined; preAuthNumber?: string | undefined; preAuthExpiration?: Date | undefined; }[] | undefined; isUninsured?: boolean | undefined; uninsuredReason?: string | undefined; eligibilityCriteria?: { residesInServiceArea: BooleanResponse; ageGroup: "adult" | "child" | "adolescent" | "senior"; isEligibleByAge: boolean; hasDiagnosedMentalHealth: BooleanResponse; impactsDaily: BooleanResponse; impactsWork: BooleanResponse; impactsRelationships: BooleanResponse; suicidalIdeation: BooleanResponse; substanceUse: BooleanResponse; domesticViolence: BooleanResponse; homelessness: BooleanResponse; isVeteran: boolean; isPregnantPostpartum: boolean; hasChildWelfare: boolean; hasLegalInvolvement: boolean; previousMentalHealthTreatment: BooleanResponse; currentlyInTreatment: BooleanResponse; serviceAreaCounty?: string | undefined; diagnosisVerified?: boolean | undefined; functionalImpairmentLevel?: "mild" | "moderate" | "severe" | "very-severe" | undefined; lastTreatmentDate?: Date | undefined; reasonForLeaving?: string | undefined; } | undefined; financialInformation?: { householdSize: number; monthlyHouseholdIncome: number; incomeSource: ("other" | "employment" | "unemployment" | "disability" | "social-security" | "pension" | "public-assistance")[]; federalPovertyLevel: number; qualifiesForSliding: boolean; hasAssets: BooleanResponse; receivesMedicaid: boolean; receivesMedicare: boolean; receivesSSI: boolean; receivesSSDI: boolean; receivesTANF: boolean; receivesSNAP: boolean; preferredPaymentMethod: "insurance" | "sliding-scale" | "self-pay" | "grant-funded"; agreedToPayment: boolean; totalAssets?: number | undefined; paymentArrangementNotes?: string | undefined; } | undefined; eligibilityStatus?: "pending" | "eligible" | "ineligible" | "conditional" | undefined; eligibilityDeterminedBy?: string | undefined; eligibilityDeterminedDate?: Date | undefined; eligibilityNotes?: string | undefined; specialProgramsEligible?: ("crisis-services" | "intensive-outpatient" | "assertive-community-treatment" | "peer-support" | "family-services" | "substance-abuse-treatment" | "housing-support" | "vocational-rehabilitation")[] | undefined; documentsProvided?: ("photo-id" | "insurance-card" | "income-verification" | "benefit-award-letter" | "medical-records" | "court-order" | "custody-documents")[] | undefined; documentsNeeded?: ("photo-id" | "insurance-card" | "income-verification" | "benefit-award-letter" | "medical-records" | "court-order" | "custody-documents")[] | undefined; }, any, { insuranceCoverages?: { type: InsuranceType; carrierName: string; policyNumber: string; subscriberName: string; subscriberDateOfBirth: Date; subscriberRelationship: "other" | "self" | "spouse" | "parent" | "child"; effectiveDate: Date; isPrimary: boolean; isVerified: boolean; hasMentalHealthCoverage: BooleanResponse; requiresPreAuth: BooleanResponse; groupNumber?: string | undefined; planKind?: InsurancePlanKind | undefined; planName?: string | null | undefined; subscriberSSN?: string | undefined; expirationDate?: Date | undefined; verificationDate?: Date | undefined; verificationNotes?: string | undefined; mentalHealthCopay?: number | undefined; mentalHealthDeductible?: number | undefined; annualMentalHealthLimit?: number | undefined; preAuthNumber?: string | undefined; preAuthExpiration?: Date | undefined; }[] | undefined; isUninsured?: boolean | undefined; uninsuredReason?: string | undefined; eligibilityCriteria?: { residesInServiceArea: BooleanResponse; ageGroup: "adult" | "child" | "adolescent" | "senior"; isEligibleByAge: boolean; hasDiagnosedMentalHealth: BooleanResponse; diagnosisVerified: boolean; impactsDaily: BooleanResponse; impactsWork: BooleanResponse; impactsRelationships: BooleanResponse; suicidalIdeation: BooleanResponse; substanceUse: BooleanResponse; domesticViolence: BooleanResponse; homelessness: BooleanResponse; isVeteran: boolean; isPregnantPostpartum: boolean; hasChildWelfare: boolean; hasLegalInvolvement: boolean; previousMentalHealthTreatment: BooleanResponse; currentlyInTreatment: BooleanResponse; serviceAreaCounty?: string | undefined; functionalImpairmentLevel?: "mild" | "moderate" | "severe" | "very-severe" | undefined; lastTreatmentDate?: Date | undefined; reasonForLeaving?: string | undefined; } | undefined; financialInformation?: { householdSize: number; monthlyHouseholdIncome: number; incomeSource: ("other" | "employment" | "unemployment" | "disability" | "social-security" | "pension" | "public-assistance")[]; federalPovertyLevel: number; qualifiesForSliding: boolean; hasAssets: BooleanResponse; receivesMedicaid: boolean; receivesMedicare: boolean; receivesSSI: boolean; receivesSSDI: boolean; receivesTANF: boolean; receivesSNAP: boolean; preferredPaymentMethod: "insurance" | "sliding-scale" | "self-pay" | "grant-funded"; agreedToPayment: boolean; totalAssets?: number | undefined; paymentArrangementNotes?: string | undefined; } | undefined; eligibilityStatus?: "pending" | "eligible" | "ineligible" | "conditional" | undefined; eligibilityDeterminedBy?: string | undefined; eligibilityDeterminedDate?: Date | undefined; eligibilityNotes?: string | undefined; specialProgramsEligible?: ("crisis-services" | "intensive-outpatient" | "assertive-community-treatment" | "peer-support" | "family-services" | "substance-abuse-treatment" | "housing-support" | "vocational-rehabilitation")[] | undefined; documentsProvided?: ("photo-id" | "insurance-card" | "income-verification" | "benefit-award-letter" | "medical-records" | "court-order" | "custody-documents")[] | undefined; documentsNeeded?: ("photo-id" | "insurance-card" | "income-verification" | "benefit-award-letter" | "medical-records" | "court-order" | "custody-documents")[] | undefined; }>' is not assignable to type 'Resolver<Partial<{ insuranceCoverages: { type: InsuranceType; carrierName: string; policyNumber: string; subscriberName: string; subscriberDateOfBirth: Date; subscriberRelationship: "other" | "self" | "spouse" | "parent" | "child"; effectiveDate: Date; isPrimary: boolean; isVerified: boolean; hasMentalHealthCoverage: BooleanResponse; requiresPreAuth: BooleanResponse; groupNumber?: string | undefined; planKind?: InsurancePlanKind | undefined; planName?: string | null | undefined; subscriberSSN?: string | undefined; expirationDate?: Date | undefined; verificationDate?: Date | undefined; verificationNotes?: string | undefined; mentalHealthCopay?: number | undefined; mentalHealthDeductible?: number | undefined; annualMentalHealthLimit?: number | undefined; preAuthNumber?: string | undefined; preAuthExpiration?: Date | undefined; }[]; isUninsured: boolean; eligibilityCriteria: { residesInServiceArea: BooleanResponse; ageGroup: "adult" | "child" | "adolescent" | "senior"; isEligibleByAge: boolean; hasDiagnosedMentalHealth: BooleanResponse; diagnosisVerified: boolean; impactsDaily: BooleanResponse; impactsWork: BooleanResponse; impactsRelationships: BooleanResponse; suicidalIdeation: BooleanResponse; substanceUse: BooleanResponse; domesticViolence: BooleanResponse; homelessness: BooleanResponse; isVeteran: boolean; isPregnantPostpartum: boolean; hasChildWelfare: boolean; hasLegalInvolvement: boolean; previousMentalHealthTreatment: BooleanResponse; currentlyInTreatment: BooleanResponse; serviceAreaCounty?: string | undefined; functionalImpairmentLevel?: "mild" | "moderate" | "severe" | "very-severe" | undefined; lastTreatmentDate?: Date | undefined; reasonForLeaving?: string | undefined; }; financialInformation: { householdSize: number; monthlyHouseholdIncome: number; incomeSource: ("other" | "employment" | "unemployment" | "disability" | "social-security" | "pension" | "public-assistance")[]; federalPovertyLevel: number; qualifiesForSliding: boolean; hasAssets: BooleanResponse; receivesMedicaid: boolean; receivesMedicare: boolean; receivesSSI: boolean; receivesSSDI: boolean; receivesTANF: boolean; receivesSNAP: boolean; preferredPaymentMethod: "insurance" | "sliding-scale" | "self-pay" | "grant-funded"; agreedToPayment: boolean; totalAssets?: number | undefined; paymentArrangementNotes?: string | undefined; }; specialProgramsEligible: ("crisis-services" | "intensive-outpatient" | "assertive-community-treatment" | "peer-support" | "family-services" | "substance-abuse-treatment" | "housing-support" | "vocational-rehabilitation")[]; documentsProvided: ("photo-id" | "insurance-card" | "income-verification" | "benefit-award-letter" | "medical-records" | "court-order" | "custody-documents")[]; documentsNeeded: ("photo-id" | "insurance-card" | "income-verification" | "benefit-award-letter" | "medical-records" | "court-order" | "custody-documents")[]; uninsuredReason?: string | undefined; eligibilityStatus?: "pending" | "eligible" | "ineligible" | "conditional" | undefined; eligibilityDeterminedBy?: string | undefined; eligibilityDeterminedDate?: Date | undefined; eligibilityNotes?: string | undefined; }>, any, Partial<{ insuranceCoverages: { type: InsuranceType; carrierName: string; policyNumber: string; subscriberName: string; subscriberDateOfBirth: Date; subscriberRelationship: "other" | "self" | "spouse" | "parent" | "child"; effectiveDate: Date; isPrimary: boolean; isVerified: boolean; hasMentalHealthCoverage: BooleanResponse; requiresPreAuth: BooleanResponse; groupNumber?: string | undefined; planKind?: InsurancePlanKind | undefined; planName?: string | null | undefined; subscriberSSN?: string | undefined; expirationDate?: Date | undefined; verificationDate?: Date | undefined; verificationNotes?: string | undefined; mentalHealthCopay?: number | undefined; mentalHealthDeductible?: number | undefined; annualMentalHealthLimit?: number | undefined; preAuthNumber?: string | undefined; preAuthExpiration?: Date | undefined; }[]; isUninsured: boolean; eligibilityCriteria: { residesInServiceArea: BooleanResponse; ageGroup: "adult" | "child" | "adolescent" | "senior"; isEligibleByAge: boolean; hasDiagnosedMentalHealth: BooleanResponse; diagnosisVerified: boolean; impactsDaily: BooleanResponse; impactsWork: BooleanResponse; impactsRelationships: BooleanResponse; suicidalIdeation: BooleanResponse; substanceUse: BooleanResponse; domesticViolence: BooleanResponse; homelessness: BooleanResponse; isVeteran: boolean; isPregnantPostpartum: boolean; hasChildWelfare: boolean; hasLegalInvolvement: boolean; previousMentalHealthTreatment: BooleanResponse; currentlyInTreatment: BooleanResponse; serviceAreaCounty?: string | undefined; functionalImpairmentLevel?: "mild" | "moderate" | "severe" | "very-severe" | undefined; lastTreatmentDate?: Date | undefined; reasonForLeaving?: string | undefined; }; financialInformation: { householdSize: number; monthlyHouseholdIncome: number; incomeSource: ("other" | "employment" | "unemployment" | "disability" | "social-security" | "pension" | "public-assistance")[]; federalPovertyLevel: number; qualifiesForSliding: boolean; hasAssets: BooleanResponse; receivesMedicaid: boolean; receivesMedicare: boolean; receivesSSI: boolean; receivesSSDI: boolean; receivesTANF: boolean; receivesSNAP: boolean; preferredPaymentMethod: "insurance" | "sliding-scale" | "self-pay" | "grant-funded"; agreedToPayment: boolean; totalAssets?: number | undefined; paymentArrangementNotes?: string | undefined; }; specialProgramsEligible: ("crisis-services" | "intensive-outpatient" | "assertive-community-treatment" | "peer-support" | "family-services" | "substance-abuse-treatment" | "housing-support" | "vocational-rehabilitation")[]; documentsProvided: ("photo-id" | "insurance-card" | "income-verification" | "benefit-award-letter" | "medical-records" | "court-order" | "custody-documents")[]; documentsNeeded: ("photo-id" | "insurance-card" | "income-verification" | "benefit-award-letter" | "medical-records" | "court-order" | "custody-documents")[]; uninsuredReason?: string | undefined; eligibilityStatus?: "pending" | "eligible" | "ineligible" | "conditional" | undefined; eligibilityDeterminedBy?: string | undefined; eligibilityDeterminedDate?: Date | undefined; eligibilityNotes?: string | undefined; }>>'.
  Types of parameters 'options' and 'options' are incompatible.
    Type 'ResolverOptions<Partial<{ insuranceCoverages: { type: InsuranceType; carrierName: string; policyNumber: string; subscriberName: string; subscriberDateOfBirth: Date; subscriberRelationship: "other" | "self" | "spouse" | "parent" | "child"; effectiveDate: Date; isPrimary: boolean; isVerified: boolean; hasMentalHealthCoverage: BooleanResponse; requiresPreAuth: BooleanResponse; groupNumber?: string | undefined; planKind?: InsurancePlanKind | undefined; planName?: string | null | undefined; subscriberSSN?: string | undefined; expirationDate?: Date | undefined; verificationDate?: Date | undefined; verificationNotes?: string | undefined; mentalHealthCopay?: number | undefined; mentalHealthDeductible?: number | undefined; annualMentalHealthLimit?: number | undefined; preAuthNumber?: string | undefined; preAuthExpiration?: Date | undefined; }[]; isUninsured: boolean; eligibilityCriteria: { residesInServiceArea: BooleanResponse; ageGroup: "adult" | "child" | "adolescent" | "senior"; isEligibleByAge: boolean; hasDiagnosedMentalHealth: BooleanResponse; diagnosisVerified: boolean; impactsDaily: BooleanResponse; impactsWork: BooleanResponse; impactsRelationships: BooleanResponse; suicidalIdeation: BooleanResponse; substanceUse: BooleanResponse; domesticViolence: BooleanResponse; homelessness: BooleanResponse; isVeteran: boolean; isPregnantPostpartum: boolean; hasChildWelfare: boolean; hasLegalInvolvement: boolean; previousMentalHealthTreatment: BooleanResponse; currentlyInTreatment: BooleanResponse; serviceAreaCounty?: string | undefined; functionalImpairmentLevel?: "mild" | "moderate" | "severe" | "very-severe" | undefined; lastTreatmentDate?: Date | undefined; reasonForLeaving?: string | undefined; }; financialInformation: { householdSize: number; monthlyHouseholdIncome: number; incomeSource: ("other" | "employment" | "unemployment" | "disability" | "social-security" | "pension" | "public-assistance")[]; federalPovertyLevel: number; qualifiesForSliding: boolean; hasAssets: BooleanResponse; receivesMedicaid: boolean; receivesMedicare: boolean; receivesSSI: boolean; receivesSSDI: boolean; receivesTANF: boolean; receivesSNAP: boolean; preferredPaymentMethod: "insurance" | "sliding-scale" | "self-pay" | "grant-funded"; agreedToPayment: boolean; totalAssets?: number | undefined; paymentArrangementNotes?: string | undefined; }; specialProgramsEligible: ("crisis-services" | "intensive-outpatient" | "assertive-community-treatment" | "peer-support" | "family-services" | "substance-abuse-treatment" | "housing-support" | "vocational-rehabilitation")[]; documentsProvided: ("photo-id" | "insurance-card" | "income-verification" | "benefit-award-letter" | "medical-records" | "court-order" | "custody-documents")[]; documentsNeeded: ("photo-id" | "insurance-card" | "income-verification" | "benefit-award-letter" | "medical-records" | "court-order" | "custody-documents")[]; uninsuredReason?: string | undefined; eligibilityStatus?: "pending" | "eligible" | "ineligible" | "conditional" | undefined; eligibilityDeterminedBy?: string | undefined; eligibilityDeterminedDate?: Date | undefined; eligibilityNotes?: string | undefined; }>>' is not assignable to type 'ResolverOptions<{ insuranceCoverages?: { type: InsuranceType; carrierName: string; policyNumber: string; subscriberName: string; subscriberDateOfBirth: Date; subscriberRelationship: "other" | "self" | "spouse" | "parent" | "child"; effectiveDate: Date; isPrimary: boolean; hasMentalHealthCoverage: BooleanResponse; requiresPreAuth: BooleanResponse; groupNumber?: string | undefined; planKind?: InsurancePlanKind | undefined; planName?: string | null | undefined; subscriberSSN?: string | undefined; expirationDate?: Date | undefined; isVerified?: boolean | undefined; verificationDate?: Date | undefined; verificationNotes?: string | undefined; mentalHealthCopay?: number | undefined; mentalHealthDeductible?: number | undefined; annualMentalHealthLimit?: number | undefined; preAuthNumber?: string | undefined; preAuthExpiration?: Date | undefined; }[] | undefined; isUninsured?: boolean | undefined; uninsuredReason?: string | undefined; eligibilityCriteria?: { residesInServiceArea: BooleanResponse; ageGroup: "adult" | "child" | "adolescent" | "senior"; isEligibleByAge: boolean; hasDiagnosedMentalHealth: BooleanResponse; impactsDaily: BooleanResponse; impactsWork: BooleanResponse; impactsRelationships: BooleanResponse; suicidalIdeation: BooleanResponse; substanceUse: BooleanResponse; domesticViolence: BooleanResponse; homelessness: BooleanResponse; isVeteran: boolean; isPregnantPostpartum: boolean; hasChildWelfare: boolean; hasLegalInvolvement: boolean; previousMentalHealthTreatment: BooleanResponse; currentlyInTreatment: BooleanResponse; serviceAreaCounty?: string | undefined; diagnosisVerified?: boolean | undefined; functionalImpairmentLevel?: "mild" | "moderate" | "severe" | "very-severe" | undefined; lastTreatmentDate?: Date | undefined; reasonForLeaving?: string | undefined; } | undefined; financialInformation?: { householdSize: number; monthlyHouseholdIncome: number; incomeSource: ("other" | "employment" | "unemployment" | "disability" | "social-security" | "pension" | "public-assistance")[]; federalPovertyLevel: number; qualifiesForSliding: boolean; hasAssets: BooleanResponse; receivesMedicaid: boolean; receivesMedicare: boolean; receivesSSI: boolean; receivesSSDI: boolean; receivesTANF: boolean; receivesSNAP: boolean; preferredPaymentMethod: "insurance" | "sliding-scale" | "self-pay" | "grant-funded"; agreedToPayment: boolean; totalAssets?: number | undefined; paymentArrangementNotes?: string | undefined; } | undefined; eligibilityStatus?: "pending" | "eligible" | "ineligible" | "conditional" | undefined; eligibilityDeterminedBy?: string | undefined; eligibilityDeterminedDate?: Date | undefined; eligibilityNotes?: string | undefined; specialProgramsEligible?: ("crisis-services" | "intensive-outpatient" | "assertive-community-treatment" | "peer-support" | "family-services" | "substance-abuse-treatment" | "housing-support" | "vocational-rehabilitation")[] | undefined; documentsProvided?: ("photo-id" | "insurance-card" | "income-verification" | "benefit-award-letter" | "medical-records" | "court-order" | "custody-documents")[] | undefined; documentsNeeded?: ("photo-id" | "insurance-card" | "income-verification" | "benefit-award-letter" | "medical-records" | "court-order" | "custody-documents")[] | undefined; }>' with 'exactOptionalPropertyTypes: true'. Consider adding 'undefined' to the types of the target's properties.
      Type '{ type: InsuranceType; carrierName: string; policyNumber: string; subscriberName: string; subscriberDateOfBirth: Date; subscriberRelationship: "other" | "self" | "spouse" | "parent" | "child"; effectiveDate: Date; isPrimary: boolean; hasMentalHealthCoverage: BooleanResponse; requiresPreAuth: BooleanResponse; groupNumber?: string | undefined; planKind?: InsurancePlanKind | undefined; planName?: string | null | undefined; subscriberSSN?: string | undefined; expirationDate?: Date | undefined; isVerified?: boolean | undefined; verificationDate?: Date | undefined; verificationNotes?: string | undefined; mentalHealthCopay?: number | undefined; mentalHealthDeductible?: number | undefined; annualMentalHealthLimit?: number | undefined; preAuthNumber?: string | undefined; preAuthExpiration?: Date | undefined; }[] | undefined' is not assignable to type '{ type: InsuranceType; carrierName: string; policyNumber: string; subscriberName: string; subscriberDateOfBirth: Date; subscriberRelationship: "other" | "self" | "spouse" | "parent" | "child"; effectiveDate: Date; isPrimary: boolean; isVerified: boolean; hasMentalHealthCoverage: BooleanResponse; requiresPreAuth: BooleanResponse; groupNumber?: string | undefined; planKind?: InsurancePlanKind | undefined; planName?: string | null | undefined; subscriberSSN?: string | undefined; expirationDate?: Date | undefined; verificationDate?: Date | undefined; verificationNotes?: string | undefined; mentalHealthCopay?: number | undefined; mentalHealthDeductible?: number | undefined; annualMentalHealthLimit?: number | undefined; preAuthNumber?: string | undefined; preAuthExpiration?: Date | undefined; }[]'.
        Type 'undefined' is not assignable to type '{ type: InsuranceType; carrierName: string; policyNumber: string; subscriberName: string; subscriberDateOfBirth: Date; subscriberRelationship: "other" | "self" | "spouse" | "parent" | "child"; effectiveDate: Date; isPrimary: boolean; isVerified: boolean; hasMentalHealthCoverage: BooleanResponse; requiresPreAuth: BooleanResponse; groupNumber?: string | undefined; planKind?: InsurancePlanKind | undefined; planName?: string | null | undefined; subscriberSSN?: string | undefined; expirationDate?: Date | undefined; verificationDate?: Date | undefined; verificationNotes?: string | undefined; mentalHealthCopay?: number | undefined; mentalHealthDeductible?: number | undefined; annualMentalHealthLimit?: number | undefined; preAuthNumber?: string | undefined; preAuthExpiration?: Date | undefined; }[]'.
src/modules/intake/ui/step2-eligibility-insurance/Step2EligibilityInsurance.tsx(131,9): error TS2322: Type '"unknown"' is not assignable to type 'BooleanResponse | undefined'.
src/modules/intake/ui/step2-eligibility-insurance/Step2EligibilityInsurance.tsx(134,9): error TS2322: Type '"unknown"' is not assignable to type 'BooleanResponse | undefined'.
src/modules/intake/ui/step2-eligibility-insurance/Step2EligibilityInsurance.tsx(136,9): error TS2322: Type '"unknown"' is not assignable to type 'BooleanResponse | undefined'.
src/modules/intake/ui/step2-eligibility-insurance/Step2EligibilityInsurance.tsx(137,9): error TS2322: Type '"unknown"' is not assignable to type 'BooleanResponse | undefined'.
src/modules/intake/ui/step2-eligibility-insurance/Step2EligibilityInsurance.tsx(138,9): error TS2322: Type '"unknown"' is not assignable to type 'BooleanResponse | undefined'.
src/modules/intake/ui/step2-eligibility-insurance/Step2EligibilityInsurance.tsx(139,9): error TS2322: Type '"unknown"' is not assignable to type 'BooleanResponse | undefined'.
src/modules/intake/ui/step2-eligibility-insurance/Step2EligibilityInsurance.tsx(140,9): error TS2322: Type '"unknown"' is not assignable to type 'BooleanResponse | undefined'.
src/modules/intake/ui/step2-eligibility-insurance/Step2EligibilityInsurance.tsx(141,9): error TS2322: Type '"unknown"' is not assignable to type 'BooleanResponse | undefined'.
src/modules/intake/ui/step2-eligibility-insurance/Step2EligibilityInsurance.tsx(142,9): error TS2322: Type '"unknown"' is not assignable to type 'BooleanResponse | undefined'.
src/modules/intake/ui/step2-eligibility-insurance/Step2EligibilityInsurance.tsx(152,9): error TS2353: Object literal may only specify known properties, and 'incomeVerified' does not exist in type '{ householdSize?: number; monthlyHouseholdIncome?: number; incomeSource?: ("other" | "employment" | "unemployment" | "disability" | "social-security" | "pension" | "public-assistance" | undefined)[]; federalPovertyLevel?: number; qualifiesForSliding?: boolean; hasAssets?: BooleanResponse; receivesMedicaid?: boolean; receivesMedicare?: boolean; receivesSSI?: boolean; receivesSSDI?: boolean; receivesTANF?: boolean; receivesSNAP?: boolean; preferredPaymentMethod?: "insurance" | "sliding-scale" | "self-pay" | "grant-funded"; agreedToPayment?: boolean; totalAssets?: number | undefined; paymentArrangementNotes?: string | undefined; }'.
src/modules/intake/ui/step2-eligibility-insurance/Step2EligibilityInsurance.tsx(190,54): error TS2345: Argument of type 'InsuranceEligibilityOutputDTO' is not assignable to parameter of type 'Record<string, unknown>'.
  Index signature for type 'string' is missing in type 'InsuranceEligibilityOutputDTO'.
src/modules/intake/ui/step3-diagnoses-clinical/components/DiagnosesSection.tsx(10,23): error TS1149: File name 'D:/ORBIPAX-PROJECT/src/shared/ui/primitives/label/index.tsx' differs from already included file name 'D:/ORBIPAX-PROJECT/src/shared/ui/primitives/Label/index.tsx' only in casing.
  The file is in the program because:
    Imported via "@/shared/ui/primitives/Label" from file 'D:/ORBIPAX-PROJECT/src/shared/ui/primitives/Form/index.tsx'
    Imported via "@/shared/ui/primitives/label" from file 'D:/ORBIPAX-PROJECT/src/modules/intake/ui/step1-demographics/components/AddressSection.tsx'
    Imported via "@/shared/ui/primitives/label" from file 'D:/ORBIPAX-PROJECT/src/modules/intake/ui/step1-demographics/components/LegalSection.tsx'
    Imported via "@/shared/ui/primitives/label" from file 'D:/ORBIPAX-PROJECT/src/modules/intake/ui/step1-demographics/components/PersonalInfoSection.tsx'
    Imported via "@/shared/ui/primitives/label" from file 'D:/ORBIPAX-PROJECT/src/modules/intake/ui/step2-eligibility-insurance/components/AuthorizationsSection.tsx'
    Imported via "@/shared/ui/primitives/label" from file 'D:/ORBIPAX-PROJECT/src/modules/intake/ui/step2-eligibility-insurance/components/EligibilityRecordsSection.tsx'
    Imported via "@/shared/ui/primitives/label" from file 'D:/ORBIPAX-PROJECT/src/modules/intake/ui/step2-eligibility-insurance/components/GovernmentCoverageSection.tsx'
    Imported via "@/shared/ui/primitives/Label" from file 'D:/ORBIPAX-PROJECT/src/modules/intake/ui/step2-eligibility-insurance/components/InsuranceRecordsSection.tsx'
    Imported via "@/shared/ui/primitives/label" from file 'D:/ORBIPAX-PROJECT/src/modules/intake/ui/step3-diagnoses-clinical/components/DiagnosesSection.tsx'
    Imported via "@/shared/ui/primitives/label" from file 'D:/ORBIPAX-PROJECT/src/modules/intake/ui/step3-diagnoses-clinical/components/FunctionalAssessmentSection.tsx'
    Imported via "@/shared/ui/primitives/label" from file 'D:/ORBIPAX-PROJECT/src/modules/intake/ui/step3-diagnoses-clinical/components/PsychiatricEvaluationSection.tsx'
    Imported via "@/shared/ui/primitives/Label" from file 'D:/ORBIPAX-PROJECT/src/modules/intake/ui/step4-medical-providers/components/ProvidersSection.tsx'
    Imported via "@/shared/ui/primitives/Label" from file 'D:/ORBIPAX-PROJECT/src/modules/intake/ui/step4-medical-providers/components/PsychiatristEvaluatorSection.tsx'
    Imported via "@/shared/ui/primitives/label" from file 'D:/ORBIPAX-PROJECT/src/modules/intake/ui/step5-medications/components/CurrentMedicationsSection.tsx'
    Imported via "@/shared/ui/primitives/label" from file 'D:/ORBIPAX-PROJECT/src/modules/intake/ui/step5-medications/components/PharmacyInformationSection.tsx'
    Imported via "@/shared/ui/primitives/label" from file 'D:/ORBIPAX-PROJECT/src/modules/intake/ui/step6-referrals-services/components/TreatmentHistorySection.tsx'
    Imported via "@/shared/ui/primitives/label" from file 'D:/ORBIPAX-PROJECT/src/modules/intake/ui/step6-referrals-services/components/ExternalReferralsSection.tsx'
    Imported via "@/shared/ui/primitives/label" from file 'D:/ORBIPAX-PROJECT/src/modules/intake/ui/step6-referrals-services/components/InternalServiceReferralsSection.tsx'
    Imported via "@/shared/ui/primitives/label" from file 'D:/ORBIPAX-PROJECT/src/modules/intake/ui/step9-legal-consents/Step7LegalConsents.tsx'
    Imported via '@/shared/ui/primitives/label' from file 'D:/ORBIPAX-PROJECT/src/modules/intake/ui/step8-treatment-goals/components/TreatmentGoalsSection.tsx'
    Imported via '@/shared/ui/primitives/label' from file 'D:/ORBIPAX-PROJECT/src/modules/intake/ui/step8-treatment-goals/components/PriorityAreasSection.tsx'
    Imported via '@/shared/ui/primitives/Label' from file 'D:/ORBIPAX-PROJECT/src/modules/intake/ui/step10-review/Step10Review.tsx'
    Imported via "@/shared/ui/primitives/Label" from file 'D:/ORBIPAX-PROJECT/src/shared/ui/primitives/Combobox/index.tsx'
    Matched by include pattern 'src/**/*' in 'D:/ORBIPAX-PROJECT/tsconfig.json'
src/modules/intake/ui/step3-diagnoses-clinical/components/FunctionalAssessmentSection.tsx(7,23): error TS1149: File name 'D:/ORBIPAX-PROJECT/src/shared/ui/primitives/label/index.tsx' differs from already included file name 'D:/ORBIPAX-PROJECT/src/shared/ui/primitives/Label/index.tsx' only in casing.
  The file is in the program because:
    Imported via "@/shared/ui/primitives/Label" from file 'D:/ORBIPAX-PROJECT/src/shared/ui/primitives/Form/index.tsx'
    Imported via "@/shared/ui/primitives/label" from file 'D:/ORBIPAX-PROJECT/src/modules/intake/ui/step1-demographics/components/AddressSection.tsx'
    Imported via "@/shared/ui/primitives/label" from file 'D:/ORBIPAX-PROJECT/src/modules/intake/ui/step1-demographics/components/LegalSection.tsx'
    Imported via "@/shared/ui/primitives/label" from file 'D:/ORBIPAX-PROJECT/src/modules/intake/ui/step1-demographics/components/PersonalInfoSection.tsx'
    Imported via "@/shared/ui/primitives/label" from file 'D:/ORBIPAX-PROJECT/src/modules/intake/ui/step2-eligibility-insurance/components/AuthorizationsSection.tsx'
    Imported via "@/shared/ui/primitives/label" from file 'D:/ORBIPAX-PROJECT/src/modules/intake/ui/step2-eligibility-insurance/components/EligibilityRecordsSection.tsx'
    Imported via "@/shared/ui/primitives/label" from file 'D:/ORBIPAX-PROJECT/src/modules/intake/ui/step2-eligibility-insurance/components/GovernmentCoverageSection.tsx'
    Imported via "@/shared/ui/primitives/Label" from file 'D:/ORBIPAX-PROJECT/src/modules/intake/ui/step2-eligibility-insurance/components/InsuranceRecordsSection.tsx'
    Imported via "@/shared/ui/primitives/label" from file 'D:/ORBIPAX-PROJECT/src/modules/intake/ui/step3-diagnoses-clinical/components/DiagnosesSection.tsx'
    Imported via "@/shared/ui/primitives/label" from file 'D:/ORBIPAX-PROJECT/src/modules/intake/ui/step3-diagnoses-clinical/components/FunctionalAssessmentSection.tsx'
    Imported via "@/shared/ui/primitives/label" from file 'D:/ORBIPAX-PROJECT/src/modules/intake/ui/step3-diagnoses-clinical/components/PsychiatricEvaluationSection.tsx'
    Imported via "@/shared/ui/primitives/Label" from file 'D:/ORBIPAX-PROJECT/src/modules/intake/ui/step4-medical-providers/components/ProvidersSection.tsx'
    Imported via "@/shared/ui/primitives/Label" from file 'D:/ORBIPAX-PROJECT/src/modules/intake/ui/step4-medical-providers/components/PsychiatristEvaluatorSection.tsx'
    Imported via "@/shared/ui/primitives/label" from file 'D:/ORBIPAX-PROJECT/src/modules/intake/ui/step5-medications/components/CurrentMedicationsSection.tsx'
    Imported via "@/shared/ui/primitives/label" from file 'D:/ORBIPAX-PROJECT/src/modules/intake/ui/step5-medications/components/PharmacyInformationSection.tsx'
    Imported via "@/shared/ui/primitives/label" from file 'D:/ORBIPAX-PROJECT/src/modules/intake/ui/step6-referrals-services/components/TreatmentHistorySection.tsx'
    Imported via "@/shared/ui/primitives/label" from file 'D:/ORBIPAX-PROJECT/src/modules/intake/ui/step6-referrals-services/components/ExternalReferralsSection.tsx'
    Imported via "@/shared/ui/primitives/label" from file 'D:/ORBIPAX-PROJECT/src/modules/intake/ui/step6-referrals-services/components/InternalServiceReferralsSection.tsx'
    Imported via "@/shared/ui/primitives/label" from file 'D:/ORBIPAX-PROJECT/src/modules/intake/ui/step9-legal-consents/Step7LegalConsents.tsx'
    Imported via '@/shared/ui/primitives/label' from file 'D:/ORBIPAX-PROJECT/src/modules/intake/ui/step8-treatment-goals/components/TreatmentGoalsSection.tsx'
    Imported via '@/shared/ui/primitives/label' from file 'D:/ORBIPAX-PROJECT/src/modules/intake/ui/step8-treatment-goals/components/PriorityAreasSection.tsx'
    Imported via '@/shared/ui/primitives/Label' from file 'D:/ORBIPAX-PROJECT/src/modules/intake/ui/step10-review/Step10Review.tsx'
    Imported via "@/shared/ui/primitives/Label" from file 'D:/ORBIPAX-PROJECT/src/shared/ui/primitives/Combobox/index.tsx'
    Matched by include pattern 'src/**/*' in 'D:/ORBIPAX-PROJECT/tsconfig.json'
src/modules/intake/ui/step3-diagnoses-clinical/components/FunctionalAssessmentSection.tsx(143,16): error TS2375: Type '{ id: string; options: Option[]; selected: string[]; onChange: (selected: string[]) => void; placeholder: string; "aria-required": "true"; "aria-invalid": "true" | undefined; "aria-describedby": string | undefined; "aria-label": string; }' is not assignable to type 'MultiSelectProps' with 'exactOptionalPropertyTypes: true'. Consider adding 'undefined' to the types of the target's properties.
  Types of property ''aria-describedby'' are incompatible.
    Type 'string | undefined' is not assignable to type 'string'.
      Type 'undefined' is not assignable to type 'string'.
src/modules/intake/ui/step3-diagnoses-clinical/components/PsychiatricEvaluationSection.tsx(9,23): error TS1149: File name 'D:/ORBIPAX-PROJECT/src/shared/ui/primitives/label/index.tsx' differs from already included file name 'D:/ORBIPAX-PROJECT/src/shared/ui/primitives/Label/index.tsx' only in casing.
  The file is in the program because:
    Imported via "@/shared/ui/primitives/Label" from file 'D:/ORBIPAX-PROJECT/src/shared/ui/primitives/Form/index.tsx'
    Imported via "@/shared/ui/primitives/label" from file 'D:/ORBIPAX-PROJECT/src/modules/intake/ui/step1-demographics/components/AddressSection.tsx'
    Imported via "@/shared/ui/primitives/label" from file 'D:/ORBIPAX-PROJECT/src/modules/intake/ui/step1-demographics/components/LegalSection.tsx'
    Imported via "@/shared/ui/primitives/label" from file 'D:/ORBIPAX-PROJECT/src/modules/intake/ui/step1-demographics/components/PersonalInfoSection.tsx'
    Imported via "@/shared/ui/primitives/label" from file 'D:/ORBIPAX-PROJECT/src/modules/intake/ui/step2-eligibility-insurance/components/AuthorizationsSection.tsx'
    Imported via "@/shared/ui/primitives/label" from file 'D:/ORBIPAX-PROJECT/src/modules/intake/ui/step2-eligibility-insurance/components/EligibilityRecordsSection.tsx'
    Imported via "@/shared/ui/primitives/label" from file 'D:/ORBIPAX-PROJECT/src/modules/intake/ui/step2-eligibility-insurance/components/GovernmentCoverageSection.tsx'
    Imported via "@/shared/ui/primitives/Label" from file 'D:/ORBIPAX-PROJECT/src/modules/intake/ui/step2-eligibility-insurance/components/InsuranceRecordsSection.tsx'
    Imported via "@/shared/ui/primitives/label" from file 'D:/ORBIPAX-PROJECT/src/modules/intake/ui/step3-diagnoses-clinical/components/DiagnosesSection.tsx'
    Imported via "@/shared/ui/primitives/label" from file 'D:/ORBIPAX-PROJECT/src/modules/intake/ui/step3-diagnoses-clinical/components/FunctionalAssessmentSection.tsx'
    Imported via "@/shared/ui/primitives/label" from file 'D:/ORBIPAX-PROJECT/src/modules/intake/ui/step3-diagnoses-clinical/components/PsychiatricEvaluationSection.tsx'
    Imported via "@/shared/ui/primitives/Label" from file 'D:/ORBIPAX-PROJECT/src/modules/intake/ui/step4-medical-providers/components/ProvidersSection.tsx'
    Imported via "@/shared/ui/primitives/Label" from file 'D:/ORBIPAX-PROJECT/src/modules/intake/ui/step4-medical-providers/components/PsychiatristEvaluatorSection.tsx'
    Imported via "@/shared/ui/primitives/label" from file 'D:/ORBIPAX-PROJECT/src/modules/intake/ui/step5-medications/components/CurrentMedicationsSection.tsx'
    Imported via "@/shared/ui/primitives/label" from file 'D:/ORBIPAX-PROJECT/src/modules/intake/ui/step5-medications/components/PharmacyInformationSection.tsx'
    Imported via "@/shared/ui/primitives/label" from file 'D:/ORBIPAX-PROJECT/src/modules/intake/ui/step6-referrals-services/components/TreatmentHistorySection.tsx'
    Imported via "@/shared/ui/primitives/label" from file 'D:/ORBIPAX-PROJECT/src/modules/intake/ui/step6-referrals-services/components/ExternalReferralsSection.tsx'
    Imported via "@/shared/ui/primitives/label" from file 'D:/ORBIPAX-PROJECT/src/modules/intake/ui/step6-referrals-services/components/InternalServiceReferralsSection.tsx'
    Imported via "@/shared/ui/primitives/label" from file 'D:/ORBIPAX-PROJECT/src/modules/intake/ui/step9-legal-consents/Step7LegalConsents.tsx'
    Imported via '@/shared/ui/primitives/label' from file 'D:/ORBIPAX-PROJECT/src/modules/intake/ui/step8-treatment-goals/components/TreatmentGoalsSection.tsx'
    Imported via '@/shared/ui/primitives/label' from file 'D:/ORBIPAX-PROJECT/src/modules/intake/ui/step8-treatment-goals/components/PriorityAreasSection.tsx'
    Imported via '@/shared/ui/primitives/Label' from file 'D:/ORBIPAX-PROJECT/src/modules/intake/ui/step10-review/Step10Review.tsx'
    Imported via "@/shared/ui/primitives/Label" from file 'D:/ORBIPAX-PROJECT/src/shared/ui/primitives/Combobox/index.tsx'
    Matched by include pattern 'src/**/*' in 'D:/ORBIPAX-PROJECT/tsconfig.json'
src/modules/intake/ui/step3-diagnoses-clinical/Step3DiagnosesClinical.tsx(43,5): error TS2322: Type 'Resolver<{ diagnoses?: { primaryDiagnosis?: string | undefined; secondaryDiagnoses?: string[] | undefined; substanceUseDisorder?: "unknown" | "yes" | "no" | undefined; mentalHealthHistory?: string | undefined; diagnosisRecords?: { code: string; description: string; diagnosisType: DiagnosisType; severity: "mild" | "moderate" | "severe" | "unspecified"; diagnosisDate: string; onsetDate?: string | undefined; verifiedBy?: string | undefined; isBillable?: boolean | undefined; notes?: string | undefined; }[] | undefined; } | undefined; psychiatricEvaluation?: { currentSymptoms?: string[] | undefined; severityLevel?: SeverityLevel | undefined; suicidalIdeation?: boolean | undefined; homicidalIdeation?: boolean | undefined; psychoticSymptoms?: boolean | undefined; medicationCompliance?: MedicationCompliance | undefined; treatmentHistory?: string | undefined; hasPsychEval?: boolean | undefined; evaluationDate?: string | undefined; evaluatedBy?: string | undefined; evaluationSummary?: string | undefined; } | undefined; functionalAssessment?: { affectedDomains?: WHODASDomain[] | undefined; adlsIndependence?: IndependenceLevel | undefined; iadlsIndependence?: IndependenceLevel | undefined; cognitiveFunctioning?: CognitiveFunctioning | undefined; hasSafetyConcerns?: boolean | undefined; globalFunctioning?: number | undefined; dailyLivingActivities?: string[] | undefined; socialFunctioning?: SocialFunctioning | undefined; occupationalFunctioning?: OccupationalFunctioning | undefined; cognitiveStatus?: CognitiveStatus | undefined; adaptiveBehavior?: string | undefined; additionalNotes?: string | undefined; } | undefined; stepId?: "step3-diagnoses-clinical" | undefined; }, any, { diagnoses?: { primaryDiagnosis?: string | undefined; secondaryDiagnoses?: string[] | undefined; substanceUseDisorder?: "unknown" | "yes" | "no" | undefined; mentalHealthHistory?: string | undefined; diagnosisRecords?: { code: string; description: string; diagnosisType: DiagnosisType; severity: "mild" | "moderate" | "severe" | "unspecified"; diagnosisDate: string; isBillable: boolean; onsetDate?: string | undefined; verifiedBy?: string | undefined; notes?: string | undefined; }[] | undefined; } | undefined; psychiatricEvaluation?: { currentSymptoms?: string[] | undefined; severityLevel?: SeverityLevel | undefined; suicidalIdeation?: boolean | undefined; homicidalIdeation?: boolean | undefined; psychoticSymptoms?: boolean | undefined; medicationCompliance?: MedicationCompliance | undefined; treatmentHistory?: string | undefined; hasPsychEval?: boolean | undefined; evaluationDate?: string | undefined; evaluatedBy?: string | undefined; evaluationSummary?: string | undefined; } | undefined; functionalAssessment?: { affectedDomains?: WHODASDomain[] | undefined; adlsIndependence?: IndependenceLevel | undefined; iadlsIndependence?: IndependenceLevel | undefined; cognitiveFunctioning?: CognitiveFunctioning | undefined; hasSafetyConcerns?: boolean | undefined; globalFunctioning?: number | undefined; dailyLivingActivities?: string[] | undefined; socialFunctioning?: SocialFunctioning | undefined; occupationalFunctioning?: OccupationalFunctioning | undefined; cognitiveStatus?: CognitiveStatus | undefined; adaptiveBehavior?: string | undefined; additionalNotes?: string | undefined; } | undefined; stepId?: "step3-diagnoses-clinical" | undefined; }>' is not assignable to type 'Resolver<{ diagnoses?: { primaryDiagnosis?: string | undefined; secondaryDiagnoses?: string[] | undefined; substanceUseDisorder?: "unknown" | "yes" | "no" | undefined; mentalHealthHistory?: string | undefined; diagnosisRecords?: { code: string; description: string; diagnosisType: DiagnosisType; severity: "mild" | "moderate" | "severe" | "unspecified"; diagnosisDate: string; isBillable: boolean; onsetDate?: string | undefined; verifiedBy?: string | undefined; notes?: string | undefined; }[] | undefined; } | undefined; psychiatricEvaluation?: { currentSymptoms?: string[] | undefined; severityLevel?: SeverityLevel | undefined; suicidalIdeation?: boolean | undefined; homicidalIdeation?: boolean | undefined; psychoticSymptoms?: boolean | undefined; medicationCompliance?: MedicationCompliance | undefined; treatmentHistory?: string | undefined; hasPsychEval?: boolean | undefined; evaluationDate?: string | undefined; evaluatedBy?: string | undefined; evaluationSummary?: string | undefined; } | undefined; functionalAssessment?: { affectedDomains?: WHODASDomain[] | undefined; adlsIndependence?: IndependenceLevel | undefined; iadlsIndependence?: IndependenceLevel | undefined; cognitiveFunctioning?: CognitiveFunctioning | undefined; hasSafetyConcerns?: boolean | undefined; globalFunctioning?: number | undefined; dailyLivingActivities?: string[] | undefined; socialFunctioning?: SocialFunctioning | undefined; occupationalFunctioning?: OccupationalFunctioning | undefined; cognitiveStatus?: CognitiveStatus | undefined; adaptiveBehavior?: string | undefined; additionalNotes?: string | undefined; } | undefined; stepId?: "step3-diagnoses-clinical" | undefined; }, any, { diagnoses?: { primaryDiagnosis?: string | undefined; secondaryDiagnoses?: string[] | undefined; substanceUseDisorder?: "unknown" | "yes" | "no" | undefined; mentalHealthHistory?: string | undefined; diagnosisRecords?: { code: string; description: string; diagnosisType: DiagnosisType; severity: "mild" | "moderate" | "severe" | "unspecified"; diagnosisDate: string; isBillable: boolean; onsetDate?: string | undefined; verifiedBy?: string | undefined; notes?: string | undefined; }[] | undefined; } | undefined; psychiatricEvaluation?: { currentSymptoms?: string[] | undefined; severityLevel?: SeverityLevel | undefined; suicidalIdeation?: boolean | undefined; homicidalIdeation?: boolean | undefined; psychoticSymptoms?: boolean | undefined; medicationCompliance?: MedicationCompliance | undefined; treatmentHistory?: string | undefined; hasPsychEval?: boolean | undefined; evaluationDate?: string | undefined; evaluatedBy?: string | undefined; evaluationSummary?: string | undefined; } | undefined; functionalAssessment?: { affectedDomains?: WHODASDomain[] | undefined; adlsIndependence?: IndependenceLevel | undefined; iadlsIndependence?: IndependenceLevel | undefined; cognitiveFunctioning?: CognitiveFunctioning | undefined; hasSafetyConcerns?: boolean | undefined; globalFunctioning?: number | undefined; dailyLivingActivities?: string[] | undefined; socialFunctioning?: SocialFunctioning | undefined; occupationalFunctioning?: OccupationalFunctioning | undefined; cognitiveStatus?: CognitiveStatus | undefined; adaptiveBehavior?: string | undefined; additionalNotes?: string | undefined; } | undefined; stepId?: "step3-diagnoses-clinical" | undefined; }>'.
  Types of parameters 'options' and 'options' are incompatible.
    Type 'ResolverOptions<{ diagnoses?: { primaryDiagnosis?: string | undefined; secondaryDiagnoses?: string[] | undefined; substanceUseDisorder?: "unknown" | "yes" | "no" | undefined; mentalHealthHistory?: string | undefined; diagnosisRecords?: { code: string; description: string; diagnosisType: DiagnosisType; severity: "mild" | "moderate" | "severe" | "unspecified"; diagnosisDate: string; isBillable: boolean; onsetDate?: string | undefined; verifiedBy?: string | undefined; notes?: string | undefined; }[] | undefined; } | undefined; psychiatricEvaluation?: { currentSymptoms?: string[] | undefined; severityLevel?: SeverityLevel | undefined; suicidalIdeation?: boolean | undefined; homicidalIdeation?: boolean | undefined; psychoticSymptoms?: boolean | undefined; medicationCompliance?: MedicationCompliance | undefined; treatmentHistory?: string | undefined; hasPsychEval?: boolean | undefined; evaluationDate?: string | undefined; evaluatedBy?: string | undefined; evaluationSummary?: string | undefined; } | undefined; functionalAssessment?: { affectedDomains?: WHODASDomain[] | undefined; adlsIndependence?: IndependenceLevel | undefined; iadlsIndependence?: IndependenceLevel | undefined; cognitiveFunctioning?: CognitiveFunctioning | undefined; hasSafetyConcerns?: boolean | undefined; globalFunctioning?: number | undefined; dailyLivingActivities?: string[] | undefined; socialFunctioning?: SocialFunctioning | undefined; occupationalFunctioning?: OccupationalFunctioning | undefined; cognitiveStatus?: CognitiveStatus | undefined; adaptiveBehavior?: string | undefined; additionalNotes?: string | undefined; } | undefined; stepId?: "step3-diagnoses-clinical" | undefined; }>' is not assignable to type 'ResolverOptions<{ diagnoses?: { primaryDiagnosis?: string | undefined; secondaryDiagnoses?: string[] | undefined; substanceUseDisorder?: "unknown" | "yes" | "no" | undefined; mentalHealthHistory?: string | undefined; diagnosisRecords?: { code: string; description: string; diagnosisType: DiagnosisType; severity: "mild" | "moderate" | "severe" | "unspecified"; diagnosisDate: string; onsetDate?: string | undefined; verifiedBy?: string | undefined; isBillable?: boolean | undefined; notes?: string | undefined; }[] | undefined; } | undefined; psychiatricEvaluation?: { currentSymptoms?: string[] | undefined; severityLevel?: SeverityLevel | undefined; suicidalIdeation?: boolean | undefined; homicidalIdeation?: boolean | undefined; psychoticSymptoms?: boolean | undefined; medicationCompliance?: MedicationCompliance | undefined; treatmentHistory?: string | undefined; hasPsychEval?: boolean | undefined; evaluationDate?: string | undefined; evaluatedBy?: string | undefined; evaluationSummary?: string | undefined; } | undefined; functionalAssessment?: { affectedDomains?: WHODASDomain[] | undefined; adlsIndependence?: IndependenceLevel | undefined; iadlsIndependence?: IndependenceLevel | undefined; cognitiveFunctioning?: CognitiveFunctioning | undefined; hasSafetyConcerns?: boolean | undefined; globalFunctioning?: number | undefined; dailyLivingActivities?: string[] | undefined; socialFunctioning?: SocialFunctioning | undefined; occupationalFunctioning?: OccupationalFunctioning | undefined; cognitiveStatus?: CognitiveStatus | undefined; adaptiveBehavior?: string | undefined; additionalNotes?: string | undefined; } | undefined; stepId?: "step3-diagnoses-clinical" | undefined; }>' with 'exactOptionalPropertyTypes: true'. Consider adding 'undefined' to the types of the target's properties.
      Type '{ primaryDiagnosis?: string | undefined; secondaryDiagnoses?: string[] | undefined; substanceUseDisorder?: "unknown" | "yes" | "no" | undefined; mentalHealthHistory?: string | undefined; diagnosisRecords?: { code: string; description: string; diagnosisType: DiagnosisType; severity: "mild" | "moderate" | "severe" | "unspecified"; diagnosisDate: string; onsetDate?: string | undefined; verifiedBy?: string | undefined; isBillable?: boolean | undefined; notes?: string | undefined; }[] | undefined; } | undefined' is not assignable to type '{ primaryDiagnosis?: string | undefined; secondaryDiagnoses?: string[] | undefined; substanceUseDisorder?: "unknown" | "yes" | "no" | undefined; mentalHealthHistory?: string | undefined; diagnosisRecords?: { code: string; description: string; diagnosisType: DiagnosisType; severity: "mild" | "moderate" | "severe" | "unspecified"; diagnosisDate: string; isBillable: boolean; onsetDate?: string | undefined; verifiedBy?: string | undefined; notes?: string | undefined; }[] | undefined; } | undefined'.
        Type '{ primaryDiagnosis?: string | undefined; secondaryDiagnoses?: string[] | undefined; substanceUseDisorder?: "unknown" | "yes" | "no" | undefined; mentalHealthHistory?: string | undefined; diagnosisRecords?: { code: string; description: string; diagnosisType: DiagnosisType; severity: "mild" | "moderate" | "severe" | "unspecified"; diagnosisDate: string; onsetDate?: string | undefined; verifiedBy?: string | undefined; isBillable?: boolean | undefined; notes?: string | undefined; }[] | undefined; }' is not assignable to type '{ primaryDiagnosis?: string | undefined; secondaryDiagnoses?: string[] | undefined; substanceUseDisorder?: "unknown" | "yes" | "no" | undefined; mentalHealthHistory?: string | undefined; diagnosisRecords?: { code: string; description: string; diagnosisType: DiagnosisType; severity: "mild" | "moderate" | "severe" | "unspecified"; diagnosisDate: string; isBillable: boolean; onsetDate?: string | undefined; verifiedBy?: string | undefined; notes?: string | undefined; }[] | undefined; }'.
          Types of property 'diagnosisRecords' are incompatible.
            Type '{ code: string; description: string; diagnosisType: DiagnosisType; severity: "mild" | "moderate" | "severe" | "unspecified"; diagnosisDate: string; onsetDate?: string | undefined; verifiedBy?: string | undefined; isBillable?: boolean | undefined; notes?: string | undefined; }[] | undefined' is not assignable to type '{ code: string; description: string; diagnosisType: DiagnosisType; severity: "mild" | "moderate" | "severe" | "unspecified"; diagnosisDate: string; isBillable: boolean; onsetDate?: string | undefined; verifiedBy?: string | undefined; notes?: string | undefined; }[] | undefined'.
              Type '{ code: string; description: string; diagnosisType: DiagnosisType; severity: "mild" | "moderate" | "severe" | "unspecified"; diagnosisDate: string; onsetDate?: string | undefined; verifiedBy?: string | undefined; isBillable?: boolean | undefined; notes?: string | undefined; }[]' is not assignable to type '{ code: string; description: string; diagnosisType: DiagnosisType; severity: "mild" | "moderate" | "severe" | "unspecified"; diagnosisDate: string; isBillable: boolean; onsetDate?: string | undefined; verifiedBy?: string | undefined; notes?: string | undefined; }[]'.
                Type '{ code: string; description: string; diagnosisType: DiagnosisType; severity: "mild" | "moderate" | "severe" | "unspecified"; diagnosisDate: string; onsetDate?: string | undefined; verifiedBy?: string | undefined; isBillable?: boolean | undefined; notes?: string | undefined; }' is not assignable to type '{ code: string; description: string; diagnosisType: DiagnosisType; severity: "mild" | "moderate" | "severe" | "unspecified"; diagnosisDate: string; isBillable: boolean; onsetDate?: string | undefined; verifiedBy?: string | undefined; notes?: string | undefined; }'.
                  Types of property 'isBillable' are incompatible.
                    Type 'boolean | undefined' is not assignable to type 'boolean'.
                      Type 'undefined' is not assignable to type 'boolean'.
src/modules/intake/ui/step3-diagnoses-clinical/Step3DiagnosesClinical.tsx(118,22): error TS2345: Argument of type 'Step3OutputDTO' is not assignable to parameter of type '{ diagnoses?: { primaryDiagnosis?: string | undefined; secondaryDiagnoses?: string[] | undefined; substanceUseDisorder?: "unknown" | "yes" | "no" | undefined; mentalHealthHistory?: string | undefined; diagnosisRecords?: { code: string; description: string; diagnosisType: DiagnosisType; severity: "mild" | "moderate" | "severe" | "unspecified"; diagnosisDate: string; isBillable: boolean; onsetDate?: string | undefined; verifiedBy?: string | undefined; notes?: string | undefined; }[] | undefined; } | undefined; psychiatricEvaluation?: { currentSymptoms?: string[] | undefined; severityLevel?: SeverityLevel | undefined; suicidalIdeation?: boolean | undefined; homicidalIdeation?: boolean | undefined; psychoticSymptoms?: boolean | undefined; medicationCompliance?: MedicationCompliance | undefined; treatmentHistory?: string | undefined; hasPsychEval?: boolean | undefined; evaluationDate?: string | undefined; evaluatedBy?: string | undefined; evaluationSummary?: string | undefined; } | undefined; functionalAssessment?: { affectedDomains?: WHODASDomain[] | undefined; adlsIndependence?: IndependenceLevel | undefined; iadlsIndependence?: IndependenceLevel | undefined; cognitiveFunctioning?: CognitiveFunctioning | undefined; hasSafetyConcerns?: boolean | undefined; globalFunctioning?: number | undefined; dailyLivingActivities?: string[] | undefined; socialFunctioning?: SocialFunctioning | undefined; occupationalFunctioning?: OccupationalFunctioning | undefined; cognitiveStatus?: CognitiveStatus | undefined; adaptiveBehavior?: string | undefined; additionalNotes?: string | undefined; } | undefined; stepId?: "step3-diagnoses-clinical" | undefined; } | { diagnoses?: { primaryDiagnosis?: string | undefined; secondaryDiagnoses?: (string | undefined)[] | undefined; substanceUseDisorder?: "unknown" | "yes" | "no" | undefined; mentalHealthHistory?: string | undefined; diagnosisRecords?: ({ code?: string; description?: string; diagnosisType?: DiagnosisType; severity?: "mild" | "moderate" | "severe" | "unspecified"; diagnosisDate?: string; isBillable?: boolean; onsetDate?: string | undefined; verifiedBy?: string | undefined; notes?: string | undefined; } | undefined)[] | undefined; } | undefined; psychiatricEvaluation?: { currentSymptoms?: (string | undefined)[] | undefined; severityLevel?: SeverityLevel | undefined; suicidalIdeation?: boolean | undefined; homicidalIdeation?: boolean | undefined; psychoticSymptoms?: boolean | undefined; medicationCompliance?: MedicationCompliance | undefined; treatmentHistory?: string | undefined; hasPsychEval?: boolean | undefined; evaluationDate?: string | undefined; evaluatedBy?: string | undefined; evaluationSummary?: string | undefined; } | undefined; functionalAssessment?: { affectedDomains?: (WHODASDomain | undefined)[] | undefined; adlsIndependence?: IndependenceLevel | undefined; iadlsIndependence?: IndependenceLevel | undefined; cognitiveFunctioning?: CognitiveFunctioning | undefined; hasSafetyConcerns?: boolean | undefined; globalFunctioning?: number | undefined; dailyLivingActivities?: (string | undefined)[] | undefined; socialFunctioning?: SocialFunctioning | undefined; occupationalFunctioning?: OccupationalFunctioning | undefined; cognitiveStatus?: CognitiveStatus | undefined; adaptiveBehavior?: string | undefined; additionalNotes?: string | undefined; } | undefined; stepId?: "step3-diagnoses-clinical" | undefined; } | ResetAction<{ diagnoses?: { primaryDiagnosis?: string | undefined; secondaryDiagnoses?: string[] | undefined; substanceUseDisorder?: "unknown" | "yes" | "no" | undefined; mentalHealthHistory?: string | undefined; diagnosisRecords?: { code: string; description: string; diagnosisType: DiagnosisType; severity: "mild" | "moderate" | "severe" | "unspecified"; diagnosisDate: string; isBillable: boolean; onsetDate?: string | undefined; verifiedBy?: string | undefined; notes?: string | undefined; }[] | undefined; } | undefined; psychiatricEvaluation?: { currentSymptoms?: string[] | undefined; severityLevel?: SeverityLevel | undefined; suicidalIdeation?: boolean | undefined; homicidalIdeation?: boolean | undefined; psychoticSymptoms?: boolean | undefined; medicationCompliance?: MedicationCompliance | undefined; treatmentHistory?: string | undefined; hasPsychEval?: boolean | undefined; evaluationDate?: string | undefined; evaluatedBy?: string | undefined; evaluationSummary?: string | undefined; } | undefined; functionalAssessment?: { affectedDomains?: WHODASDomain[] | undefined; adlsIndependence?: IndependenceLevel | undefined; iadlsIndependence?: IndependenceLevel | undefined; cognitiveFunctioning?: CognitiveFunctioning | undefined; hasSafetyConcerns?: boolean | undefined; globalFunctioning?: number | undefined; dailyLivingActivities?: string[] | undefined; socialFunctioning?: SocialFunctioning | undefined; occupationalFunctioning?: OccupationalFunctioning | undefined; cognitiveStatus?: CognitiveStatus | undefined; adaptiveBehavior?: string | undefined; additionalNotes?: string | undefined; } | undefined; stepId?: "step3-diagnoses-clinical" | undefined; }> | undefined'.
src/modules/intake/ui/step3-diagnoses-clinical/Step3DiagnosesClinical.tsx(245,15): error TS2322: Type '"primary"' is not assignable to type '"default" | "link" | "destructive" | "outline" | "secondary" | "ghost" | null | undefined'.
src/modules/intake/ui/step4-medical-providers/components/PsychiatristEvaluatorSection.tsx(252,22): error TS2375: Type '{ "aria-describedby"?: string; id: string; date: Date | undefined; onSelect: (date: Date | undefined) => void; placeholder: string; className: string; "aria-required": string; "aria-invalid": string | undefined; }' is not assignable to type 'DatePickerProps' with 'exactOptionalPropertyTypes: true'. Consider adding 'undefined' to the types of the target's properties.
  Types of property '"aria-required"' are incompatible.
    Type 'string' is not assignable to type 'boolean'.
src/modules/intake/ui/step5-medications/components/CurrentMedicationsSection.tsx(7,23): error TS1149: File name 'D:/ORBIPAX-PROJECT/src/shared/ui/primitives/label/index.tsx' differs from already included file name 'D:/ORBIPAX-PROJECT/src/shared/ui/primitives/Label/index.tsx' only in casing.
  The file is in the program because:
    Imported via "@/shared/ui/primitives/Label" from file 'D:/ORBIPAX-PROJECT/src/shared/ui/primitives/Form/index.tsx'
    Imported via "@/shared/ui/primitives/label" from file 'D:/ORBIPAX-PROJECT/src/modules/intake/ui/step1-demographics/components/AddressSection.tsx'
    Imported via "@/shared/ui/primitives/label" from file 'D:/ORBIPAX-PROJECT/src/modules/intake/ui/step1-demographics/components/LegalSection.tsx'
    Imported via "@/shared/ui/primitives/label" from file 'D:/ORBIPAX-PROJECT/src/modules/intake/ui/step1-demographics/components/PersonalInfoSection.tsx'
    Imported via "@/shared/ui/primitives/label" from file 'D:/ORBIPAX-PROJECT/src/modules/intake/ui/step2-eligibility-insurance/components/AuthorizationsSection.tsx'
    Imported via "@/shared/ui/primitives/label" from file 'D:/ORBIPAX-PROJECT/src/modules/intake/ui/step2-eligibility-insurance/components/EligibilityRecordsSection.tsx'
    Imported via "@/shared/ui/primitives/label" from file 'D:/ORBIPAX-PROJECT/src/modules/intake/ui/step2-eligibility-insurance/components/GovernmentCoverageSection.tsx'
    Imported via "@/shared/ui/primitives/Label" from file 'D:/ORBIPAX-PROJECT/src/modules/intake/ui/step2-eligibility-insurance/components/InsuranceRecordsSection.tsx'
    Imported via "@/shared/ui/primitives/label" from file 'D:/ORBIPAX-PROJECT/src/modules/intake/ui/step3-diagnoses-clinical/components/DiagnosesSection.tsx'
    Imported via "@/shared/ui/primitives/label" from file 'D:/ORBIPAX-PROJECT/src/modules/intake/ui/step3-diagnoses-clinical/components/FunctionalAssessmentSection.tsx'
    Imported via "@/shared/ui/primitives/label" from file 'D:/ORBIPAX-PROJECT/src/modules/intake/ui/step3-diagnoses-clinical/components/PsychiatricEvaluationSection.tsx'
    Imported via "@/shared/ui/primitives/Label" from file 'D:/ORBIPAX-PROJECT/src/modules/intake/ui/step4-medical-providers/components/ProvidersSection.tsx'
    Imported via "@/shared/ui/primitives/Label" from file 'D:/ORBIPAX-PROJECT/src/modules/intake/ui/step4-medical-providers/components/PsychiatristEvaluatorSection.tsx'
    Imported via "@/shared/ui/primitives/label" from file 'D:/ORBIPAX-PROJECT/src/modules/intake/ui/step5-medications/components/CurrentMedicationsSection.tsx'
    Imported via "@/shared/ui/primitives/label" from file 'D:/ORBIPAX-PROJECT/src/modules/intake/ui/step5-medications/components/PharmacyInformationSection.tsx'
    Imported via "@/shared/ui/primitives/label" from file 'D:/ORBIPAX-PROJECT/src/modules/intake/ui/step6-referrals-services/components/TreatmentHistorySection.tsx'
    Imported via "@/shared/ui/primitives/label" from file 'D:/ORBIPAX-PROJECT/src/modules/intake/ui/step6-referrals-services/components/ExternalReferralsSection.tsx'
    Imported via "@/shared/ui/primitives/label" from file 'D:/ORBIPAX-PROJECT/src/modules/intake/ui/step6-referrals-services/components/InternalServiceReferralsSection.tsx'
    Imported via "@/shared/ui/primitives/label" from file 'D:/ORBIPAX-PROJECT/src/modules/intake/ui/step9-legal-consents/Step7LegalConsents.tsx'
    Imported via '@/shared/ui/primitives/label' from file 'D:/ORBIPAX-PROJECT/src/modules/intake/ui/step8-treatment-goals/components/TreatmentGoalsSection.tsx'
    Imported via '@/shared/ui/primitives/label' from file 'D:/ORBIPAX-PROJECT/src/modules/intake/ui/step8-treatment-goals/components/PriorityAreasSection.tsx'
    Imported via '@/shared/ui/primitives/Label' from file 'D:/ORBIPAX-PROJECT/src/modules/intake/ui/step10-review/Step10Review.tsx'
    Imported via "@/shared/ui/primitives/Label" from file 'D:/ORBIPAX-PROJECT/src/shared/ui/primitives/Combobox/index.tsx'
    Matched by include pattern 'src/**/*' in 'D:/ORBIPAX-PROJECT/tsconfig.json'
src/modules/intake/ui/step5-medications/components/CurrentMedicationsSection.tsx(235,78): error TS4111: Property 'name' comes from an index signature, so it must be accessed with ['name'].
src/modules/intake/ui/step5-medications/components/CurrentMedicationsSection.tsx(236,80): error TS4111: Property 'name' comes from an index signature, so it must be accessed with ['name'].
src/modules/intake/ui/step5-medications/components/CurrentMedicationsSection.tsx(238,61): error TS4111: Property 'name' comes from an index signature, so it must be accessed with ['name'].
src/modules/intake/ui/step5-medications/components/CurrentMedicationsSection.tsx(240,32): error TS2532: Object is possibly 'undefined'.
src/modules/intake/ui/step5-medications/components/CurrentMedicationsSection.tsx(240,64): error TS4111: Property 'name' comes from an index signature, so it must be accessed with ['name'].
src/modules/intake/ui/step5-medications/components/CurrentMedicationsSection.tsx(265,78): error TS4111: Property 'dosage' comes from an index signature, so it must be accessed with ['dosage'].
src/modules/intake/ui/step5-medications/components/CurrentMedicationsSection.tsx(266,80): error TS4111: Property 'dosage' comes from an index signature, so it must be accessed with ['dosage'].
src/modules/intake/ui/step5-medications/components/CurrentMedicationsSection.tsx(268,61): error TS4111: Property 'dosage' comes from an index signature, so it must be accessed with ['dosage'].
src/modules/intake/ui/step5-medications/components/CurrentMedicationsSection.tsx(270,32): error TS2532: Object is possibly 'undefined'.
src/modules/intake/ui/step5-medications/components/CurrentMedicationsSection.tsx(270,64): error TS4111: Property 'dosage' comes from an index signature, so it must be accessed with ['dosage'].
src/modules/intake/ui/step5-medications/components/CurrentMedicationsSection.tsx(294,78): error TS4111: Property 'frequency' comes from an index signature, so it must be accessed with ['frequency'].
src/modules/intake/ui/step5-medications/components/CurrentMedicationsSection.tsx(295,80): error TS4111: Property 'frequency' comes from an index signature, so it must be accessed with ['frequency'].
src/modules/intake/ui/step5-medications/components/CurrentMedicationsSection.tsx(297,61): error TS4111: Property 'frequency' comes from an index signature, so it must be accessed with ['frequency'].
src/modules/intake/ui/step5-medications/components/CurrentMedicationsSection.tsx(299,32): error TS2532: Object is possibly 'undefined'.
src/modules/intake/ui/step5-medications/components/CurrentMedicationsSection.tsx(299,64): error TS4111: Property 'frequency' comes from an index signature, so it must be accessed with ['frequency'].
src/modules/intake/ui/step5-medications/components/CurrentMedicationsSection.tsx(353,29): error TS2322: Type '{ id: string; value: Date | undefined; onChange: (date: any) => void; placeholder: string; className: string; }' is not assignable to type 'IntrinsicAttributes & DatePickerProps'.
  Property 'value' does not exist on type 'IntrinsicAttributes & DatePickerProps'.
src/modules/intake/ui/step5-medications/components/CurrentMedicationsSection.tsx(354,40): error TS7006: Parameter 'date' implicitly has an 'any' type.
src/modules/intake/ui/step5-medications/components/CurrentMedicationsSection.tsx(485,76): error TS4111: Property 'allergen' comes from an index signature, so it must be accessed with ['allergen'].
src/modules/intake/ui/step5-medications/components/CurrentMedicationsSection.tsx(486,78): error TS4111: Property 'allergen' comes from an index signature, so it must be accessed with ['allergen'].
src/modules/intake/ui/step5-medications/components/CurrentMedicationsSection.tsx(488,59): error TS4111: Property 'allergen' comes from an index signature, so it must be accessed with ['allergen'].
src/modules/intake/ui/step5-medications/components/CurrentMedicationsSection.tsx(490,36): error TS2532: Object is possibly 'undefined'.
src/modules/intake/ui/step5-medications/components/CurrentMedicationsSection.tsx(490,62): error TS4111: Property 'allergen' comes from an index signature, so it must be accessed with ['allergen'].
src/modules/intake/ui/step5-medications/components/CurrentMedicationsSection.tsx(515,76): error TS4111: Property 'reaction' comes from an index signature, so it must be accessed with ['reaction'].
src/modules/intake/ui/step5-medications/components/CurrentMedicationsSection.tsx(516,78): error TS4111: Property 'reaction' comes from an index signature, so it must be accessed with ['reaction'].
src/modules/intake/ui/step5-medications/components/CurrentMedicationsSection.tsx(518,59): error TS4111: Property 'reaction' comes from an index signature, so it must be accessed with ['reaction'].
src/modules/intake/ui/step5-medications/components/CurrentMedicationsSection.tsx(520,36): error TS2532: Object is possibly 'undefined'.
src/modules/intake/ui/step5-medications/components/CurrentMedicationsSection.tsx(520,62): error TS4111: Property 'reaction' comes from an index signature, so it must be accessed with ['reaction'].
src/modules/intake/ui/step5-medications/components/CurrentMedicationsSection.tsx(557,33): error TS2322: Type '{ id: string; value: Date | undefined; onChange: (date: any) => void; placeholder: string; className: string; maxDate: Date; }' is not assignable to type 'IntrinsicAttributes & DatePickerProps'.
  Property 'value' does not exist on type 'IntrinsicAttributes & DatePickerProps'.
src/modules/intake/ui/step5-medications/components/CurrentMedicationsSection.tsx(558,44): error TS7006: Parameter 'date' implicitly has an 'any' type.
src/modules/intake/ui/step5-medications/components/PharmacyInformationSection.tsx(7,23): error TS1149: File name 'D:/ORBIPAX-PROJECT/src/shared/ui/primitives/label/index.tsx' differs from already included file name 'D:/ORBIPAX-PROJECT/src/shared/ui/primitives/Label/index.tsx' only in casing.
  The file is in the program because:
    Imported via "@/shared/ui/primitives/Label" from file 'D:/ORBIPAX-PROJECT/src/shared/ui/primitives/Form/index.tsx'
    Imported via "@/shared/ui/primitives/label" from file 'D:/ORBIPAX-PROJECT/src/modules/intake/ui/step1-demographics/components/AddressSection.tsx'
    Imported via "@/shared/ui/primitives/label" from file 'D:/ORBIPAX-PROJECT/src/modules/intake/ui/step1-demographics/components/LegalSection.tsx'
    Imported via "@/shared/ui/primitives/label" from file 'D:/ORBIPAX-PROJECT/src/modules/intake/ui/step1-demographics/components/PersonalInfoSection.tsx'
    Imported via "@/shared/ui/primitives/label" from file 'D:/ORBIPAX-PROJECT/src/modules/intake/ui/step2-eligibility-insurance/components/AuthorizationsSection.tsx'
    Imported via "@/shared/ui/primitives/label" from file 'D:/ORBIPAX-PROJECT/src/modules/intake/ui/step2-eligibility-insurance/components/EligibilityRecordsSection.tsx'
    Imported via "@/shared/ui/primitives/label" from file 'D:/ORBIPAX-PROJECT/src/modules/intake/ui/step2-eligibility-insurance/components/GovernmentCoverageSection.tsx'
    Imported via "@/shared/ui/primitives/Label" from file 'D:/ORBIPAX-PROJECT/src/modules/intake/ui/step2-eligibility-insurance/components/InsuranceRecordsSection.tsx'
    Imported via "@/shared/ui/primitives/label" from file 'D:/ORBIPAX-PROJECT/src/modules/intake/ui/step3-diagnoses-clinical/components/DiagnosesSection.tsx'
    Imported via "@/shared/ui/primitives/label" from file 'D:/ORBIPAX-PROJECT/src/modules/intake/ui/step3-diagnoses-clinical/components/FunctionalAssessmentSection.tsx'
    Imported via "@/shared/ui/primitives/label" from file 'D:/ORBIPAX-PROJECT/src/modules/intake/ui/step3-diagnoses-clinical/components/PsychiatricEvaluationSection.tsx'
    Imported via "@/shared/ui/primitives/Label" from file 'D:/ORBIPAX-PROJECT/src/modules/intake/ui/step4-medical-providers/components/ProvidersSection.tsx'
    Imported via "@/shared/ui/primitives/Label" from file 'D:/ORBIPAX-PROJECT/src/modules/intake/ui/step4-medical-providers/components/PsychiatristEvaluatorSection.tsx'
    Imported via "@/shared/ui/primitives/label" from file 'D:/ORBIPAX-PROJECT/src/modules/intake/ui/step5-medications/components/CurrentMedicationsSection.tsx'
    Imported via "@/shared/ui/primitives/label" from file 'D:/ORBIPAX-PROJECT/src/modules/intake/ui/step5-medications/components/PharmacyInformationSection.tsx'
    Imported via "@/shared/ui/primitives/label" from file 'D:/ORBIPAX-PROJECT/src/modules/intake/ui/step6-referrals-services/components/TreatmentHistorySection.tsx'
    Imported via "@/shared/ui/primitives/label" from file 'D:/ORBIPAX-PROJECT/src/modules/intake/ui/step6-referrals-services/components/ExternalReferralsSection.tsx'
    Imported via "@/shared/ui/primitives/label" from file 'D:/ORBIPAX-PROJECT/src/modules/intake/ui/step6-referrals-services/components/InternalServiceReferralsSection.tsx'
    Imported via "@/shared/ui/primitives/label" from file 'D:/ORBIPAX-PROJECT/src/modules/intake/ui/step9-legal-consents/Step7LegalConsents.tsx'
    Imported via '@/shared/ui/primitives/label' from file 'D:/ORBIPAX-PROJECT/src/modules/intake/ui/step8-treatment-goals/components/TreatmentGoalsSection.tsx'
    Imported via '@/shared/ui/primitives/label' from file 'D:/ORBIPAX-PROJECT/src/modules/intake/ui/step8-treatment-goals/components/PriorityAreasSection.tsx'
    Imported via '@/shared/ui/primitives/Label' from file 'D:/ORBIPAX-PROJECT/src/modules/intake/ui/step10-review/Step10Review.tsx'
    Imported via "@/shared/ui/primitives/Label" from file 'D:/ORBIPAX-PROJECT/src/shared/ui/primitives/Combobox/index.tsx'
    Matched by include pattern 'src/**/*' in 'D:/ORBIPAX-PROJECT/tsconfig.json'
src/modules/intake/ui/step5-medications/Step5Medications.tsx(115,15): error TS2532: Object is possibly 'undefined'.
src/modules/intake/ui/step5-medications/Step5Medications.tsx(121,25): error TS2769: No overload matches this call.
  Overload 1 of 2, '(o: {}): string[]', gave the following error.
    Argument of type 'Record<string, string> | undefined' is not assignable to parameter of type '{}'.
      Type 'undefined' is not assignable to type '{}'.
  Overload 2 of 2, '(o: object): string[]', gave the following error.
    Argument of type 'Record<string, string> | undefined' is not assignable to parameter of type 'object'.
      Type 'undefined' is not assignable to type 'object'.
src/modules/intake/ui/step5-medications/Step5Medications.tsx(122,55): error TS2345: Argument of type 'Record<string, string> | undefined' is not assignable to parameter of type 'Record<string, string>'.
  Type 'undefined' is not assignable to type 'Record<string, string>'.
src/modules/intake/ui/step5-medications/Step5Medications.tsx(124,25): error TS2769: No overload matches this call.
  Overload 1 of 2, '(o: {}): string[]', gave the following error.
    Argument of type 'Record<string, string> | undefined' is not assignable to parameter of type '{}'.
      Type 'undefined' is not assignable to type '{}'.
  Overload 2 of 2, '(o: object): string[]', gave the following error.
    Argument of type 'Record<string, string> | undefined' is not assignable to parameter of type 'object'.
      Type 'undefined' is not assignable to type 'object'.
src/modules/intake/ui/step5-medications/Step5Medications.tsx(125,56): error TS2345: Argument of type 'Record<string, string> | undefined' is not assignable to parameter of type 'Record<string, string>'.
  Type 'undefined' is not assignable to type 'Record<string, string>'.
src/modules/intake/ui/step5-medications/Step5Medications.tsx(130,34): error TS2769: No overload matches this call.
  Overload 1 of 2, '(o: {}): string[]', gave the following error.
    Argument of type 'Record<string, string> | undefined' is not assignable to parameter of type '{}'.
      Type 'undefined' is not assignable to type '{}'.
  Overload 2 of 2, '(o: object): string[]', gave the following error.
    Argument of type 'Record<string, string> | undefined' is not assignable to parameter of type 'object'.
      Type 'undefined' is not assignable to type 'object'.
src/modules/intake/ui/step5-medications/Step5Medications.tsx(135,13): error TS2464: A computed property name must be of type 'string', 'number', 'symbol', or 'any'.
src/modules/intake/ui/step5-medications/Step5Medications.tsx(191,13): error TS2322: Type '"primary"' is not assignable to type '"link" | "default" | "destructive" | "outline" | "secondary" | "ghost" | null | undefined'.
src/modules/intake/ui/step6-referrals-services/components/ExternalReferralsSection.tsx(7,23): error TS1149: File name 'D:/ORBIPAX-PROJECT/src/shared/ui/primitives/label/index.tsx' differs from already included file name 'D:/ORBIPAX-PROJECT/src/shared/ui/primitives/Label/index.tsx' only in casing.
  The file is in the program because:
    Imported via "@/shared/ui/primitives/Label" from file 'D:/ORBIPAX-PROJECT/src/shared/ui/primitives/Form/index.tsx'
    Imported via "@/shared/ui/primitives/label" from file 'D:/ORBIPAX-PROJECT/src/modules/intake/ui/step1-demographics/components/AddressSection.tsx'
    Imported via "@/shared/ui/primitives/label" from file 'D:/ORBIPAX-PROJECT/src/modules/intake/ui/step1-demographics/components/LegalSection.tsx'
    Imported via "@/shared/ui/primitives/label" from file 'D:/ORBIPAX-PROJECT/src/modules/intake/ui/step1-demographics/components/PersonalInfoSection.tsx'
    Imported via "@/shared/ui/primitives/label" from file 'D:/ORBIPAX-PROJECT/src/modules/intake/ui/step2-eligibility-insurance/components/AuthorizationsSection.tsx'
    Imported via "@/shared/ui/primitives/label" from file 'D:/ORBIPAX-PROJECT/src/modules/intake/ui/step2-eligibility-insurance/components/EligibilityRecordsSection.tsx'
    Imported via "@/shared/ui/primitives/label" from file 'D:/ORBIPAX-PROJECT/src/modules/intake/ui/step2-eligibility-insurance/components/GovernmentCoverageSection.tsx'
    Imported via "@/shared/ui/primitives/Label" from file 'D:/ORBIPAX-PROJECT/src/modules/intake/ui/step2-eligibility-insurance/components/InsuranceRecordsSection.tsx'
    Imported via "@/shared/ui/primitives/label" from file 'D:/ORBIPAX-PROJECT/src/modules/intake/ui/step3-diagnoses-clinical/components/DiagnosesSection.tsx'
    Imported via "@/shared/ui/primitives/label" from file 'D:/ORBIPAX-PROJECT/src/modules/intake/ui/step3-diagnoses-clinical/components/FunctionalAssessmentSection.tsx'
    Imported via "@/shared/ui/primitives/label" from file 'D:/ORBIPAX-PROJECT/src/modules/intake/ui/step3-diagnoses-clinical/components/PsychiatricEvaluationSection.tsx'
    Imported via "@/shared/ui/primitives/Label" from file 'D:/ORBIPAX-PROJECT/src/modules/intake/ui/step4-medical-providers/components/ProvidersSection.tsx'
    Imported via "@/shared/ui/primitives/Label" from file 'D:/ORBIPAX-PROJECT/src/modules/intake/ui/step4-medical-providers/components/PsychiatristEvaluatorSection.tsx'
    Imported via "@/shared/ui/primitives/label" from file 'D:/ORBIPAX-PROJECT/src/modules/intake/ui/step5-medications/components/CurrentMedicationsSection.tsx'
    Imported via "@/shared/ui/primitives/label" from file 'D:/ORBIPAX-PROJECT/src/modules/intake/ui/step5-medications/components/PharmacyInformationSection.tsx'
    Imported via "@/shared/ui/primitives/label" from file 'D:/ORBIPAX-PROJECT/src/modules/intake/ui/step6-referrals-services/components/TreatmentHistorySection.tsx'
    Imported via "@/shared/ui/primitives/label" from file 'D:/ORBIPAX-PROJECT/src/modules/intake/ui/step6-referrals-services/components/ExternalReferralsSection.tsx'
    Imported via "@/shared/ui/primitives/label" from file 'D:/ORBIPAX-PROJECT/src/modules/intake/ui/step6-referrals-services/components/InternalServiceReferralsSection.tsx'
    Imported via "@/shared/ui/primitives/label" from file 'D:/ORBIPAX-PROJECT/src/modules/intake/ui/step9-legal-consents/Step7LegalConsents.tsx'
    Imported via '@/shared/ui/primitives/label' from file 'D:/ORBIPAX-PROJECT/src/modules/intake/ui/step8-treatment-goals/components/TreatmentGoalsSection.tsx'
    Imported via '@/shared/ui/primitives/label' from file 'D:/ORBIPAX-PROJECT/src/modules/intake/ui/step8-treatment-goals/components/PriorityAreasSection.tsx'
    Imported via '@/shared/ui/primitives/Label' from file 'D:/ORBIPAX-PROJECT/src/modules/intake/ui/step10-review/Step10Review.tsx'
    Imported via "@/shared/ui/primitives/Label" from file 'D:/ORBIPAX-PROJECT/src/shared/ui/primitives/Combobox/index.tsx'
    Matched by include pattern 'src/**/*' in 'D:/ORBIPAX-PROJECT/tsconfig.json'
src/modules/intake/ui/step6-referrals-services/components/InternalServiceReferralsSection.tsx(7,23): error TS1149: File name 'D:/ORBIPAX-PROJECT/src/shared/ui/primitives/label/index.tsx' differs from already included file name 'D:/ORBIPAX-PROJECT/src/shared/ui/primitives/Label/index.tsx' only in casing.
  The file is in the program because:
    Imported via "@/shared/ui/primitives/Label" from file 'D:/ORBIPAX-PROJECT/src/shared/ui/primitives/Form/index.tsx'
    Imported via "@/shared/ui/primitives/label" from file 'D:/ORBIPAX-PROJECT/src/modules/intake/ui/step1-demographics/components/AddressSection.tsx'
    Imported via "@/shared/ui/primitives/label" from file 'D:/ORBIPAX-PROJECT/src/modules/intake/ui/step1-demographics/components/LegalSection.tsx'
    Imported via "@/shared/ui/primitives/label" from file 'D:/ORBIPAX-PROJECT/src/modules/intake/ui/step1-demographics/components/PersonalInfoSection.tsx'
    Imported via "@/shared/ui/primitives/label" from file 'D:/ORBIPAX-PROJECT/src/modules/intake/ui/step2-eligibility-insurance/components/AuthorizationsSection.tsx'
    Imported via "@/shared/ui/primitives/label" from file 'D:/ORBIPAX-PROJECT/src/modules/intake/ui/step2-eligibility-insurance/components/EligibilityRecordsSection.tsx'
    Imported via "@/shared/ui/primitives/label" from file 'D:/ORBIPAX-PROJECT/src/modules/intake/ui/step2-eligibility-insurance/components/GovernmentCoverageSection.tsx'
    Imported via "@/shared/ui/primitives/Label" from file 'D:/ORBIPAX-PROJECT/src/modules/intake/ui/step2-eligibility-insurance/components/InsuranceRecordsSection.tsx'
    Imported via "@/shared/ui/primitives/label" from file 'D:/ORBIPAX-PROJECT/src/modules/intake/ui/step3-diagnoses-clinical/components/DiagnosesSection.tsx'
    Imported via "@/shared/ui/primitives/label" from file 'D:/ORBIPAX-PROJECT/src/modules/intake/ui/step3-diagnoses-clinical/components/FunctionalAssessmentSection.tsx'
    Imported via "@/shared/ui/primitives/label" from file 'D:/ORBIPAX-PROJECT/src/modules/intake/ui/step3-diagnoses-clinical/components/PsychiatricEvaluationSection.tsx'
    Imported via "@/shared/ui/primitives/Label" from file 'D:/ORBIPAX-PROJECT/src/modules/intake/ui/step4-medical-providers/components/ProvidersSection.tsx'
    Imported via "@/shared/ui/primitives/Label" from file 'D:/ORBIPAX-PROJECT/src/modules/intake/ui/step4-medical-providers/components/PsychiatristEvaluatorSection.tsx'
    Imported via "@/shared/ui/primitives/label" from file 'D:/ORBIPAX-PROJECT/src/modules/intake/ui/step5-medications/components/CurrentMedicationsSection.tsx'
    Imported via "@/shared/ui/primitives/label" from file 'D:/ORBIPAX-PROJECT/src/modules/intake/ui/step5-medications/components/PharmacyInformationSection.tsx'
    Imported via "@/shared/ui/primitives/label" from file 'D:/ORBIPAX-PROJECT/src/modules/intake/ui/step6-referrals-services/components/TreatmentHistorySection.tsx'
    Imported via "@/shared/ui/primitives/label" from file 'D:/ORBIPAX-PROJECT/src/modules/intake/ui/step6-referrals-services/components/ExternalReferralsSection.tsx'
    Imported via "@/shared/ui/primitives/label" from file 'D:/ORBIPAX-PROJECT/src/modules/intake/ui/step6-referrals-services/components/InternalServiceReferralsSection.tsx'
    Imported via "@/shared/ui/primitives/label" from file 'D:/ORBIPAX-PROJECT/src/modules/intake/ui/step9-legal-consents/Step7LegalConsents.tsx'
    Imported via '@/shared/ui/primitives/label' from file 'D:/ORBIPAX-PROJECT/src/modules/intake/ui/step8-treatment-goals/components/TreatmentGoalsSection.tsx'
    Imported via '@/shared/ui/primitives/label' from file 'D:/ORBIPAX-PROJECT/src/modules/intake/ui/step8-treatment-goals/components/PriorityAreasSection.tsx'
    Imported via '@/shared/ui/primitives/Label' from file 'D:/ORBIPAX-PROJECT/src/modules/intake/ui/step10-review/Step10Review.tsx'
    Imported via "@/shared/ui/primitives/Label" from file 'D:/ORBIPAX-PROJECT/src/shared/ui/primitives/Combobox/index.tsx'
    Matched by include pattern 'src/**/*' in 'D:/ORBIPAX-PROJECT/tsconfig.json'
src/modules/intake/ui/step6-referrals-services/components/TreatmentHistorySection.tsx(7,23): error TS1149: File name 'D:/ORBIPAX-PROJECT/src/shared/ui/primitives/label/index.tsx' differs from already included file name 'D:/ORBIPAX-PROJECT/src/shared/ui/primitives/Label/index.tsx' only in casing.
  The file is in the program because:
    Imported via "@/shared/ui/primitives/Label" from file 'D:/ORBIPAX-PROJECT/src/shared/ui/primitives/Form/index.tsx'
    Imported via "@/shared/ui/primitives/label" from file 'D:/ORBIPAX-PROJECT/src/modules/intake/ui/step1-demographics/components/AddressSection.tsx'
    Imported via "@/shared/ui/primitives/label" from file 'D:/ORBIPAX-PROJECT/src/modules/intake/ui/step1-demographics/components/LegalSection.tsx'
    Imported via "@/shared/ui/primitives/label" from file 'D:/ORBIPAX-PROJECT/src/modules/intake/ui/step1-demographics/components/PersonalInfoSection.tsx'
    Imported via "@/shared/ui/primitives/label" from file 'D:/ORBIPAX-PROJECT/src/modules/intake/ui/step2-eligibility-insurance/components/AuthorizationsSection.tsx'
    Imported via "@/shared/ui/primitives/label" from file 'D:/ORBIPAX-PROJECT/src/modules/intake/ui/step2-eligibility-insurance/components/EligibilityRecordsSection.tsx'
    Imported via "@/shared/ui/primitives/label" from file 'D:/ORBIPAX-PROJECT/src/modules/intake/ui/step2-eligibility-insurance/components/GovernmentCoverageSection.tsx'
    Imported via "@/shared/ui/primitives/Label" from file 'D:/ORBIPAX-PROJECT/src/modules/intake/ui/step2-eligibility-insurance/components/InsuranceRecordsSection.tsx'
    Imported via "@/shared/ui/primitives/label" from file 'D:/ORBIPAX-PROJECT/src/modules/intake/ui/step3-diagnoses-clinical/components/DiagnosesSection.tsx'
    Imported via "@/shared/ui/primitives/label" from file 'D:/ORBIPAX-PROJECT/src/modules/intake/ui/step3-diagnoses-clinical/components/FunctionalAssessmentSection.tsx'
    Imported via "@/shared/ui/primitives/label" from file 'D:/ORBIPAX-PROJECT/src/modules/intake/ui/step3-diagnoses-clinical/components/PsychiatricEvaluationSection.tsx'
    Imported via "@/shared/ui/primitives/Label" from file 'D:/ORBIPAX-PROJECT/src/modules/intake/ui/step4-medical-providers/components/ProvidersSection.tsx'
    Imported via "@/shared/ui/primitives/Label" from file 'D:/ORBIPAX-PROJECT/src/modules/intake/ui/step4-medical-providers/components/PsychiatristEvaluatorSection.tsx'
    Imported via "@/shared/ui/primitives/label" from file 'D:/ORBIPAX-PROJECT/src/modules/intake/ui/step5-medications/components/CurrentMedicationsSection.tsx'
    Imported via "@/shared/ui/primitives/label" from file 'D:/ORBIPAX-PROJECT/src/modules/intake/ui/step5-medications/components/PharmacyInformationSection.tsx'
    Imported via "@/shared/ui/primitives/label" from file 'D:/ORBIPAX-PROJECT/src/modules/intake/ui/step6-referrals-services/components/TreatmentHistorySection.tsx'
    Imported via "@/shared/ui/primitives/label" from file 'D:/ORBIPAX-PROJECT/src/modules/intake/ui/step6-referrals-services/components/ExternalReferralsSection.tsx'
    Imported via "@/shared/ui/primitives/label" from file 'D:/ORBIPAX-PROJECT/src/modules/intake/ui/step6-referrals-services/components/InternalServiceReferralsSection.tsx'
    Imported via "@/shared/ui/primitives/label" from file 'D:/ORBIPAX-PROJECT/src/modules/intake/ui/step9-legal-consents/Step7LegalConsents.tsx'
    Imported via '@/shared/ui/primitives/label' from file 'D:/ORBIPAX-PROJECT/src/modules/intake/ui/step8-treatment-goals/components/TreatmentGoalsSection.tsx'
    Imported via '@/shared/ui/primitives/label' from file 'D:/ORBIPAX-PROJECT/src/modules/intake/ui/step8-treatment-goals/components/PriorityAreasSection.tsx'
    Imported via '@/shared/ui/primitives/Label' from file 'D:/ORBIPAX-PROJECT/src/modules/intake/ui/step10-review/Step10Review.tsx'
    Imported via "@/shared/ui/primitives/Label" from file 'D:/ORBIPAX-PROJECT/src/shared/ui/primitives/Combobox/index.tsx'
    Matched by include pattern 'src/**/*' in 'D:/ORBIPAX-PROJECT/tsconfig.json'
src/modules/intake/ui/step6-referrals-services/components/TreatmentHistorySection.tsx(379,37): error TS2322: Type '{ id: string; value: Date | undefined; onChange: (date: any) => void; placeholder: string; className: string; maxDate: Date; }' is not assignable to type 'IntrinsicAttributes & DatePickerProps'.
  Property 'value' does not exist on type 'IntrinsicAttributes & DatePickerProps'.
src/modules/intake/ui/step6-referrals-services/components/TreatmentHistorySection.tsx(380,48): error TS7006: Parameter 'date' implicitly has an 'any' type.
src/modules/intake/ui/step6-referrals-services/components/TreatmentHistorySection.tsx(394,37): error TS2322: Type '{ id: string; value: Date | undefined; onChange: (date: any) => void; placeholder: string; className: string; maxDate: Date; }' is not assignable to type 'IntrinsicAttributes & DatePickerProps'.
  Property 'value' does not exist on type 'IntrinsicAttributes & DatePickerProps'.
src/modules/intake/ui/step6-referrals-services/components/TreatmentHistorySection.tsx(395,48): error TS7006: Parameter 'date' implicitly has an 'any' type.
src/modules/intake/ui/step6-referrals-services/components/TreatmentHistorySection.tsx(433,37): error TS2322: Type '{ id: string; value: Date | undefined; onChange: (date: any) => void; placeholder: string; className: string; maxDate: Date; }' is not assignable to type 'IntrinsicAttributes & DatePickerProps'.
  Property 'value' does not exist on type 'IntrinsicAttributes & DatePickerProps'.
src/modules/intake/ui/step6-referrals-services/components/TreatmentHistorySection.tsx(434,48): error TS7006: Parameter 'date' implicitly has an 'any' type.
src/modules/intake/ui/step6-referrals-services/components/TreatmentHistorySection.tsx(524,39): error TS2322: Type '{ id: string; value: Date | undefined; onChange: (date: any) => void; placeholder: string; className: string; maxDate: Date; }' is not assignable to type 'IntrinsicAttributes & DatePickerProps'.
  Property 'value' does not exist on type 'IntrinsicAttributes & DatePickerProps'.
src/modules/intake/ui/step6-referrals-services/components/TreatmentHistorySection.tsx(525,50): error TS7006: Parameter 'date' implicitly has an 'any' type.
src/modules/intake/ui/step6-referrals-services/components/TreatmentHistorySection.tsx(718,37): error TS2322: Type '{ id: string; value: Date | undefined; onChange: (date: any) => void; placeholder: string; className: string; maxDate: Date; }' is not assignable to type 'IntrinsicAttributes & DatePickerProps'.
  Property 'value' does not exist on type 'IntrinsicAttributes & DatePickerProps'.
src/modules/intake/ui/step6-referrals-services/components/TreatmentHistorySection.tsx(719,48): error TS7006: Parameter 'date' implicitly has an 'any' type.
src/modules/intake/ui/step6-referrals-services/components/TreatmentHistorySection.tsx(733,37): error TS2322: Type '{ id: string; value: Date | undefined; onChange: (date: any) => void; placeholder: string; className: string; maxDate: Date; }' is not assignable to type 'IntrinsicAttributes & DatePickerProps'.
  Property 'value' does not exist on type 'IntrinsicAttributes & DatePickerProps'.
src/modules/intake/ui/step6-referrals-services/components/TreatmentHistorySection.tsx(734,48): error TS7006: Parameter 'date' implicitly has an 'any' type.
src/modules/intake/ui/step6-referrals-services/components/TreatmentHistorySection.tsx(926,35): error TS2322: Type '{ id: string; value: Date | undefined; onChange: (date: any) => void; placeholder: string; className: string; maxDate: Date; }' is not assignable to type 'IntrinsicAttributes & DatePickerProps'.
  Property 'value' does not exist on type 'IntrinsicAttributes & DatePickerProps'.
src/modules/intake/ui/step6-referrals-services/components/TreatmentHistorySection.tsx(927,46): error TS7006: Parameter 'date' implicitly has an 'any' type.
src/modules/intake/ui/step6-referrals-services/components/TreatmentHistorySection.tsx(944,35): error TS2322: Type '{ id: string; value: Date | undefined; onChange: (date: any) => void; placeholder: string; className: string; maxDate: Date; }' is not assignable to type 'IntrinsicAttributes & DatePickerProps'.
  Property 'value' does not exist on type 'IntrinsicAttributes & DatePickerProps'.
src/modules/intake/ui/step6-referrals-services/components/TreatmentHistorySection.tsx(945,46): error TS7006: Parameter 'date' implicitly has an 'any' type.
src/modules/intake/ui/step8-treatment-goals/components/PriorityAreasSection.tsx(8,23): error TS1149: File name 'D:/ORBIPAX-PROJECT/src/shared/ui/primitives/label/index.tsx' differs from already included file name 'D:/ORBIPAX-PROJECT/src/shared/ui/primitives/Label/index.tsx' only in casing.
  The file is in the program because:
    Imported via "@/shared/ui/primitives/Label" from file 'D:/ORBIPAX-PROJECT/src/shared/ui/primitives/Form/index.tsx'
    Imported via "@/shared/ui/primitives/label" from file 'D:/ORBIPAX-PROJECT/src/modules/intake/ui/step1-demographics/components/AddressSection.tsx'
    Imported via "@/shared/ui/primitives/label" from file 'D:/ORBIPAX-PROJECT/src/modules/intake/ui/step1-demographics/components/LegalSection.tsx'
    Imported via "@/shared/ui/primitives/label" from file 'D:/ORBIPAX-PROJECT/src/modules/intake/ui/step1-demographics/components/PersonalInfoSection.tsx'
    Imported via "@/shared/ui/primitives/label" from file 'D:/ORBIPAX-PROJECT/src/modules/intake/ui/step2-eligibility-insurance/components/AuthorizationsSection.tsx'
    Imported via "@/shared/ui/primitives/label" from file 'D:/ORBIPAX-PROJECT/src/modules/intake/ui/step2-eligibility-insurance/components/EligibilityRecordsSection.tsx'
    Imported via "@/shared/ui/primitives/label" from file 'D:/ORBIPAX-PROJECT/src/modules/intake/ui/step2-eligibility-insurance/components/GovernmentCoverageSection.tsx'
    Imported via "@/shared/ui/primitives/Label" from file 'D:/ORBIPAX-PROJECT/src/modules/intake/ui/step2-eligibility-insurance/components/InsuranceRecordsSection.tsx'
    Imported via "@/shared/ui/primitives/label" from file 'D:/ORBIPAX-PROJECT/src/modules/intake/ui/step3-diagnoses-clinical/components/DiagnosesSection.tsx'
    Imported via "@/shared/ui/primitives/label" from file 'D:/ORBIPAX-PROJECT/src/modules/intake/ui/step3-diagnoses-clinical/components/FunctionalAssessmentSection.tsx'
    Imported via "@/shared/ui/primitives/label" from file 'D:/ORBIPAX-PROJECT/src/modules/intake/ui/step3-diagnoses-clinical/components/PsychiatricEvaluationSection.tsx'
    Imported via "@/shared/ui/primitives/Label" from file 'D:/ORBIPAX-PROJECT/src/modules/intake/ui/step4-medical-providers/components/ProvidersSection.tsx'
    Imported via "@/shared/ui/primitives/Label" from file 'D:/ORBIPAX-PROJECT/src/modules/intake/ui/step4-medical-providers/components/PsychiatristEvaluatorSection.tsx'
    Imported via "@/shared/ui/primitives/label" from file 'D:/ORBIPAX-PROJECT/src/modules/intake/ui/step5-medications/components/CurrentMedicationsSection.tsx'
    Imported via "@/shared/ui/primitives/label" from file 'D:/ORBIPAX-PROJECT/src/modules/intake/ui/step5-medications/components/PharmacyInformationSection.tsx'
    Imported via "@/shared/ui/primitives/label" from file 'D:/ORBIPAX-PROJECT/src/modules/intake/ui/step6-referrals-services/components/TreatmentHistorySection.tsx'
    Imported via "@/shared/ui/primitives/label" from file 'D:/ORBIPAX-PROJECT/src/modules/intake/ui/step6-referrals-services/components/ExternalReferralsSection.tsx'
    Imported via "@/shared/ui/primitives/label" from file 'D:/ORBIPAX-PROJECT/src/modules/intake/ui/step6-referrals-services/components/InternalServiceReferralsSection.tsx'
    Imported via "@/shared/ui/primitives/label" from file 'D:/ORBIPAX-PROJECT/src/modules/intake/ui/step9-legal-consents/Step7LegalConsents.tsx'
    Imported via '@/shared/ui/primitives/label' from file 'D:/ORBIPAX-PROJECT/src/modules/intake/ui/step8-treatment-goals/components/TreatmentGoalsSection.tsx'
    Imported via '@/shared/ui/primitives/label' from file 'D:/ORBIPAX-PROJECT/src/modules/intake/ui/step8-treatment-goals/components/PriorityAreasSection.tsx'
    Imported via '@/shared/ui/primitives/Label' from file 'D:/ORBIPAX-PROJECT/src/modules/intake/ui/step10-review/Step10Review.tsx'
    Imported via "@/shared/ui/primitives/Label" from file 'D:/ORBIPAX-PROJECT/src/shared/ui/primitives/Combobox/index.tsx'
    Matched by include pattern 'src/**/*' in 'D:/ORBIPAX-PROJECT/tsconfig.json'
src/modules/intake/ui/step8-treatment-goals/components/PriorityAreasSection.tsx(91,7): error TS2322: Type '{ rank: number; name?: AreaName; }' is not assignable to type 'SelectedArea'.
  Property 'name' is optional in type '{ rank: number; name?: "Other" | "Depression" | "Anxiety" | "Trauma/PTSD" | "Relationship Issues" | "Self-Esteem" | "Grief/Loss" | "Substance Use" | "Anger Management" | "Life Transitions" | "Stress Management" | "Family Conflict" | "Work/Career Issues" | "Identity/Self-Discovery" | "Sleep Difficulties" | "Chronic Pain"; }' but required in type 'SelectedArea'.
src/modules/intake/ui/step8-treatment-goals/components/PriorityAreasSection.tsx(92,7): error TS2322: Type '{ rank: number; name?: AreaName; }' is not assignable to type 'SelectedArea'.
  Property 'name' is optional in type '{ rank: number; name?: "Other" | "Depression" | "Anxiety" | "Trauma/PTSD" | "Relationship Issues" | "Self-Esteem" | "Grief/Loss" | "Substance Use" | "Anger Management" | "Life Transitions" | "Stress Management" | "Family Conflict" | "Work/Career Issues" | "Identity/Self-Discovery" | "Sleep Difficulties" | "Chronic Pain"; }' but required in type 'SelectedArea'.
src/modules/intake/ui/step8-treatment-goals/components/PriorityAreasSection.tsx(106,7): error TS2322: Type '{ rank: number; name?: AreaName; }' is not assignable to type 'SelectedArea'.
  Property 'name' is optional in type '{ rank: number; name?: "Other" | "Depression" | "Anxiety" | "Trauma/PTSD" | "Relationship Issues" | "Self-Esteem" | "Grief/Loss" | "Substance Use" | "Anger Management" | "Life Transitions" | "Stress Management" | "Family Conflict" | "Work/Career Issues" | "Identity/Self-Discovery" | "Sleep Difficulties" | "Chronic Pain"; }' but required in type 'SelectedArea'.
src/modules/intake/ui/step8-treatment-goals/components/PriorityAreasSection.tsx(107,7): error TS2322: Type '{ rank: number; name?: AreaName; }' is not assignable to type 'SelectedArea'.
  Property 'name' is optional in type '{ rank: number; name?: "Other" | "Depression" | "Anxiety" | "Trauma/PTSD" | "Relationship Issues" | "Self-Esteem" | "Grief/Loss" | "Substance Use" | "Anger Management" | "Life Transitions" | "Stress Management" | "Family Conflict" | "Work/Career Issues" | "Identity/Self-Discovery" | "Sleep Difficulties" | "Chronic Pain"; }' but required in type 'SelectedArea'.
src/modules/intake/ui/step8-treatment-goals/components/TreatmentGoalsSection.tsx(7,23): error TS1149: File name 'D:/ORBIPAX-PROJECT/src/shared/ui/primitives/label/index.tsx' differs from already included file name 'D:/ORBIPAX-PROJECT/src/shared/ui/primitives/Label/index.tsx' only in casing.
  The file is in the program because:
    Imported via "@/shared/ui/primitives/Label" from file 'D:/ORBIPAX-PROJECT/src/shared/ui/primitives/Form/index.tsx'
    Imported via "@/shared/ui/primitives/label" from file 'D:/ORBIPAX-PROJECT/src/modules/intake/ui/step1-demographics/components/AddressSection.tsx'
    Imported via "@/shared/ui/primitives/label" from file 'D:/ORBIPAX-PROJECT/src/modules/intake/ui/step1-demographics/components/LegalSection.tsx'
    Imported via "@/shared/ui/primitives/label" from file 'D:/ORBIPAX-PROJECT/src/modules/intake/ui/step1-demographics/components/PersonalInfoSection.tsx'
    Imported via "@/shared/ui/primitives/label" from file 'D:/ORBIPAX-PROJECT/src/modules/intake/ui/step2-eligibility-insurance/components/AuthorizationsSection.tsx'
    Imported via "@/shared/ui/primitives/label" from file 'D:/ORBIPAX-PROJECT/src/modules/intake/ui/step2-eligibility-insurance/components/EligibilityRecordsSection.tsx'
    Imported via "@/shared/ui/primitives/label" from file 'D:/ORBIPAX-PROJECT/src/modules/intake/ui/step2-eligibility-insurance/components/GovernmentCoverageSection.tsx'
    Imported via "@/shared/ui/primitives/Label" from file 'D:/ORBIPAX-PROJECT/src/modules/intake/ui/step2-eligibility-insurance/components/InsuranceRecordsSection.tsx'
    Imported via "@/shared/ui/primitives/label" from file 'D:/ORBIPAX-PROJECT/src/modules/intake/ui/step3-diagnoses-clinical/components/DiagnosesSection.tsx'
    Imported via "@/shared/ui/primitives/label" from file 'D:/ORBIPAX-PROJECT/src/modules/intake/ui/step3-diagnoses-clinical/components/FunctionalAssessmentSection.tsx'
    Imported via "@/shared/ui/primitives/label" from file 'D:/ORBIPAX-PROJECT/src/modules/intake/ui/step3-diagnoses-clinical/components/PsychiatricEvaluationSection.tsx'
    Imported via "@/shared/ui/primitives/Label" from file 'D:/ORBIPAX-PROJECT/src/modules/intake/ui/step4-medical-providers/components/ProvidersSection.tsx'
    Imported via "@/shared/ui/primitives/Label" from file 'D:/ORBIPAX-PROJECT/src/modules/intake/ui/step4-medical-providers/components/PsychiatristEvaluatorSection.tsx'
    Imported via "@/shared/ui/primitives/label" from file 'D:/ORBIPAX-PROJECT/src/modules/intake/ui/step5-medications/components/CurrentMedicationsSection.tsx'
    Imported via "@/shared/ui/primitives/label" from file 'D:/ORBIPAX-PROJECT/src/modules/intake/ui/step5-medications/components/PharmacyInformationSection.tsx'
    Imported via "@/shared/ui/primitives/label" from file 'D:/ORBIPAX-PROJECT/src/modules/intake/ui/step6-referrals-services/components/TreatmentHistorySection.tsx'
    Imported via "@/shared/ui/primitives/label" from file 'D:/ORBIPAX-PROJECT/src/modules/intake/ui/step6-referrals-services/components/ExternalReferralsSection.tsx'
    Imported via "@/shared/ui/primitives/label" from file 'D:/ORBIPAX-PROJECT/src/modules/intake/ui/step6-referrals-services/components/InternalServiceReferralsSection.tsx'
    Imported via "@/shared/ui/primitives/label" from file 'D:/ORBIPAX-PROJECT/src/modules/intake/ui/step9-legal-consents/Step7LegalConsents.tsx'
    Imported via '@/shared/ui/primitives/label' from file 'D:/ORBIPAX-PROJECT/src/modules/intake/ui/step8-treatment-goals/components/TreatmentGoalsSection.tsx'
    Imported via '@/shared/ui/primitives/label' from file 'D:/ORBIPAX-PROJECT/src/modules/intake/ui/step8-treatment-goals/components/PriorityAreasSection.tsx'
    Imported via '@/shared/ui/primitives/Label' from file 'D:/ORBIPAX-PROJECT/src/modules/intake/ui/step10-review/Step10Review.tsx'
    Imported via "@/shared/ui/primitives/Label" from file 'D:/ORBIPAX-PROJECT/src/shared/ui/primitives/Combobox/index.tsx'
    Matched by include pattern 'src/**/*' in 'D:/ORBIPAX-PROJECT/tsconfig.json'
src/modules/intake/ui/step9-legal-consents/Step7LegalConsents.tsx(15,23): error TS1149: File name 'D:/ORBIPAX-PROJECT/src/shared/ui/primitives/label/index.tsx' differs from already included file name 'D:/ORBIPAX-PROJECT/src/shared/ui/primitives/Label/index.tsx' only in casing.
  The file is in the program because:
    Imported via "@/shared/ui/primitives/Label" from file 'D:/ORBIPAX-PROJECT/src/shared/ui/primitives/Form/index.tsx'
    Imported via "@/shared/ui/primitives/label" from file 'D:/ORBIPAX-PROJECT/src/modules/intake/ui/step1-demographics/components/AddressSection.tsx'
    Imported via "@/shared/ui/primitives/label" from file 'D:/ORBIPAX-PROJECT/src/modules/intake/ui/step1-demographics/components/LegalSection.tsx'
    Imported via "@/shared/ui/primitives/label" from file 'D:/ORBIPAX-PROJECT/src/modules/intake/ui/step1-demographics/components/PersonalInfoSection.tsx'
    Imported via "@/shared/ui/primitives/label" from file 'D:/ORBIPAX-PROJECT/src/modules/intake/ui/step2-eligibility-insurance/components/AuthorizationsSection.tsx'
    Imported via "@/shared/ui/primitives/label" from file 'D:/ORBIPAX-PROJECT/src/modules/intake/ui/step2-eligibility-insurance/components/EligibilityRecordsSection.tsx'
    Imported via "@/shared/ui/primitives/label" from file 'D:/ORBIPAX-PROJECT/src/modules/intake/ui/step2-eligibility-insurance/components/GovernmentCoverageSection.tsx'
    Imported via "@/shared/ui/primitives/Label" from file 'D:/ORBIPAX-PROJECT/src/modules/intake/ui/step2-eligibility-insurance/components/InsuranceRecordsSection.tsx'
    Imported via "@/shared/ui/primitives/label" from file 'D:/ORBIPAX-PROJECT/src/modules/intake/ui/step3-diagnoses-clinical/components/DiagnosesSection.tsx'
    Imported via "@/shared/ui/primitives/label" from file 'D:/ORBIPAX-PROJECT/src/modules/intake/ui/step3-diagnoses-clinical/components/FunctionalAssessmentSection.tsx'
    Imported via "@/shared/ui/primitives/label" from file 'D:/ORBIPAX-PROJECT/src/modules/intake/ui/step3-diagnoses-clinical/components/PsychiatricEvaluationSection.tsx'
    Imported via "@/shared/ui/primitives/Label" from file 'D:/ORBIPAX-PROJECT/src/modules/intake/ui/step4-medical-providers/components/ProvidersSection.tsx'
    Imported via "@/shared/ui/primitives/Label" from file 'D:/ORBIPAX-PROJECT/src/modules/intake/ui/step4-medical-providers/components/PsychiatristEvaluatorSection.tsx'
    Imported via "@/shared/ui/primitives/label" from file 'D:/ORBIPAX-PROJECT/src/modules/intake/ui/step5-medications/components/CurrentMedicationsSection.tsx'
    Imported via "@/shared/ui/primitives/label" from file 'D:/ORBIPAX-PROJECT/src/modules/intake/ui/step5-medications/components/PharmacyInformationSection.tsx'
    Imported via "@/shared/ui/primitives/label" from file 'D:/ORBIPAX-PROJECT/src/modules/intake/ui/step6-referrals-services/components/TreatmentHistorySection.tsx'
    Imported via "@/shared/ui/primitives/label" from file 'D:/ORBIPAX-PROJECT/src/modules/intake/ui/step6-referrals-services/components/ExternalReferralsSection.tsx'
    Imported via "@/shared/ui/primitives/label" from file 'D:/ORBIPAX-PROJECT/src/modules/intake/ui/step6-referrals-services/components/InternalServiceReferralsSection.tsx'
    Imported via "@/shared/ui/primitives/label" from file 'D:/ORBIPAX-PROJECT/src/modules/intake/ui/step9-legal-consents/Step7LegalConsents.tsx'
    Imported via '@/shared/ui/primitives/label' from file 'D:/ORBIPAX-PROJECT/src/modules/intake/ui/step8-treatment-goals/components/TreatmentGoalsSection.tsx'
    Imported via '@/shared/ui/primitives/label' from file 'D:/ORBIPAX-PROJECT/src/modules/intake/ui/step8-treatment-goals/components/PriorityAreasSection.tsx'
    Imported via '@/shared/ui/primitives/Label' from file 'D:/ORBIPAX-PROJECT/src/modules/intake/ui/step10-review/Step10Review.tsx'
    Imported via "@/shared/ui/primitives/Label" from file 'D:/ORBIPAX-PROJECT/src/shared/ui/primitives/Combobox/index.tsx'
    Matched by include pattern 'src/**/*' in 'D:/ORBIPAX-PROJECT/tsconfig.json'
src/modules/intake/ui/step9-legal-consents/Step7LegalConsents.tsx(65,5): error TS2322: Type 'Resolver<{ hipaa: { isRead: boolean; signature: string; guardianSignature?: string | undefined; signatureDate?: Date | undefined; }; consentTreatment: { isRead: boolean; signature: string; guardianSignature?: string | undefined; signatureDate?: Date | undefined; }; financial: { isRead: boolean; signature: string; guardianSignature?: string | undefined; signatureDate?: Date | undefined; }; telehealth: { isRead: boolean; signature: string; guardianSignature?: string | undefined; signatureDate?: Date | undefined; }; roi: { isRead?: boolean | undefined; signature?: string | undefined; guardianSignature?: string | undefined; signatureDate?: Date | undefined; }; isMinor?: boolean | undefined; authorizedToShareWithPCP?: boolean | undefined; }, any, { isMinor: boolean; authorizedToShareWithPCP: boolean; hipaa: { isRead: boolean; signature: string; guardianSignature?: string | undefined; signatureDate?: Date | undefined; }; consentTreatment: { isRead: boolean; signature: string; guardianSignature?: string | undefined; signatureDate?: Date | undefined; }; financial: { isRead: boolean; signature: string; guardianSignature?: string | undefined; signatureDate?: Date | undefined; }; telehealth: { isRead: boolean; signature: string; guardianSignature?: string | undefined; signatureDate?: Date | undefined; }; roi: { isRead?: boolean | undefined; signature?: string | undefined; guardianSignature?: string | undefined; signatureDate?: Date | undefined; }; }>' is not assignable to type 'Resolver<{ isMinor: boolean; authorizedToShareWithPCP: boolean; hipaa: { isRead: boolean; signature: string; guardianSignature?: string | undefined; signatureDate?: Date | undefined; }; consentTreatment: { isRead: boolean; signature: string; guardianSignature?: string | undefined; signatureDate?: Date | undefined; }; financial: { isRead: boolean; signature: string; guardianSignature?: string | undefined; signatureDate?: Date | undefined; }; telehealth: { isRead: boolean; signature: string; guardianSignature?: string | undefined; signatureDate?: Date | undefined; }; roi: { isRead?: boolean | undefined; signature?: string | undefined; guardianSignature?: string | undefined; signatureDate?: Date | undefined; }; }, any, { isMinor: boolean; authorizedToShareWithPCP: boolean; hipaa: { isRead: boolean; signature: string; guardianSignature?: string | undefined; signatureDate?: Date | undefined; }; consentTreatment: { isRead: boolean; signature: string; guardianSignature?: string | undefined; signatureDate?: Date | undefined; }; financial: { isRead: boolean; signature: string; guardianSignature?: string | undefined; signatureDate?: Date | undefined; }; telehealth: { isRead: boolean; signature: string; guardianSignature?: string | undefined; signatureDate?: Date | undefined; }; roi: { isRead?: boolean | undefined; signature?: string | undefined; guardianSignature?: string | undefined; signatureDate?: Date | undefined; }; }>'.
  Types of parameters 'options' and 'options' are incompatible.
    Type 'ResolverOptions<{ isMinor: boolean; authorizedToShareWithPCP: boolean; hipaa: { isRead: boolean; signature: string; guardianSignature?: string | undefined; signatureDate?: Date | undefined; }; consentTreatment: { isRead: boolean; signature: string; guardianSignature?: string | undefined; signatureDate?: Date | undefined; }; financial: { isRead: boolean; signature: string; guardianSignature?: string | undefined; signatureDate?: Date | undefined; }; telehealth: { isRead: boolean; signature: string; guardianSignature?: string | undefined; signatureDate?: Date | undefined; }; roi: { isRead?: boolean | undefined; signature?: string | undefined; guardianSignature?: string | undefined; signatureDate?: Date | undefined; }; }>' is not assignable to type 'ResolverOptions<{ hipaa: { isRead: boolean; signature: string; guardianSignature?: string | undefined; signatureDate?: Date | undefined; }; consentTreatment: { isRead: boolean; signature: string; guardianSignature?: string | undefined; signatureDate?: Date | undefined; }; financial: { isRead: boolean; signature: string; guardianSignature?: string | undefined; signatureDate?: Date | undefined; }; telehealth: { isRead: boolean; signature: string; guardianSignature?: string | undefined; signatureDate?: Date | undefined; }; roi: { isRead?: boolean | undefined; signature?: string | undefined; guardianSignature?: string | undefined; signatureDate?: Date | undefined; }; isMinor?: boolean | undefined; authorizedToShareWithPCP?: boolean | undefined; }>' with 'exactOptionalPropertyTypes: true'. Consider adding 'undefined' to the types of the target's properties.
      Type 'boolean | undefined' is not assignable to type 'boolean'.
        Type 'undefined' is not assignable to type 'boolean'.
src/modules/legacy/intake/review-submit/components/intake-review-submit.tsx(5,24): error TS2307: Cannot find module '@/components/ui/button' or its corresponding type declarations.
src/modules/legacy/intake/review-submit/components/intake-review-submit.tsx(6,35): error TS2307: Cannot find module '@/components/ui/card' or its corresponding type declarations.
src/modules/legacy/intake/review-submit/components/intake-review-submit.tsx(7,23): error TS2307: Cannot find module '@/components/ui/input' or its corresponding type declarations.
src/modules/legacy/intake/review-submit/components/intake-review-submit.tsx(8,23): error TS2307: Cannot find module '@/components/ui/label' or its corresponding type declarations.
src/modules/legacy/intake/review-submit/components/intake-review-submit.tsx(13,3): error TS2305: Module '"lucide-react"' has no exported member 'UserRound'.
src/modules/legacy/intake/review-submit/components/intake-review-submit.tsx(23,41): error TS2307: Cannot find module '@/components/ui/alert' or its corresponding type declarations.
src/modules/legacy/intake/review-submit/components/intake-review-submit.tsx(24,26): error TS2307: Cannot find module '@/components/ui/checkbox' or its corresponding type declarations.
src/modules/legacy/intake/review-submit/components/intake-review-submit.tsx(26,78): error TS2307: Cannot find module '@/components/ui/accordion' or its corresponding type declarations.
src/modules/legacy/intake/review-submit/components/intake-review-submit.tsx(37,5): error TS2339: Property 'personalInfo' does not exist on type 'IntakeFormStore'.
src/modules/legacy/intake/review-submit/components/intake-review-submit.tsx(38,5): error TS2339: Property 'addressInfo' does not exist on type 'IntakeFormStore'.
src/modules/legacy/intake/review-submit/components/intake-review-submit.tsx(39,5): error TS2339: Property 'contactInfo' does not exist on type 'IntakeFormStore'.
src/modules/legacy/intake/review-submit/components/intake-review-submit.tsx(40,5): error TS2339: Property 'legalInfo' does not exist on type 'IntakeFormStore'.
src/modules/legacy/intake/review-submit/components/intake-review-submit.tsx(42,5): error TS2339: Property 'medicalInfo' does not exist on type 'IntakeFormStore'.
src/modules/legacy/intake/review-submit/components/intake-review-submit.tsx(43,5): error TS2339: Property 'medicationInfo' does not exist on type 'IntakeFormStore'.
src/modules/legacy/intake/review-submit/components/intake-review-submit.tsx(45,5): error TS2339: Property 'treatmentInfo' does not exist on type 'IntakeFormStore'.
src/modules/legacy/intake/review-submit/components/intake-review-submit.tsx(46,5): error TS2339: Property 'referralInfo' does not exist on type 'IntakeFormStore'.
src/modules/legacy/intake/review-submit/components/intake-review-submit.tsx(47,5): error TS2339: Property 'consentInfo' does not exist on type 'IntakeFormStore'.
src/modules/legacy/intake/review-submit/components/intake-review-submit.tsx(48,5): error TS2339: Property 'medicalProvidersInfo' does not exist on type 'IntakeFormStore'.
src/modules/legacy/intake/review-submit/components/intake-review-submit.tsx(49,5): error TS2339: Property 'submitForm' does not exist on type 'IntakeFormStore'.
src/modules/legacy/intake/review-submit/components/intake-review-submit.tsx(227,67): error TS4111: Property 'medicaidId' comes from an index signature, so it must be accessed with ['medicaidId'].
src/modules/legacy/intake/review-submit/components/intake-review-submit.tsx(231,67): error TS4111: Property 'medicareId' comes from an index signature, so it must be accessed with ['medicareId'].
src/modules/legacy/intake/review-submit/components/intake-review-submit.tsx(236,42): error TS4111: Property 'medicaidEffectiveDate' comes from an index signature, so it must be accessed with ['medicaidEffectiveDate'].
src/modules/legacy/intake/review-submit/components/intake-review-submit.tsx(237,61): error TS4111: Property 'medicaidEffectiveDate' comes from an index signature, so it must be accessed with ['medicaidEffectiveDate'].
src/modules/legacy/intake/review-submit/components/intake-review-submit.tsx(243,67): error TS4111: Property 'programType' comes from an index signature, so it must be accessed with ['programType'].
src/modules/legacy/intake/review-submit/components/intake-review-submit.tsx(247,22): error TS18048: 'insuranceInfo.insuranceRecords' is possibly 'undefined'.
src/modules/legacy/intake/review-submit/components/intake-review-submit.tsx(251,28): error TS18048: 'insuranceInfo.insuranceRecords' is possibly 'undefined'.
src/modules/legacy/intake/review-submit/components/intake-review-submit.tsx(302,37): error TS4111: Property 'diagnosisRecords' comes from an index signature, so it must be accessed with ['diagnosisRecords'].
src/modules/legacy/intake/review-submit/components/intake-review-submit.tsx(302,59): error TS7006: Parameter 'diagnosis' implicitly has an 'any' type.
src/modules/legacy/intake/review-submit/components/intake-review-submit.tsx(337,70): error TS4111: Property 'functionalAssessment' comes from an index signature, so it must be accessed with ['functionalAssessment'].
src/modules/legacy/intake/review-submit/components/intake-review-submit.tsx(341,70): error TS4111: Property 'functionalAssessment' comes from an index signature, so it must be accessed with ['functionalAssessment'].
src/modules/legacy/intake/review-submit/components/intake-review-submit.tsx(345,70): error TS4111: Property 'functionalAssessment' comes from an index signature, so it must be accessed with ['functionalAssessment'].
src/modules/legacy/intake/review-submit/components/intake-review-submit.tsx(350,45): error TS4111: Property 'functionalAssessment' comes from an index signature, so it must be accessed with ['functionalAssessment'].
src/modules/legacy/intake/review-submit/components/intake-review-submit.tsx(356,37): error TS4111: Property 'psychiatricEvaluation' comes from an index signature, so it must be accessed with ['psychiatricEvaluation'].
src/modules/legacy/intake/review-submit/components/intake-review-submit.tsx(362,72): error TS4111: Property 'psychiatricEvaluation' comes from an index signature, so it must be accessed with ['psychiatricEvaluation'].
src/modules/legacy/intake/review-submit/components/intake-review-submit.tsx(367,47): error TS4111: Property 'psychiatricEvaluation' comes from an index signature, so it must be accessed with ['psychiatricEvaluation'].
src/modules/legacy/intake/review-submit/components/intake-review-submit.tsx(368,66): error TS4111: Property 'psychiatricEvaluation' comes from an index signature, so it must be accessed with ['psychiatricEvaluation'].
src/modules/legacy/intake/review-submit/components/intake-review-submit.tsx(374,72): error TS4111: Property 'psychiatricEvaluation' comes from an index signature, so it must be accessed with ['psychiatricEvaluation'].
src/modules/legacy/intake/review-submit/components/intake-review-submit.tsx(495,60): error TS7006: Parameter 'medication' implicitly has an 'any' type.
src/modules/legacy/intake/review-submit/components/intake-review-submit.tsx(717,56): error TS7006: Parameter 'form' implicitly has an 'any' type.
src/modules/legacy/intake/review-submit/components/intake-review-submit.tsx(781,38): error TS7006: Parameter 'area' implicitly has an 'any' type.
src/modules/legacy/intake/review-submit/components/intake-review-submit.tsx(782,36): error TS7006: Parameter 'a' implicitly has an 'any' type.
src/modules/legacy/intake/review-submit/components/intake-review-submit.tsx(782,39): error TS7006: Parameter 'b' implicitly has an 'any' type.
src/modules/legacy/intake/review-submit/components/intake-review-submit.tsx(788,35): error TS7006: Parameter 'area' implicitly has an 'any' type.
src/modules/legacy/intake/review-submit/components/intake-review-submit.tsx(788,41): error TS7006: Parameter 'index' implicitly has an 'any' type.
src/modules/legacy/intake/review-submit/components/ReviewStatusSection.tsx(3,35): error TS2307: Cannot find module '@/components/ui/card' or its corresponding type declarations.
src/modules/legacy/intake/review-submit/components/SubmissionSection.tsx(3,24): error TS2307: Cannot find module '@/components/ui/button' or its corresponding type declarations.
src/modules/legacy/intake/review-submit/components/SubmissionSection.tsx(4,35): error TS2307: Cannot find module '@/components/ui/card' or its corresponding type declarations.
src/modules/legacy/intake/review-submit/components/SubmissionSection.tsx(5,23): error TS2307: Cannot find module '@/components/ui/input' or its corresponding type declarations.
src/modules/legacy/intake/review-submit/components/SubmissionSection.tsx(6,23): error TS2307: Cannot find module '@/components/ui/label' or its corresponding type declarations.
src/modules/legacy/intake/review-submit/components/SubmissionSection.tsx(7,26): error TS2307: Cannot find module '@/components/ui/checkbox' or its corresponding type declarations.
src/modules/legacy/intake/review-submit/components/SubmissionSection.tsx(8,41): error TS2307: Cannot find module '@/components/ui/alert' or its corresponding type declarations.
src/modules/legacy/intake/review-submit/components/SubmissionSection.tsx(42,33): error TS7006: Parameter 'checked' implicitly has an 'any' type.
src/modules/legacy/intake/review-submit/components/SubmissionSection.tsx(57,28): error TS7006: Parameter 'e' implicitly has an 'any' type.
src/modules/legacy/intake/step1-demographics/components/AddressSection.tsx(4,35): error TS2307: Cannot find module '@/components/ui/card' or its corresponding type declarations.
src/modules/legacy/intake/step1-demographics/components/AddressSection.tsx(5,23): error TS2307: Cannot find module '@/components/ui/input' or its corresponding type declarations.
src/modules/legacy/intake/step1-demographics/components/AddressSection.tsx(6,23): error TS2307: Cannot find module '@/components/ui/label' or its corresponding type declarations.
src/modules/legacy/intake/step1-demographics/components/AddressSection.tsx(7,79): error TS2307: Cannot find module '@/components/ui/select' or its corresponding type declarations.
src/modules/legacy/intake/step1-demographics/components/AddressSection.tsx(8,26): error TS2307: Cannot find module '@/components/ui/checkbox' or its corresponding type declarations.
src/modules/legacy/intake/step1-demographics/components/AddressSection.tsx(9,24): error TS2307: Cannot find module '@/components/ui/button' or its corresponding type declarations.
src/modules/legacy/intake/step1-demographics/components/AddressSection.tsx(20,11): error TS2339: Property 'addressInfo' does not exist on type 'IntakeFormStore'.
src/modules/legacy/intake/step1-demographics/components/AddressSection.tsx(50,28): error TS7006: Parameter 'e' implicitly has an 'any' type.
src/modules/legacy/intake/step1-demographics/components/AddressSection.tsx(61,28): error TS7006: Parameter 'e' implicitly has an 'any' type.
src/modules/legacy/intake/step1-demographics/components/AddressSection.tsx(73,28): error TS7006: Parameter 'e' implicitly has an 'any' type.
src/modules/legacy/intake/step1-demographics/components/AddressSection.tsx(82,33): error TS7006: Parameter 'value' implicitly has an 'any' type.
src/modules/legacy/intake/step1-demographics/components/AddressSection.tsx(151,28): error TS7006: Parameter 'e' implicitly has an 'any' type.
src/modules/legacy/intake/step1-demographics/components/AddressSection.tsx(172,37): error TS7006: Parameter 'checked' implicitly has an 'any' type.
src/modules/legacy/intake/step1-demographics/components/AddressSection.tsx(191,32): error TS7006: Parameter 'e' implicitly has an 'any' type.
src/modules/legacy/intake/step1-demographics/components/AddressSection.tsx(203,32): error TS7006: Parameter 'e' implicitly has an 'any' type.
src/modules/legacy/intake/step1-demographics/components/AddressSection.tsx(212,37): error TS7006: Parameter 'value' implicitly has an 'any' type.
src/modules/legacy/intake/step1-demographics/components/AddressSection.tsx(281,32): error TS7006: Parameter 'e' implicitly has an 'any' type.
src/modules/legacy/intake/step1-demographics/components/ContactSection.tsx(3,35): error TS2307: Cannot find module '@/components/ui/card' or its corresponding type declarations.
src/modules/legacy/intake/step1-demographics/components/ContactSection.tsx(4,23): error TS2307: Cannot find module '@/components/ui/input' or its corresponding type declarations.
src/modules/legacy/intake/step1-demographics/components/ContactSection.tsx(5,23): error TS2307: Cannot find module '@/components/ui/label' or its corresponding type declarations.
src/modules/legacy/intake/step1-demographics/components/ContactSection.tsx(6,79): error TS2307: Cannot find module '@/components/ui/select' or its corresponding type declarations.
src/modules/legacy/intake/step1-demographics/components/ContactSection.tsx(18,11): error TS2339: Property 'contactInfo' does not exist on type 'IntakeFormStore'.
src/modules/legacy/intake/step1-demographics/components/ContactSection.tsx(63,28): error TS7006: Parameter 'e' implicitly has an 'any' type.
src/modules/legacy/intake/step1-demographics/components/ContactSection.tsx(77,28): error TS7006: Parameter 'e' implicitly has an 'any' type.
src/modules/legacy/intake/step1-demographics/components/ContactSection.tsx(93,28): error TS7006: Parameter 'e' implicitly has an 'any' type.
src/modules/legacy/intake/step1-demographics/components/ContactSection.tsx(126,32): error TS7006: Parameter 'e' implicitly has an 'any' type.
src/modules/legacy/intake/step1-demographics/components/ContactSection.tsx(142,32): error TS7006: Parameter 'e' implicitly has an 'any' type.
src/modules/legacy/intake/step1-demographics/components/ContactSection.tsx(158,32): error TS7006: Parameter 'e' implicitly has an 'any' type.
src/modules/legacy/intake/step1-demographics/components/intake-wizard-step1-demographics.tsx(4,24): error TS2307: Cannot find module '@/components/ui/button' or its corresponding type declarations.
src/modules/legacy/intake/step1-demographics/components/intake-wizard-step1-demographics.tsx(5,35): error TS2307: Cannot find module '@/components/ui/card' or its corresponding type declarations.
src/modules/legacy/intake/step1-demographics/components/intake-wizard-step1-demographics.tsx(6,23): error TS2307: Cannot find module '@/components/ui/input' or its corresponding type declarations.
src/modules/legacy/intake/step1-demographics/components/intake-wizard-step1-demographics.tsx(7,23): error TS2307: Cannot find module '@/components/ui/label' or its corresponding type declarations.
src/modules/legacy/intake/step1-demographics/components/intake-wizard-step1-demographics.tsx(8,79): error TS2307: Cannot find module '@/components/ui/select' or its corresponding type declarations.
src/modules/legacy/intake/step1-demographics/components/intake-wizard-step1-demographics.tsx(9,57): error TS2307: Cannot find module '@/components/ui/popover' or its corresponding type declarations.
src/modules/legacy/intake/step1-demographics/components/intake-wizard-step1-demographics.tsx(20,29): error TS2307: Cannot find module '@/components/multi-select' or its corresponding type declarations.
src/modules/legacy/intake/step1-demographics/components/intake-wizard-step1-demographics.tsx(21,41): error TS2307: Cannot find module '@/components/ui/alert' or its corresponding type declarations.
src/modules/legacy/intake/step1-demographics/components/intake-wizard-step1-demographics.tsx(22,32): error TS2307: Cannot find module '@/components/ui/custom-calendar' or its corresponding type declarations.
src/modules/legacy/intake/step1-demographics/components/intake-wizard-step1-demographics.tsx(23,27): error TS2307: Cannot find module '@/lib/analytics' or its corresponding type declarations.
src/modules/legacy/intake/step1-demographics/components/intake-wizard-step1-demographics.tsx(54,11): error TS2339: Property 'personalInfo' does not exist on type 'IntakeFormStore'.
src/modules/legacy/intake/step1-demographics/components/intake-wizard-step1-demographics.tsx(100,15): error TS2532: Object is possibly 'undefined'.
src/modules/legacy/intake/step1-demographics/components/intake-wizard-step1-demographics.tsx(100,15): error TS2532: Object is possibly 'undefined'.
src/modules/legacy/intake/step1-demographics/components/intake-wizard-step1-demographics.tsx(100,29): error TS2532: Object is possibly 'undefined'.
src/modules/legacy/intake/step1-demographics/components/intake-wizard-step1-demographics.tsx(100,29): error TS2532: Object is possibly 'undefined'.
src/modules/legacy/intake/step1-demographics/components/intake-wizard-step1-demographics.tsx(102,12): error TS2532: Object is possibly 'undefined'.
src/modules/legacy/intake/step1-demographics/components/intake-wizard-step1-demographics.tsx(102,12): error TS2532: Object is possibly 'undefined'.
src/modules/legacy/intake/step1-demographics/components/intake-wizard-step1-demographics.tsx(222,30): error TS7006: Parameter 'e' implicitly has an 'any' type.
src/modules/legacy/intake/step1-demographics/components/intake-wizard-step1-demographics.tsx(233,30): error TS7006: Parameter 'e' implicitly has an 'any' type.
src/modules/legacy/intake/step1-demographics/components/intake-wizard-step1-demographics.tsx(257,34): error TS7006: Parameter 'date' implicitly has an 'any' type.
src/modules/legacy/intake/step1-demographics/components/intake-wizard-step1-demographics.tsx(289,32): error TS7006: Parameter 'e' implicitly has an 'any' type.
src/modules/legacy/intake/step1-demographics/components/intake-wizard-step1-demographics.tsx(326,30): error TS7006: Parameter 'values' implicitly has an 'any' type.
src/modules/legacy/intake/step1-demographics/components/intake-wizard-step1-demographics.tsx(354,35): error TS7006: Parameter 'value' implicitly has an 'any' type.
src/modules/legacy/intake/step1-demographics/components/intake-wizard-step1-demographics.tsx(392,32): error TS7006: Parameter 'e' implicitly has an 'any' type.
src/modules/legacy/intake/step1-demographics/components/intake-wizard-step1-demographics.tsx(445,30): error TS7006: Parameter 'e' implicitly has an 'any' type.
src/modules/legacy/intake/step1-demographics/components/LegalSection.tsx(3,35): error TS2307: Cannot find module '@/components/ui/card' or its corresponding type declarations.
src/modules/legacy/intake/step1-demographics/components/LegalSection.tsx(4,23): error TS2307: Cannot find module '@/components/ui/input' or its corresponding type declarations.
src/modules/legacy/intake/step1-demographics/components/LegalSection.tsx(5,23): error TS2307: Cannot find module '@/components/ui/label' or its corresponding type declarations.
src/modules/legacy/intake/step1-demographics/components/LegalSection.tsx(6,24): error TS2307: Cannot find module '@/components/ui/switch' or its corresponding type declarations.
src/modules/legacy/intake/step1-demographics/components/LegalSection.tsx(19,11): error TS2339: Property 'legalInfo' does not exist on type 'IntakeFormStore'.
src/modules/legacy/intake/step1-demographics/components/LegalSection.tsx(19,22): error TS2339: Property 'personalInfo' does not exist on type 'IntakeFormStore'.
src/modules/legacy/intake/step1-demographics/components/LegalSection.tsx(90,37): error TS7006: Parameter 'checked' implicitly has an 'any' type.
src/modules/legacy/intake/step1-demographics/components/LegalSection.tsx(103,34): error TS7006: Parameter 'e' implicitly has an 'any' type.
src/modules/legacy/intake/step1-demographics/components/LegalSection.tsx(119,34): error TS7006: Parameter 'e' implicitly has an 'any' type.
src/modules/legacy/intake/step1-demographics/components/LegalSection.tsx(135,34): error TS7006: Parameter 'e' implicitly has an 'any' type.
src/modules/legacy/intake/step1-demographics/components/LegalSection.tsx(155,34): error TS7006: Parameter 'e' implicitly has an 'any' type.
src/modules/legacy/intake/step1-demographics/components/LegalSection.tsx(174,37): error TS7006: Parameter 'checked' implicitly has an 'any' type.
src/modules/legacy/intake/step1-demographics/components/LegalSection.tsx(187,34): error TS7006: Parameter 'e' implicitly has an 'any' type.
src/modules/legacy/intake/step1-demographics/components/LegalSection.tsx(203,34): error TS7006: Parameter 'e' implicitly has an 'any' type.
src/modules/legacy/intake/step1-demographics/components/PersonalInfoSection.tsx(3,35): error TS2307: Cannot find module '@/components/ui/card' or its corresponding type declarations.
src/modules/legacy/intake/step1-demographics/components/PersonalInfoSection.tsx(4,23): error TS2307: Cannot find module '@/components/ui/input' or its corresponding type declarations.
src/modules/legacy/intake/step1-demographics/components/PersonalInfoSection.tsx(5,23): error TS2307: Cannot find module '@/components/ui/label' or its corresponding type declarations.
src/modules/legacy/intake/step1-demographics/components/PersonalInfoSection.tsx(7,29): error TS2307: Cannot find module '@/components/multi-select' or its corresponding type declarations.
src/modules/legacy/intake/step1-demographics/components/PersonalInfoSection.tsx(8,32): error TS2307: Cannot find module '@/components/ui/custom-calendar' or its corresponding type declarations.
src/modules/legacy/intake/step1-demographics/components/PersonalInfoSection.tsx(17,11): error TS2339: Property 'personalInfo' does not exist on type 'IntakeFormStore'.
src/modules/legacy/intake/step1-demographics/components/PersonalInfoSection.tsx(50,15): error TS2532: Object is possibly 'undefined'.
src/modules/legacy/intake/step1-demographics/components/PersonalInfoSection.tsx(50,15): error TS2532: Object is possibly 'undefined'.
src/modules/legacy/intake/step1-demographics/components/PersonalInfoSection.tsx(50,29): error TS2532: Object is possibly 'undefined'.
src/modules/legacy/intake/step1-demographics/components/PersonalInfoSection.tsx(50,29): error TS2532: Object is possibly 'undefined'.
src/modules/legacy/intake/step1-demographics/components/PersonalInfoSection.tsx(52,12): error TS2532: Object is possibly 'undefined'.
src/modules/legacy/intake/step1-demographics/components/PersonalInfoSection.tsx(52,12): error TS2532: Object is possibly 'undefined'.
src/modules/legacy/intake/step1-demographics/components/PersonalInfoSection.tsx(115,28): error TS7006: Parameter 'e' implicitly has an 'any' type.
src/modules/legacy/intake/step1-demographics/components/PersonalInfoSection.tsx(125,28): error TS7006: Parameter 'date' implicitly has an 'any' type.
src/modules/legacy/intake/step1-demographics/components/PersonalInfoSection.tsx(135,28): error TS7006: Parameter 'values' implicitly has an 'any' type.
src/modules/legacy/intake/step1-demographics/components/PersonalInfoSection.tsx(145,28): error TS7006: Parameter 'values' implicitly has an 'any' type.
src/modules/legacy/intake/step1-demographics/page.tsx(2,27): error TS2307: Cannot find module '@/lib/analytics' or its corresponding type declarations.
src/modules/legacy/intake/step2-eligibility-insurance/components/AuthorizationsSection.tsx(3,24): error TS2307: Cannot find module '@/components/ui/button' or its corresponding type declarations.
src/modules/legacy/intake/step2-eligibility-insurance/components/AuthorizationsSection.tsx(4,35): error TS2307: Cannot find module '@/components/ui/card' or its corresponding type declarations.
src/modules/legacy/intake/step2-eligibility-insurance/components/AuthorizationsSection.tsx(5,23): error TS2307: Cannot find module '@/components/ui/label' or its corresponding type declarations.
src/modules/legacy/intake/step2-eligibility-insurance/components/AuthorizationsSection.tsx(6,79): error TS2307: Cannot find module '@/components/ui/select' or its corresponding type declarations.
src/modules/legacy/intake/step2-eligibility-insurance/components/AuthorizationsSection.tsx(7,23): error TS2307: Cannot find module '@/components/ui/input' or its corresponding type declarations.
src/modules/legacy/intake/step2-eligibility-insurance/components/AuthorizationsSection.tsx(8,26): error TS2307: Cannot find module '@/components/ui/textarea' or its corresponding type declarations.
src/modules/legacy/intake/step2-eligibility-insurance/components/AuthorizationsSection.tsx(9,57): error TS2307: Cannot find module '@/components/ui/popover' or its corresponding type declarations.
src/modules/legacy/intake/step2-eligibility-insurance/components/AuthorizationsSection.tsx(13,32): error TS2307: Cannot find module '@/components/ui/custom-calendar' or its corresponding type declarations.
src/modules/legacy/intake/step2-eligibility-insurance/components/AuthorizationsSection.tsx(85,37): error TS7006: Parameter 'value' implicitly has an 'any' type.
src/modules/legacy/intake/step2-eligibility-insurance/components/AuthorizationsSection.tsx(106,32): error TS7006: Parameter 'e' implicitly has an 'any' type.
src/modules/legacy/intake/step2-eligibility-insurance/components/AuthorizationsSection.tsx(131,36): error TS7006: Parameter 'date' implicitly has an 'any' type.
src/modules/legacy/intake/step2-eligibility-insurance/components/AuthorizationsSection.tsx(158,36): error TS7006: Parameter 'date' implicitly has an 'any' type.
src/modules/legacy/intake/step2-eligibility-insurance/components/AuthorizationsSection.tsx(172,32): error TS7006: Parameter 'e' implicitly has an 'any' type.
src/modules/legacy/intake/step2-eligibility-insurance/components/AuthorizationsSection.tsx(183,32): error TS7006: Parameter 'e' implicitly has an 'any' type.
src/modules/legacy/intake/step2-eligibility-insurance/components/EligibilityRecordsSection.tsx(3,24): error TS2307: Cannot find module '@/components/ui/button' or its corresponding type declarations.
src/modules/legacy/intake/step2-eligibility-insurance/components/EligibilityRecordsSection.tsx(4,35): error TS2307: Cannot find module '@/components/ui/card' or its corresponding type declarations.
src/modules/legacy/intake/step2-eligibility-insurance/components/EligibilityRecordsSection.tsx(5,23): error TS2307: Cannot find module '@/components/ui/label' or its corresponding type declarations.
src/modules/legacy/intake/step2-eligibility-insurance/components/EligibilityRecordsSection.tsx(6,79): error TS2307: Cannot find module '@/components/ui/select' or its corresponding type declarations.
src/modules/legacy/intake/step2-eligibility-insurance/components/EligibilityRecordsSection.tsx(7,57): error TS2307: Cannot find module '@/components/ui/popover' or its corresponding type declarations.
src/modules/legacy/intake/step2-eligibility-insurance/components/EligibilityRecordsSection.tsx(11,32): error TS2307: Cannot find module '@/components/ui/custom-calendar' or its corresponding type declarations.
src/modules/legacy/intake/step2-eligibility-insurance/components/EligibilityRecordsSection.tsx(67,32): error TS7006: Parameter 'date' implicitly has an 'any' type.
src/modules/legacy/intake/step2-eligibility-insurance/components/EligibilityRecordsSection.tsx(79,33): error TS7006: Parameter 'value' implicitly has an 'any' type.
src/modules/legacy/intake/step2-eligibility-insurance/components/GovernmentCoverageSection.tsx(3,24): error TS2307: Cannot find module '@/components/ui/button' or its corresponding type declarations.
src/modules/legacy/intake/step2-eligibility-insurance/components/GovernmentCoverageSection.tsx(4,35): error TS2307: Cannot find module '@/components/ui/card' or its corresponding type declarations.
src/modules/legacy/intake/step2-eligibility-insurance/components/GovernmentCoverageSection.tsx(5,23): error TS2307: Cannot find module '@/components/ui/input' or its corresponding type declarations.
src/modules/legacy/intake/step2-eligibility-insurance/components/GovernmentCoverageSection.tsx(6,23): error TS2307: Cannot find module '@/components/ui/label' or its corresponding type declarations.
src/modules/legacy/intake/step2-eligibility-insurance/components/GovernmentCoverageSection.tsx(7,57): error TS2307: Cannot find module '@/components/ui/popover' or its corresponding type declarations.
src/modules/legacy/intake/step2-eligibility-insurance/components/GovernmentCoverageSection.tsx(11,32): error TS2307: Cannot find module '@/components/ui/custom-calendar' or its corresponding type declarations.
src/modules/legacy/intake/step2-eligibility-insurance/components/GovernmentCoverageSection.tsx(54,28): error TS7006: Parameter 'e' implicitly has an 'any' type.
src/modules/legacy/intake/step2-eligibility-insurance/components/GovernmentCoverageSection.tsx(78,32): error TS7006: Parameter 'date' implicitly has an 'any' type.
src/modules/legacy/intake/step2-eligibility-insurance/components/GovernmentCoverageSection.tsx(92,28): error TS7006: Parameter 'e' implicitly has an 'any' type.
src/modules/legacy/intake/step2-eligibility-insurance/components/GovernmentCoverageSection.tsx(104,28): error TS7006: Parameter 'e' implicitly has an 'any' type.
src/modules/legacy/intake/step2-eligibility-insurance/components/InsuranceRecordsSection.tsx(3,24): error TS2307: Cannot find module '@/components/ui/button' or its corresponding type declarations.
src/modules/legacy/intake/step2-eligibility-insurance/components/InsuranceRecordsSection.tsx(4,35): error TS2307: Cannot find module '@/components/ui/card' or its corresponding type declarations.
src/modules/legacy/intake/step2-eligibility-insurance/components/InsuranceRecordsSection.tsx(5,23): error TS2307: Cannot find module '@/components/ui/label' or its corresponding type declarations.
src/modules/legacy/intake/step2-eligibility-insurance/components/InsuranceRecordsSection.tsx(6,79): error TS2307: Cannot find module '@/components/ui/select' or its corresponding type declarations.
src/modules/legacy/intake/step2-eligibility-insurance/components/InsuranceRecordsSection.tsx(7,23): error TS2307: Cannot find module '@/components/ui/input' or its corresponding type declarations.
src/modules/legacy/intake/step2-eligibility-insurance/components/InsuranceRecordsSection.tsx(8,57): error TS2307: Cannot find module '@/components/ui/popover' or its corresponding type declarations.
src/modules/legacy/intake/step2-eligibility-insurance/components/InsuranceRecordsSection.tsx(12,32): error TS2307: Cannot find module '@/components/ui/custom-calendar' or its corresponding type declarations.
src/modules/legacy/intake/step2-eligibility-insurance/components/InsuranceRecordsSection.tsx(87,37): error TS7006: Parameter 'value' implicitly has an 'any' type.
src/modules/legacy/intake/step2-eligibility-insurance/components/InsuranceRecordsSection.tsx(110,32): error TS7006: Parameter 'e' implicitly has an 'any' type.
src/modules/legacy/intake/step2-eligibility-insurance/components/InsuranceRecordsSection.tsx(122,32): error TS7006: Parameter 'e' implicitly has an 'any' type.
src/modules/legacy/intake/step2-eligibility-insurance/components/InsuranceRecordsSection.tsx(146,36): error TS7006: Parameter 'date' implicitly has an 'any' type.
src/modules/legacy/intake/step2-eligibility-insurance/components/InsuranceRecordsSection.tsx(173,36): error TS7006: Parameter 'date' implicitly has an 'any' type.
src/modules/legacy/intake/step2-eligibility-insurance/components/InsuranceRecordsSection.tsx(185,37): error TS7006: Parameter 'value' implicitly has an 'any' type.
src/modules/legacy/intake/step2-eligibility-insurance/components/InsuranceRecordsSection.tsx(208,32): error TS7006: Parameter 'e' implicitly has an 'any' type.
src/modules/legacy/intake/step2-eligibility-insurance/components/InsuranceRecordsSection.tsx(219,32): error TS7006: Parameter 'e' implicitly has an 'any' type.
src/modules/legacy/intake/step2-eligibility-insurance/components/InsuranceRecordsSection.tsx(228,37): error TS7006: Parameter 'value' implicitly has an 'any' type.
src/modules/legacy/intake/step2-eligibility-insurance/components/intake-step2-eligibility-insurance.tsx(5,24): error TS2307: Cannot find module '@/components/ui/button' or its corresponding type declarations.
src/modules/legacy/intake/step2-eligibility-insurance/components/intake-step2-eligibility-insurance.tsx(6,35): error TS2307: Cannot find module '@/components/ui/card' or its corresponding type declarations.
src/modules/legacy/intake/step2-eligibility-insurance/components/intake-step2-eligibility-insurance.tsx(7,23): error TS2307: Cannot find module '@/components/ui/input' or its corresponding type declarations.
src/modules/legacy/intake/step2-eligibility-insurance/components/intake-step2-eligibility-insurance.tsx(8,23): error TS2307: Cannot find module '@/components/ui/label' or its corresponding type declarations.
src/modules/legacy/intake/step2-eligibility-insurance/components/intake-step2-eligibility-insurance.tsx(9,79): error TS2307: Cannot find module '@/components/ui/select' or its corresponding type declarations.
src/modules/legacy/intake/step2-eligibility-insurance/components/intake-step2-eligibility-insurance.tsx(10,24): error TS2307: Cannot find module '@/components/ui/switch' or its corresponding type declarations.
src/modules/legacy/intake/step2-eligibility-insurance/components/intake-step2-eligibility-insurance.tsx(11,57): error TS2307: Cannot find module '@/components/ui/popover' or its corresponding type declarations.
src/modules/legacy/intake/step2-eligibility-insurance/components/intake-step2-eligibility-insurance.tsx(12,26): error TS2307: Cannot find module '@/components/ui/calendar' or its corresponding type declarations.
src/modules/legacy/intake/step2-eligibility-insurance/components/intake-step2-eligibility-insurance.tsx(26,41): error TS2307: Cannot find module '@/components/ui/alert' or its corresponding type declarations.
src/modules/legacy/intake/step2-eligibility-insurance/components/intake-step2-eligibility-insurance.tsx(27,32): error TS2307: Cannot find module '@/components/ui/custom-calendar' or its corresponding type declarations.
src/modules/legacy/intake/step2-eligibility-insurance/components/intake-step2-eligibility-insurance.tsx(29,26): error TS2307: Cannot find module '@/components/ui/textarea' or its corresponding type declarations.
src/modules/legacy/intake/step2-eligibility-insurance/components/intake-step2-eligibility-insurance.tsx(140,25): error TS18048: 'insuranceInfo.insuranceRecords' is possibly 'undefined'.
src/modules/legacy/intake/step2-eligibility-insurance/components/intake-step2-eligibility-insurance.tsx(145,97): error TS2339: Property '0' does not exist on type 'any[] | undefined'.
src/modules/legacy/intake/step2-eligibility-insurance/components/intake-step2-eligibility-insurance.tsx(147,25): error TS18048: 'insuranceInfo.insuranceRecords' is possibly 'undefined'.
src/modules/legacy/intake/step2-eligibility-insurance/components/intake-step2-eligibility-insurance.tsx(176,29): error TS18048: 'insuranceInfo.authorizationRecords' is possibly 'undefined'.
src/modules/legacy/intake/step2-eligibility-insurance/components/intake-step2-eligibility-insurance.tsx(181,105): error TS2339: Property '0' does not exist on type 'any[] | undefined'.
src/modules/legacy/intake/step2-eligibility-insurance/components/intake-step2-eligibility-insurance.tsx(183,29): error TS18048: 'insuranceInfo.authorizationRecords' is possibly 'undefined'.
src/modules/legacy/intake/step2-eligibility-insurance/components/intake-step2-eligibility-insurance.tsx(196,39): error TS2345: Argument of type '"government"' is not assignable to parameter of type 'never'.
src/modules/legacy/intake/step2-eligibility-insurance/components/intake-step2-eligibility-insurance.tsx(197,9): error TS2322: Type 'boolean | undefined' is not assignable to type 'boolean'.
  Type 'undefined' is not assignable to type 'boolean'.
src/modules/legacy/intake/step2-eligibility-insurance/components/intake-step2-eligibility-insurance.tsx(205,39): error TS2345: Argument of type '"eligibility"' is not assignable to parameter of type 'never'.
src/modules/legacy/intake/step2-eligibility-insurance/components/intake-step2-eligibility-insurance.tsx(206,9): error TS2322: Type 'boolean | undefined' is not assignable to type 'boolean'.
  Type 'undefined' is not assignable to type 'boolean'.
src/modules/legacy/intake/step2-eligibility-insurance/components/intake-step2-eligibility-insurance.tsx(214,39): error TS2345: Argument of type '"insurance"' is not assignable to parameter of type 'never'.
src/modules/legacy/intake/step2-eligibility-insurance/components/intake-step2-eligibility-insurance.tsx(215,9): error TS2322: Type 'boolean | undefined' is not assignable to type 'boolean'.
  Type 'undefined' is not assignable to type 'boolean'.
src/modules/legacy/intake/step2-eligibility-insurance/components/intake-step2-eligibility-insurance.tsx(226,39): error TS2345: Argument of type '"authorizations"' is not assignable to parameter of type 'never'.
src/modules/legacy/intake/step2-eligibility-insurance/components/intake-step2-eligibility-insurance.tsx(227,9): error TS2322: Type 'boolean | undefined' is not assignable to type 'boolean'.
  Type 'undefined' is not assignable to type 'boolean'.
src/modules/legacy/intake/step3-diagnoses-clinical-eva/components/DiagnosesSection.tsx(4,24): error TS2307: Cannot find module '@/components/ui/button' or its corresponding type declarations.
src/modules/legacy/intake/step3-diagnoses-clinical-eva/components/DiagnosesSection.tsx(5,35): error TS2307: Cannot find module '@/components/ui/card' or its corresponding type declarations.
src/modules/legacy/intake/step3-diagnoses-clinical-eva/components/DiagnosesSection.tsx(6,23): error TS2307: Cannot find module '@/components/ui/input' or its corresponding type declarations.
src/modules/legacy/intake/step3-diagnoses-clinical-eva/components/DiagnosesSection.tsx(7,23): error TS2307: Cannot find module '@/components/ui/label' or its corresponding type declarations.
src/modules/legacy/intake/step3-diagnoses-clinical-eva/components/DiagnosesSection.tsx(8,79): error TS2307: Cannot find module '@/components/ui/select' or its corresponding type declarations.
src/modules/legacy/intake/step3-diagnoses-clinical-eva/components/DiagnosesSection.tsx(9,24): error TS2307: Cannot find module '@/components/ui/switch' or its corresponding type declarations.
src/modules/legacy/intake/step3-diagnoses-clinical-eva/components/DiagnosesSection.tsx(10,57): error TS2307: Cannot find module '@/components/ui/popover' or its corresponding type declarations.
src/modules/legacy/intake/step3-diagnoses-clinical-eva/components/DiagnosesSection.tsx(11,26): error TS2307: Cannot find module '@/components/ui/textarea' or its corresponding type declarations.
src/modules/legacy/intake/step3-diagnoses-clinical-eva/components/DiagnosesSection.tsx(15,32): error TS2307: Cannot find module '@/components/ui/custom-calendar' or its corresponding type declarations.
src/modules/legacy/intake/step3-diagnoses-clinical-eva/components/DiagnosesSection.tsx(51,23): error TS4111: Property 'diagnosisRecords' comes from an index signature, so it must be accessed with ['diagnosisRecords'].
src/modules/legacy/intake/step3-diagnoses-clinical-eva/components/DiagnosesSection.tsx(74,41): error TS4111: Property 'diagnosisRecords' comes from an index signature, so it must be accessed with ['diagnosisRecords'].
src/modules/legacy/intake/step3-diagnoses-clinical-eva/components/DiagnosesSection.tsx(74,66): error TS7006: Parameter 'record' implicitly has an 'any' type.
src/modules/legacy/intake/step3-diagnoses-clinical-eva/components/DiagnosesSection.tsx(84,41): error TS4111: Property 'diagnosisRecords' comes from an index signature, so it must be accessed with ['diagnosisRecords'].
src/modules/legacy/intake/step3-diagnoses-clinical-eva/components/DiagnosesSection.tsx(84,63): error TS7006: Parameter 'record' implicitly has an 'any' type.
src/modules/legacy/intake/step3-diagnoses-clinical-eva/components/DiagnosesSection.tsx(99,23): error TS4111: Property 'symptomSummary' comes from an index signature, so it must be accessed with ['symptomSummary'].
src/modules/legacy/intake/step3-diagnoses-clinical-eva/components/DiagnosesSection.tsx(113,22): error TS4111: Property 'symptomSummary' comes from an index signature, so it must be accessed with ['symptomSummary'].
src/modules/legacy/intake/step3-diagnoses-clinical-eva/components/DiagnosesSection.tsx(114,22): error TS4111: Property 'symptomSummary' comes from an index signature, so it must be accessed with ['symptomSummary'].
src/modules/legacy/intake/step3-diagnoses-clinical-eva/components/DiagnosesSection.tsx(115,22): error TS4111: Property 'symptomSummary' comes from an index signature, so it must be accessed with ['symptomSummary'].
src/modules/legacy/intake/step3-diagnoses-clinical-eva/components/DiagnosesSection.tsx(128,22): error TS4111: Property 'symptomSummary' comes from an index signature, so it must be accessed with ['symptomSummary'].
src/modules/legacy/intake/step3-diagnoses-clinical-eva/components/DiagnosesSection.tsx(129,22): error TS4111: Property 'symptomSummary' comes from an index signature, so it must be accessed with ['symptomSummary'].
src/modules/legacy/intake/step3-diagnoses-clinical-eva/components/DiagnosesSection.tsx(130,22): error TS4111: Property 'symptomSummary' comes from an index signature, so it must be accessed with ['symptomSummary'].
src/modules/legacy/intake/step3-diagnoses-clinical-eva/components/DiagnosesSection.tsx(143,22): error TS4111: Property 'symptomSummary' comes from an index signature, so it must be accessed with ['symptomSummary'].
src/modules/legacy/intake/step3-diagnoses-clinical-eva/components/DiagnosesSection.tsx(144,22): error TS4111: Property 'symptomSummary' comes from an index signature, so it must be accessed with ['symptomSummary'].
src/modules/legacy/intake/step3-diagnoses-clinical-eva/components/DiagnosesSection.tsx(145,22): error TS4111: Property 'symptomSummary' comes from an index signature, so it must be accessed with ['symptomSummary'].
src/modules/legacy/intake/step3-diagnoses-clinical-eva/components/DiagnosesSection.tsx(158,22): error TS4111: Property 'symptomSummary' comes from an index signature, so it must be accessed with ['symptomSummary'].
src/modules/legacy/intake/step3-diagnoses-clinical-eva/components/DiagnosesSection.tsx(159,22): error TS4111: Property 'symptomSummary' comes from an index signature, so it must be accessed with ['symptomSummary'].
src/modules/legacy/intake/step3-diagnoses-clinical-eva/components/DiagnosesSection.tsx(160,22): error TS4111: Property 'symptomSummary' comes from an index signature, so it must be accessed with ['symptomSummary'].
src/modules/legacy/intake/step3-diagnoses-clinical-eva/components/DiagnosesSection.tsx(196,43): error TS4111: Property 'diagnosisRecords' comes from an index signature, so it must be accessed with ['diagnosisRecords'].
src/modules/legacy/intake/step3-diagnoses-clinical-eva/components/DiagnosesSection.tsx(196,71): error TS7006: Parameter 'record' implicitly has an 'any' type.
src/modules/legacy/intake/step3-diagnoses-clinical-eva/components/DiagnosesSection.tsx(200,47): error TS4111: Property 'diagnosisRecords' comes from an index signature, so it must be accessed with ['diagnosisRecords'].
src/modules/legacy/intake/step3-diagnoses-clinical-eva/components/DiagnosesSection.tsx(216,27): error TS4111: Property 'diagnosisRecords' comes from an index signature, so it must be accessed with ['diagnosisRecords'].
src/modules/legacy/intake/step3-diagnoses-clinical-eva/components/DiagnosesSection.tsx(276,41): error TS4111: Property 'symptomSummary' comes from an index signature, so it must be accessed with ['symptomSummary'].
src/modules/legacy/intake/step3-diagnoses-clinical-eva/components/DiagnosesSection.tsx(277,32): error TS7006: Parameter 'e' implicitly has an 'any' type.
src/modules/legacy/intake/step3-diagnoses-clinical-eva/components/DiagnosesSection.tsx(286,42): error TS4111: Property 'isGeneratingSuggestions' comes from an index signature, so it must be accessed with ['isGeneratingSuggestions'].
src/modules/legacy/intake/step3-diagnoses-clinical-eva/components/DiagnosesSection.tsx(286,83): error TS4111: Property 'symptomSummary' comes from an index signature, so it must be accessed with ['symptomSummary'].
src/modules/legacy/intake/step3-diagnoses-clinical-eva/components/DiagnosesSection.tsx(289,33): error TS4111: Property 'isGeneratingSuggestions' comes from an index signature, so it must be accessed with ['isGeneratingSuggestions'].
src/modules/legacy/intake/step3-diagnoses-clinical-eva/components/DiagnosesSection.tsx(303,29): error TS4111: Property 'suggestedDiagnoses' comes from an index signature, so it must be accessed with ['suggestedDiagnoses'].
src/modules/legacy/intake/step3-diagnoses-clinical-eva/components/DiagnosesSection.tsx(306,33): error TS4111: Property 'suggestedDiagnoses' comes from an index signature, so it must be accessed with ['suggestedDiagnoses'].
src/modules/legacy/intake/step3-diagnoses-clinical-eva/components/DiagnosesSection.tsx(306,57): error TS7006: Parameter 'suggestion' implicitly has an 'any' type.
src/modules/legacy/intake/step3-diagnoses-clinical-eva/components/DiagnosesSection.tsx(335,25): error TS4111: Property 'diagnosisRecords' comes from an index signature, so it must be accessed with ['diagnosisRecords'].
src/modules/legacy/intake/step3-diagnoses-clinical-eva/components/DiagnosesSection.tsx(335,47): error TS7006: Parameter 'record' implicitly has an 'any' type.
src/modules/legacy/intake/step3-diagnoses-clinical-eva/components/DiagnosesSection.tsx(335,55): error TS7006: Parameter 'index' implicitly has an 'any' type.
src/modules/legacy/intake/step3-diagnoses-clinical-eva/components/DiagnosesSection.tsx(339,31): error TS4111: Property 'diagnosisRecords' comes from an index signature, so it must be accessed with ['diagnosisRecords'].
src/modules/legacy/intake/step3-diagnoses-clinical-eva/components/DiagnosesSection.tsx(357,37): error TS7006: Parameter 'value' implicitly has an 'any' type.
src/modules/legacy/intake/step3-diagnoses-clinical-eva/components/DiagnosesSection.tsx(386,32): error TS7006: Parameter 'e' implicitly has an 'any' type.
src/modules/legacy/intake/step3-diagnoses-clinical-eva/components/DiagnosesSection.tsx(407,92): error TS7006: Parameter 'date' implicitly has an 'any' type.
src/modules/legacy/intake/step3-diagnoses-clinical-eva/components/DiagnosesSection.tsx(417,37): error TS7006: Parameter 'value' implicitly has an 'any' type.
src/modules/legacy/intake/step3-diagnoses-clinical-eva/components/DiagnosesSection.tsx(435,37): error TS7006: Parameter 'value' implicitly has an 'any' type.
src/modules/legacy/intake/step3-diagnoses-clinical-eva/components/DiagnosesSection.tsx(455,32): error TS7006: Parameter 'e' implicitly has an 'any' type.
src/modules/legacy/intake/step3-diagnoses-clinical-eva/components/DiagnosesSection.tsx(476,96): error TS7006: Parameter 'date' implicitly has an 'any' type.
src/modules/legacy/intake/step3-diagnoses-clinical-eva/components/DiagnosesSection.tsx(488,41): error TS7006: Parameter 'checked' implicitly has an 'any' type.
src/modules/legacy/intake/step3-diagnoses-clinical-eva/components/DiagnosesSection.tsx(500,32): error TS7006: Parameter 'e' implicitly has an 'any' type.
src/modules/legacy/intake/step3-diagnoses-clinical-eva/components/FunctionalAssessmentSection.tsx(3,24): error TS2307: Cannot find module '@/components/ui/button' or its corresponding type declarations.
src/modules/legacy/intake/step3-diagnoses-clinical-eva/components/FunctionalAssessmentSection.tsx(4,35): error TS2307: Cannot find module '@/components/ui/card' or its corresponding type declarations.
src/modules/legacy/intake/step3-diagnoses-clinical-eva/components/FunctionalAssessmentSection.tsx(5,23): error TS2307: Cannot find module '@/components/ui/label' or its corresponding type declarations.
src/modules/legacy/intake/step3-diagnoses-clinical-eva/components/FunctionalAssessmentSection.tsx(6,79): error TS2307: Cannot find module '@/components/ui/select' or its corresponding type declarations.
src/modules/legacy/intake/step3-diagnoses-clinical-eva/components/FunctionalAssessmentSection.tsx(7,24): error TS2307: Cannot find module '@/components/ui/switch' or its corresponding type declarations.
src/modules/legacy/intake/step3-diagnoses-clinical-eva/components/FunctionalAssessmentSection.tsx(8,26): error TS2307: Cannot find module '@/components/ui/textarea' or its corresponding type declarations.
src/modules/legacy/intake/step3-diagnoses-clinical-eva/components/FunctionalAssessmentSection.tsx(11,26): error TS2307: Cannot find module '@/components/ui/checkbox' or its corresponding type declarations.
src/modules/legacy/intake/step3-diagnoses-clinical-eva/components/FunctionalAssessmentSection.tsx(25,37): error TS4111: Property 'functionalAssessment' comes from an index signature, so it must be accessed with ['functionalAssessment'].
src/modules/legacy/intake/step3-diagnoses-clinical-eva/components/FunctionalAssessmentSection.tsx(26,22): error TS4111: Property 'functionalAssessment' comes from an index signature, so it must be accessed with ['functionalAssessment'].
src/modules/legacy/intake/step3-diagnoses-clinical-eva/components/FunctionalAssessmentSection.tsx(26,67): error TS7006: Parameter 'd' implicitly has an 'any' type.
src/modules/legacy/intake/step3-diagnoses-clinical-eva/components/FunctionalAssessmentSection.tsx(27,26): error TS4111: Property 'functionalAssessment' comes from an index signature, so it must be accessed with ['functionalAssessment'].
src/modules/legacy/intake/step3-diagnoses-clinical-eva/components/FunctionalAssessmentSection.tsx(32,25): error TS4111: Property 'functionalAssessment' comes from an index signature, so it must be accessed with ['functionalAssessment'].
src/modules/legacy/intake/step3-diagnoses-clinical-eva/components/FunctionalAssessmentSection.tsx(43,25): error TS4111: Property 'functionalAssessment' comes from an index signature, so it must be accessed with ['functionalAssessment'].
src/modules/legacy/intake/step3-diagnoses-clinical-eva/components/FunctionalAssessmentSection.tsx(54,25): error TS4111: Property 'functionalAssessment' comes from an index signature, so it must be accessed with ['functionalAssessment'].
src/modules/legacy/intake/step3-diagnoses-clinical-eva/components/FunctionalAssessmentSection.tsx(65,25): error TS4111: Property 'functionalAssessment' comes from an index signature, so it must be accessed with ['functionalAssessment'].
src/modules/legacy/intake/step3-diagnoses-clinical-eva/components/FunctionalAssessmentSection.tsx(76,25): error TS4111: Property 'functionalAssessment' comes from an index signature, so it must be accessed with ['functionalAssessment'].
src/modules/legacy/intake/step3-diagnoses-clinical-eva/components/FunctionalAssessmentSection.tsx(87,25): error TS4111: Property 'functionalAssessment' comes from an index signature, so it must be accessed with ['functionalAssessment'].
src/modules/legacy/intake/step3-diagnoses-clinical-eva/components/FunctionalAssessmentSection.tsx(119,43): error TS4111: Property 'functionalAssessment' comes from an index signature, so it must be accessed with ['functionalAssessment'].
src/modules/legacy/intake/step3-diagnoses-clinical-eva/components/FunctionalAssessmentSection.tsx(129,43): error TS4111: Property 'functionalAssessment' comes from an index signature, so it must be accessed with ['functionalAssessment'].
src/modules/legacy/intake/step3-diagnoses-clinical-eva/components/FunctionalAssessmentSection.tsx(139,43): error TS4111: Property 'functionalAssessment' comes from an index signature, so it must be accessed with ['functionalAssessment'].
src/modules/legacy/intake/step3-diagnoses-clinical-eva/components/FunctionalAssessmentSection.tsx(149,43): error TS4111: Property 'functionalAssessment' comes from an index signature, so it must be accessed with ['functionalAssessment'].
src/modules/legacy/intake/step3-diagnoses-clinical-eva/components/FunctionalAssessmentSection.tsx(159,43): error TS4111: Property 'functionalAssessment' comes from an index signature, so it must be accessed with ['functionalAssessment'].
src/modules/legacy/intake/step3-diagnoses-clinical-eva/components/FunctionalAssessmentSection.tsx(173,37): error TS4111: Property 'functionalAssessment' comes from an index signature, so it must be accessed with ['functionalAssessment'].
src/modules/legacy/intake/step3-diagnoses-clinical-eva/components/FunctionalAssessmentSection.tsx(192,37): error TS4111: Property 'functionalAssessment' comes from an index signature, so it must be accessed with ['functionalAssessment'].
src/modules/legacy/intake/step3-diagnoses-clinical-eva/components/FunctionalAssessmentSection.tsx(211,37): error TS4111: Property 'functionalAssessment' comes from an index signature, so it must be accessed with ['functionalAssessment'].
src/modules/legacy/intake/step3-diagnoses-clinical-eva/components/FunctionalAssessmentSection.tsx(233,41): error TS4111: Property 'functionalAssessment' comes from an index signature, so it must be accessed with ['functionalAssessment'].
src/modules/legacy/intake/step3-diagnoses-clinical-eva/components/FunctionalAssessmentSection.tsx(234,37): error TS7006: Parameter 'checked' implicitly has an 'any' type.
src/modules/legacy/intake/step3-diagnoses-clinical-eva/components/FunctionalAssessmentSection.tsx(237,39): error TS4111: Property 'functionalAssessment' comes from an index signature, so it must be accessed with ['functionalAssessment'].
src/modules/legacy/intake/step3-diagnoses-clinical-eva/components/FunctionalAssessmentSection.tsx(246,27): error TS4111: Property 'functionalAssessment' comes from an index signature, so it must be accessed with ['functionalAssessment'].
src/modules/legacy/intake/step3-diagnoses-clinical-eva/components/FunctionalAssessmentSection.tsx(252,39): error TS4111: Property 'functionalAssessment' comes from an index signature, so it must be accessed with ['functionalAssessment'].
src/modules/legacy/intake/step3-diagnoses-clinical-eva/components/FunctionalAssessmentSection.tsx(253,30): error TS7006: Parameter 'e' implicitly has an 'any' type.
src/modules/legacy/intake/step3-diagnoses-clinical-eva/components/FunctionalAssessmentSection.tsx(264,37): error TS4111: Property 'functionalAssessment' comes from an index signature, so it must be accessed with ['functionalAssessment'].
src/modules/legacy/intake/step3-diagnoses-clinical-eva/components/FunctionalAssessmentSection.tsx(265,28): error TS7006: Parameter 'e' implicitly has an 'any' type.
src/modules/legacy/intake/step3-diagnoses-clinical-eva/components/PsychiatricEvaluationSection.tsx(3,24): error TS2307: Cannot find module '@/components/ui/button' or its corresponding type declarations.
src/modules/legacy/intake/step3-diagnoses-clinical-eva/components/PsychiatricEvaluationSection.tsx(4,35): error TS2307: Cannot find module '@/components/ui/card' or its corresponding type declarations.
src/modules/legacy/intake/step3-diagnoses-clinical-eva/components/PsychiatricEvaluationSection.tsx(5,23): error TS2307: Cannot find module '@/components/ui/input' or its corresponding type declarations.
src/modules/legacy/intake/step3-diagnoses-clinical-eva/components/PsychiatricEvaluationSection.tsx(6,23): error TS2307: Cannot find module '@/components/ui/label' or its corresponding type declarations.
src/modules/legacy/intake/step3-diagnoses-clinical-eva/components/PsychiatricEvaluationSection.tsx(7,79): error TS2307: Cannot find module '@/components/ui/select' or its corresponding type declarations.
src/modules/legacy/intake/step3-diagnoses-clinical-eva/components/PsychiatricEvaluationSection.tsx(8,57): error TS2307: Cannot find module '@/components/ui/popover' or its corresponding type declarations.
src/modules/legacy/intake/step3-diagnoses-clinical-eva/components/PsychiatricEvaluationSection.tsx(9,26): error TS2307: Cannot find module '@/components/ui/textarea' or its corresponding type declarations.
src/modules/legacy/intake/step3-diagnoses-clinical-eva/components/PsychiatricEvaluationSection.tsx(13,32): error TS2307: Cannot find module '@/components/ui/custom-calendar' or its corresponding type declarations.
src/modules/legacy/intake/step3-diagnoses-clinical-eva/components/PsychiatricEvaluationSection.tsx(49,39): error TS4111: Property 'psychiatricEvaluation' comes from an index signature, so it must be accessed with ['psychiatricEvaluation'].
src/modules/legacy/intake/step3-diagnoses-clinical-eva/components/PsychiatricEvaluationSection.tsx(50,35): error TS7006: Parameter 'value' implicitly has an 'any' type.
src/modules/legacy/intake/step3-diagnoses-clinical-eva/components/PsychiatricEvaluationSection.tsx(53,39): error TS4111: Property 'psychiatricEvaluation' comes from an index signature, so it must be accessed with ['psychiatricEvaluation'].
src/modules/legacy/intake/step3-diagnoses-clinical-eva/components/PsychiatricEvaluationSection.tsx(69,27): error TS4111: Property 'psychiatricEvaluation' comes from an index signature, so it must be accessed with ['psychiatricEvaluation'].
src/modules/legacy/intake/step3-diagnoses-clinical-eva/components/PsychiatricEvaluationSection.tsx(80,41): error TS4111: Property 'psychiatricEvaluation' comes from an index signature, so it must be accessed with ['psychiatricEvaluation'].
src/modules/legacy/intake/step3-diagnoses-clinical-eva/components/PsychiatricEvaluationSection.tsx(84,39): error TS4111: Property 'psychiatricEvaluation' comes from an index signature, so it must be accessed with ['psychiatricEvaluation'].
src/modules/legacy/intake/step3-diagnoses-clinical-eva/components/PsychiatricEvaluationSection.tsx(85,49): error TS4111: Property 'psychiatricEvaluation' comes from an index signature, so it must be accessed with ['psychiatricEvaluation'].
src/modules/legacy/intake/step3-diagnoses-clinical-eva/components/PsychiatricEvaluationSection.tsx(92,48): error TS4111: Property 'psychiatricEvaluation' comes from an index signature, so it must be accessed with ['psychiatricEvaluation'].
src/modules/legacy/intake/step3-diagnoses-clinical-eva/components/PsychiatricEvaluationSection.tsx(93,36): error TS7006: Parameter 'date' implicitly has an 'any' type.
src/modules/legacy/intake/step3-diagnoses-clinical-eva/components/PsychiatricEvaluationSection.tsx(96,45): error TS4111: Property 'psychiatricEvaluation' comes from an index signature, so it must be accessed with ['psychiatricEvaluation'].
src/modules/legacy/intake/step3-diagnoses-clinical-eva/components/PsychiatricEvaluationSection.tsx(112,41): error TS4111: Property 'psychiatricEvaluation' comes from an index signature, so it must be accessed with ['psychiatricEvaluation'].
src/modules/legacy/intake/step3-diagnoses-clinical-eva/components/PsychiatricEvaluationSection.tsx(113,32): error TS7006: Parameter 'e' implicitly has an 'any' type.
src/modules/legacy/intake/step3-diagnoses-clinical-eva/components/PsychiatricEvaluationSection.tsx(116,41): error TS4111: Property 'psychiatricEvaluation' comes from an index signature, so it must be accessed with ['psychiatricEvaluation'].
src/modules/legacy/intake/step3-diagnoses-clinical-eva/components/PsychiatricEvaluationSection.tsx(129,41): error TS4111: Property 'psychiatricEvaluation' comes from an index signature, so it must be accessed with ['psychiatricEvaluation'].
src/modules/legacy/intake/step3-diagnoses-clinical-eva/components/PsychiatricEvaluationSection.tsx(130,32): error TS7006: Parameter 'e' implicitly has an 'any' type.
src/modules/legacy/intake/step3-diagnoses-clinical-eva/components/PsychiatricEvaluationSection.tsx(133,41): error TS4111: Property 'psychiatricEvaluation' comes from an index signature, so it must be accessed with ['psychiatricEvaluation'].
src/modules/legacy/intake/step4-medical-providers/components/intake-step4-medical-providers.tsx(10,5): error TS2339: Property 'medicalProvidersInfo' does not exist on type 'IntakeFormStore'.
src/modules/legacy/intake/step4-medical-providers/components/PrimaryCareProviderSection.tsx(3,35): error TS2307: Cannot find module '@/components/ui/card' or its corresponding type declarations.
src/modules/legacy/intake/step4-medical-providers/components/PrimaryCareProviderSection.tsx(4,23): error TS2307: Cannot find module '@/components/ui/input' or its corresponding type declarations.
src/modules/legacy/intake/step4-medical-providers/components/PrimaryCareProviderSection.tsx(5,23): error TS2307: Cannot find module '@/components/ui/label' or its corresponding type declarations.
src/modules/legacy/intake/step4-medical-providers/components/PrimaryCareProviderSection.tsx(6,79): error TS2307: Cannot find module '@/components/ui/select' or its corresponding type declarations.
src/modules/legacy/intake/step4-medical-providers/components/PrimaryCareProviderSection.tsx(7,26): error TS2307: Cannot find module '@/components/ui/checkbox' or its corresponding type declarations.
src/modules/legacy/intake/step4-medical-providers/components/PrimaryCareProviderSection.tsx(9,34): error TS2305: Module '"lucide-react"' has no exported member 'UserRound'.
src/modules/legacy/intake/step4-medical-providers/components/PrimaryCareProviderSection.tsx(14,5): error TS2339: Property 'medicalProvidersInfo' does not exist on type 'IntakeFormStore'.
src/modules/legacy/intake/step4-medical-providers/components/PrimaryCareProviderSection.tsx(52,33): error TS7006: Parameter 'value' implicitly has an 'any' type.
src/modules/legacy/intake/step4-medical-providers/components/PrimaryCareProviderSection.tsx(78,32): error TS7006: Parameter 'e' implicitly has an 'any' type.
src/modules/legacy/intake/step4-medical-providers/components/PrimaryCareProviderSection.tsx(95,32): error TS7006: Parameter 'e' implicitly has an 'any' type.
src/modules/legacy/intake/step4-medical-providers/components/PrimaryCareProviderSection.tsx(112,32): error TS7006: Parameter 'e' implicitly has an 'any' type.
src/modules/legacy/intake/step4-medical-providers/components/PrimaryCareProviderSection.tsx(129,32): error TS7006: Parameter 'e' implicitly has an 'any' type.
src/modules/legacy/intake/step4-medical-providers/components/PrimaryCareProviderSection.tsx(144,41): error TS7006: Parameter 'checked' implicitly has an 'any' type.
src/modules/legacy/intake/step4-medical-providers/components/PsychiatristSection.tsx(3,35): error TS2307: Cannot find module '@/components/ui/card' or its corresponding type declarations.
src/modules/legacy/intake/step4-medical-providers/components/PsychiatristSection.tsx(4,23): error TS2307: Cannot find module '@/components/ui/input' or its corresponding type declarations.
src/modules/legacy/intake/step4-medical-providers/components/PsychiatristSection.tsx(5,23): error TS2307: Cannot find module '@/components/ui/label' or its corresponding type declarations.
src/modules/legacy/intake/step4-medical-providers/components/PsychiatristSection.tsx(6,79): error TS2307: Cannot find module '@/components/ui/select' or its corresponding type declarations.
src/modules/legacy/intake/step4-medical-providers/components/PsychiatristSection.tsx(7,24): error TS2307: Cannot find module '@/components/ui/switch' or its corresponding type declarations.
src/modules/legacy/intake/step4-medical-providers/components/PsychiatristSection.tsx(8,57): error TS2307: Cannot find module '@/components/ui/popover' or its corresponding type declarations.
src/modules/legacy/intake/step4-medical-providers/components/PsychiatristSection.tsx(9,24): error TS2307: Cannot find module '@/components/ui/button' or its corresponding type declarations.
src/modules/legacy/intake/step4-medical-providers/components/PsychiatristSection.tsx(10,26): error TS2307: Cannot find module '@/components/ui/textarea' or its corresponding type declarations.
src/modules/legacy/intake/step4-medical-providers/components/PsychiatristSection.tsx(14,32): error TS2307: Cannot find module '@/components/ui/custom-calendar' or its corresponding type declarations.
src/modules/legacy/intake/step4-medical-providers/components/PsychiatristSection.tsx(19,5): error TS2339: Property 'medicalProvidersInfo' does not exist on type 'IntakeFormStore'.
src/modules/legacy/intake/step4-medical-providers/components/PsychiatristSection.tsx(57,33): error TS7006: Parameter 'value' implicitly has an 'any' type.
src/modules/legacy/intake/step4-medical-providers/components/PsychiatristSection.tsx(83,32): error TS7006: Parameter 'e' implicitly has an 'any' type.
src/modules/legacy/intake/step4-medical-providers/components/PsychiatristSection.tsx(113,36): error TS7006: Parameter 'date' implicitly has an 'any' type.
src/modules/legacy/intake/step4-medical-providers/components/PsychiatristSection.tsx(132,32): error TS7006: Parameter 'e' implicitly has an 'any' type.
src/modules/legacy/intake/step4-medical-providers/components/PsychiatristSection.tsx(148,32): error TS7006: Parameter 'e' implicitly has an 'any' type.
src/modules/legacy/intake/step4-medical-providers/components/PsychiatristSection.tsx(164,41): error TS7006: Parameter 'checked' implicitly has an 'any' type.
src/modules/legacy/intake/step4-medical-providers/components/PsychiatristSection.tsx(183,36): error TS7006: Parameter 'e' implicitly has an 'any' type.
src/modules/legacy/intake/step4-medical-providers/components/PsychiatristSection.tsx(202,36): error TS7006: Parameter 'e' implicitly has an 'any' type.
src/modules/legacy/intake/step5-medications-pharmacy/components/intake-step5-medications-pharmacy.tsx(10,5): error TS2339: Property 'medicationInfo' does not exist on type 'IntakeFormStore'.
src/modules/legacy/intake/step5-medications-pharmacy/components/intake-step5-medications-pharmacy.tsx(62,8): error TS7006: Parameter 'record' implicitly has an 'any' type.
src/modules/legacy/intake/step5-medications-pharmacy/components/MedicationsSection.tsx(3,24): error TS2307: Cannot find module '@/components/ui/button' or its corresponding type declarations.
src/modules/legacy/intake/step5-medications-pharmacy/components/MedicationsSection.tsx(4,35): error TS2307: Cannot find module '@/components/ui/card' or its corresponding type declarations.
src/modules/legacy/intake/step5-medications-pharmacy/components/MedicationsSection.tsx(5,23): error TS2307: Cannot find module '@/components/ui/input' or its corresponding type declarations.
src/modules/legacy/intake/step5-medications-pharmacy/components/MedicationsSection.tsx(6,23): error TS2307: Cannot find module '@/components/ui/label' or its corresponding type declarations.
src/modules/legacy/intake/step5-medications-pharmacy/components/MedicationsSection.tsx(7,79): error TS2307: Cannot find module '@/components/ui/select' or its corresponding type declarations.
src/modules/legacy/intake/step5-medications-pharmacy/components/MedicationsSection.tsx(8,57): error TS2307: Cannot find module '@/components/ui/popover' or its corresponding type declarations.
src/modules/legacy/intake/step5-medications-pharmacy/components/MedicationsSection.tsx(9,26): error TS2307: Cannot find module '@/components/ui/calendar' or its corresponding type declarations.
src/modules/legacy/intake/step5-medications-pharmacy/components/MedicationsSection.tsx(13,41): error TS2307: Cannot find module '@/components/ui/alert' or its corresponding type declarations.
src/modules/legacy/intake/step5-medications-pharmacy/components/MedicationsSection.tsx(18,5): error TS2339: Property 'medicationInfo' does not exist on type 'IntakeFormStore'.
src/modules/legacy/intake/step5-medications-pharmacy/components/MedicationsSection.tsx(45,55): error TS7006: Parameter 'record' implicitly has an 'any' type.
src/modules/legacy/intake/step5-medications-pharmacy/components/MedicationsSection.tsx(52,52): error TS7006: Parameter 'record' implicitly has an 'any' type.
src/modules/legacy/intake/step5-medications-pharmacy/components/MedicationsSection.tsx(90,44): error TS7006: Parameter 'record' implicitly has an 'any' type.
src/modules/legacy/intake/step5-medications-pharmacy/components/MedicationsSection.tsx(90,52): error TS7006: Parameter 'index' implicitly has an 'any' type.
src/modules/legacy/intake/step5-medications-pharmacy/components/MedicationsSection.tsx(114,32): error TS7006: Parameter 'e' implicitly has an 'any' type.
src/modules/legacy/intake/step5-medications-pharmacy/components/MedicationsSection.tsx(126,32): error TS7006: Parameter 'e' implicitly has an 'any' type.
src/modules/legacy/intake/step5-medications-pharmacy/components/MedicationsSection.tsx(138,32): error TS7006: Parameter 'e' implicitly has an 'any' type.
src/modules/legacy/intake/step5-medications-pharmacy/components/MedicationsSection.tsx(148,37): error TS7006: Parameter 'value' implicitly has an 'any' type.
src/modules/legacy/intake/step5-medications-pharmacy/components/MedicationsSection.tsx(170,32): error TS7006: Parameter 'e' implicitly has an 'any' type.
src/modules/legacy/intake/step5-medications-pharmacy/components/MedicationsSection.tsx(194,36): error TS7006: Parameter 'date' implicitly has an 'any' type.
src/modules/legacy/intake/step5-medications-pharmacy/components/MedicationsSection.tsx(208,32): error TS7006: Parameter 'e' implicitly has an 'any' type.
src/modules/legacy/intake/step5-medications-pharmacy/components/PharmacySection.tsx(3,35): error TS2307: Cannot find module '@/components/ui/card' or its corresponding type declarations.
src/modules/legacy/intake/step5-medications-pharmacy/components/PharmacySection.tsx(4,23): error TS2307: Cannot find module '@/components/ui/input' or its corresponding type declarations.
src/modules/legacy/intake/step5-medications-pharmacy/components/PharmacySection.tsx(5,23): error TS2307: Cannot find module '@/components/ui/label' or its corresponding type declarations.
src/modules/legacy/intake/step5-medications-pharmacy/components/PharmacySection.tsx(12,5): error TS2339: Property 'medicationInfo' does not exist on type 'IntakeFormStore'.
src/modules/legacy/intake/step5-medications-pharmacy/components/PharmacySection.tsx(52,28): error TS7006: Parameter 'e' implicitly has an 'any' type.
src/modules/legacy/intake/step5-medications-pharmacy/components/PharmacySection.tsx(70,28): error TS7006: Parameter 'e' implicitly has an 'any' type.
src/modules/legacy/intake/step5-medications-pharmacy/components/PharmacySection.tsx(87,28): error TS7006: Parameter 'e' implicitly has an 'any' type.
src/modules/legacy/intake/step6-referrals-service/components/ExternalReferralsSection.tsx(3,35): error TS2307: Cannot find module '@/components/ui/card' or its corresponding type declarations.
src/modules/legacy/intake/step6-referrals-service/components/ExternalReferralsSection.tsx(4,23): error TS2307: Cannot find module '@/components/ui/input' or its corresponding type declarations.
src/modules/legacy/intake/step6-referrals-service/components/ExternalReferralsSection.tsx(5,23): error TS2307: Cannot find module '@/components/ui/label' or its corresponding type declarations.
src/modules/legacy/intake/step6-referrals-service/components/ExternalReferralsSection.tsx(6,79): error TS2307: Cannot find module '@/components/ui/select' or its corresponding type declarations.
src/modules/legacy/intake/step6-referrals-service/components/ExternalReferralsSection.tsx(7,26): error TS2307: Cannot find module '@/components/ui/checkbox' or its corresponding type declarations.
src/modules/legacy/intake/step6-referrals-service/components/ExternalReferralsSection.tsx(18,5): error TS2339: Property 'referralInfo' does not exist on type 'IntakeFormStore'.
src/modules/legacy/intake/step6-referrals-service/components/ExternalReferralsSection.tsx(27,30): error TS7006: Parameter 't' implicitly has an 'any' type.
src/modules/legacy/intake/step6-referrals-service/components/ExternalReferralsSection.tsx(69,33): error TS7006: Parameter 'value' implicitly has an 'any' type.
src/modules/legacy/intake/step6-referrals-service/components/ExternalReferralsSection.tsx(154,34): error TS7006: Parameter 'e' implicitly has an 'any' type.
src/modules/legacy/intake/step6-referrals-service/components/intake-step6-referrals-service.tsx(10,11): error TS2339: Property 'referralInfo' does not exist on type 'IntakeFormStore'.
src/modules/legacy/intake/step6-referrals-service/components/intake-step6-referrals-service.tsx(10,38): error TS2339: Property 'toggleSection' does not exist on type 'IntakeFormStore'.
src/modules/legacy/intake/step6-referrals-service/components/InternalServicesSection.tsx(3,35): error TS2307: Cannot find module '@/components/ui/card' or its corresponding type declarations.
src/modules/legacy/intake/step6-referrals-service/components/InternalServicesSection.tsx(4,23): error TS2307: Cannot find module '@/components/ui/input' or its corresponding type declarations.
src/modules/legacy/intake/step6-referrals-service/components/InternalServicesSection.tsx(5,23): error TS2307: Cannot find module '@/components/ui/label' or its corresponding type declarations.
src/modules/legacy/intake/step6-referrals-service/components/InternalServicesSection.tsx(6,79): error TS2307: Cannot find module '@/components/ui/select' or its corresponding type declarations.
src/modules/legacy/intake/step6-referrals-service/components/InternalServicesSection.tsx(7,26): error TS2307: Cannot find module '@/components/ui/textarea' or its corresponding type declarations.
src/modules/legacy/intake/step6-referrals-service/components/InternalServicesSection.tsx(11,42): error TS2307: Cannot find module '@/components/multi-select' or its corresponding type declarations.
src/modules/legacy/intake/step6-referrals-service/components/InternalServicesSection.tsx(19,5): error TS2339: Property 'referralInfo' does not exist on type 'IntakeFormStore'.
src/modules/legacy/intake/step6-referrals-service/components/InternalServicesSection.tsx(60,28): error TS7006: Parameter 'services' implicitly has an 'any' type.
src/modules/legacy/intake/step6-referrals-service/components/InternalServicesSection.tsx(79,30): error TS7006: Parameter 'e' implicitly has an 'any' type.
src/modules/legacy/intake/step6-referrals-service/components/InternalServicesSection.tsx(96,33): error TS7006: Parameter 'value' implicitly has an 'any' type.
src/modules/legacy/intake/step6-referrals-service/components/InternalServicesSection.tsx(123,28): error TS7006: Parameter 'e' implicitly has an 'any' type.
src/modules/legacy/intake/step6-referrals-service/components/TreatmentHistorySection.tsx(3,35): error TS2307: Cannot find module '@/components/ui/card' or its corresponding type declarations.
src/modules/legacy/intake/step6-referrals-service/components/TreatmentHistorySection.tsx(4,23): error TS2307: Cannot find module '@/components/ui/label' or its corresponding type declarations.
src/modules/legacy/intake/step6-referrals-service/components/TreatmentHistorySection.tsx(5,79): error TS2307: Cannot find module '@/components/ui/select' or its corresponding type declarations.
src/modules/legacy/intake/step6-referrals-service/components/TreatmentHistorySection.tsx(6,26): error TS2307: Cannot find module '@/components/ui/textarea' or its corresponding type declarations.
src/modules/legacy/intake/step6-referrals-service/components/TreatmentHistorySection.tsx(17,5): error TS2339: Property 'referralInfo' does not exist on type 'IntakeFormStore'.
src/modules/legacy/intake/step6-referrals-service/components/TreatmentHistorySection.tsx(52,33): error TS7006: Parameter 'value' implicitly has an 'any' type.
src/modules/legacy/intake/step6-referrals-service/components/TreatmentHistorySection.tsx(79,32): error TS7006: Parameter 'e' implicitly has an 'any' type.
src/modules/legacy/intake/step6-referrals-service/components/TreatmentHistorySection.tsx(97,37): error TS7006: Parameter 'value' implicitly has an 'any' type.
src/modules/legacy/intake/step6-referrals-service/components/TreatmentHistorySection.tsx(123,34): error TS7006: Parameter 'e' implicitly has an 'any' type.
src/modules/legacy/intake/step6-referrals-service/components/TreatmentHistorySection.tsx(141,32): error TS7006: Parameter 'e' implicitly has an 'any' type.
src/modules/legacy/intake/step7-legal-forms-consents/components/ClientTypeSection.tsx(3,26): error TS2307: Cannot find module '@/components/ui/checkbox' or its corresponding type declarations.
src/modules/legacy/intake/step7-legal-forms-consents/components/ClientTypeSection.tsx(4,23): error TS2307: Cannot find module '@/components/ui/label' or its corresponding type declarations.
src/modules/legacy/intake/step7-legal-forms-consents/components/ClientTypeSection.tsx(8,11): error TS2339: Property 'consentInfo' does not exist on type 'IntakeFormStore'.
src/modules/legacy/intake/step7-legal-forms-consents/components/ClientTypeSection.tsx(16,29): error TS7006: Parameter 'checked' implicitly has an 'any' type.
src/modules/legacy/intake/step7-legal-forms-consents/components/ClientTypeSection.tsx(29,29): error TS7006: Parameter 'checked' implicitly has an 'any' type.
src/modules/legacy/intake/step7-legal-forms-consents/components/ClientTypeSection.tsx(30,62): error TS7006: Parameter 'form' implicitly has an 'any' type.
src/modules/legacy/intake/step7-legal-forms-consents/components/constants/default-legal-forms.ts(1,15): error TS2305: Module '"@/lib/store/intake-form-store"' has no exported member 'LegalForm'.
src/modules/legacy/intake/step7-legal-forms-consents/components/FormStatusAlert.tsx(3,41): error TS2307: Cannot find module '@/components/ui/alert' or its corresponding type declarations.
src/modules/legacy/intake/step7-legal-forms-consents/components/intake-step7-legal-forms-consents.tsx(4,35): error TS2307: Cannot find module '@/components/ui/card' or its corresponding type declarations.
src/modules/legacy/intake/step7-legal-forms-consents/components/intake-step7-legal-forms-consents.tsx(14,11): error TS2339: Property 'consentInfo' does not exist on type 'IntakeFormStore'.
src/modules/legacy/intake/step7-legal-forms-consents/components/intake-step7-legal-forms-consents.tsx(28,54): error TS7006: Parameter 'form' implicitly has an 'any' type.
src/modules/legacy/intake/step7-legal-forms-consents/components/intake-step7-legal-forms-consents.tsx(42,54): error TS7006: Parameter 'form' implicitly has an 'any' type.
src/modules/legacy/intake/step7-legal-forms-consents/components/intake-step7-legal-forms-consents.tsx(56,54): error TS7006: Parameter 'form' implicitly has an 'any' type.
src/modules/legacy/intake/step7-legal-forms-consents/components/intake-step7-legal-forms-consents.tsx(75,54): error TS7006: Parameter 'form' implicitly has an 'any' type.
src/modules/legacy/intake/step7-legal-forms-consents/components/intake-step7-legal-forms-consents.tsx(93,43): error TS7006: Parameter 'form' implicitly has an 'any' type.
src/modules/legacy/intake/step7-legal-forms-consents/components/intake-step7-legal-forms-consents.tsx(93,76): error TS7006: Parameter 'form' implicitly has an 'any' type.
src/modules/legacy/intake/step7-legal-forms-consents/components/intake-step7-legal-forms-consents.tsx(125,53): error TS7006: Parameter 'form' implicitly has an 'any' type.
src/modules/legacy/intake/step7-legal-forms-consents/components/LegalFormCard.tsx(3,24): error TS2307: Cannot find module '@/components/ui/button' or its corresponding type declarations.
src/modules/legacy/intake/step7-legal-forms-consents/components/LegalFormCard.tsx(4,23): error TS2307: Cannot find module '@/components/ui/badge' or its corresponding type declarations.
src/modules/legacy/intake/step7-legal-forms-consents/components/LegalFormCard.tsx(5,26): error TS2307: Cannot find module '@/components/ui/checkbox' or its corresponding type declarations.
src/modules/legacy/intake/step7-legal-forms-consents/components/LegalFormCard.tsx(6,23): error TS2307: Cannot find module '@/components/ui/label' or its corresponding type declarations.
src/modules/legacy/intake/step7-legal-forms-consents/components/LegalFormCard.tsx(9,15): error TS2305: Module '"@/lib/store/intake-form-store"' has no exported member 'LegalForm'.
src/modules/legacy/intake/step7-legal-forms-consents/components/LegalFormCard.tsx(87,35): error TS7006: Parameter 'checked' implicitly has an 'any' type.
src/modules/legacy/intake/step7-legal-forms-consents/components/SignatureSection.tsx(3,23): error TS2307: Cannot find module '@/components/ui/input' or its corresponding type declarations.
src/modules/legacy/intake/step7-legal-forms-consents/components/SignatureSection.tsx(4,23): error TS2307: Cannot find module '@/components/ui/label' or its corresponding type declarations.
src/modules/legacy/intake/step7-legal-forms-consents/components/SignatureSection.tsx(5,15): error TS2305: Module '"@/lib/store/intake-form-store"' has no exported member 'LegalForm'.
src/modules/legacy/intake/step7-legal-forms-consents/components/SignatureSection.tsx(33,22): error TS7006: Parameter 'e' implicitly has an 'any' type.
src/modules/legacy/intake/step7-legal-forms-consents/components/SignatureSection.tsx(53,24): error TS7006: Parameter 'e' implicitly has an 'any' type.
src/modules/legacy/intake/step8-goals-treatment-focus/components/AiGoalSuggestionsSection.tsx(3,24): error TS2307: Cannot find module '@/components/ui/button' or its corresponding type declarations.
src/modules/legacy/intake/step8-goals-treatment-focus/components/AiGoalSuggestionsSection.tsx(4,35): error TS2307: Cannot find module '@/components/ui/card' or its corresponding type declarations.
src/modules/legacy/intake/step8-goals-treatment-focus/components/AiGoalSuggestionsSection.tsx(21,11): error TS2339: Property 'treatmentInfo' does not exist on type 'IntakeFormStore'.
src/modules/legacy/intake/step8-goals-treatment-focus/components/AiGoalSuggestionsSection.tsx(45,29): error TS2379: Argument of type '{ id: string; text: string; translatedText: string | undefined; showTranslation: false; }' is not assignable to parameter of type 'SuggestedGoal' with 'exactOptionalPropertyTypes: true'. Consider adding 'undefined' to the types of the target's properties.
  Types of property 'translatedText' are incompatible.
    Type 'string | undefined' is not assignable to type 'string'.
      Type 'undefined' is not assignable to type 'string'.
src/modules/legacy/intake/step8-goals-treatment-focus/components/AiGoalSuggestionsSection.tsx(65,43): error TS7006: Parameter 'goal' implicitly has an 'any' type.
src/modules/legacy/intake/step8-goals-treatment-focus/components/AiGoalSuggestionsSection.tsx(120,38): error TS7006: Parameter 'goal' implicitly has an 'any' type.
src/modules/legacy/intake/step8-goals-treatment-focus/components/intake-step8-goals-treatment-focus.tsx(11,5): error TS2339: Property 'treatmentInfo' does not exist on type 'IntakeFormStore'.
src/modules/legacy/intake/step8-goals-treatment-focus/components/PriorityAreasSection.tsx(3,24): error TS2307: Cannot find module '@/components/ui/button' or its corresponding type declarations.
src/modules/legacy/intake/step8-goals-treatment-focus/components/PriorityAreasSection.tsx(4,35): error TS2307: Cannot find module '@/components/ui/card' or its corresponding type declarations.
src/modules/legacy/intake/step8-goals-treatment-focus/components/PriorityAreasSection.tsx(5,23): error TS2307: Cannot find module '@/components/ui/label' or its corresponding type declarations.
src/modules/legacy/intake/step8-goals-treatment-focus/components/PriorityAreasSection.tsx(6,26): error TS2307: Cannot find module '@/components/ui/textarea' or its corresponding type declarations.
src/modules/legacy/intake/step8-goals-treatment-focus/components/PriorityAreasSection.tsx(8,23): error TS2307: Cannot find module '@/components/ui/badge' or its corresponding type declarations.
src/modules/legacy/intake/step8-goals-treatment-focus/components/PriorityAreasSection.tsx(27,11): error TS2339: Property 'treatmentInfo' does not exist on type 'IntakeFormStore'.
src/modules/legacy/intake/step8-goals-treatment-focus/components/PriorityAreasSection.tsx(33,41): error TS7006: Parameter 'area' implicitly has an 'any' type.
src/modules/legacy/intake/step8-goals-treatment-focus/components/PriorityAreasSection.tsx(38,53): error TS7006: Parameter 'a' implicitly has an 'any' type.
src/modules/legacy/intake/step8-goals-treatment-focus/components/PriorityAreasSection.tsx(49,38): error TS7006: Parameter 'a' implicitly has an 'any' type.
src/modules/legacy/intake/step8-goals-treatment-focus/components/PriorityAreasSection.tsx(56,41): error TS7006: Parameter 'a' implicitly has an 'any' type.
src/modules/legacy/intake/step8-goals-treatment-focus/components/PriorityAreasSection.tsx(67,16): error TS7006: Parameter 'area' implicitly has an 'any' type.
src/modules/legacy/intake/step8-goals-treatment-focus/components/PriorityAreasSection.tsx(68,14): error TS7006: Parameter 'a' implicitly has an 'any' type.
src/modules/legacy/intake/step8-goals-treatment-focus/components/PriorityAreasSection.tsx(68,17): error TS7006: Parameter 'b' implicitly has an 'any' type.
src/modules/legacy/intake/step8-goals-treatment-focus/components/PriorityAreasSection.tsx(95,37): error TS7006: Parameter 'area' implicitly has an 'any' type.
src/modules/legacy/intake/step8-goals-treatment-focus/components/PriorityAreasSection.tsx(123,52): error TS7006: Parameter 'area' implicitly has an 'any' type.
src/modules/legacy/intake/step8-goals-treatment-focus/components/PriorityAreasSection.tsx(168,28): error TS7006: Parameter 'e' implicitly has an 'any' type.
src/modules/legacy/intake/step8-goals-treatment-focus/components/TreatmentGoalsSection.tsx(3,35): error TS2307: Cannot find module '@/components/ui/card' or its corresponding type declarations.
src/modules/legacy/intake/step8-goals-treatment-focus/components/TreatmentGoalsSection.tsx(4,23): error TS2307: Cannot find module '@/components/ui/label' or its corresponding type declarations.
src/modules/legacy/intake/step8-goals-treatment-focus/components/TreatmentGoalsSection.tsx(5,26): error TS2307: Cannot find module '@/components/ui/textarea' or its corresponding type declarations.
src/modules/legacy/intake/step8-goals-treatment-focus/components/TreatmentGoalsSection.tsx(17,11): error TS2339: Property 'treatmentInfo' does not exist on type 'IntakeFormStore'.
src/modules/legacy/intake/step8-goals-treatment-focus/components/TreatmentGoalsSection.tsx(46,28): error TS7006: Parameter 'e' implicitly has an 'any' type.
src/modules/notes/application/notes.actions.ts(70,13): error TS2769: No overload matches this call.
  Overload 1 of 2, '(relation: never): PostgrestQueryBuilder<{ PostgrestVersion: "13.0.5"; }, { Tables: {}; Views: {}; Functions: { gbt_bit_compress: { Args: { "": unknown; }; Returns: unknown; }; gbt_bool_compress: { Args: { "": unknown; }; Returns: unknown; }; gbt_bool_fetch: { ...; }; ... 52 more ...; gbtreekey8_out: { ...; }; }; Enums: {}; CompositeTypes: {}; }, never, never, never>', gave the following error.
    Argument of type '"orbipax_core.notes"' is not assignable to parameter of type 'never'.
  Overload 2 of 2, '(relation: never): PostgrestQueryBuilder<{ PostgrestVersion: "13.0.5"; }, { Tables: {}; Views: {}; Functions: { gbt_bit_compress: { Args: { "": unknown; }; Returns: unknown; }; gbt_bool_compress: { Args: { "": unknown; }; Returns: unknown; }; gbt_bool_fetch: { ...; }; ... 52 more ...; gbtreekey8_out: { ...; }; }; Enums: {}; CompositeTypes: {}; }, never, never, never>', gave the following error.
    Argument of type '"orbipax_core.notes"' is not assignable to parameter of type 'never'.
src/modules/notes/application/notes.actions.ts(111,52): error TS2339: Property 'errors' does not exist on type 'ZodError<{ id: string; title?: string | undefined; content?: string | undefined; }>'.
src/modules/notes/application/notes.actions.ts(111,63): error TS7006: Parameter 'e' implicitly has an 'any' type.
src/modules/notes/application/notes.actions.ts(121,13): error TS2769: No overload matches this call.
  Overload 1 of 2, '(relation: never): PostgrestQueryBuilder<{ PostgrestVersion: "13.0.5"; }, { Tables: {}; Views: {}; Functions: { gbt_bit_compress: { Args: { "": unknown; }; Returns: unknown; }; gbt_bool_compress: { Args: { "": unknown; }; Returns: unknown; }; gbt_bool_fetch: { ...; }; ... 52 more ...; gbtreekey8_out: { ...; }; }; Enums: {}; CompositeTypes: {}; }, never, never, never>', gave the following error.
    Argument of type '"orbipax_core.notes"' is not assignable to parameter of type 'never'.
  Overload 2 of 2, '(relation: never): PostgrestQueryBuilder<{ PostgrestVersion: "13.0.5"; }, { Tables: {}; Views: {}; Functions: { gbt_bit_compress: { Args: { "": unknown; }; Returns: unknown; }; gbt_bool_compress: { Args: { "": unknown; }; Returns: unknown; }; gbt_bool_fetch: { ...; }; ... 52 more ...; gbtreekey8_out: { ...; }; }; Enums: {}; CompositeTypes: {}; }, never, never, never>', gave the following error.
    Argument of type '"orbipax_core.notes"' is not assignable to parameter of type 'never'.
src/modules/notes/application/notes.actions.ts(136,14): error TS2339: Property 'status' does not exist on type 'never'.
src/modules/notes/application/notes.actions.ts(155,13): error TS2769: No overload matches this call.
  Overload 1 of 2, '(relation: never): PostgrestQueryBuilder<{ PostgrestVersion: "13.0.5"; }, { Tables: {}; Views: {}; Functions: { gbt_bit_compress: { Args: { "": unknown; }; Returns: unknown; }; gbt_bool_compress: { Args: { "": unknown; }; Returns: unknown; }; gbt_bool_fetch: { ...; }; ... 52 more ...; gbtreekey8_out: { ...; }; }; Enums: {}; CompositeTypes: {}; }, never, never, never>', gave the following error.
    Argument of type '"orbipax_core.notes"' is not assignable to parameter of type 'never'.
  Overload 2 of 2, '(relation: never): PostgrestQueryBuilder<{ PostgrestVersion: "13.0.5"; }, { Tables: {}; Views: {}; Functions: { gbt_bit_compress: { Args: { "": unknown; }; Returns: unknown; }; gbt_bool_compress: { Args: { "": unknown; }; Returns: unknown; }; gbt_bool_fetch: { ...; }; ... 52 more ...; gbtreekey8_out: { ...; }; }; Enums: {}; CompositeTypes: {}; }, never, never, never>', gave the following error.
    Argument of type '"orbipax_core.notes"' is not assignable to parameter of type 'never'.
src/modules/notes/application/notes.actions.ts(156,15): error TS2345: Argument of type 'any' is not assignable to parameter of type 'never'.
src/modules/notes/application/notes.actions.ts(169,13): error TS2769: No overload matches this call.
  Overload 1 of 2, '(relation: never): PostgrestQueryBuilder<{ PostgrestVersion: "13.0.5"; }, { Tables: {}; Views: {}; Functions: { gbt_bit_compress: { Args: { "": unknown; }; Returns: unknown; }; gbt_bool_compress: { Args: { "": unknown; }; Returns: unknown; }; gbt_bool_fetch: { ...; }; ... 52 more ...; gbtreekey8_out: { ...; }; }; Enums: {}; CompositeTypes: {}; }, never, never, never>', gave the following error.
    Argument of type '"orbipax_core.audit_logs"' is not assignable to parameter of type 'never'.
  Overload 2 of 2, '(relation: never): PostgrestQueryBuilder<{ PostgrestVersion: "13.0.5"; }, { Tables: {}; Views: {}; Functions: { gbt_bit_compress: { Args: { "": unknown; }; Returns: unknown; }; gbt_bool_compress: { Args: { "": unknown; }; Returns: unknown; }; gbt_bool_fetch: { ...; }; ... 52 more ...; gbtreekey8_out: { ...; }; }; Enums: {}; CompositeTypes: {}; }, never, never, never>', gave the following error.
    Argument of type '"orbipax_core.audit_logs"' is not assignable to parameter of type 'never'.
src/modules/notes/application/notes.actions.ts(170,8): error TS2769: No overload matches this call.
  Overload 1 of 2, '(values: never, options?: { count?: "exact" | "planned" | "estimated"; } | undefined): PostgrestFilterBuilder<{ PostgrestVersion: "13.0.5"; }, { Tables: {}; Views: {}; Functions: { gbt_bit_compress: { Args: { ...; }; Returns: unknown; }; ... 54 more ...; gbtreekey8_out: { ...; }; }; Enums: {}; CompositeTypes: {}; }, ... 4 more ..., "POST">', gave the following error.
    Argument of type '{ organization_id: string; actor_user_id: string; action: string; subject_type: string; subject_id: string; route: string; method: string; meta: { note_id: string; encounter_id: any; status: string; action_type: string; updated_fields: { content?: string; title?: string; }; }; created_at: string; }' is not assignable to parameter of type 'never'.
  Overload 2 of 2, '(values: never[], options?: { count?: "exact" | "planned" | "estimated"; defaultToNull?: boolean; } | undefined): PostgrestFilterBuilder<{ PostgrestVersion: "13.0.5"; }, { Tables: {}; Views: {}; Functions: { gbt_bit_compress: { ...; }; ... 54 more ...; gbtreekey8_out: { ...; }; }; Enums: {}; CompositeTypes: {}; }, ... 4 more ..., "POST">', gave the following error.
    Object literal may only specify known properties, and 'organization_id' does not exist in type 'never[]'.
src/modules/notes/application/notes.actions.ts(180,30): error TS2339: Property 'encounter_id' does not exist on type 'never'.
src/modules/notes/application/notes.actions.ts(218,13): error TS2769: No overload matches this call.
  Overload 1 of 2, '(relation: never): PostgrestQueryBuilder<{ PostgrestVersion: "13.0.5"; }, { Tables: {}; Views: {}; Functions: { gbt_bit_compress: { Args: { "": unknown; }; Returns: unknown; }; gbt_bool_compress: { Args: { "": unknown; }; Returns: unknown; }; gbt_bool_fetch: { ...; }; ... 52 more ...; gbtreekey8_out: { ...; }; }; Enums: {}; CompositeTypes: {}; }, never, never, never>', gave the following error.
    Argument of type '"orbipax_core.notes"' is not assignable to parameter of type 'never'.
  Overload 2 of 2, '(relation: never): PostgrestQueryBuilder<{ PostgrestVersion: "13.0.5"; }, { Tables: {}; Views: {}; Functions: { gbt_bit_compress: { Args: { "": unknown; }; Returns: unknown; }; gbt_bool_compress: { Args: { "": unknown; }; Returns: unknown; }; gbt_bool_fetch: { ...; }; ... 52 more ...; gbtreekey8_out: { ...; }; }; Enums: {}; CompositeTypes: {}; }, never, never, never>', gave the following error.
    Argument of type '"orbipax_core.notes"' is not assignable to parameter of type 'never'.
src/modules/notes/application/notes.actions.ts(233,14): error TS2339: Property 'status' does not exist on type 'never'.
src/modules/notes/application/notes.actions.ts(233,42): error TS2339: Property 'signed_at' does not exist on type 'never'.
src/modules/notes/application/notes.actions.ts(239,13): error TS2769: No overload matches this call.
  Overload 1 of 2, '(relation: never): PostgrestQueryBuilder<{ PostgrestVersion: "13.0.5"; }, { Tables: {}; Views: {}; Functions: { gbt_bit_compress: { Args: { "": unknown; }; Returns: unknown; }; gbt_bool_compress: { Args: { "": unknown; }; Returns: unknown; }; gbt_bool_fetch: { ...; }; ... 52 more ...; gbtreekey8_out: { ...; }; }; Enums: {}; CompositeTypes: {}; }, never, never, never>', gave the following error.
    Argument of type '"orbipax_core.user_profiles"' is not assignable to parameter of type 'never'.
  Overload 2 of 2, '(relation: never): PostgrestQueryBuilder<{ PostgrestVersion: "13.0.5"; }, { Tables: {}; Views: {}; Functions: { gbt_bit_compress: { Args: { "": unknown; }; Returns: unknown; }; gbt_bool_compress: { Args: { "": unknown; }; Returns: unknown; }; gbt_bool_fetch: { ...; }; ... 52 more ...; gbtreekey8_out: { ...; }; }; Enums: {}; CompositeTypes: {}; }, never, never, never>', gave the following error.
    Argument of type '"orbipax_core.user_profiles"' is not assignable to parameter of type 'never'.
src/modules/notes/application/notes.actions.ts(250,21): error TS2339: Property 'role' does not exist on type 'never'.
src/modules/notes/application/notes.actions.ts(256,13): error TS2769: No overload matches this call.
  Overload 1 of 2, '(relation: never): PostgrestQueryBuilder<{ PostgrestVersion: "13.0.5"; }, { Tables: {}; Views: {}; Functions: { gbt_bit_compress: { Args: { "": unknown; }; Returns: unknown; }; gbt_bool_compress: { Args: { "": unknown; }; Returns: unknown; }; gbt_bool_fetch: { ...; }; ... 52 more ...; gbtreekey8_out: { ...; }; }; Enums: {}; CompositeTypes: {}; }, never, never, never>', gave the following error.
    Argument of type '"orbipax_core.notes"' is not assignable to parameter of type 'never'.
  Overload 2 of 2, '(relation: never): PostgrestQueryBuilder<{ PostgrestVersion: "13.0.5"; }, { Tables: {}; Views: {}; Functions: { gbt_bit_compress: { Args: { "": unknown; }; Returns: unknown; }; gbt_bool_compress: { Args: { "": unknown; }; Returns: unknown; }; gbt_bool_fetch: { ...; }; ... 52 more ...; gbtreekey8_out: { ...; }; }; Enums: {}; CompositeTypes: {}; }, never, never, never>', gave the following error.
    Argument of type '"orbipax_core.notes"' is not assignable to parameter of type 'never'.
src/modules/notes/application/notes.actions.ts(257,15): error TS2345: Argument of type '{ status: string; signed_at: string; signed_by: string; updated_at: string; }' is not assignable to parameter of type 'never'.
src/modules/notes/application/notes.actions.ts(275,13): error TS2769: No overload matches this call.
  Overload 1 of 2, '(relation: never): PostgrestQueryBuilder<{ PostgrestVersion: "13.0.5"; }, { Tables: {}; Views: {}; Functions: { gbt_bit_compress: { Args: { "": unknown; }; Returns: unknown; }; gbt_bool_compress: { Args: { "": unknown; }; Returns: unknown; }; gbt_bool_fetch: { ...; }; ... 52 more ...; gbtreekey8_out: { ...; }; }; Enums: {}; CompositeTypes: {}; }, never, never, never>', gave the following error.
    Argument of type '"orbipax_core.audit_logs"' is not assignable to parameter of type 'never'.
  Overload 2 of 2, '(relation: never): PostgrestQueryBuilder<{ PostgrestVersion: "13.0.5"; }, { Tables: {}; Views: {}; Functions: { gbt_bit_compress: { Args: { "": unknown; }; Returns: unknown; }; gbt_bool_compress: { Args: { "": unknown; }; Returns: unknown; }; gbt_bool_fetch: { ...; }; ... 52 more ...; gbtreekey8_out: { ...; }; }; Enums: {}; CompositeTypes: {}; }, never, never, never>', gave the following error.
    Argument of type '"orbipax_core.audit_logs"' is not assignable to parameter of type 'never'.
src/modules/notes/application/notes.actions.ts(276,8): error TS2769: No overload matches this call.
  Overload 1 of 2, '(values: never, options?: { count?: "exact" | "planned" | "estimated"; } | undefined): PostgrestFilterBuilder<{ PostgrestVersion: "13.0.5"; }, { Tables: {}; Views: {}; Functions: { gbt_bit_compress: { Args: { ...; }; Returns: unknown; }; ... 54 more ...; gbtreekey8_out: { ...; }; }; Enums: {}; CompositeTypes: {}; }, ... 4 more ..., "POST">', gave the following error.
    Argument of type '{ organization_id: string; actor_user_id: string; action: string; subject_type: string; subject_id: string; route: string; method: string; meta: { note_id: string; encounter_id: any; status: string; action_type: string; signed_at: string; }; created_at: string; }' is not assignable to parameter of type 'never'.
  Overload 2 of 2, '(values: never[], options?: { count?: "exact" | "planned" | "estimated"; defaultToNull?: boolean; } | undefined): PostgrestFilterBuilder<{ PostgrestVersion: "13.0.5"; }, { Tables: {}; Views: {}; Functions: { gbt_bit_compress: { ...; }; ... 54 more ...; gbtreekey8_out: { ...; }; }; Enums: {}; CompositeTypes: {}; }, ... 4 more ..., "POST">', gave the following error.
    Object literal may only specify known properties, and 'organization_id' does not exist in type 'never[]'.
src/modules/notes/application/notes.actions.ts(286,30): error TS2339: Property 'encounter_id' does not exist on type 'never'.
src/modules/notes/application/notes.actions.ts(316,52): error TS2339: Property 'errors' does not exist on type 'ZodError<{ id: string; title?: string | undefined; content?: string | undefined; }>'.
src/modules/notes/application/notes.actions.ts(316,63): error TS7006: Parameter 'e' implicitly has an 'any' type.
src/modules/notes/application/notes.actions.ts(326,13): error TS2769: No overload matches this call.
  Overload 1 of 2, '(relation: never): PostgrestQueryBuilder<{ PostgrestVersion: "13.0.5"; }, { Tables: {}; Views: {}; Functions: { gbt_bit_compress: { Args: { "": unknown; }; Returns: unknown; }; gbt_bool_compress: { Args: { "": unknown; }; Returns: unknown; }; gbt_bool_fetch: { ...; }; ... 52 more ...; gbtreekey8_out: { ...; }; }; Enums: {}; CompositeTypes: {}; }, never, never, never>', gave the following error.
    Argument of type '"orbipax_core.notes"' is not assignable to parameter of type 'never'.
  Overload 2 of 2, '(relation: never): PostgrestQueryBuilder<{ PostgrestVersion: "13.0.5"; }, { Tables: {}; Views: {}; Functions: { gbt_bit_compress: { Args: { "": unknown; }; Returns: unknown; }; gbt_bool_compress: { Args: { "": unknown; }; Returns: unknown; }; gbt_bool_fetch: { ...; }; ... 52 more ...; gbtreekey8_out: { ...; }; }; Enums: {}; CompositeTypes: {}; }, never, never, never>', gave the following error.
    Argument of type '"orbipax_core.notes"' is not assignable to parameter of type 'never'.
src/modules/notes/application/notes.actions.ts(341,22): error TS2339: Property 'status' does not exist on type 'never'.
src/modules/notes/application/notes.actions.ts(347,13): error TS2769: No overload matches this call.
  Overload 1 of 2, '(relation: never): PostgrestQueryBuilder<{ PostgrestVersion: "13.0.5"; }, { Tables: {}; Views: {}; Functions: { gbt_bit_compress: { Args: { "": unknown; }; Returns: unknown; }; gbt_bool_compress: { Args: { "": unknown; }; Returns: unknown; }; gbt_bool_fetch: { ...; }; ... 52 more ...; gbtreekey8_out: { ...; }; }; Enums: {}; CompositeTypes: {}; }, never, never, never>', gave the following error.
    Argument of type '"orbipax_core.notes"' is not assignable to parameter of type 'never'.
  Overload 2 of 2, '(relation: never): PostgrestQueryBuilder<{ PostgrestVersion: "13.0.5"; }, { Tables: {}; Views: {}; Functions: { gbt_bit_compress: { Args: { "": unknown; }; Returns: unknown; }; gbt_bool_compress: { Args: { "": unknown; }; Returns: unknown; }; gbt_bool_fetch: { ...; }; ... 52 more ...; gbtreekey8_out: { ...; }; }; Enums: {}; CompositeTypes: {}; }, never, never, never>', gave the following error.
    Argument of type '"orbipax_core.notes"' is not assignable to parameter of type 'never'.
src/modules/notes/application/notes.actions.ts(348,8): error TS2769: No overload matches this call.
  Overload 1 of 2, '(values: never, options?: { count?: "exact" | "planned" | "estimated"; } | undefined): PostgrestFilterBuilder<{ PostgrestVersion: "13.0.5"; }, { Tables: {}; Views: {}; Functions: { gbt_bit_compress: { Args: { ...; }; Returns: unknown; }; ... 54 more ...; gbtreekey8_out: { ...; }; }; Enums: {}; CompositeTypes: {}; }, ... 4 more ..., "POST">', gave the following error.
    Argument of type '{ organization_id: string; encounter_id: any; patient_id: any; title: any; content: any; status: string; note_type: any; author_user_id: string; amended_from: string; created_by: string; created_at: string; }' is not assignable to parameter of type 'never'.
  Overload 2 of 2, '(values: never[], options?: { count?: "exact" | "planned" | "estimated"; defaultToNull?: boolean; } | undefined): PostgrestFilterBuilder<{ PostgrestVersion: "13.0.5"; }, { Tables: {}; Views: {}; Functions: { gbt_bit_compress: { ...; }; ... 54 more ...; gbtreekey8_out: { ...; }; }; Enums: {}; CompositeTypes: {}; }, ... 4 more ..., "POST">', gave the following error.
    Object literal may only specify known properties, and 'organization_id' does not exist in type 'never[]'.
src/modules/notes/application/notes.actions.ts(350,36): error TS2339: Property 'encounter_id' does not exist on type 'never'.
src/modules/notes/application/notes.actions.ts(351,34): error TS2339: Property 'patient_id' does not exist on type 'never'.
src/modules/notes/application/notes.actions.ts(352,38): error TS2339: Property 'title' does not exist on type 'never'.
src/modules/notes/application/notes.actions.ts(353,42): error TS2339: Property 'content' does not exist on type 'never'.
src/modules/notes/application/notes.actions.ts(355,33): error TS2339: Property 'note_type' does not exist on type 'never'.
src/modules/notes/application/notes.actions.ts(368,25): error TS2339: Property 'id' does not exist on type 'never'.
src/modules/notes/application/notes.actions.ts(374,13): error TS2769: No overload matches this call.
  Overload 1 of 2, '(relation: never): PostgrestQueryBuilder<{ PostgrestVersion: "13.0.5"; }, { Tables: {}; Views: {}; Functions: { gbt_bit_compress: { Args: { "": unknown; }; Returns: unknown; }; gbt_bool_compress: { Args: { "": unknown; }; Returns: unknown; }; gbt_bool_fetch: { ...; }; ... 52 more ...; gbtreekey8_out: { ...; }; }; Enums: {}; CompositeTypes: {}; }, never, never, never>', gave the following error.
    Argument of type '"orbipax_core.audit_logs"' is not assignable to parameter of type 'never'.
  Overload 2 of 2, '(relation: never): PostgrestQueryBuilder<{ PostgrestVersion: "13.0.5"; }, { Tables: {}; Views: {}; Functions: { gbt_bit_compress: { Args: { "": unknown; }; Returns: unknown; }; gbt_bool_compress: { Args: { "": unknown; }; Returns: unknown; }; gbt_bool_fetch: { ...; }; ... 52 more ...; gbtreekey8_out: { ...; }; }; Enums: {}; CompositeTypes: {}; }, never, never, never>', gave the following error.
    Argument of type '"orbipax_core.audit_logs"' is not assignable to parameter of type 'never'.
src/modules/notes/application/notes.actions.ts(375,8): error TS2769: No overload matches this call.
  Overload 1 of 2, '(values: never, options?: { count?: "exact" | "planned" | "estimated"; } | undefined): PostgrestFilterBuilder<{ PostgrestVersion: "13.0.5"; }, { Tables: {}; Views: {}; Functions: { gbt_bit_compress: { Args: { ...; }; Returns: unknown; }; ... 54 more ...; gbtreekey8_out: { ...; }; }; Enums: {}; CompositeTypes: {}; }, ... 4 more ..., "POST">', gave the following error.
    Argument of type '{ organization_id: string; actor_user_id: string; action: string; subject_type: string; subject_id: any; route: string; method: string; meta: { note_id: any; encounter_id: any; status: string; action_type: string; amended_from: string; original_note_id: string; }; created_at: string; }' is not assignable to parameter of type 'never'.
  Overload 2 of 2, '(values: never[], options?: { count?: "exact" | "planned" | "estimated"; defaultToNull?: boolean; } | undefined): PostgrestFilterBuilder<{ PostgrestVersion: "13.0.5"; }, { Tables: {}; Views: {}; Functions: { gbt_bit_compress: { ...; }; ... 54 more ...; gbtreekey8_out: { ...; }; }; Enums: {}; CompositeTypes: {}; }, ... 4 more ..., "POST">', gave the following error.
    Object literal may only specify known properties, and 'organization_id' does not exist in type 'never[]'.
src/modules/notes/application/notes.actions.ts(380,35): error TS2339: Property 'id' does not exist on type 'never'.
src/modules/notes/application/notes.actions.ts(384,34): error TS2339: Property 'id' does not exist on type 'never'.
src/modules/notes/application/notes.actions.ts(385,38): error TS2339: Property 'encounter_id' does not exist on type 'never'.
src/modules/notes/application/notes.actions.ts(400,36): error TS2339: Property 'id' does not exist on type 'never'.
src/modules/notes/application/notes.actions.ts(416,52): error TS2339: Property 'errors' does not exist on type 'ZodError<{ id: string; title?: string | undefined; content?: string | undefined; }>'.
src/modules/notes/application/notes.actions.ts(416,63): error TS7006: Parameter 'e' implicitly has an 'any' type.
src/modules/notes/application/notes.actions.ts(426,13): error TS2769: No overload matches this call.
  Overload 1 of 2, '(relation: never): PostgrestQueryBuilder<{ PostgrestVersion: "13.0.5"; }, { Tables: {}; Views: {}; Functions: { gbt_bit_compress: { Args: { "": unknown; }; Returns: unknown; }; gbt_bool_compress: { Args: { "": unknown; }; Returns: unknown; }; gbt_bool_fetch: { ...; }; ... 52 more ...; gbtreekey8_out: { ...; }; }; Enums: {}; CompositeTypes: {}; }, never, never, never>', gave the following error.
    Argument of type '"orbipax_core.notes"' is not assignable to parameter of type 'never'.
  Overload 2 of 2, '(relation: never): PostgrestQueryBuilder<{ PostgrestVersion: "13.0.5"; }, { Tables: {}; Views: {}; Functions: { gbt_bit_compress: { Args: { "": unknown; }; Returns: unknown; }; gbt_bool_compress: { Args: { "": unknown; }; Returns: unknown; }; gbt_bool_fetch: { ...; }; ... 52 more ...; gbtreekey8_out: { ...; }; }; Enums: {}; CompositeTypes: {}; }, never, never, never>', gave the following error.
    Argument of type '"orbipax_core.notes"' is not assignable to parameter of type 'never'.
src/modules/notes/application/notes.actions.ts(441,14): error TS2339: Property 'status' does not exist on type 'never'.
src/modules/notes/application/notes.actions.ts(447,46): error TS2339: Property 'title' does not exist on type 'never'.
src/modules/notes/application/notes.actions.ts(448,50): error TS2339: Property 'content' does not exist on type 'never'.
src/modules/notes/application/notes.actions.ts(471,13): error TS2769: No overload matches this call.
  Overload 1 of 2, '(relation: never): PostgrestQueryBuilder<{ PostgrestVersion: "13.0.5"; }, { Tables: {}; Views: {}; Functions: { gbt_bit_compress: { Args: { "": unknown; }; Returns: unknown; }; gbt_bool_compress: { Args: { "": unknown; }; Returns: unknown; }; gbt_bool_fetch: { ...; }; ... 52 more ...; gbtreekey8_out: { ...; }; }; Enums: {}; CompositeTypes: {}; }, never, never, never>', gave the following error.
    Argument of type '"orbipax_core.notes"' is not assignable to parameter of type 'never'.
  Overload 2 of 2, '(relation: never): PostgrestQueryBuilder<{ PostgrestVersion: "13.0.5"; }, { Tables: {}; Views: {}; Functions: { gbt_bit_compress: { Args: { "": unknown; }; Returns: unknown; }; gbt_bool_compress: { Args: { "": unknown; }; Returns: unknown; }; gbt_bool_fetch: { ...; }; ... 52 more ...; gbtreekey8_out: { ...; }; }; Enums: {}; CompositeTypes: {}; }, never, never, never>', gave the following error.
    Argument of type '"orbipax_core.notes"' is not assignable to parameter of type 'never'.
src/modules/notes/application/notes.actions.ts(472,15): error TS2345: Argument of type 'any' is not assignable to parameter of type 'never'.
src/modules/notes/application/notes.actions.ts(485,13): error TS2769: No overload matches this call.
  Overload 1 of 2, '(relation: never): PostgrestQueryBuilder<{ PostgrestVersion: "13.0.5"; }, { Tables: {}; Views: {}; Functions: { gbt_bit_compress: { Args: { "": unknown; }; Returns: unknown; }; gbt_bool_compress: { Args: { "": unknown; }; Returns: unknown; }; gbt_bool_fetch: { ...; }; ... 52 more ...; gbtreekey8_out: { ...; }; }; Enums: {}; CompositeTypes: {}; }, never, never, never>', gave the following error.
    Argument of type '"orbipax_core.audit_logs"' is not assignable to parameter of type 'never'.
  Overload 2 of 2, '(relation: never): PostgrestQueryBuilder<{ PostgrestVersion: "13.0.5"; }, { Tables: {}; Views: {}; Functions: { gbt_bit_compress: { Args: { "": unknown; }; Returns: unknown; }; gbt_bool_compress: { Args: { "": unknown; }; Returns: unknown; }; gbt_bool_fetch: { ...; }; ... 52 more ...; gbtreekey8_out: { ...; }; }; Enums: {}; CompositeTypes: {}; }, never, never, never>', gave the following error.
    Argument of type '"orbipax_core.audit_logs"' is not assignable to parameter of type 'never'.
src/modules/notes/application/notes.actions.ts(486,8): error TS2769: No overload matches this call.
  Overload 1 of 2, '(values: never, options?: { count?: "exact" | "planned" | "estimated"; } | undefined): PostgrestFilterBuilder<{ PostgrestVersion: "13.0.5"; }, { Tables: {}; Views: {}; Functions: { gbt_bit_compress: { Args: { ...; }; Returns: unknown; }; ... 54 more ...; gbtreekey8_out: { ...; }; }; Enums: {}; CompositeTypes: {}; }, ... 4 more ..., "POST">', gave the following error.
    Argument of type '{ organization_id: string; actor_user_id: string; action: string; subject_type: string; subject_id: string; route: string; method: string; meta: { note_id: string; encounter_id: any; status: string; action_type: string; updated_fields: { content?: string; title?: string; }; }; created_at: string; }' is not assignable to parameter of type 'never'.
  Overload 2 of 2, '(values: never[], options?: { count?: "exact" | "planned" | "estimated"; defaultToNull?: boolean; } | undefined): PostgrestFilterBuilder<{ PostgrestVersion: "13.0.5"; }, { Tables: {}; Views: {}; Functions: { gbt_bit_compress: { ...; }; ... 54 more ...; gbtreekey8_out: { ...; }; }; Enums: {}; CompositeTypes: {}; }, ... 4 more ..., "POST">', gave the following error.
    Object literal may only specify known properties, and 'organization_id' does not exist in type 'never[]'.
src/modules/notes/application/notes.actions.ts(496,30): error TS2339: Property 'encounter_id' does not exist on type 'never'.
src/modules/notes/application/notes.actions.ts(528,52): error TS2339: Property 'errors' does not exist on type 'ZodError<{ noteId: string; }>'.
src/modules/notes/application/notes.actions.ts(528,63): error TS7006: Parameter 'e' implicitly has an 'any' type.
src/modules/notes/application/notes.actions.ts(538,13): error TS2769: No overload matches this call.
  Overload 1 of 2, '(relation: never): PostgrestQueryBuilder<{ PostgrestVersion: "13.0.5"; }, { Tables: {}; Views: {}; Functions: { gbt_bit_compress: { Args: { "": unknown; }; Returns: unknown; }; gbt_bool_compress: { Args: { "": unknown; }; Returns: unknown; }; gbt_bool_fetch: { ...; }; ... 52 more ...; gbtreekey8_out: { ...; }; }; Enums: {}; CompositeTypes: {}; }, never, never, never>', gave the following error.
    Argument of type '"orbipax_core.notes"' is not assignable to parameter of type 'never'.
  Overload 2 of 2, '(relation: never): PostgrestQueryBuilder<{ PostgrestVersion: "13.0.5"; }, { Tables: {}; Views: {}; Functions: { gbt_bit_compress: { Args: { "": unknown; }; Returns: unknown; }; gbt_bool_compress: { Args: { "": unknown; }; Returns: unknown; }; gbt_bool_fetch: { ...; }; ... 52 more ...; gbtreekey8_out: { ...; }; }; Enums: {}; CompositeTypes: {}; }, never, never, never>', gave the following error.
    Argument of type '"orbipax_core.notes"' is not assignable to parameter of type 'never'.
src/modules/notes/application/notes.actions.ts(566,14): error TS2339: Property 'status' does not exist on type 'never'.
src/modules/notes/application/notes.actions.ts(572,13): error TS2769: No overload matches this call.
  Overload 1 of 2, '(relation: never): PostgrestQueryBuilder<{ PostgrestVersion: "13.0.5"; }, { Tables: {}; Views: {}; Functions: { gbt_bit_compress: { Args: { "": unknown; }; Returns: unknown; }; gbt_bool_compress: { Args: { "": unknown; }; Returns: unknown; }; gbt_bool_fetch: { ...; }; ... 52 more ...; gbtreekey8_out: { ...; }; }; Enums: {}; CompositeTypes: {}; }, never, never, never>', gave the following error.
    Argument of type '"orbipax_core.organizations"' is not assignable to parameter of type 'never'.
  Overload 2 of 2, '(relation: never): PostgrestQueryBuilder<{ PostgrestVersion: "13.0.5"; }, { Tables: {}; Views: {}; Functions: { gbt_bit_compress: { Args: { "": unknown; }; Returns: unknown; }; gbt_bool_compress: { Args: { "": unknown; }; Returns: unknown; }; gbt_bool_fetch: { ...; }; ... 52 more ...; gbtreekey8_out: { ...; }; }; Enums: {}; CompositeTypes: {}; }, never, never, never>', gave the following error.
    Argument of type '"orbipax_core.organizations"' is not assignable to parameter of type 'never'.
src/modules/notes/application/notes.actions.ts(579,13): error TS2769: No overload matches this call.
  Overload 1 of 2, '(relation: never): PostgrestQueryBuilder<{ PostgrestVersion: "13.0.5"; }, { Tables: {}; Views: {}; Functions: { gbt_bit_compress: { Args: { "": unknown; }; Returns: unknown; }; gbt_bool_compress: { Args: { "": unknown; }; Returns: unknown; }; gbt_bool_fetch: { ...; }; ... 52 more ...; gbtreekey8_out: { ...; }; }; Enums: {}; CompositeTypes: {}; }, never, never, never>', gave the following error.
    Argument of type '"orbipax_core.patients"' is not assignable to parameter of type 'never'.
  Overload 2 of 2, '(relation: never): PostgrestQueryBuilder<{ PostgrestVersion: "13.0.5"; }, { Tables: {}; Views: {}; Functions: { gbt_bit_compress: { Args: { "": unknown; }; Returns: unknown; }; gbt_bool_compress: { Args: { "": unknown; }; Returns: unknown; }; gbt_bool_fetch: { ...; }; ... 52 more ...; gbtreekey8_out: { ...; }; }; Enums: {}; CompositeTypes: {}; }, never, never, never>', gave the following error.
    Argument of type '"orbipax_core.patients"' is not assignable to parameter of type 'never'.
src/modules/notes/application/notes.actions.ts(581,22): error TS2339: Property 'patient_id' does not exist on type 'never'.
src/modules/notes/application/notes.actions.ts(587,13): error TS2769: No overload matches this call.
  Overload 1 of 2, '(relation: never): PostgrestQueryBuilder<{ PostgrestVersion: "13.0.5"; }, { Tables: {}; Views: {}; Functions: { gbt_bit_compress: { Args: { "": unknown; }; Returns: unknown; }; gbt_bool_compress: { Args: { "": unknown; }; Returns: unknown; }; gbt_bool_fetch: { ...; }; ... 52 more ...; gbtreekey8_out: { ...; }; }; Enums: {}; CompositeTypes: {}; }, never, never, never>', gave the following error.
    Argument of type '"orbipax_core.user_profiles"' is not assignable to parameter of type 'never'.
  Overload 2 of 2, '(relation: never): PostgrestQueryBuilder<{ PostgrestVersion: "13.0.5"; }, { Tables: {}; Views: {}; Functions: { gbt_bit_compress: { Args: { "": unknown; }; Returns: unknown; }; gbt_bool_compress: { Args: { "": unknown; }; Returns: unknown; }; gbt_bool_fetch: { ...; }; ... 52 more ...; gbtreekey8_out: { ...; }; }; Enums: {}; CompositeTypes: {}; }, never, never, never>', gave the following error.
    Argument of type '"orbipax_core.user_profiles"' is not assignable to parameter of type 'never'.
src/modules/notes/application/notes.actions.ts(589,27): error TS2339: Property 'signed_by' does not exist on type 'never'.
src/modules/notes/application/notes.actions.ts(589,45): error TS2339: Property 'author_user_id' does not exist on type 'never'.
src/modules/notes/application/notes.actions.ts(624,13): error TS2769: No overload matches this call.
  Overload 1 of 2, '(relation: never): PostgrestQueryBuilder<{ PostgrestVersion: "13.0.5"; }, { Tables: {}; Views: {}; Functions: { gbt_bit_compress: { Args: { "": unknown; }; Returns: unknown; }; gbt_bool_compress: { Args: { "": unknown; }; Returns: unknown; }; gbt_bool_fetch: { ...; }; ... 52 more ...; gbtreekey8_out: { ...; }; }; Enums: {}; CompositeTypes: {}; }, never, never, never>', gave the following error.
    Argument of type '"orbipax_core.documents"' is not assignable to parameter of type 'never'.
  Overload 2 of 2, '(relation: never): PostgrestQueryBuilder<{ PostgrestVersion: "13.0.5"; }, { Tables: {}; Views: {}; Functions: { gbt_bit_compress: { Args: { "": unknown; }; Returns: unknown; }; gbt_bool_compress: { Args: { "": unknown; }; Returns: unknown; }; gbt_bool_fetch: { ...; }; ... 52 more ...; gbtreekey8_out: { ...; }; }; Enums: {}; CompositeTypes: {}; }, never, never, never>', gave the following error.
    Argument of type '"orbipax_core.documents"' is not assignable to parameter of type 'never'.
src/modules/notes/application/notes.actions.ts(625,8): error TS2769: No overload matches this call.
  Overload 1 of 2, '(values: never, options?: { count?: "exact" | "planned" | "estimated"; } | undefined): PostgrestFilterBuilder<{ PostgrestVersion: "13.0.5"; }, { Tables: {}; Views: {}; Functions: { gbt_bit_compress: { Args: { ...; }; Returns: unknown; }; ... 54 more ...; gbtreekey8_out: { ...; }; }; Enums: {}; CompositeTypes: {}; }, ... 4 more ..., "POST">', gave the following error.
    Argument of type '{ organization_id: string; document_kind: string; subject_type: string; subject_id: string; storage_path: string; checksum: any; file_size: number; mime_type: string; original_filename: string; created_by: string; created_at: string; }' is not assignable to parameter of type 'never'.
  Overload 2 of 2, '(values: never[], options?: { count?: "exact" | "planned" | "estimated"; defaultToNull?: boolean; } | undefined): PostgrestFilterBuilder<{ PostgrestVersion: "13.0.5"; }, { Tables: {}; Views: {}; Functions: { gbt_bit_compress: { ...; }; ... 54 more ...; gbtreekey8_out: { ...; }; }; Enums: {}; CompositeTypes: {}; }, ... 4 more ..., "POST">', gave the following error.
    Object literal may only specify known properties, and 'organization_id' does not exist in type 'never[]'.
src/modules/notes/application/notes.actions.ts(634,36): error TS2339: Property 'title' does not exist on type 'never'.
src/modules/notes/application/notes.actions.ts(645,24): error TS2339: Property 'id' does not exist on type 'never'.
src/modules/notes/application/notes.actions.ts(651,13): error TS2769: No overload matches this call.
  Overload 1 of 2, '(relation: never): PostgrestQueryBuilder<{ PostgrestVersion: "13.0.5"; }, { Tables: {}; Views: {}; Functions: { gbt_bit_compress: { Args: { "": unknown; }; Returns: unknown; }; gbt_bool_compress: { Args: { "": unknown; }; Returns: unknown; }; gbt_bool_fetch: { ...; }; ... 52 more ...; gbtreekey8_out: { ...; }; }; Enums: {}; CompositeTypes: {}; }, never, never, never>', gave the following error.
    Argument of type '"orbipax_core.audit_logs"' is not assignable to parameter of type 'never'.
  Overload 2 of 2, '(relation: never): PostgrestQueryBuilder<{ PostgrestVersion: "13.0.5"; }, { Tables: {}; Views: {}; Functions: { gbt_bit_compress: { Args: { "": unknown; }; Returns: unknown; }; gbt_bool_compress: { Args: { "": unknown; }; Returns: unknown; }; gbt_bool_fetch: { ...; }; ... 52 more ...; gbtreekey8_out: { ...; }; }; Enums: {}; CompositeTypes: {}; }, never, never, never>', gave the following error.
    Argument of type '"orbipax_core.audit_logs"' is not assignable to parameter of type 'never'.
src/modules/notes/application/notes.actions.ts(652,8): error TS2769: No overload matches this call.
  Overload 1 of 2, '(values: never, options?: { count?: "exact" | "planned" | "estimated"; } | undefined): PostgrestFilterBuilder<{ PostgrestVersion: "13.0.5"; }, { Tables: {}; Views: {}; Functions: { gbt_bit_compress: { Args: { ...; }; Returns: unknown; }; ... 54 more ...; gbtreekey8_out: { ...; }; }; Enums: {}; CompositeTypes: {}; }, ... 4 more ..., "POST">', gave the following error.
    Argument of type '{ organization_id: string; actor_user_id: string; action: string; subject_type: string; subject_id: any; route: string; method: string; meta: { document_id: any; document_kind: string; note_id: string; storage_path: string; file_size: number; checksum: any; }; created_at: string; }' is not assignable to parameter of type 'never'.
  Overload 2 of 2, '(values: never[], options?: { count?: "exact" | "planned" | "estimated"; defaultToNull?: boolean; } | undefined): PostgrestFilterBuilder<{ PostgrestVersion: "13.0.5"; }, { Tables: {}; Views: {}; Functions: { gbt_bit_compress: { ...; }; ... 54 more ...; gbtreekey8_out: { ...; }; }; Enums: {}; CompositeTypes: {}; }, ... 4 more ..., "POST">', gave the following error.
    Object literal may only specify known properties, and 'organization_id' does not exist in type 'never[]'.
src/modules/notes/application/notes.actions.ts(657,34): error TS2339: Property 'id' does not exist on type 'never'.
src/modules/notes/application/notes.actions.ts(661,37): error TS2339: Property 'id' does not exist on type 'never'.
src/modules/notes/application/notes.actions.ts(675,39): error TS2339: Property 'id' does not exist on type 'never'.
src/modules/organizations/application/organizations.actions.ts(30,52): error TS2339: Property 'errors' does not exist on type 'ZodError<{ name: string; }>'.
src/modules/organizations/application/organizations.actions.ts(30,63): error TS7006: Parameter 'e' implicitly has an 'any' type.
src/modules/organizations/application/organizations.actions.ts(43,66): error TS2345: Argument of type '"create_organization_transaction"' is not assignable to parameter of type '"gbt_bit_compress" | "gbt_bool_compress" | "gbt_bool_fetch" | "gbt_bpchar_compress" | "gbt_bytea_compress" | "gbt_cash_compress" | "gbt_cash_fetch" | "gbt_date_compress" | "gbt_date_fetch" | "gbt_decompress" | "gbt_enum_compress" | "gbt_enum_fetch" | "gbt_float4_compress" | "gbt_float4_fetch" | "gbt_float8_compress" | "gbt_float8_fetch" | "gbt_inet_compress" | "gbt_int2_compress" | "gbt_int2_fetch" | "gbt_int4_compress" | "gbt_int4_fetch" | "gbt_int8_compress" | "gbt_int8_fetch" | "gbt_intv_compress" | "gbt_intv_decompress" | "gbt_intv_fetch" | "gbt_macad_compress" | "gbt_macad_fetch" | "gbt_macad8_compress" | "gbt_macad8_fetch" | "gbt_numeric_compress" | "gbt_oid_compress" | "gbt_oid_fetch" | "gbt_text_compress" | "gbt_time_compress" | "gbt_time_fetch" | "gbt_timetz_compress" | "gbt_ts_compress" | "gbt_ts_fetch" | "gbt_tstz_compress" | "gbt_uuid_compress" | "gbt_uuid_fetch" | "gbt_var_decompress" | "gbt_var_fetch" | "gbtreekey_var_in" | "gbtreekey_var_out" | "gbtreekey16_in" | "gbtreekey16_out" | "gbtreekey2_in" | "gbtreekey2_out" | "gbtreekey32_in" | "gbtreekey32_out" | "gbtreekey4_in" | "gbtreekey4_out" | "gbtreekey8_in" | "gbtreekey8_out"'.
src/modules/organizations/application/organizations.actions.ts(54,16): error TS2339: Property 'organization_id' does not exist on type '{}'.
src/modules/organizations/application/organizations.actions.ts(54,43): error TS2339: Property 'slug' does not exist on type '{}'.
src/modules/organizations/application/organizations.actions.ts(59,16): error TS2339: Property 'organization_id' does not exist on type '{}'.
src/modules/organizations/application/organizations.actions.ts(60,18): error TS2339: Property 'slug' does not exist on type '{}'.
src/modules/organizations/application/organizations.actions.ts(234,63): error TS2339: Property 'errors' does not exist on type 'ZodError<{ organizationId: string; }>'.
src/modules/organizations/application/organizations.actions.ts(234,74): error TS7006: Parameter 'e' implicitly has an 'any' type.
src/modules/organizations/application/organizations.actions.ts(259,75): error TS2345: Argument of type '"orbipax_core.is_member"' is not assignable to parameter of type '"gbt_bit_compress" | "gbt_bool_compress" | "gbt_bool_fetch" | "gbt_bpchar_compress" | "gbt_bytea_compress" | "gbt_cash_compress" | "gbt_cash_fetch" | "gbt_date_compress" | "gbt_date_fetch" | "gbt_decompress" | "gbt_enum_compress" | "gbt_enum_fetch" | "gbt_float4_compress" | "gbt_float4_fetch" | "gbt_float8_compress" | "gbt_float8_fetch" | "gbt_inet_compress" | "gbt_int2_compress" | "gbt_int2_fetch" | "gbt_int4_compress" | "gbt_int4_fetch" | "gbt_int8_compress" | "gbt_int8_fetch" | "gbt_intv_compress" | "gbt_intv_decompress" | "gbt_intv_fetch" | "gbt_macad_compress" | "gbt_macad_fetch" | "gbt_macad8_compress" | "gbt_macad8_fetch" | "gbt_numeric_compress" | "gbt_oid_compress" | "gbt_oid_fetch" | "gbt_text_compress" | "gbt_time_compress" | "gbt_time_fetch" | "gbt_timetz_compress" | "gbt_ts_compress" | "gbt_ts_fetch" | "gbt_tstz_compress" | "gbt_uuid_compress" | "gbt_uuid_fetch" | "gbt_var_decompress" | "gbt_var_fetch" | "gbtreekey_var_in" | "gbtreekey_var_out" | "gbtreekey16_in" | "gbtreekey16_out" | "gbtreekey2_in" | "gbtreekey2_out" | "gbtreekey32_in" | "gbtreekey32_out" | "gbtreekey4_in" | "gbtreekey4_out" | "gbtreekey8_in" | "gbtreekey8_out"'.
src/modules/organizations/application/organizations.actions.ts(326,3): error TS2322: Type '{ created_at: string | null; id: string | null; name: string | null; role: "clinician" | "supervisor" | "admin" | null; slug: string | null; }[]' is not assignable to type '{ id: string; name: string; slug: string; }[]'.
  Type '{ created_at: string | null; id: string | null; name: string | null; role: "clinician" | "supervisor" | "admin" | null; slug: string | null; }' is not assignable to type '{ id: string; name: string; slug: string; }'.
    Types of property 'id' are incompatible.
      Type 'string | null' is not assignable to type 'string'.
        Type 'null' is not assignable to type 'string'.
src/modules/organizations/ui/OrgSwitcher.tsx(66,9): error TS2322: Type 'string' is not assignable to type 'ChangeEventHandler<HTMLSelectElement>'.
src/modules/patients/application/actions.ts(16,23): error TS2769: No overload matches this call.
  Overload 1 of 2, '(relation: never): PostgrestQueryBuilder<{ PostgrestVersion: "13.0.5"; }, { Tables: {}; Views: {}; Functions: { gbt_bit_compress: { Args: { "": unknown; }; Returns: unknown; }; gbt_bool_compress: { Args: { "": unknown; }; Returns: unknown; }; gbt_bool_fetch: { ...; }; ... 52 more ...; gbtreekey8_out: { ...; }; }; Enums: {}; CompositeTypes: {}; }, never, never, never>', gave the following error.
    Argument of type '"orbipax.patients"' is not assignable to parameter of type 'never'.
  Overload 2 of 2, '(relation: never): PostgrestQueryBuilder<{ PostgrestVersion: "13.0.5"; }, { Tables: {}; Views: {}; Functions: { gbt_bit_compress: { Args: { "": unknown; }; Returns: unknown; }; gbt_bool_compress: { Args: { "": unknown; }; Returns: unknown; }; gbt_bool_fetch: { ...; }; ... 52 more ...; gbtreekey8_out: { ...; }; }; Enums: {}; CompositeTypes: {}; }, never, never, never>', gave the following error.
    Argument of type '"orbipax.patients"' is not assignable to parameter of type 'never'.
src/modules/patients/application/actions.ts(44,41): error TS2769: No overload matches this call.
  Overload 1 of 2, '(relation: never): PostgrestQueryBuilder<{ PostgrestVersion: "13.0.5"; }, { Tables: {}; Views: {}; Functions: { gbt_bit_compress: { Args: { "": unknown; }; Returns: unknown; }; gbt_bool_compress: { Args: { "": unknown; }; Returns: unknown; }; gbt_bool_fetch: { ...; }; ... 52 more ...; gbtreekey8_out: { ...; }; }; Enums: {}; CompositeTypes: {}; }, never, never, never>', gave the following error.
    Argument of type '"orbipax.appointments"' is not assignable to parameter of type 'never'.
  Overload 2 of 2, '(relation: never): PostgrestQueryBuilder<{ PostgrestVersion: "13.0.5"; }, { Tables: {}; Views: {}; Functions: { gbt_bit_compress: { Args: { "": unknown; }; Returns: unknown; }; gbt_bool_compress: { Args: { "": unknown; }; Returns: unknown; }; gbt_bool_fetch: { ...; }; ... 52 more ...; gbtreekey8_out: { ...; }; }; Enums: {}; CompositeTypes: {}; }, never, never, never>', gave the following error.
    Argument of type '"orbipax.appointments"' is not assignable to parameter of type 'never'.
src/modules/patients/application/actions.ts(44,65): error TS2769: No overload matches this call.
  Overload 1 of 2, '(values: never, options?: { count?: "exact" | "planned" | "estimated"; } | undefined): PostgrestFilterBuilder<{ PostgrestVersion: "13.0.5"; }, { Tables: {}; Views: {}; Functions: { gbt_bit_compress: { Args: { ...; }; Returns: unknown; }; ... 54 more ...; gbtreekey8_out: { ...; }; }; Enums: {}; CompositeTypes: {}; }, ... 4 more ..., "POST">', gave the following error.
    Argument of type '{ organization_id: string; patient_id: string; clinician_id: string; starts_at: string; ends_at: string; status: string; location: string | null; reason: string | null; created_by: string; }' is not assignable to parameter of type 'never'.
  Overload 2 of 2, '(values: never[], options?: { count?: "exact" | "planned" | "estimated"; defaultToNull?: boolean; } | undefined): PostgrestFilterBuilder<{ PostgrestVersion: "13.0.5"; }, { Tables: {}; Views: {}; Functions: { gbt_bit_compress: { ...; }; ... 54 more ...; gbtreekey8_out: { ...; }; }; Enums: {}; CompositeTypes: {}; }, ... 4 more ..., "POST">', gave the following error.
    Object literal may only specify known properties, and 'organization_id' does not exist in type 'never[]'.
src/modules/patients/application/actions.ts(60,3): error TS2375: Type '{ ok: true; id: string | undefined; }' is not assignable to type '{ ok: boolean; id?: string; }' with 'exactOptionalPropertyTypes: true'. Consider adding 'undefined' to the types of the target's properties.
  Types of property 'id' are incompatible.
    Type 'string | undefined' is not assignable to type 'string'.
      Type 'undefined' is not assignable to type 'string'.
src/modules/patients/application/actions.ts(60,32): error TS2339: Property 'id' does not exist on type 'never'.
src/modules/patients/application/actions.ts(79,41): error TS2769: No overload matches this call.
  Overload 1 of 2, '(relation: never): PostgrestQueryBuilder<{ PostgrestVersion: "13.0.5"; }, { Tables: {}; Views: {}; Functions: { gbt_bit_compress: { Args: { "": unknown; }; Returns: unknown; }; gbt_bool_compress: { Args: { "": unknown; }; Returns: unknown; }; gbt_bool_fetch: { ...; }; ... 52 more ...; gbtreekey8_out: { ...; }; }; Enums: {}; CompositeTypes: {}; }, never, never, never>', gave the following error.
    Argument of type '"orbipax.patients"' is not assignable to parameter of type 'never'.
  Overload 2 of 2, '(relation: never): PostgrestQueryBuilder<{ PostgrestVersion: "13.0.5"; }, { Tables: {}; Views: {}; Functions: { gbt_bit_compress: { Args: { "": unknown; }; Returns: unknown; }; gbt_bool_compress: { Args: { "": unknown; }; Returns: unknown; }; gbt_bool_fetch: { ...; }; ... 52 more ...; gbtreekey8_out: { ...; }; }; Enums: {}; CompositeTypes: {}; }, never, never, never>', gave the following error.
    Argument of type '"orbipax.patients"' is not assignable to parameter of type 'never'.
src/modules/patients/application/actions.ts(79,61): error TS2769: No overload matches this call.
  Overload 1 of 2, '(values: never, options?: { count?: "exact" | "planned" | "estimated"; } | undefined): PostgrestFilterBuilder<{ PostgrestVersion: "13.0.5"; }, { Tables: {}; Views: {}; Functions: { gbt_bit_compress: { Args: { ...; }; Returns: unknown; }; ... 54 more ...; gbtreekey8_out: { ...; }; }; Enums: {}; CompositeTypes: {}; }, ... 4 more ..., "POST">', gave the following error.
    Argument of type '{ organization_id: string; created_by: string; first_name: string; last_name: string; dob: string | null; phone: string | null; email: string | null; }' is not assignable to parameter of type 'never'.
  Overload 2 of 2, '(values: never[], options?: { count?: "exact" | "planned" | "estimated"; defaultToNull?: boolean; } | undefined): PostgrestFilterBuilder<{ PostgrestVersion: "13.0.5"; }, { Tables: {}; Views: {}; Functions: { gbt_bit_compress: { ...; }; ... 54 more ...; gbtreekey8_out: { ...; }; }; Enums: {}; CompositeTypes: {}; }, ... 4 more ..., "POST">', gave the following error.
    Object literal may only specify known properties, and 'organization_id' does not exist in type 'never[]'.
src/modules/patients/application/actions.ts(89,23): error TS2339: Property 'id' does not exist on type 'never'.
src/modules/patients/application/actions.ts(92,17): error TS2769: No overload matches this call.
  Overload 1 of 2, '(relation: never): PostgrestQueryBuilder<{ PostgrestVersion: "13.0.5"; }, { Tables: {}; Views: {}; Functions: { gbt_bit_compress: { Args: { "": unknown; }; Returns: unknown; }; gbt_bool_compress: { Args: { "": unknown; }; Returns: unknown; }; gbt_bool_fetch: { ...; }; ... 52 more ...; gbtreekey8_out: { ...; }; }; Enums: {}; CompositeTypes: {}; }, never, never, never>', gave the following error.
    Argument of type '"orbipax.audit_logs"' is not assignable to parameter of type 'never'.
  Overload 2 of 2, '(relation: never): PostgrestQueryBuilder<{ PostgrestVersion: "13.0.5"; }, { Tables: {}; Views: {}; Functions: { gbt_bit_compress: { Args: { "": unknown; }; Returns: unknown; }; gbt_bool_compress: { Args: { "": unknown; }; Returns: unknown; }; gbt_bool_fetch: { ...; }; ... 52 more ...; gbtreekey8_out: { ...; }; }; Enums: {}; CompositeTypes: {}; }, never, never, never>', gave the following error.
    Argument of type '"orbipax.audit_logs"' is not assignable to parameter of type 'never'.
src/modules/patients/application/actions.ts(92,39): error TS2769: No overload matches this call.
  Overload 1 of 2, '(values: never, options?: { count?: "exact" | "planned" | "estimated"; } | undefined): PostgrestFilterBuilder<{ PostgrestVersion: "13.0.5"; }, { Tables: {}; Views: {}; Functions: { gbt_bit_compress: { Args: { ...; }; Returns: unknown; }; ... 54 more ...; gbtreekey8_out: { ...; }; }; Enums: {}; CompositeTypes: {}; }, ... 4 more ..., "POST">', gave the following error.
    Argument of type '{ organization_id: string; actor_user_id: string; action: string; subject_type: string; subject_id: any; route: string; method: string; meta: {}; }' is not assignable to parameter of type 'never'.
  Overload 2 of 2, '(values: never[], options?: { count?: "exact" | "planned" | "estimated"; defaultToNull?: boolean; } | undefined): PostgrestFilterBuilder<{ PostgrestVersion: "13.0.5"; }, { Tables: {}; Views: {}; Functions: { gbt_bit_compress: { ...; }; ... 54 more ...; gbtreekey8_out: { ...; }; }; Enums: {}; CompositeTypes: {}; }, ... 4 more ..., "POST">', gave the following error.
    Object literal may only specify known properties, and 'organization_id' does not exist in type 'never[]'.
src/modules/patients/application/actions.ts(97,22): error TS2339: Property 'id' does not exist on type 'never'.
src/modules/patients/application/actions.ts(103,31): error TS2339: Property 'id' does not exist on type 'never'.
src/modules/patients/application/actions.ts(120,35): error TS2769: No overload matches this call.
  Overload 1 of 2, '(relation: never): PostgrestQueryBuilder<{ PostgrestVersion: "13.0.5"; }, { Tables: {}; Views: {}; Functions: { gbt_bit_compress: { Args: { "": unknown; }; Returns: unknown; }; gbt_bool_compress: { Args: { "": unknown; }; Returns: unknown; }; gbt_bool_fetch: { ...; }; ... 52 more ...; gbtreekey8_out: { ...; }; }; Enums: {}; CompositeTypes: {}; }, never, never, never>', gave the following error.
    Argument of type '"orbipax.patients"' is not assignable to parameter of type 'never'.
  Overload 2 of 2, '(relation: never): PostgrestQueryBuilder<{ PostgrestVersion: "13.0.5"; }, { Tables: {}; Views: {}; Functions: { gbt_bit_compress: { Args: { "": unknown; }; Returns: unknown; }; gbt_bool_compress: { Args: { "": unknown; }; Returns: unknown; }; gbt_bool_fetch: { ...; }; ... 52 more ...; gbtreekey8_out: { ...; }; }; Enums: {}; CompositeTypes: {}; }, never, never, never>', gave the following error.
    Argument of type '"orbipax.patients"' is not assignable to parameter of type 'never'.
src/modules/patients/application/actions.ts(121,13): error TS2345: Argument of type 'Record<string, unknown>' is not assignable to parameter of type 'never'.
src/modules/patients/application/actions.ts(127,17): error TS2769: No overload matches this call.
  Overload 1 of 2, '(relation: never): PostgrestQueryBuilder<{ PostgrestVersion: "13.0.5"; }, { Tables: {}; Views: {}; Functions: { gbt_bit_compress: { Args: { "": unknown; }; Returns: unknown; }; gbt_bool_compress: { Args: { "": unknown; }; Returns: unknown; }; gbt_bool_fetch: { ...; }; ... 52 more ...; gbtreekey8_out: { ...; }; }; Enums: {}; CompositeTypes: {}; }, never, never, never>', gave the following error.
    Argument of type '"orbipax.audit_logs"' is not assignable to parameter of type 'never'.
  Overload 2 of 2, '(relation: never): PostgrestQueryBuilder<{ PostgrestVersion: "13.0.5"; }, { Tables: {}; Views: {}; Functions: { gbt_bit_compress: { Args: { "": unknown; }; Returns: unknown; }; gbt_bool_compress: { Args: { "": unknown; }; Returns: unknown; }; gbt_bool_fetch: { ...; }; ... 52 more ...; gbtreekey8_out: { ...; }; }; Enums: {}; CompositeTypes: {}; }, never, never, never>', gave the following error.
    Argument of type '"orbipax.audit_logs"' is not assignable to parameter of type 'never'.
src/modules/patients/application/actions.ts(127,39): error TS2769: No overload matches this call.
  Overload 1 of 2, '(values: never, options?: { count?: "exact" | "planned" | "estimated"; } | undefined): PostgrestFilterBuilder<{ PostgrestVersion: "13.0.5"; }, { Tables: {}; Views: {}; Functions: { gbt_bit_compress: { Args: { ...; }; Returns: unknown; }; ... 54 more ...; gbtreekey8_out: { ...; }; }; Enums: {}; CompositeTypes: {}; }, ... 4 more ..., "POST">', gave the following error.
    Argument of type '{ organization_id: string; actor_user_id: string; action: string; subject_type: string; subject_id: string; route: string; method: string; meta: {}; }' is not assignable to parameter of type 'never'.
  Overload 2 of 2, '(values: never[], options?: { count?: "exact" | "planned" | "estimated"; defaultToNull?: boolean; } | undefined): PostgrestFilterBuilder<{ PostgrestVersion: "13.0.5"; }, { Tables: {}; Views: {}; Functions: { gbt_bit_compress: { ...; }; ... 54 more ...; gbtreekey8_out: { ...; }; }; Enums: {}; CompositeTypes: {}; }, ... 4 more ..., "POST">', gave the following error.
    Object literal may only specify known properties, and 'organization_id' does not exist in type 'never[]'.
src/modules/patients/application/patients.actions.ts(42,11): error TS2769: No overload matches this call.
  Overload 1 of 2, '(relation: never): PostgrestQueryBuilder<{ PostgrestVersion: "13.0.5"; }, { Tables: {}; Views: {}; Functions: { gbt_bit_compress: { Args: { "": unknown; }; Returns: unknown; }; gbt_bool_compress: { Args: { "": unknown; }; Returns: unknown; }; gbt_bool_fetch: { ...; }; ... 52 more ...; gbtreekey8_out: { ...; }; }; Enums: {}; CompositeTypes: {}; }, never, never, never>', gave the following error.
    Argument of type '"orbipax_core.patients"' is not assignable to parameter of type 'never'.
  Overload 2 of 2, '(relation: never): PostgrestQueryBuilder<{ PostgrestVersion: "13.0.5"; }, { Tables: {}; Views: {}; Functions: { gbt_bit_compress: { Args: { "": unknown; }; Returns: unknown; }; gbt_bool_compress: { Args: { "": unknown; }; Returns: unknown; }; gbt_bool_fetch: { ...; }; ... 52 more ...; gbtreekey8_out: { ...; }; }; Enums: {}; CompositeTypes: {}; }, never, never, never>', gave the following error.
    Argument of type '"orbipax_core.patients"' is not assignable to parameter of type 'never'.
src/modules/patients/application/patients.actions.ts(76,52): error TS2339: Property 'errors' does not exist on type 'ZodError<{ firstName: string; lastName: string; dob?: string | undefined; phone?: string | undefined; email?: string | undefined; }>'.
src/modules/patients/application/patients.actions.ts(76,63): error TS7006: Parameter 'e' implicitly has an 'any' type.
src/modules/patients/application/patients.actions.ts(85,11): error TS2769: No overload matches this call.
  Overload 1 of 2, '(relation: never): PostgrestQueryBuilder<{ PostgrestVersion: "13.0.5"; }, { Tables: {}; Views: {}; Functions: { gbt_bit_compress: { Args: { "": unknown; }; Returns: unknown; }; gbt_bool_compress: { Args: { "": unknown; }; Returns: unknown; }; gbt_bool_fetch: { ...; }; ... 52 more ...; gbtreekey8_out: { ...; }; }; Enums: {}; CompositeTypes: {}; }, never, never, never>', gave the following error.
    Argument of type '"orbipax_core.patients"' is not assignable to parameter of type 'never'.
  Overload 2 of 2, '(relation: never): PostgrestQueryBuilder<{ PostgrestVersion: "13.0.5"; }, { Tables: {}; Views: {}; Functions: { gbt_bit_compress: { Args: { "": unknown; }; Returns: unknown; }; gbt_bool_compress: { Args: { "": unknown; }; Returns: unknown; }; gbt_bool_fetch: { ...; }; ... 52 more ...; gbtreekey8_out: { ...; }; }; Enums: {}; CompositeTypes: {}; }, never, never, never>', gave the following error.
    Argument of type '"orbipax_core.patients"' is not assignable to parameter of type 'never'.
src/modules/patients/application/patients.actions.ts(86,6): error TS2769: No overload matches this call.
  Overload 1 of 2, '(values: never, options?: { count?: "exact" | "planned" | "estimated"; } | undefined): PostgrestFilterBuilder<{ PostgrestVersion: "13.0.5"; }, { Tables: {}; Views: {}; Functions: { gbt_bit_compress: { Args: { ...; }; Returns: unknown; }; ... 54 more ...; gbtreekey8_out: { ...; }; }; Enums: {}; CompositeTypes: {}; }, ... 4 more ..., "POST">', gave the following error.
    Argument of type '{ organization_id: string; first_name: string; last_name: string; dob: string | null; phone: string | null; email: string | null; created_by: string; created_at: string; }' is not assignable to parameter of type 'never'.
  Overload 2 of 2, '(values: never[], options?: { count?: "exact" | "planned" | "estimated"; defaultToNull?: boolean; } | undefined): PostgrestFilterBuilder<{ PostgrestVersion: "13.0.5"; }, { Tables: {}; Views: {}; Functions: { gbt_bit_compress: { ...; }; ... 54 more ...; gbtreekey8_out: { ...; }; }; Enums: {}; CompositeTypes: {}; }, ... 4 more ..., "POST">', gave the following error.
    Object literal may only specify known properties, and 'organization_id' does not exist in type 'never[]'.
src/modules/patients/application/patients.actions.ts(103,21): error TS2339: Property 'id' does not exist on type 'never'.
src/modules/patients/application/patients.actions.ts(109,11): error TS2769: No overload matches this call.
  Overload 1 of 2, '(relation: never): PostgrestQueryBuilder<{ PostgrestVersion: "13.0.5"; }, { Tables: {}; Views: {}; Functions: { gbt_bit_compress: { Args: { "": unknown; }; Returns: unknown; }; gbt_bool_compress: { Args: { "": unknown; }; Returns: unknown; }; gbt_bool_fetch: { ...; }; ... 52 more ...; gbtreekey8_out: { ...; }; }; Enums: {}; CompositeTypes: {}; }, never, never, never>', gave the following error.
    Argument of type '"orbipax_core.audit_logs"' is not assignable to parameter of type 'never'.
  Overload 2 of 2, '(relation: never): PostgrestQueryBuilder<{ PostgrestVersion: "13.0.5"; }, { Tables: {}; Views: {}; Functions: { gbt_bit_compress: { Args: { "": unknown; }; Returns: unknown; }; gbt_bool_compress: { Args: { "": unknown; }; Returns: unknown; }; gbt_bool_fetch: { ...; }; ... 52 more ...; gbtreekey8_out: { ...; }; }; Enums: {}; CompositeTypes: {}; }, never, never, never>', gave the following error.
    Argument of type '"orbipax_core.audit_logs"' is not assignable to parameter of type 'never'.
src/modules/patients/application/patients.actions.ts(110,6): error TS2769: No overload matches this call.
  Overload 1 of 2, '(values: never, options?: { count?: "exact" | "planned" | "estimated"; } | undefined): PostgrestFilterBuilder<{ PostgrestVersion: "13.0.5"; }, { Tables: {}; Views: {}; Functions: { gbt_bit_compress: { Args: { ...; }; Returns: unknown; }; ... 54 more ...; gbtreekey8_out: { ...; }; }; Enums: {}; CompositeTypes: {}; }, ... 4 more ..., "POST">', gave the following error.
    Argument of type '{ organization_id: string; actor_user_id: string; action: string; subject_type: string; subject_id: any; route: string; method: string; meta: { first_name: string; last_name: string; dob: string | null; phone: string | null; email: string | null; }; created_at: string; }' is not assignable to parameter of type 'never'.
  Overload 2 of 2, '(values: never[], options?: { count?: "exact" | "planned" | "estimated"; defaultToNull?: boolean; } | undefined): PostgrestFilterBuilder<{ PostgrestVersion: "13.0.5"; }, { Tables: {}; Views: {}; Functions: { gbt_bit_compress: { ...; }; ... 54 more ...; gbtreekey8_out: { ...; }; }; Enums: {}; CompositeTypes: {}; }, ... 4 more ..., "POST">', gave the following error.
    Object literal may only specify known properties, and 'organization_id' does not exist in type 'never[]'.
src/modules/patients/application/patients.actions.ts(115,31): error TS2339: Property 'id' does not exist on type 'never'.
src/modules/patients/application/patients.actions.ts(134,21): error TS2339: Property 'id' does not exist on type 'never'.
src/shared/db/index.ts(24,42): error TS2304: Cannot find name 'Database'.
src/shared/db/index.ts(25,3): error TS2304: Cannot find name 'Database'.
src/shared/db/index.ts(27,40): error TS2304: Cannot find name 'Database'.
src/shared/db/index.ts(28,3): error TS2304: Cannot find name 'Database'.
src/shared/db/index.ts(30,43): error TS2304: Cannot find name 'Database'.
src/shared/db/index.ts(31,3): error TS2304: Cannot find name 'Database'.
src/shared/db/index.ts(33,43): error TS2304: Cannot find name 'Database'.
src/shared/db/index.ts(34,3): error TS2304: Cannot find name 'Database'.
src/shared/db/index.ts(36,41): error TS2304: Cannot find name 'Database'.
src/shared/db/index.ts(37,3): error TS2304: Cannot find name 'Database'.
src/shared/db/index.ts(39,41): error TS2304: Cannot find name 'Database'.
src/shared/db/index.ts(40,3): error TS2304: Cannot find name 'Database'.
src/shared/lib/current-user.server.ts(16,13): error TS2769: No overload matches this call.
  Overload 1 of 2, '(relation: never): PostgrestQueryBuilder<{ PostgrestVersion: "13.0.5"; }, { Tables: {}; Views: {}; Functions: { gbt_bit_compress: { Args: { "": unknown; }; Returns: unknown; }; gbt_bool_compress: { Args: { "": unknown; }; Returns: unknown; }; gbt_bool_fetch: { ...; }; ... 52 more ...; gbtreekey8_out: { ...; }; }; Enums: {}; CompositeTypes: {}; }, never, never, never>', gave the following error.
    Argument of type '"orbipax.user_profiles"' is not assignable to parameter of type 'never'.
  Overload 2 of 2, '(relation: never): PostgrestQueryBuilder<{ PostgrestVersion: "13.0.5"; }, { Tables: {}; Views: {}; Functions: { gbt_bit_compress: { Args: { "": unknown; }; Returns: unknown; }; gbt_bool_compress: { Args: { "": unknown; }; Returns: unknown; }; gbt_bool_fetch: { ...; }; ... 52 more ...; gbtreekey8_out: { ...; }; }; Enums: {}; CompositeTypes: {}; }, never, never, never>', gave the following error.
    Argument of type '"orbipax.user_profiles"' is not assignable to parameter of type 'never'.
src/shared/lib/current-user.server.ts(21,16): error TS2339: Property 'organization_id' does not exist on type 'never'.
src/shared/lib/current-user.server.ts(22,43): error TS2339: Property 'organization_id' does not exist on type 'never'.
src/shared/lib/current-user.server.ts(26,39): error TS2769: No overload matches this call.
  Overload 1 of 2, '(relation: never): PostgrestQueryBuilder<{ PostgrestVersion: "13.0.5"; }, { Tables: {}; Views: {}; Functions: { gbt_bit_compress: { Args: { "": unknown; }; Returns: unknown; }; gbt_bool_compress: { Args: { "": unknown; }; Returns: unknown; }; gbt_bool_fetch: { ...; }; ... 52 more ...; gbtreekey8_out: { ...; }; }; Enums: {}; CompositeTypes: {}; }, never, never, never>', gave the following error.
    Argument of type '"orbipax.organizations"' is not assignable to parameter of type 'never'.
  Overload 2 of 2, '(relation: never): PostgrestQueryBuilder<{ PostgrestVersion: "13.0.5"; }, { Tables: {}; Views: {}; Functions: { gbt_bit_compress: { Args: { "": unknown; }; Returns: unknown; }; gbt_bool_compress: { Args: { "": unknown; }; Returns: unknown; }; gbt_bool_fetch: { ...; }; ... 52 more ...; gbtreekey8_out: { ...; }; }; Enums: {}; CompositeTypes: {}; }, never, never, never>', gave the following error.
    Argument of type '"orbipax.organizations"' is not assignable to parameter of type 'never'.
src/shared/lib/current-user.server.ts(27,13): error TS2339: Property 'id' does not exist on type 'never'.
src/shared/lib/current-user.server.ts(28,54): error TS2339: Property 'id' does not exist on type 'never'.
src/shared/lib/env.server.ts(6,27): error TS4111: Property 'OPENAI_API_KEY' comes from an index signature, so it must be accessed with ['OPENAI_API_KEY'].
src/shared/lib/supabase.client.ts(7,25): error TS4111: Property 'NEXT_PUBLIC_SUPABASE_URL' comes from an index signature, so it must be accessed with ['NEXT_PUBLIC_SUPABASE_URL'].
src/shared/lib/supabase.client.ts(8,29): error TS4111: Property 'NEXT_PUBLIC_SUPABASE_ANON_KEY' comes from an index signature, so it must be accessed with ['NEXT_PUBLIC_SUPABASE_ANON_KEY'].
src/shared/lib/supabase.server.ts(8,25): error TS4111: Property 'NEXT_PUBLIC_SUPABASE_URL' comes from an index signature, so it must be accessed with ['NEXT_PUBLIC_SUPABASE_URL'].
src/shared/lib/supabase.server.ts(9,32): error TS4111: Property 'SUPABASE_SERVICE_ROLE' comes from an index signature, so it must be accessed with ['SUPABASE_SERVICE_ROLE'].
src/shared/ui/primitives/Accordion/index.tsx(4,37): error TS2307: Cannot find module '@radix-ui/react-accordion' or its corresponding type declarations.
src/shared/ui/primitives/AlertDialog/index.tsx(4,39): error TS2307: Cannot find module '@radix-ui/react-alert-dialog' or its corresponding type declarations.
src/shared/ui/primitives/Avatar/examples.tsx(6,10): error TS2305: Module '"../Toast"' has no exported member 'useToast'.
src/shared/ui/primitives/Avatar/examples.tsx(209,14): error TS2375: Type '{ key: number; name: string; src: string | undefined; size: "md"; }' is not assignable to type 'AvatarProps' with 'exactOptionalPropertyTypes: true'. Consider adding 'undefined' to the types of the target's properties.
  Types of property 'src' are incompatible.
    Type 'string | undefined' is not assignable to type 'string'.
      Type 'undefined' is not assignable to type 'string'.
src/shared/ui/primitives/Avatar/examples.tsx(223,14): error TS2375: Type '{ key: number; name: string; src: string | undefined; size: "md"; }' is not assignable to type 'AvatarProps' with 'exactOptionalPropertyTypes: true'. Consider adding 'undefined' to the types of the target's properties.
  Types of property 'src' are incompatible.
    Type 'string | undefined' is not assignable to type 'string'.
      Type 'undefined' is not assignable to type 'string'.
src/shared/ui/primitives/Avatar/examples.tsx(237,14): error TS2375: Type '{ key: number; name: string; src: string | undefined; size: "md"; }' is not assignable to type 'AvatarProps' with 'exactOptionalPropertyTypes: true'. Consider adding 'undefined' to the types of the target's properties.
  Types of property 'src' are incompatible.
    Type 'string | undefined' is not assignable to type 'string'.
      Type 'undefined' is not assignable to type 'string'.
src/shared/ui/primitives/Avatar/examples.tsx(295,12): error TS2375: Type '{ src: string | undefined; name: string; size: "lg"; fallbackSrc: string; onLoadingStatusChange: (status: AvatarLoadingStatus) => void; }' is not assignable to type 'AvatarProps' with 'exactOptionalPropertyTypes: true'. Consider adding 'undefined' to the types of the target's properties.
  Types of property 'src' are incompatible.
    Type 'string | undefined' is not assignable to type 'string'.
      Type 'undefined' is not assignable to type 'string'.
src/shared/ui/primitives/Avatar/examples.tsx(346,10): error TS2375: Type '{ src: string | undefined; name: string; size: "xl"; onLoadingStatusChange: (status: string) => void; }' is not assignable to type 'AvatarProps' with 'exactOptionalPropertyTypes: true'. Consider adding 'undefined' to the types of the target's properties.
  Types of property 'src' are incompatible.
    Type 'string | undefined' is not assignable to type 'string'.
      Type 'undefined' is not assignable to type 'string'.
src/shared/ui/primitives/Avatar/index.tsx(128,12): error TS2532: Object is possibly 'undefined'.
src/shared/ui/primitives/Avatar/index.tsx(131,11): error TS2532: Object is possibly 'undefined'.
src/shared/ui/primitives/Avatar/index.tsx(131,32): error TS2532: Object is possibly 'undefined'.
src/shared/ui/primitives/Avatar/index.tsx(150,3): error TS2322: Type 'string | undefined' is not assignable to type 'string'.
  Type 'undefined' is not assignable to type 'string'.
src/shared/ui/primitives/Badge/examples.tsx(9,10): error TS2305: Module '"../Toast"' has no exported member 'useToast'.
src/shared/ui/primitives/Badge/examples.tsx(12,15): error TS2724: '"./index"' has no exported member named 'BadgeVariants'. Did you mean 'badgeVariants'?
src/shared/ui/primitives/Badge/examples.tsx(34,59): error TS2322: Type '{ key: string; variant: BadgeVariants; dot: true; }' is not assignable to type 'IntrinsicAttributes & BadgeProps'.
  Property 'dot' does not exist on type 'IntrinsicAttributes & BadgeProps'.
src/shared/ui/primitives/Badge/examples.tsx(54,22): error TS2322: Type '{ children: any; size: BadgeVariants; variant: "default"; }' is not assignable to type 'IntrinsicAttributes & BadgeProps'.
  Property 'size' does not exist on type 'IntrinsicAttributes & BadgeProps'.
src/shared/ui/primitives/Badge/examples.tsx(57,34): error TS2322: Type '"success"' is not assignable to type '"default" | "destructive" | "outline" | "secondary" | null | undefined'.
src/shared/ui/primitives/Badge/examples.tsx(60,34): error TS2322: Type '"warning"' is not assignable to type '"default" | "destructive" | "outline" | "secondary" | null | undefined'.
src/shared/ui/primitives/Badge/examples.tsx(61,34): error TS2322: Type '"error"' is not assignable to type '"default" | "destructive" | "outline" | "secondary" | null | undefined'.
src/shared/ui/primitives/Badge/examples.tsx(97,18): error TS2339: Property 'Container' does not exist on type '({ className, variant, ...props }: BadgeProps) => Element'.
src/shared/ui/primitives/Badge/examples.tsx(99,22): error TS2339: Property 'Icon' does not exist on type '({ className, variant, ...props }: BadgeProps) => Element'.
src/shared/ui/primitives/Badge/examples.tsx(104,23): error TS2339: Property 'Icon' does not exist on type '({ className, variant, ...props }: BadgeProps) => Element'.
src/shared/ui/primitives/Badge/examples.tsx(108,15): error TS2322: Type '"error"' is not assignable to type '"default" | "destructive" | "outline" | "secondary" | null | undefined'.
src/shared/ui/primitives/Badge/examples.tsx(113,19): error TS2339: Property 'Container' does not exist on type '({ className, variant, ...props }: BadgeProps) => Element'.
src/shared/ui/primitives/Badge/examples.tsx(115,18): error TS2339: Property 'Container' does not exist on type '({ className, variant, ...props }: BadgeProps) => Element'.
src/shared/ui/primitives/Badge/examples.tsx(117,22): error TS2339: Property 'Icon' does not exist on type '({ className, variant, ...props }: BadgeProps) => Element'.
src/shared/ui/primitives/Badge/examples.tsx(122,23): error TS2339: Property 'Icon' does not exist on type '({ className, variant, ...props }: BadgeProps) => Element'.
src/shared/ui/primitives/Badge/examples.tsx(127,15): error TS2322: Type '"info"' is not assignable to type '"default" | "destructive" | "outline" | "secondary" | null | undefined'.
src/shared/ui/primitives/Badge/examples.tsx(132,19): error TS2339: Property 'Container' does not exist on type '({ className, variant, ...props }: BadgeProps) => Element'.
src/shared/ui/primitives/Badge/examples.tsx(134,18): error TS2339: Property 'Container' does not exist on type '({ className, variant, ...props }: BadgeProps) => Element'.
src/shared/ui/primitives/Badge/examples.tsx(136,22): error TS2339: Property 'Icon' does not exist on type '({ className, variant, ...props }: BadgeProps) => Element'.
src/shared/ui/primitives/Badge/examples.tsx(142,23): error TS2339: Property 'Icon' does not exist on type '({ className, variant, ...props }: BadgeProps) => Element'.
src/shared/ui/primitives/Badge/examples.tsx(147,15): error TS2322: Type '"warning"' is not assignable to type '"default" | "destructive" | "outline" | "secondary" | null | undefined'.
src/shared/ui/primitives/Badge/examples.tsx(153,19): error TS2339: Property 'Container' does not exist on type '({ className, variant, ...props }: BadgeProps) => Element'.
src/shared/ui/primitives/Badge/examples.tsx(158,18): error TS2339: Property 'Container' does not exist on type '({ className, variant, ...props }: BadgeProps) => Element'.
src/shared/ui/primitives/Badge/examples.tsx(166,15): error TS2322: Type '"success"' is not assignable to type '"default" | "destructive" | "outline" | "secondary" | null | undefined'.
src/shared/ui/primitives/Badge/examples.tsx(171,19): error TS2339: Property 'Container' does not exist on type '({ className, variant, ...props }: BadgeProps) => Element'.
src/shared/ui/primitives/Badge/examples.tsx(173,18): error TS2339: Property 'Container' does not exist on type '({ className, variant, ...props }: BadgeProps) => Element'.
src/shared/ui/primitives/Badge/examples.tsx(181,15): error TS2322: Type '"error"' is not assignable to type '"default" | "destructive" | "outline" | "secondary" | null | undefined'.
src/shared/ui/primitives/Badge/examples.tsx(186,19): error TS2339: Property 'Container' does not exist on type '({ className, variant, ...props }: BadgeProps) => Element'.
src/shared/ui/primitives/Badge/examples.tsx(214,15): error TS2322: Type '"error" | "success" | "warning" | "soft"' is not assignable to type '"default" | "destructive" | "outline" | "secondary" | null | undefined'.
  Type '"error"' is not assignable to type '"default" | "destructive" | "outline" | "secondary" | null | undefined'.
src/shared/ui/primitives/Badge/examples.tsx(241,38): error TS2322: Type '{ children: string; variant: "outline"; size: string; }' is not assignable to type 'IntrinsicAttributes & BadgeProps'.
  Property 'size' does not exist on type 'IntrinsicAttributes & BadgeProps'.
src/shared/ui/primitives/Badge/examples.tsx(242,38): error TS2322: Type '{ children: string; variant: "outline"; size: string; }' is not assignable to type 'IntrinsicAttributes & BadgeProps'.
  Property 'size' does not exist on type 'IntrinsicAttributes & BadgeProps'.
src/shared/ui/primitives/Badge/examples.tsx(243,38): error TS2322: Type '{ children: string; variant: "outline"; size: string; }' is not assignable to type 'IntrinsicAttributes & BadgeProps'.
  Property 'size' does not exist on type 'IntrinsicAttributes & BadgeProps'.
src/shared/ui/primitives/Badge/examples.tsx(244,38): error TS2322: Type '{ children: string; variant: "outline"; size: string; }' is not assignable to type 'IntrinsicAttributes & BadgeProps'.
  Property 'size' does not exist on type 'IntrinsicAttributes & BadgeProps'.
src/shared/ui/primitives/Badge/examples.tsx(252,20): error TS2322: Type '"soft"' is not assignable to type '"default" | "destructive" | "outline" | "secondary" | null | undefined'.
src/shared/ui/primitives/Badge/examples.tsx(253,20): error TS2322: Type '"soft"' is not assignable to type '"default" | "destructive" | "outline" | "secondary" | null | undefined'.
src/shared/ui/primitives/Badge/examples.tsx(254,20): error TS2322: Type '"soft"' is not assignable to type '"default" | "destructive" | "outline" | "secondary" | null | undefined'.
src/shared/ui/primitives/Badge/examples.tsx(255,20): error TS2322: Type '"soft"' is not assignable to type '"default" | "destructive" | "outline" | "secondary" | null | undefined'.
src/shared/ui/primitives/Badge/examples.tsx(263,20): error TS2322: Type '"error"' is not assignable to type '"default" | "destructive" | "outline" | "secondary" | null | undefined'.
src/shared/ui/primitives/Badge/examples.tsx(264,20): error TS2322: Type '"warning"' is not assignable to type '"default" | "destructive" | "outline" | "secondary" | null | undefined'.
src/shared/ui/primitives/Badge/examples.tsx(265,20): error TS2322: Type '"info"' is not assignable to type '"default" | "destructive" | "outline" | "secondary" | null | undefined'.
src/shared/ui/primitives/Badge/examples.tsx(318,19): error TS2322: Type '{ children: string; variant: "default" | "outline"; size: string; }' is not assignable to type 'IntrinsicAttributes & BadgeProps'.
  Property 'size' does not exist on type 'IntrinsicAttributes & BadgeProps'.
src/shared/ui/primitives/Badge/examples.tsx(334,22): error TS2339: Property 'Container' does not exist on type '({ className, variant, ...props }: BadgeProps) => Element'.
src/shared/ui/primitives/Badge/examples.tsx(336,26): error TS2339: Property 'Icon' does not exist on type '({ className, variant, ...props }: BadgeProps) => Element'.
src/shared/ui/primitives/Badge/examples.tsx(342,27): error TS2339: Property 'Icon' does not exist on type '({ className, variant, ...props }: BadgeProps) => Element'.
src/shared/ui/primitives/Badge/examples.tsx(347,19): error TS2322: Type '"primary"' is not assignable to type '"default" | "destructive" | "outline" | "secondary" | null | undefined'.
src/shared/ui/primitives/Badge/examples.tsx(353,23): error TS2339: Property 'Container' does not exist on type '({ className, variant, ...props }: BadgeProps) => Element'.
src/shared/ui/primitives/Badge/examples.tsx(393,19): error TS2322: Type '"error" | "success"' is not assignable to type '"default" | "destructive" | "outline" | "secondary" | null | undefined'.
  Type '"error"' is not assignable to type '"default" | "destructive" | "outline" | "secondary" | null | undefined'.
src/shared/ui/primitives/Badge/examples.tsx(417,19): error TS2322: Type '"success" | "warning"' is not assignable to type '"default" | "destructive" | "outline" | "secondary" | null | undefined'.
  Type '"success"' is not assignable to type '"default" | "destructive" | "outline" | "secondary" | null | undefined'.
src/shared/ui/primitives/Badge/examples.tsx(469,24): error TS2322: Type '"success" | "outline" | "warning" | "info" | "soft"' is not assignable to type '"default" | "destructive" | "outline" | "secondary" | null | undefined'.
  Type '"success"' is not assignable to type '"default" | "destructive" | "outline" | "secondary" | null | undefined'.
src/shared/ui/primitives/Badge/examples.tsx(474,24): error TS2322: Type '"error" | "success" | "outline" | "warning"' is not assignable to type '"default" | "destructive" | "outline" | "secondary" | null | undefined'.
  Type '"error"' is not assignable to type '"default" | "destructive" | "outline" | "secondary" | null | undefined'.
src/shared/ui/primitives/Badge/examples.tsx(477,42): error TS2322: Type '{ variant: "outline"; size: string; count: number; }' is not assignable to type 'IntrinsicAttributes & BadgeProps'.
  Property 'size' does not exist on type 'IntrinsicAttributes & BadgeProps'.
src/shared/ui/primitives/Calendar/examples.tsx(6,10): error TS2305: Module '"../Toast"' has no exported member 'useToast'.
src/shared/ui/primitives/Calendar/examples.tsx(9,15): error TS2305: Module '"./index"' has no exported member 'DateValue'.
src/shared/ui/primitives/Calendar/examples.tsx(9,26): error TS2305: Module '"./index"' has no exported member 'CalendarVariants'.
src/shared/ui/primitives/Calendar/examples.tsx(29,11): error TS2322: Type '{ value: DateValue; onChange: (date: DateValue) => void; }' is not assignable to type 'IntrinsicAttributes & DayPickerProps'.
  Property 'value' does not exist on type 'IntrinsicAttributes & DayPickerProps'.
src/shared/ui/primitives/Calendar/examples.tsx(56,15): error TS2322: Type '{ size: CalendarVariants; defaultValue: Date; }' is not assignable to type 'IntrinsicAttributes & DayPickerProps'.
  Property 'size' does not exist on type 'IntrinsicAttributes & DayPickerProps'.
src/shared/ui/primitives/Calendar/examples.tsx(79,15): error TS2322: Type '{ variant: CalendarVariants; defaultValue: Date; }' is not assignable to type 'IntrinsicAttributes & DayPickerProps'.
  Property 'variant' does not exist on type 'IntrinsicAttributes & DayPickerProps'.
src/shared/ui/primitives/Calendar/examples.tsx(113,11): error TS2322: Type '{ value: DateValue; onChange: (date: DateValue) => void; view: CalendarVariants; onViewChange: (view: CalendarVariants) => void; showYearPicker: boolean; showMonthPicker: boolean; }' is not assignable to type 'IntrinsicAttributes & DayPickerProps'.
  Property 'value' does not exist on type 'IntrinsicAttributes & DayPickerProps'.
src/shared/ui/primitives/Calendar/examples.tsx(197,11): error TS2322: Type '{ value: DateValue; onChange: (date: DateValue) => void; minDate: Date; maxDate: Date; disabledDates: Date[]; }' is not assignable to type 'IntrinsicAttributes & DayPickerProps'.
  Property 'value' does not exist on type 'IntrinsicAttributes & DayPickerProps'.
src/shared/ui/primitives/Calendar/examples.tsx(290,11): error TS2322: Type 'string' is not assignable to type 'Partial<Locale>'.
src/shared/ui/primitives/Calendar/examples.tsx(292,24): error TS7006: Parameter 'date' implicitly has an 'any' type.
src/shared/ui/primitives/Calendar/examples.tsx(360,13): error TS2322: Type '{ value: DateValue; onChange: (date: DateValue) => void; }' is not assignable to type 'IntrinsicAttributes & DayPickerProps'.
  Property 'value' does not exist on type 'IntrinsicAttributes & DayPickerProps'.
src/shared/ui/primitives/Calendar/examples.tsx(448,11): error TS2322: Type '{ value: DateValue; onChange: (date: DateValue) => void; minDate: Date; maxDate: Date; view: string; showYearPicker: boolean; showMonthPicker: boolean; }' is not assignable to type 'IntrinsicAttributes & DayPickerProps'.
  Property 'value' does not exist on type 'IntrinsicAttributes & DayPickerProps'.
src/shared/ui/primitives/Calendar/examples.tsx(492,11): error TS2322: Type '{ defaultValue: Date; disabled: true; }' is not assignable to type 'IntrinsicAttributes & DayPickerProps'.
  Property 'defaultValue' does not exist on type 'IntrinsicAttributes & DayPickerProps'.
src/shared/ui/primitives/Calendar/examples.tsx(515,13): error TS2322: Type '{ value: DateValue; onChange: Dispatch<any>; variant: string; className: string; }' is not assignable to type 'IntrinsicAttributes & DayPickerProps'.
  Property 'value' does not exist on type 'IntrinsicAttributes & DayPickerProps'.
src/shared/ui/primitives/Card/index.tsx(136,11): error TS2322: Type 'MouseEventHandler<HTMLDivElement> | undefined' is not assignable to type 'MouseEventHandler<HTMLButtonElement> | undefined'.
  Type 'MouseEventHandler<HTMLDivElement>' is not assignable to type 'MouseEventHandler<HTMLButtonElement>'.
    Type 'HTMLDivElement' is missing the following properties from type 'HTMLButtonElement': disabled, form, formAction, formEnctype, and 15 more.
src/shared/ui/primitives/Carousel/index.tsx(6,8): error TS2307: Cannot find module 'embla-carousel-react' or its corresponding type declarations.
src/shared/ui/primitives/Chart/index.tsx(4,36): error TS2307: Cannot find module 'recharts' or its corresponding type declarations.
src/shared/ui/primitives/Checkbox/examples.tsx(7,10): error TS2459: Module '"../Form"' declares 'FormProvider' locally, but it is not exported.
src/shared/ui/primitives/Checkbox/examples.tsx(8,10): error TS2305: Module '"../Toast"' has no exported member 'useToast'.
src/shared/ui/primitives/Checkbox/examples.tsx(39,11): error TS2322: Type 'Dispatch<SetStateAction<boolean>>' is not assignable to type '(checked: CheckedState) => void'.
  Types of parameters 'value' and 'checked' are incompatible.
    Type 'CheckedState' is not assignable to type 'SetStateAction<boolean>'.
      Type '"indeterminate"' is not assignable to type 'SetStateAction<boolean>'.
src/shared/ui/primitives/Checkbox/examples.tsx(45,11): error TS2322: Type '{ label: string; description: string; defaultChecked: true; }' is not assignable to type 'IntrinsicAttributes & Omit<CheckboxProps & RefAttributes<HTMLButtonElement>, "ref"> & RefAttributes<HTMLButtonElement>'.
  Property 'label' does not exist on type 'IntrinsicAttributes & Omit<CheckboxProps & RefAttributes<HTMLButtonElement>, "ref"> & RefAttributes<HTMLButtonElement>'.
src/shared/ui/primitives/Checkbox/examples.tsx(51,11): error TS2322: Type '{ label: string; description: string; disabled: true; }' is not assignable to type 'IntrinsicAttributes & Omit<CheckboxProps & RefAttributes<HTMLButtonElement>, "ref"> & RefAttributes<HTMLButtonElement>'.
  Property 'label' does not exist on type 'IntrinsicAttributes & Omit<CheckboxProps & RefAttributes<HTMLButtonElement>, "ref"> & RefAttributes<HTMLButtonElement>'.
src/shared/ui/primitives/Checkbox/examples.tsx(57,11): error TS2322: Type '{ label: string; description: string; required: true; }' is not assignable to type 'IntrinsicAttributes & Omit<CheckboxProps & RefAttributes<HTMLButtonElement>, "ref"> & RefAttributes<HTMLButtonElement>'.
  Property 'label' does not exist on type 'IntrinsicAttributes & Omit<CheckboxProps & RefAttributes<HTMLButtonElement>, "ref"> & RefAttributes<HTMLButtonElement>'.
src/shared/ui/primitives/Checkbox/examples.tsx(78,11): error TS2322: Type '{ size: string; label: string; description: string; defaultChecked: true; }' is not assignable to type 'IntrinsicAttributes & Omit<CheckboxProps & RefAttributes<HTMLButtonElement>, "ref"> & RefAttributes<HTMLButtonElement>'.
  Property 'size' does not exist on type 'IntrinsicAttributes & Omit<CheckboxProps & RefAttributes<HTMLButtonElement>, "ref"> & RefAttributes<HTMLButtonElement>'.
src/shared/ui/primitives/Checkbox/examples.tsx(85,11): error TS2322: Type '{ size: string; label: string; description: string; defaultChecked: true; }' is not assignable to type 'IntrinsicAttributes & Omit<CheckboxProps & RefAttributes<HTMLButtonElement>, "ref"> & RefAttributes<HTMLButtonElement>'.
  Property 'size' does not exist on type 'IntrinsicAttributes & Omit<CheckboxProps & RefAttributes<HTMLButtonElement>, "ref"> & RefAttributes<HTMLButtonElement>'.
src/shared/ui/primitives/Checkbox/examples.tsx(92,11): error TS2322: Type '{ size: string; label: string; description: string; defaultChecked: true; }' is not assignable to type 'IntrinsicAttributes & Omit<CheckboxProps & RefAttributes<HTMLButtonElement>, "ref"> & RefAttributes<HTMLButtonElement>'.
  Property 'size' does not exist on type 'IntrinsicAttributes & Omit<CheckboxProps & RefAttributes<HTMLButtonElement>, "ref"> & RefAttributes<HTMLButtonElement>'.
src/shared/ui/primitives/Checkbox/examples.tsx(112,23): error TS2322: Type '{ variant: string; label: string; defaultChecked: true; }' is not assignable to type 'IntrinsicAttributes & Omit<CheckboxProps & RefAttributes<HTMLButtonElement>, "ref"> & RefAttributes<HTMLButtonElement>'.
  Property 'variant' does not exist on type 'IntrinsicAttributes & Omit<CheckboxProps & RefAttributes<HTMLButtonElement>, "ref"> & RefAttributes<HTMLButtonElement>'.
src/shared/ui/primitives/Checkbox/examples.tsx(113,23): error TS2322: Type '{ variant: string; label: string; }' is not assignable to type 'IntrinsicAttributes & Omit<CheckboxProps & RefAttributes<HTMLButtonElement>, "ref"> & RefAttributes<HTMLButtonElement>'.
  Property 'variant' does not exist on type 'IntrinsicAttributes & Omit<CheckboxProps & RefAttributes<HTMLButtonElement>, "ref"> & RefAttributes<HTMLButtonElement>'.
src/shared/ui/primitives/Checkbox/examples.tsx(120,23): error TS2322: Type '{ variant: string; label: string; defaultChecked: true; }' is not assignable to type 'IntrinsicAttributes & Omit<CheckboxProps & RefAttributes<HTMLButtonElement>, "ref"> & RefAttributes<HTMLButtonElement>'.
  Property 'variant' does not exist on type 'IntrinsicAttributes & Omit<CheckboxProps & RefAttributes<HTMLButtonElement>, "ref"> & RefAttributes<HTMLButtonElement>'.
src/shared/ui/primitives/Checkbox/examples.tsx(121,23): error TS2322: Type '{ variant: string; label: string; }' is not assignable to type 'IntrinsicAttributes & Omit<CheckboxProps & RefAttributes<HTMLButtonElement>, "ref"> & RefAttributes<HTMLButtonElement>'.
  Property 'variant' does not exist on type 'IntrinsicAttributes & Omit<CheckboxProps & RefAttributes<HTMLButtonElement>, "ref"> & RefAttributes<HTMLButtonElement>'.
src/shared/ui/primitives/Checkbox/examples.tsx(128,23): error TS2322: Type '{ variant: string; label: string; defaultChecked: true; }' is not assignable to type 'IntrinsicAttributes & Omit<CheckboxProps & RefAttributes<HTMLButtonElement>, "ref"> & RefAttributes<HTMLButtonElement>'.
  Property 'variant' does not exist on type 'IntrinsicAttributes & Omit<CheckboxProps & RefAttributes<HTMLButtonElement>, "ref"> & RefAttributes<HTMLButtonElement>'.
src/shared/ui/primitives/Checkbox/examples.tsx(129,23): error TS2322: Type '{ variant: string; label: string; }' is not assignable to type 'IntrinsicAttributes & Omit<CheckboxProps & RefAttributes<HTMLButtonElement>, "ref"> & RefAttributes<HTMLButtonElement>'.
  Property 'variant' does not exist on type 'IntrinsicAttributes & Omit<CheckboxProps & RefAttributes<HTMLButtonElement>, "ref"> & RefAttributes<HTMLButtonElement>'.
src/shared/ui/primitives/Checkbox/examples.tsx(145,11): error TS2322: Type '{ state: string; label: string; description: string; defaultChecked: true; }' is not assignable to type 'IntrinsicAttributes & Omit<CheckboxProps & RefAttributes<HTMLButtonElement>, "ref"> & RefAttributes<HTMLButtonElement>'.
  Property 'state' does not exist on type 'IntrinsicAttributes & Omit<CheckboxProps & RefAttributes<HTMLButtonElement>, "ref"> & RefAttributes<HTMLButtonElement>'.
src/shared/ui/primitives/Checkbox/examples.tsx(152,11): error TS2322: Type '{ state: string; label: string; description: string; defaultChecked: true; }' is not assignable to type 'IntrinsicAttributes & Omit<CheckboxProps & RefAttributes<HTMLButtonElement>, "ref"> & RefAttributes<HTMLButtonElement>'.
  Property 'state' does not exist on type 'IntrinsicAttributes & Omit<CheckboxProps & RefAttributes<HTMLButtonElement>, "ref"> & RefAttributes<HTMLButtonElement>'.
src/shared/ui/primitives/Checkbox/examples.tsx(159,11): error TS2322: Type '{ state: string; label: string; description: string; defaultChecked: true; }' is not assignable to type 'IntrinsicAttributes & Omit<CheckboxProps & RefAttributes<HTMLButtonElement>, "ref"> & RefAttributes<HTMLButtonElement>'.
  Property 'state' does not exist on type 'IntrinsicAttributes & Omit<CheckboxProps & RefAttributes<HTMLButtonElement>, "ref"> & RefAttributes<HTMLButtonElement>'.
src/shared/ui/primitives/Checkbox/examples.tsx(166,11): error TS2322: Type '{ state: string; label: string; errorMessage: string; required: true; }' is not assignable to type 'IntrinsicAttributes & Omit<CheckboxProps & RefAttributes<HTMLButtonElement>, "ref"> & RefAttributes<HTMLButtonElement>'.
  Property 'state' does not exist on type 'IntrinsicAttributes & Omit<CheckboxProps & RefAttributes<HTMLButtonElement>, "ref"> & RefAttributes<HTMLButtonElement>'.
src/shared/ui/primitives/Checkbox/examples.tsx(192,19): error TS2339: Property 'Group' does not exist on type 'ForwardRefExoticComponent<Omit<CheckboxProps & RefAttributes<HTMLButtonElement>, "ref"> & RefAttributes<HTMLButtonElement>>'.
src/shared/ui/primitives/Checkbox/examples.tsx(199,21): error TS2339: Property 'GroupItem' does not exist on type 'ForwardRefExoticComponent<Omit<CheckboxProps & RefAttributes<HTMLButtonElement>, "ref"> & RefAttributes<HTMLButtonElement>>'.
src/shared/ui/primitives/Checkbox/examples.tsx(200,21): error TS2339: Property 'GroupItem' does not exist on type 'ForwardRefExoticComponent<Omit<CheckboxProps & RefAttributes<HTMLButtonElement>, "ref"> & RefAttributes<HTMLButtonElement>>'.
src/shared/ui/primitives/Checkbox/examples.tsx(201,21): error TS2339: Property 'GroupItem' does not exist on type 'ForwardRefExoticComponent<Omit<CheckboxProps & RefAttributes<HTMLButtonElement>, "ref"> & RefAttributes<HTMLButtonElement>>'.
src/shared/ui/primitives/Checkbox/examples.tsx(202,21): error TS2339: Property 'GroupItem' does not exist on type 'ForwardRefExoticComponent<Omit<CheckboxProps & RefAttributes<HTMLButtonElement>, "ref"> & RefAttributes<HTMLButtonElement>>'.
src/shared/ui/primitives/Checkbox/examples.tsx(203,20): error TS2339: Property 'Group' does not exist on type 'ForwardRefExoticComponent<Omit<CheckboxProps & RefAttributes<HTMLButtonElement>, "ref"> & RefAttributes<HTMLButtonElement>>'.
src/shared/ui/primitives/Checkbox/examples.tsx(205,19): error TS2339: Property 'Group' does not exist on type 'ForwardRefExoticComponent<Omit<CheckboxProps & RefAttributes<HTMLButtonElement>, "ref"> & RefAttributes<HTMLButtonElement>>'.
src/shared/ui/primitives/Checkbox/examples.tsx(214,21): error TS2339: Property 'GroupItem' does not exist on type 'ForwardRefExoticComponent<Omit<CheckboxProps & RefAttributes<HTMLButtonElement>, "ref"> & RefAttributes<HTMLButtonElement>>'.
src/shared/ui/primitives/Checkbox/examples.tsx(215,21): error TS2339: Property 'GroupItem' does not exist on type 'ForwardRefExoticComponent<Omit<CheckboxProps & RefAttributes<HTMLButtonElement>, "ref"> & RefAttributes<HTMLButtonElement>>'.
src/shared/ui/primitives/Checkbox/examples.tsx(216,21): error TS2339: Property 'GroupItem' does not exist on type 'ForwardRefExoticComponent<Omit<CheckboxProps & RefAttributes<HTMLButtonElement>, "ref"> & RefAttributes<HTMLButtonElement>>'.
src/shared/ui/primitives/Checkbox/examples.tsx(217,21): error TS2339: Property 'GroupItem' does not exist on type 'ForwardRefExoticComponent<Omit<CheckboxProps & RefAttributes<HTMLButtonElement>, "ref"> & RefAttributes<HTMLButtonElement>>'.
src/shared/ui/primitives/Checkbox/examples.tsx(218,20): error TS2339: Property 'Group' does not exist on type 'ForwardRefExoticComponent<Omit<CheckboxProps & RefAttributes<HTMLButtonElement>, "ref"> & RefAttributes<HTMLButtonElement>>'.
src/shared/ui/primitives/Checkbox/examples.tsx(220,19): error TS2339: Property 'Group' does not exist on type 'ForwardRefExoticComponent<Omit<CheckboxProps & RefAttributes<HTMLButtonElement>, "ref"> & RefAttributes<HTMLButtonElement>>'.
src/shared/ui/primitives/Checkbox/examples.tsx(225,21): error TS2339: Property 'GroupItem' does not exist on type 'ForwardRefExoticComponent<Omit<CheckboxProps & RefAttributes<HTMLButtonElement>, "ref"> & RefAttributes<HTMLButtonElement>>'.
src/shared/ui/primitives/Checkbox/examples.tsx(226,21): error TS2339: Property 'GroupItem' does not exist on type 'ForwardRefExoticComponent<Omit<CheckboxProps & RefAttributes<HTMLButtonElement>, "ref"> & RefAttributes<HTMLButtonElement>>'.
src/shared/ui/primitives/Checkbox/examples.tsx(227,21): error TS2339: Property 'GroupItem' does not exist on type 'ForwardRefExoticComponent<Omit<CheckboxProps & RefAttributes<HTMLButtonElement>, "ref"> & RefAttributes<HTMLButtonElement>>'.
src/shared/ui/primitives/Checkbox/examples.tsx(228,20): error TS2339: Property 'Group' does not exist on type 'ForwardRefExoticComponent<Omit<CheckboxProps & RefAttributes<HTMLButtonElement>, "ref"> & RefAttributes<HTMLButtonElement>>'.
src/shared/ui/primitives/Checkbox/examples.tsx(265,11): error TS2322: Type '{ checked: boolean; indeterminate: boolean; onCheckedChange: (checked: boolean) => void; label: string; description: string; }' is not assignable to type 'IntrinsicAttributes & Omit<CheckboxProps & RefAttributes<HTMLButtonElement>, "ref"> & RefAttributes<HTMLButtonElement>'.
  Property 'indeterminate' does not exist on type 'IntrinsicAttributes & Omit<CheckboxProps & RefAttributes<HTMLButtonElement>, "ref"> & RefAttributes<HTMLButtonElement>'.
src/shared/ui/primitives/Checkbox/examples.tsx(272,21): error TS2339: Property 'Group' does not exist on type 'ForwardRefExoticComponent<Omit<CheckboxProps & RefAttributes<HTMLButtonElement>, "ref"> & RefAttributes<HTMLButtonElement>>'.
src/shared/ui/primitives/Checkbox/examples.tsx(277,23): error TS2339: Property 'GroupItem' does not exist on type 'ForwardRefExoticComponent<Omit<CheckboxProps & RefAttributes<HTMLButtonElement>, "ref"> & RefAttributes<HTMLButtonElement>>'.
src/shared/ui/primitives/Checkbox/examples.tsx(278,23): error TS2339: Property 'GroupItem' does not exist on type 'ForwardRefExoticComponent<Omit<CheckboxProps & RefAttributes<HTMLButtonElement>, "ref"> & RefAttributes<HTMLButtonElement>>'.
src/shared/ui/primitives/Checkbox/examples.tsx(279,23): error TS2339: Property 'GroupItem' does not exist on type 'ForwardRefExoticComponent<Omit<CheckboxProps & RefAttributes<HTMLButtonElement>, "ref"> & RefAttributes<HTMLButtonElement>>'.
src/shared/ui/primitives/Checkbox/examples.tsx(280,23): error TS2339: Property 'GroupItem' does not exist on type 'ForwardRefExoticComponent<Omit<CheckboxProps & RefAttributes<HTMLButtonElement>, "ref"> & RefAttributes<HTMLButtonElement>>'.
src/shared/ui/primitives/Checkbox/examples.tsx(281,23): error TS2339: Property 'GroupItem' does not exist on type 'ForwardRefExoticComponent<Omit<CheckboxProps & RefAttributes<HTMLButtonElement>, "ref"> & RefAttributes<HTMLButtonElement>>'.
src/shared/ui/primitives/Checkbox/examples.tsx(282,22): error TS2339: Property 'Group' does not exist on type 'ForwardRefExoticComponent<Omit<CheckboxProps & RefAttributes<HTMLButtonElement>, "ref"> & RefAttributes<HTMLButtonElement>>'.
src/shared/ui/primitives/Checkbox/examples.tsx(328,10): error TS2322: Type '{ children: ({ value, onChange, error, invalid }: { value: any; onChange: any; error: any; invalid: any; }) => Element; name: "newsletter"; label: string; description: string; }' is not assignable to type 'IntrinsicAttributes & { render: ({ field, fieldState, formState, }: { field: ControllerRenderProps<{ newsletter: boolean; notifications: string[]; terms: boolean; privacy: boolean; }, "notifications" | "newsletter" | "terms" | "privacy" | `notifications.${number}`>; fieldState: ControllerFieldState; formState: UseFormStateReturn<{ newsletter: boolean; notifications: string[]; terms: boolean; privacy: boolean; }>; }) => ReactElement<any, string | JSXElementConstructor<any>>; } & UseControllerProps<{ newsletter: boolean; notifications: string[]; terms: boolean; privacy: boolean; }, "notifications" | "newsletter" | "terms" | "privacy" | `notifications.${number}`, { newsletter: boolean; notifications: string[]; terms: boolean; privacy: boolean; }>'.
  Property 'children' does not exist on type 'IntrinsicAttributes & { render: ({ field, fieldState, formState, }: { field: ControllerRenderProps<{ newsletter: boolean; notifications: string[]; terms: boolean; privacy: boolean; }, "notifications" | "newsletter" | "terms" | "privacy" | `notifications.${number}`>; fieldState: ControllerFieldState; formState: UseFormStateReturn<{ newsletter: boolean; notifications: string[]; terms: boolean; privacy: boolean; }>; }) => ReactElement<any, string | JSXElementConstructor<any>>; } & UseControllerProps<{ newsletter: boolean; notifications: string[]; terms: boolean; privacy: boolean; }, "notifications" | "newsletter" | "terms" | "privacy" | `notifications.${number}`, { newsletter: boolean; notifications: string[]; terms: boolean; privacy: boolean; }>'.
src/shared/ui/primitives/Checkbox/examples.tsx(333,15): error TS7031: Binding element 'value' implicitly has an 'any' type.
src/shared/ui/primitives/Checkbox/examples.tsx(333,22): error TS7031: Binding element 'onChange' implicitly has an 'any' type.
src/shared/ui/primitives/Checkbox/examples.tsx(333,32): error TS7031: Binding element 'error' implicitly has an 'any' type.
src/shared/ui/primitives/Checkbox/examples.tsx(333,39): error TS7031: Binding element 'invalid' implicitly has an 'any' type.
src/shared/ui/primitives/Checkbox/examples.tsx(337,15): error TS2322: Type '{ checked: any; onCheckedChange: any; label: string; state: string; errorMessage: any; }' is not assignable to type 'IntrinsicAttributes & Omit<CheckboxProps & RefAttributes<HTMLButtonElement>, "ref"> & RefAttributes<HTMLButtonElement>'.
  Property 'label' does not exist on type 'IntrinsicAttributes & Omit<CheckboxProps & RefAttributes<HTMLButtonElement>, "ref"> & RefAttributes<HTMLButtonElement>'.
src/shared/ui/primitives/Checkbox/examples.tsx(344,10): error TS2322: Type '{ children: ({ value, onChange, error, invalid }: { value: any; onChange: any; error: any; invalid: any; }) => Element; name: "notifications"; label: string; description: string; required: true; }' is not assignable to type 'IntrinsicAttributes & { render: ({ field, fieldState, formState, }: { field: ControllerRenderProps<{ newsletter: boolean; notifications: string[]; terms: boolean; privacy: boolean; }, "notifications" | "newsletter" | "terms" | "privacy" | `notifications.${number}`>; fieldState: ControllerFieldState; formState: UseFormStateReturn<{ newsletter: boolean; notifications: string[]; terms: boolean; privacy: boolean; }>; }) => ReactElement<any, string | JSXElementConstructor<any>>; } & UseControllerProps<{ newsletter: boolean; notifications: string[]; terms: boolean; privacy: boolean; }, "notifications" | "newsletter" | "terms" | "privacy" | `notifications.${number}`, { newsletter: boolean; notifications: string[]; terms: boolean; privacy: boolean; }>'.
  Property 'children' does not exist on type 'IntrinsicAttributes & { render: ({ field, fieldState, formState, }: { field: ControllerRenderProps<{ newsletter: boolean; notifications: string[]; terms: boolean; privacy: boolean; }, "notifications" | "newsletter" | "terms" | "privacy" | `notifications.${number}`>; fieldState: ControllerFieldState; formState: UseFormStateReturn<{ newsletter: boolean; notifications: string[]; terms: boolean; privacy: boolean; }>; }) => ReactElement<any, string | JSXElementConstructor<any>>; } & UseControllerProps<{ newsletter: boolean; notifications: string[]; terms: boolean; privacy: boolean; }, "notifications" | "newsletter" | "terms" | "privacy" | `notifications.${number}`, { newsletter: boolean; notifications: string[]; terms: boolean; privacy: boolean; }>'.
src/shared/ui/primitives/Checkbox/examples.tsx(350,15): error TS7031: Binding element 'value' implicitly has an 'any' type.
src/shared/ui/primitives/Checkbox/examples.tsx(350,22): error TS7031: Binding element 'onChange' implicitly has an 'any' type.
src/shared/ui/primitives/Checkbox/examples.tsx(350,32): error TS7031: Binding element 'error' implicitly has an 'any' type.
src/shared/ui/primitives/Checkbox/examples.tsx(350,39): error TS7031: Binding element 'invalid' implicitly has an 'any' type.
src/shared/ui/primitives/Checkbox/examples.tsx(351,23): error TS2339: Property 'Group' does not exist on type 'ForwardRefExoticComponent<Omit<CheckboxProps & RefAttributes<HTMLButtonElement>, "ref"> & RefAttributes<HTMLButtonElement>>'.
src/shared/ui/primitives/Checkbox/examples.tsx(357,25): error TS2339: Property 'GroupItem' does not exist on type 'ForwardRefExoticComponent<Omit<CheckboxProps & RefAttributes<HTMLButtonElement>, "ref"> & RefAttributes<HTMLButtonElement>>'.
src/shared/ui/primitives/Checkbox/examples.tsx(358,25): error TS2339: Property 'GroupItem' does not exist on type 'ForwardRefExoticComponent<Omit<CheckboxProps & RefAttributes<HTMLButtonElement>, "ref"> & RefAttributes<HTMLButtonElement>>'.
src/shared/ui/primitives/Checkbox/examples.tsx(359,25): error TS2339: Property 'GroupItem' does not exist on type 'ForwardRefExoticComponent<Omit<CheckboxProps & RefAttributes<HTMLButtonElement>, "ref"> & RefAttributes<HTMLButtonElement>>'.
src/shared/ui/primitives/Checkbox/examples.tsx(360,24): error TS2339: Property 'Group' does not exist on type 'ForwardRefExoticComponent<Omit<CheckboxProps & RefAttributes<HTMLButtonElement>, "ref"> & RefAttributes<HTMLButtonElement>>'.
src/shared/ui/primitives/Checkbox/examples.tsx(365,12): error TS2322: Type '{ children: ({ value, onChange, error, invalid }: { value: any; onChange: any; error: any; invalid: any; }) => Element; name: "terms"; required: true; }' is not assignable to type 'IntrinsicAttributes & { render: ({ field, fieldState, formState, }: { field: ControllerRenderProps<{ newsletter: boolean; notifications: string[]; terms: boolean; privacy: boolean; }, "notifications" | "newsletter" | "terms" | "privacy" | `notifications.${number}`>; fieldState: ControllerFieldState; formState: UseFormStateReturn<{ newsletter: boolean; notifications: string[]; terms: boolean; privacy: boolean; }>; }) => ReactElement<any, string | JSXElementConstructor<any>>; } & UseControllerProps<{ newsletter: boolean; notifications: string[]; terms: boolean; privacy: boolean; }, "notifications" | "newsletter" | "terms" | "privacy" | `notifications.${number}`, { newsletter: boolean; notifications: string[]; terms: boolean; privacy: boolean; }>'.
  Property 'children' does not exist on type 'IntrinsicAttributes & { render: ({ field, fieldState, formState, }: { field: ControllerRenderProps<{ newsletter: boolean; notifications: string[]; terms: boolean; privacy: boolean; }, "notifications" | "newsletter" | "terms" | "privacy" | `notifications.${number}`>; fieldState: ControllerFieldState; formState: UseFormStateReturn<{ newsletter: boolean; notifications: string[]; terms: boolean; privacy: boolean; }>; }) => ReactElement<any, string | JSXElementConstructor<any>>; } & UseControllerProps<{ newsletter: boolean; notifications: string[]; terms: boolean; privacy: boolean; }, "notifications" | "newsletter" | "terms" | "privacy" | `notifications.${number}`, { newsletter: boolean; notifications: string[]; terms: boolean; privacy: boolean; }>'.
src/shared/ui/primitives/Checkbox/examples.tsx(369,17): error TS7031: Binding element 'value' implicitly has an 'any' type.
src/shared/ui/primitives/Checkbox/examples.tsx(369,24): error TS7031: Binding element 'onChange' implicitly has an 'any' type.
src/shared/ui/primitives/Checkbox/examples.tsx(369,34): error TS7031: Binding element 'error' implicitly has an 'any' type.
src/shared/ui/primitives/Checkbox/examples.tsx(369,41): error TS7031: Binding element 'invalid' implicitly has an 'any' type.
src/shared/ui/primitives/Checkbox/examples.tsx(373,17): error TS2322: Type '{ checked: any; onCheckedChange: any; label: string; state: string; errorMessage: any; required: true; }' is not assignable to type 'IntrinsicAttributes & Omit<CheckboxProps & RefAttributes<HTMLButtonElement>, "ref"> & RefAttributes<HTMLButtonElement>'.
  Property 'label' does not exist on type 'IntrinsicAttributes & Omit<CheckboxProps & RefAttributes<HTMLButtonElement>, "ref"> & RefAttributes<HTMLButtonElement>'.
src/shared/ui/primitives/Checkbox/examples.tsx(381,12): error TS2322: Type '{ children: ({ value, onChange, error, invalid }: { value: any; onChange: any; error: any; invalid: any; }) => Element; name: "privacy"; required: true; }' is not assignable to type 'IntrinsicAttributes & { render: ({ field, fieldState, formState, }: { field: ControllerRenderProps<{ newsletter: boolean; notifications: string[]; terms: boolean; privacy: boolean; }, "notifications" | "newsletter" | "terms" | "privacy" | `notifications.${number}`>; fieldState: ControllerFieldState; formState: UseFormStateReturn<{ newsletter: boolean; notifications: string[]; terms: boolean; privacy: boolean; }>; }) => ReactElement<any, string | JSXElementConstructor<any>>; } & UseControllerProps<{ newsletter: boolean; notifications: string[]; terms: boolean; privacy: boolean; }, "notifications" | "newsletter" | "terms" | "privacy" | `notifications.${number}`, { newsletter: boolean; notifications: string[]; terms: boolean; privacy: boolean; }>'.
  Property 'children' does not exist on type 'IntrinsicAttributes & { render: ({ field, fieldState, formState, }: { field: ControllerRenderProps<{ newsletter: boolean; notifications: string[]; terms: boolean; privacy: boolean; }, "notifications" | "newsletter" | "terms" | "privacy" | `notifications.${number}`>; fieldState: ControllerFieldState; formState: UseFormStateReturn<{ newsletter: boolean; notifications: string[]; terms: boolean; privacy: boolean; }>; }) => ReactElement<any, string | JSXElementConstructor<any>>; } & UseControllerProps<{ newsletter: boolean; notifications: string[]; terms: boolean; privacy: boolean; }, "notifications" | "newsletter" | "terms" | "privacy" | `notifications.${number}`, { newsletter: boolean; notifications: string[]; terms: boolean; privacy: boolean; }>'.
src/shared/ui/primitives/Checkbox/examples.tsx(385,17): error TS7031: Binding element 'value' implicitly has an 'any' type.
src/shared/ui/primitives/Checkbox/examples.tsx(385,24): error TS7031: Binding element 'onChange' implicitly has an 'any' type.
src/shared/ui/primitives/Checkbox/examples.tsx(385,34): error TS7031: Binding element 'error' implicitly has an 'any' type.
src/shared/ui/primitives/Checkbox/examples.tsx(385,41): error TS7031: Binding element 'invalid' implicitly has an 'any' type.
src/shared/ui/primitives/Checkbox/examples.tsx(389,17): error TS2322: Type '{ checked: any; onCheckedChange: any; label: string; state: string; errorMessage: any; required: true; }' is not assignable to type 'IntrinsicAttributes & Omit<CheckboxProps & RefAttributes<HTMLButtonElement>, "ref"> & RefAttributes<HTMLButtonElement>'.
  Property 'label' does not exist on type 'IntrinsicAttributes & Omit<CheckboxProps & RefAttributes<HTMLButtonElement>, "ref"> & RefAttributes<HTMLButtonElement>'.
src/shared/ui/primitives/Combobox/index.tsx(36,39): error TS2345: Argument of type 'DependencyList' is not assignable to parameter of type 'unknown[]'.
  The type 'DependencyList' is 'readonly' and cannot be assigned to the mutable type 'unknown[]'.
src/shared/ui/primitives/ContextMenu/index.tsx(4,39): error TS2307: Cannot find module '@radix-ui/react-context-menu' or its corresponding type declarations.
src/shared/ui/primitives/CountryCombobox/index.tsx(14,8): error TS2307: Cannot find module '@/shared/data/countries' or its corresponding type declarations.
src/shared/ui/primitives/CountryCombobox/index.tsx(64,29): error TS7006: Parameter 'c' implicitly has an 'any' type.
src/shared/ui/primitives/CountryCombobox/index.tsx(71,58): error TS7006: Parameter 'c' implicitly has an 'any' type.
src/shared/ui/primitives/CountryCombobox/index.tsx(72,43): error TS7006: Parameter 'c' implicitly has an 'any' type.
src/shared/ui/primitives/CountryCombobox/index.tsx(73,41): error TS7006: Parameter 'c' implicitly has an 'any' type.
src/shared/ui/primitives/CountryCombobox/index.tsx(78,31): error TS7006: Parameter 'country' implicitly has an 'any' type.
src/shared/ui/primitives/CountryCombobox/index.tsx(203,47): error TS7006: Parameter 'country' implicitly has an 'any' type.
src/shared/ui/primitives/CountryCombobox/index.tsx(205,72): error TS7006: Parameter 'p' implicitly has an 'any' type.
src/shared/ui/primitives/DatePicker/DatePickerTriggerInput.tsx(52,10): error TS2375: Type '{ id: string | undefined; type: "text"; value: string; placeholder: string; disabled: boolean; readOnly: true; className: string | undefined; "aria-label": string; "aria-describedby": string | undefined; "aria-required": boolean; "aria-invalid": boolean | undefined; "aria-haspopup": "dialog"; "aria-expanded": boolean; role: "combobox"; leftIcon: Element; rightIcon: Element | undefined; style: { cursor: "not-allowed" | "pointer"; }; }' is not assignable to type 'IntrinsicAttributes & (InputProps & RefAttributes<HTMLInputElement | HTMLTextAreaElement>)' with 'exactOptionalPropertyTypes: true'. Consider adding 'undefined' to the types of the target's properties.
  Type '{ id: string | undefined; type: "text"; value: string; placeholder: string; disabled: boolean; readOnly: true; className: string | undefined; "aria-label": string; "aria-describedby": string | undefined; "aria-required": boolean; "aria-invalid": boolean | undefined; "aria-haspopup": "dialog"; "aria-expanded": boolean; role: "combobox"; leftIcon: Element; rightIcon: Element | undefined; style: { cursor: "not-allowed" | "pointer"; }; }' is not assignable to type 'BaseInputProps' with 'exactOptionalPropertyTypes: true'. Consider adding 'undefined' to the types of the target's properties.
    Types of property 'rightIcon' are incompatible.
      Type 'Element | undefined' is not assignable to type 'ReactElement<any, string | JSXElementConstructor<any>>'.
        Type 'undefined' is not assignable to type 'ReactElement<any, string | JSXElementConstructor<any>>'.
src/shared/ui/primitives/DatePicker/index.tsx(322,11): error TS2322: Type '(e: React.MouseEvent) => void' is not assignable to type '() => void'.
  Target signature provides too few arguments. Expected 1 or more, but got 0.
src/shared/ui/primitives/Dialog/examples.tsx(8,10): error TS2305: Module '"../Toast"' has no exported member 'useToast'.
src/shared/ui/primitives/Dialog/examples.tsx(11,15): error TS2305: Module '"./index"' has no exported member 'DialogVariants'.
src/shared/ui/primitives/Dialog/examples.tsx(26,17): error TS2339: Property 'Trigger' does not exist on type 'FC<DialogProps>'.
src/shared/ui/primitives/Dialog/examples.tsx(28,18): error TS2339: Property 'Trigger' does not exist on type 'FC<DialogProps>'.
src/shared/ui/primitives/Dialog/examples.tsx(30,17): error TS2339: Property 'Content' does not exist on type 'FC<DialogProps>'.
src/shared/ui/primitives/Dialog/examples.tsx(31,19): error TS2339: Property 'Header' does not exist on type 'FC<DialogProps>'.
src/shared/ui/primitives/Dialog/examples.tsx(32,21): error TS2339: Property 'Title' does not exist on type 'FC<DialogProps>'.
src/shared/ui/primitives/Dialog/examples.tsx(32,48): error TS2339: Property 'Title' does not exist on type 'FC<DialogProps>'.
src/shared/ui/primitives/Dialog/examples.tsx(33,21): error TS2339: Property 'Description' does not exist on type 'FC<DialogProps>'.
src/shared/ui/primitives/Dialog/examples.tsx(35,22): error TS2339: Property 'Description' does not exist on type 'FC<DialogProps>'.
src/shared/ui/primitives/Dialog/examples.tsx(36,20): error TS2339: Property 'Header' does not exist on type 'FC<DialogProps>'.
src/shared/ui/primitives/Dialog/examples.tsx(38,19): error TS2339: Property 'Body' does not exist on type 'FC<DialogProps>'.
src/shared/ui/primitives/Dialog/examples.tsx(43,20): error TS2339: Property 'Body' does not exist on type 'FC<DialogProps>'.
src/shared/ui/primitives/Dialog/examples.tsx(45,19): error TS2339: Property 'Footer' does not exist on type 'FC<DialogProps>'.
src/shared/ui/primitives/Dialog/examples.tsx(46,21): error TS2339: Property 'Close' does not exist on type 'FC<DialogProps>'.
src/shared/ui/primitives/Dialog/examples.tsx(48,22): error TS2339: Property 'Close' does not exist on type 'FC<DialogProps>'.
src/shared/ui/primitives/Dialog/examples.tsx(49,21): error TS2339: Property 'Close' does not exist on type 'FC<DialogProps>'.
src/shared/ui/primitives/Dialog/examples.tsx(51,22): error TS2339: Property 'Close' does not exist on type 'FC<DialogProps>'.
src/shared/ui/primitives/Dialog/examples.tsx(52,20): error TS2339: Property 'Footer' does not exist on type 'FC<DialogProps>'.
src/shared/ui/primitives/Dialog/examples.tsx(53,18): error TS2339: Property 'Content' does not exist on type 'FC<DialogProps>'.
src/shared/ui/primitives/Dialog/examples.tsx(70,21): error TS2339: Property 'Trigger' does not exist on type 'FC<DialogProps>'.
src/shared/ui/primitives/Dialog/examples.tsx(74,22): error TS2339: Property 'Trigger' does not exist on type 'FC<DialogProps>'.
src/shared/ui/primitives/Dialog/examples.tsx(76,21): error TS2339: Property 'Content' does not exist on type 'FC<DialogProps>'.
src/shared/ui/primitives/Dialog/examples.tsx(77,23): error TS2339: Property 'Header' does not exist on type 'FC<DialogProps>'.
src/shared/ui/primitives/Dialog/examples.tsx(78,25): error TS2339: Property 'Title' does not exist on type 'FC<DialogProps>'.
src/shared/ui/primitives/Dialog/examples.tsx(78,67): error TS2339: Property 'Title' does not exist on type 'FC<DialogProps>'.
src/shared/ui/primitives/Dialog/examples.tsx(79,25): error TS2339: Property 'Description' does not exist on type 'FC<DialogProps>'.
src/shared/ui/primitives/Dialog/examples.tsx(81,26): error TS2339: Property 'Description' does not exist on type 'FC<DialogProps>'.
src/shared/ui/primitives/Dialog/examples.tsx(82,24): error TS2339: Property 'Header' does not exist on type 'FC<DialogProps>'.
src/shared/ui/primitives/Dialog/examples.tsx(84,23): error TS2339: Property 'Body' does not exist on type 'FC<DialogProps>'.
src/shared/ui/primitives/Dialog/examples.tsx(91,24): error TS2339: Property 'Body' does not exist on type 'FC<DialogProps>'.
src/shared/ui/primitives/Dialog/examples.tsx(93,23): error TS2339: Property 'Footer' does not exist on type 'FC<DialogProps>'.
src/shared/ui/primitives/Dialog/examples.tsx(94,25): error TS2339: Property 'Close' does not exist on type 'FC<DialogProps>'.
src/shared/ui/primitives/Dialog/examples.tsx(96,26): error TS2339: Property 'Close' does not exist on type 'FC<DialogProps>'.
src/shared/ui/primitives/Dialog/examples.tsx(97,24): error TS2339: Property 'Footer' does not exist on type 'FC<DialogProps>'.
src/shared/ui/primitives/Dialog/examples.tsx(98,22): error TS2339: Property 'Content' does not exist on type 'FC<DialogProps>'.
src/shared/ui/primitives/Dialog/examples.tsx(148,23): error TS2339: Property 'Trigger' does not exist on type 'FC<DialogProps>'.
src/shared/ui/primitives/Dialog/examples.tsx(155,24): error TS2339: Property 'Trigger' does not exist on type 'FC<DialogProps>'.
src/shared/ui/primitives/Dialog/examples.tsx(157,23): error TS2339: Property 'Content' does not exist on type 'FC<DialogProps>'.
src/shared/ui/primitives/Dialog/examples.tsx(158,25): error TS2339: Property 'Header' does not exist on type 'FC<DialogProps>'.
src/shared/ui/primitives/Dialog/examples.tsx(159,27): error TS2339: Property 'Title' does not exist on type 'FC<DialogProps>'.
src/shared/ui/primitives/Dialog/examples.tsx(159,57): error TS2339: Property 'Title' does not exist on type 'FC<DialogProps>'.
src/shared/ui/primitives/Dialog/examples.tsx(160,27): error TS2339: Property 'Description' does not exist on type 'FC<DialogProps>'.
src/shared/ui/primitives/Dialog/examples.tsx(160,69): error TS2339: Property 'Description' does not exist on type 'FC<DialogProps>'.
src/shared/ui/primitives/Dialog/examples.tsx(161,26): error TS2339: Property 'Header' does not exist on type 'FC<DialogProps>'.
src/shared/ui/primitives/Dialog/examples.tsx(163,25): error TS2339: Property 'Body' does not exist on type 'FC<DialogProps>'.
src/shared/ui/primitives/Dialog/examples.tsx(165,26): error TS2339: Property 'Body' does not exist on type 'FC<DialogProps>'.
src/shared/ui/primitives/Dialog/examples.tsx(167,25): error TS2339: Property 'Footer' does not exist on type 'FC<DialogProps>'.
src/shared/ui/primitives/Dialog/examples.tsx(168,27): error TS2339: Property 'Close' does not exist on type 'FC<DialogProps>'.
src/shared/ui/primitives/Dialog/examples.tsx(170,28): error TS2339: Property 'Close' does not exist on type 'FC<DialogProps>'.
src/shared/ui/primitives/Dialog/examples.tsx(171,27): error TS2339: Property 'Close' does not exist on type 'FC<DialogProps>'.
src/shared/ui/primitives/Dialog/examples.tsx(175,28): error TS2339: Property 'Close' does not exist on type 'FC<DialogProps>'.
src/shared/ui/primitives/Dialog/examples.tsx(176,26): error TS2339: Property 'Footer' does not exist on type 'FC<DialogProps>'.
src/shared/ui/primitives/Dialog/examples.tsx(177,24): error TS2339: Property 'Content' does not exist on type 'FC<DialogProps>'.
src/shared/ui/primitives/Dialog/examples.tsx(212,17): error TS2339: Property 'Trigger' does not exist on type 'FC<DialogProps>'.
src/shared/ui/primitives/Dialog/examples.tsx(214,18): error TS2339: Property 'Trigger' does not exist on type 'FC<DialogProps>'.
src/shared/ui/primitives/Dialog/examples.tsx(216,17): error TS2339: Property 'Content' does not exist on type 'FC<DialogProps>'.
src/shared/ui/primitives/Dialog/examples.tsx(217,19): error TS2339: Property 'Header' does not exist on type 'FC<DialogProps>'.
src/shared/ui/primitives/Dialog/examples.tsx(218,21): error TS2339: Property 'Title' does not exist on type 'FC<DialogProps>'.
src/shared/ui/primitives/Dialog/examples.tsx(218,48): error TS2339: Property 'Title' does not exist on type 'FC<DialogProps>'.
src/shared/ui/primitives/Dialog/examples.tsx(219,21): error TS2339: Property 'Description' does not exist on type 'FC<DialogProps>'.
src/shared/ui/primitives/Dialog/examples.tsx(221,22): error TS2339: Property 'Description' does not exist on type 'FC<DialogProps>'.
src/shared/ui/primitives/Dialog/examples.tsx(222,20): error TS2339: Property 'Header' does not exist on type 'FC<DialogProps>'.
src/shared/ui/primitives/Dialog/examples.tsx(224,19): error TS2339: Property 'Body' does not exist on type 'FC<DialogProps>'.
src/shared/ui/primitives/Dialog/examples.tsx(244,17): error TS2322: Type '{ label: string; required: true; value: string; onValueChange: (value: any) => void; placeholder: string; minRows: number; maxLength: number; characterCount: true; }' is not assignable to type 'IntrinsicAttributes & TextareaProps & RefAttributes<HTMLTextAreaElement>'.
  Property 'label' does not exist on type 'IntrinsicAttributes & TextareaProps & RefAttributes<HTMLTextAreaElement>'.
src/shared/ui/primitives/Dialog/examples.tsx(247,33): error TS7006: Parameter 'value' implicitly has an 'any' type.
src/shared/ui/primitives/Dialog/examples.tsx(254,20): error TS2339: Property 'Body' does not exist on type 'FC<DialogProps>'.
src/shared/ui/primitives/Dialog/examples.tsx(256,19): error TS2339: Property 'Footer' does not exist on type 'FC<DialogProps>'.
src/shared/ui/primitives/Dialog/examples.tsx(257,21): error TS2339: Property 'Close' does not exist on type 'FC<DialogProps>'.
src/shared/ui/primitives/Dialog/examples.tsx(259,22): error TS2339: Property 'Close' does not exist on type 'FC<DialogProps>'.
src/shared/ui/primitives/Dialog/examples.tsx(261,20): error TS2339: Property 'Footer' does not exist on type 'FC<DialogProps>'.
src/shared/ui/primitives/Dialog/examples.tsx(262,18): error TS2339: Property 'Content' does not exist on type 'FC<DialogProps>'.
src/shared/ui/primitives/Dialog/examples.tsx(295,19): error TS2339: Property 'Trigger' does not exist on type 'FC<DialogProps>'.
src/shared/ui/primitives/Dialog/examples.tsx(299,20): error TS2339: Property 'Trigger' does not exist on type 'FC<DialogProps>'.
src/shared/ui/primitives/Dialog/examples.tsx(301,19): error TS2339: Property 'Content' does not exist on type 'FC<DialogProps>'.
src/shared/ui/primitives/Dialog/examples.tsx(302,21): error TS2339: Property 'Header' does not exist on type 'FC<DialogProps>'.
src/shared/ui/primitives/Dialog/examples.tsx(303,23): error TS2339: Property 'Title' does not exist on type 'FC<DialogProps>'.
src/shared/ui/primitives/Dialog/examples.tsx(303,57): error TS2339: Property 'Title' does not exist on type 'FC<DialogProps>'.
src/shared/ui/primitives/Dialog/examples.tsx(304,23): error TS2339: Property 'Description' does not exist on type 'FC<DialogProps>'.
src/shared/ui/primitives/Dialog/examples.tsx(306,24): error TS2339: Property 'Description' does not exist on type 'FC<DialogProps>'.
src/shared/ui/primitives/Dialog/examples.tsx(307,22): error TS2339: Property 'Header' does not exist on type 'FC<DialogProps>'.
src/shared/ui/primitives/Dialog/examples.tsx(309,21): error TS2339: Property 'Body' does not exist on type 'FC<DialogProps>'.
src/shared/ui/primitives/Dialog/examples.tsx(326,22): error TS2339: Property 'Body' does not exist on type 'FC<DialogProps>'.
src/shared/ui/primitives/Dialog/examples.tsx(328,21): error TS2339: Property 'Footer' does not exist on type 'FC<DialogProps>'.
src/shared/ui/primitives/Dialog/examples.tsx(329,23): error TS2339: Property 'Close' does not exist on type 'FC<DialogProps>'.
src/shared/ui/primitives/Dialog/examples.tsx(333,24): error TS2339: Property 'Close' does not exist on type 'FC<DialogProps>'.
src/shared/ui/primitives/Dialog/examples.tsx(334,23): error TS2339: Property 'Close' does not exist on type 'FC<DialogProps>'.
src/shared/ui/primitives/Dialog/examples.tsx(338,24): error TS2339: Property 'Close' does not exist on type 'FC<DialogProps>'.
src/shared/ui/primitives/Dialog/examples.tsx(339,22): error TS2339: Property 'Footer' does not exist on type 'FC<DialogProps>'.
src/shared/ui/primitives/Dialog/examples.tsx(340,20): error TS2339: Property 'Content' does not exist on type 'FC<DialogProps>'.
src/shared/ui/primitives/Dialog/examples.tsx(394,17): error TS2339: Property 'Trigger' does not exist on type 'FC<DialogProps>'.
src/shared/ui/primitives/Dialog/examples.tsx(396,18): error TS2339: Property 'Trigger' does not exist on type 'FC<DialogProps>'.
src/shared/ui/primitives/Dialog/examples.tsx(398,17): error TS2339: Property 'Content' does not exist on type 'FC<DialogProps>'.
src/shared/ui/primitives/Dialog/examples.tsx(399,19): error TS2339: Property 'Header' does not exist on type 'FC<DialogProps>'.
src/shared/ui/primitives/Dialog/examples.tsx(400,21): error TS2339: Property 'Title' does not exist on type 'FC<DialogProps>'.
src/shared/ui/primitives/Dialog/examples.tsx(400,59): error TS2339: Property 'Title' does not exist on type 'FC<DialogProps>'.
src/shared/ui/primitives/Dialog/examples.tsx(401,21): error TS2339: Property 'Description' does not exist on type 'FC<DialogProps>'.
src/shared/ui/primitives/Dialog/examples.tsx(403,22): error TS2339: Property 'Description' does not exist on type 'FC<DialogProps>'.
src/shared/ui/primitives/Dialog/examples.tsx(404,20): error TS2339: Property 'Header' does not exist on type 'FC<DialogProps>'.
src/shared/ui/primitives/Dialog/examples.tsx(406,19): error TS2339: Property 'Body' does not exist on type 'FC<DialogProps>'.
src/shared/ui/primitives/Dialog/examples.tsx(410,20): error TS2339: Property 'Body' does not exist on type 'FC<DialogProps>'.
src/shared/ui/primitives/Dialog/examples.tsx(412,19): error TS2339: Property 'Footer' does not exist on type 'FC<DialogProps>'.
src/shared/ui/primitives/Dialog/examples.tsx(413,21): error TS2339: Property 'Close' does not exist on type 'FC<DialogProps>'.
src/shared/ui/primitives/Dialog/examples.tsx(415,22): error TS2339: Property 'Close' does not exist on type 'FC<DialogProps>'.
src/shared/ui/primitives/Dialog/examples.tsx(417,20): error TS2339: Property 'Footer' does not exist on type 'FC<DialogProps>'.
src/shared/ui/primitives/Dialog/examples.tsx(418,18): error TS2339: Property 'Content' does not exist on type 'FC<DialogProps>'.
src/shared/ui/primitives/Dialog/examples.tsx(433,17): error TS2339: Property 'Trigger' does not exist on type 'FC<DialogProps>'.
src/shared/ui/primitives/Dialog/examples.tsx(435,18): error TS2339: Property 'Trigger' does not exist on type 'FC<DialogProps>'.
src/shared/ui/primitives/Dialog/examples.tsx(437,17): error TS2339: Property 'Content' does not exist on type 'FC<DialogProps>'.
src/shared/ui/primitives/Dialog/examples.tsx(438,19): error TS2339: Property 'Header' does not exist on type 'FC<DialogProps>'.
src/shared/ui/primitives/Dialog/examples.tsx(439,21): error TS2339: Property 'Title' does not exist on type 'FC<DialogProps>'.
src/shared/ui/primitives/Dialog/examples.tsx(439,44): error TS2339: Property 'Title' does not exist on type 'FC<DialogProps>'.
src/shared/ui/primitives/Dialog/examples.tsx(440,21): error TS2339: Property 'Description' does not exist on type 'FC<DialogProps>'.
src/shared/ui/primitives/Dialog/examples.tsx(442,22): error TS2339: Property 'Description' does not exist on type 'FC<DialogProps>'.
src/shared/ui/primitives/Dialog/examples.tsx(443,20): error TS2339: Property 'Header' does not exist on type 'FC<DialogProps>'.
src/shared/ui/primitives/Dialog/examples.tsx(445,19): error TS2339: Property 'Body' does not exist on type 'FC<DialogProps>'.
src/shared/ui/primitives/Dialog/examples.tsx(453,25): error TS2339: Property 'Trigger' does not exist on type 'FC<DialogProps>'.
src/shared/ui/primitives/Dialog/examples.tsx(457,26): error TS2339: Property 'Trigger' does not exist on type 'FC<DialogProps>'.
src/shared/ui/primitives/Dialog/examples.tsx(459,25): error TS2339: Property 'Content' does not exist on type 'FC<DialogProps>'.
src/shared/ui/primitives/Dialog/examples.tsx(460,27): error TS2339: Property 'Header' does not exist on type 'FC<DialogProps>'.
src/shared/ui/primitives/Dialog/examples.tsx(461,29): error TS2339: Property 'Title' does not exist on type 'FC<DialogProps>'.
src/shared/ui/primitives/Dialog/examples.tsx(461,66): error TS2339: Property 'Title' does not exist on type 'FC<DialogProps>'.
src/shared/ui/primitives/Dialog/examples.tsx(462,29): error TS2339: Property 'Description' does not exist on type 'FC<DialogProps>'.
src/shared/ui/primitives/Dialog/examples.tsx(464,30): error TS2339: Property 'Description' does not exist on type 'FC<DialogProps>'.
src/shared/ui/primitives/Dialog/examples.tsx(465,28): error TS2339: Property 'Header' does not exist on type 'FC<DialogProps>'.
src/shared/ui/primitives/Dialog/examples.tsx(467,27): error TS2339: Property 'Body' does not exist on type 'FC<DialogProps>'.
src/shared/ui/primitives/Dialog/examples.tsx(482,28): error TS2339: Property 'Body' does not exist on type 'FC<DialogProps>'.
src/shared/ui/primitives/Dialog/examples.tsx(484,27): error TS2339: Property 'Footer' does not exist on type 'FC<DialogProps>'.
src/shared/ui/primitives/Dialog/examples.tsx(485,29): error TS2339: Property 'Close' does not exist on type 'FC<DialogProps>'.
src/shared/ui/primitives/Dialog/examples.tsx(487,30): error TS2339: Property 'Close' does not exist on type 'FC<DialogProps>'.
src/shared/ui/primitives/Dialog/examples.tsx(488,29): error TS2339: Property 'Close' does not exist on type 'FC<DialogProps>'.
src/shared/ui/primitives/Dialog/examples.tsx(492,30): error TS2339: Property 'Close' does not exist on type 'FC<DialogProps>'.
src/shared/ui/primitives/Dialog/examples.tsx(493,28): error TS2339: Property 'Footer' does not exist on type 'FC<DialogProps>'.
src/shared/ui/primitives/Dialog/examples.tsx(494,26): error TS2339: Property 'Content' does not exist on type 'FC<DialogProps>'.
src/shared/ui/primitives/Dialog/examples.tsx(497,20): error TS2339: Property 'Body' does not exist on type 'FC<DialogProps>'.
src/shared/ui/primitives/Dialog/examples.tsx(499,19): error TS2339: Property 'Footer' does not exist on type 'FC<DialogProps>'.
src/shared/ui/primitives/Dialog/examples.tsx(500,21): error TS2339: Property 'Close' does not exist on type 'FC<DialogProps>'.
src/shared/ui/primitives/Dialog/examples.tsx(502,22): error TS2339: Property 'Close' does not exist on type 'FC<DialogProps>'.
src/shared/ui/primitives/Dialog/examples.tsx(503,20): error TS2339: Property 'Footer' does not exist on type 'FC<DialogProps>'.
src/shared/ui/primitives/Dialog/examples.tsx(504,18): error TS2339: Property 'Content' does not exist on type 'FC<DialogProps>'.
src/shared/ui/primitives/Dialog/examples.tsx(517,17): error TS2339: Property 'Trigger' does not exist on type 'FC<DialogProps>'.
src/shared/ui/primitives/Dialog/examples.tsx(521,18): error TS2339: Property 'Trigger' does not exist on type 'FC<DialogProps>'.
src/shared/ui/primitives/Dialog/examples.tsx(523,17): error TS2339: Property 'Content' does not exist on type 'FC<DialogProps>'.
src/shared/ui/primitives/Dialog/examples.tsx(527,19): error TS2339: Property 'Header' does not exist on type 'FC<DialogProps>'.
src/shared/ui/primitives/Dialog/examples.tsx(533,21): error TS2339: Property 'Title' does not exist on type 'FC<DialogProps>'.
src/shared/ui/primitives/Dialog/examples.tsx(535,22): error TS2339: Property 'Title' does not exist on type 'FC<DialogProps>'.
src/shared/ui/primitives/Dialog/examples.tsx(536,21): error TS2339: Property 'Description' does not exist on type 'FC<DialogProps>'.
src/shared/ui/primitives/Dialog/examples.tsx(538,22): error TS2339: Property 'Description' does not exist on type 'FC<DialogProps>'.
src/shared/ui/primitives/Dialog/examples.tsx(539,20): error TS2339: Property 'Header' does not exist on type 'FC<DialogProps>'.
src/shared/ui/primitives/Dialog/examples.tsx(541,19): error TS2339: Property 'Body' does not exist on type 'FC<DialogProps>'.
src/shared/ui/primitives/Dialog/examples.tsx(559,20): error TS2339: Property 'Body' does not exist on type 'FC<DialogProps>'.
src/shared/ui/primitives/Dialog/examples.tsx(561,19): error TS2339: Property 'Footer' does not exist on type 'FC<DialogProps>'.
src/shared/ui/primitives/Dialog/examples.tsx(562,21): error TS2339: Property 'Close' does not exist on type 'FC<DialogProps>'.
src/shared/ui/primitives/Dialog/examples.tsx(566,22): error TS2339: Property 'Close' does not exist on type 'FC<DialogProps>'.
src/shared/ui/primitives/Dialog/examples.tsx(567,21): error TS2339: Property 'Close' does not exist on type 'FC<DialogProps>'.
src/shared/ui/primitives/Dialog/examples.tsx(571,22): error TS2339: Property 'Close' does not exist on type 'FC<DialogProps>'.
src/shared/ui/primitives/Dialog/examples.tsx(572,20): error TS2339: Property 'Footer' does not exist on type 'FC<DialogProps>'.
src/shared/ui/primitives/Dialog/examples.tsx(573,18): error TS2339: Property 'Content' does not exist on type 'FC<DialogProps>'.
src/shared/ui/primitives/Drawer/index.tsx(4,43): error TS2307: Cannot find module 'vaul' or its corresponding type declarations.
src/shared/ui/primitives/DropdownMenu/examples.tsx(6,10): error TS2305: Module '"../Toast"' has no exported member 'useToast'.
src/shared/ui/primitives/DropdownMenu/examples.tsx(21,23): error TS2339: Property 'Trigger' does not exist on type 'FC<DropdownMenuProps>'.
src/shared/ui/primitives/DropdownMenu/examples.tsx(28,24): error TS2339: Property 'Trigger' does not exist on type 'FC<DropdownMenuProps>'.
src/shared/ui/primitives/DropdownMenu/examples.tsx(29,23): error TS2339: Property 'Content' does not exist on type 'FC<DropdownMenuProps>'.
src/shared/ui/primitives/DropdownMenu/examples.tsx(30,25): error TS2339: Property 'Item' does not exist on type 'FC<DropdownMenuProps>'.
src/shared/ui/primitives/DropdownMenu/examples.tsx(32,26): error TS2339: Property 'Item' does not exist on type 'FC<DropdownMenuProps>'.
src/shared/ui/primitives/DropdownMenu/examples.tsx(33,25): error TS2339: Property 'Item' does not exist on type 'FC<DropdownMenuProps>'.
src/shared/ui/primitives/DropdownMenu/examples.tsx(35,26): error TS2339: Property 'Item' does not exist on type 'FC<DropdownMenuProps>'.
src/shared/ui/primitives/DropdownMenu/examples.tsx(36,25): error TS2339: Property 'Separator' does not exist on type 'FC<DropdownMenuProps>'.
src/shared/ui/primitives/DropdownMenu/examples.tsx(37,25): error TS2339: Property 'Item' does not exist on type 'FC<DropdownMenuProps>'.
src/shared/ui/primitives/DropdownMenu/examples.tsx(39,26): error TS2339: Property 'Item' does not exist on type 'FC<DropdownMenuProps>'.
src/shared/ui/primitives/DropdownMenu/examples.tsx(40,25): error TS2339: Property 'Item' does not exist on type 'FC<DropdownMenuProps>'.
src/shared/ui/primitives/DropdownMenu/examples.tsx(42,26): error TS2339: Property 'Item' does not exist on type 'FC<DropdownMenuProps>'.
src/shared/ui/primitives/DropdownMenu/examples.tsx(43,24): error TS2339: Property 'Content' does not exist on type 'FC<DropdownMenuProps>'.
src/shared/ui/primitives/DropdownMenu/examples.tsx(70,23): error TS2339: Property 'Trigger' does not exist on type 'FC<DropdownMenuProps>'.
src/shared/ui/primitives/DropdownMenu/examples.tsx(81,24): error TS2339: Property 'Trigger' does not exist on type 'FC<DropdownMenuProps>'.
src/shared/ui/primitives/DropdownMenu/examples.tsx(82,23): error TS2339: Property 'Content' does not exist on type 'FC<DropdownMenuProps>'.
src/shared/ui/primitives/DropdownMenu/examples.tsx(86,25): error TS2339: Property 'Separator' does not exist on type 'FC<DropdownMenuProps>'.
src/shared/ui/primitives/DropdownMenu/examples.tsx(87,25): error TS2339: Property 'Item' does not exist on type 'FC<DropdownMenuProps>'.
src/shared/ui/primitives/DropdownMenu/examples.tsx(92,26): error TS2339: Property 'Item' does not exist on type 'FC<DropdownMenuProps>'.
src/shared/ui/primitives/DropdownMenu/examples.tsx(93,25): error TS2339: Property 'Item' does not exist on type 'FC<DropdownMenuProps>'.
src/shared/ui/primitives/DropdownMenu/examples.tsx(99,26): error TS2339: Property 'Item' does not exist on type 'FC<DropdownMenuProps>'.
src/shared/ui/primitives/DropdownMenu/examples.tsx(100,25): error TS2339: Property 'Item' does not exist on type 'FC<DropdownMenuProps>'.
src/shared/ui/primitives/DropdownMenu/examples.tsx(105,26): error TS2339: Property 'Item' does not exist on type 'FC<DropdownMenuProps>'.
src/shared/ui/primitives/DropdownMenu/examples.tsx(106,25): error TS2339: Property 'Separator' does not exist on type 'FC<DropdownMenuProps>'.
src/shared/ui/primitives/DropdownMenu/examples.tsx(107,25): error TS2339: Property 'Item' does not exist on type 'FC<DropdownMenuProps>'.
src/shared/ui/primitives/DropdownMenu/examples.tsx(112,26): error TS2339: Property 'Item' does not exist on type 'FC<DropdownMenuProps>'.
src/shared/ui/primitives/DropdownMenu/examples.tsx(113,25): error TS2339: Property 'Separator' does not exist on type 'FC<DropdownMenuProps>'.
src/shared/ui/primitives/DropdownMenu/examples.tsx(114,25): error TS2339: Property 'Item' does not exist on type 'FC<DropdownMenuProps>'.
src/shared/ui/primitives/DropdownMenu/examples.tsx(119,26): error TS2339: Property 'Item' does not exist on type 'FC<DropdownMenuProps>'.
src/shared/ui/primitives/DropdownMenu/examples.tsx(120,24): error TS2339: Property 'Content' does not exist on type 'FC<DropdownMenuProps>'.
src/shared/ui/primitives/DropdownMenu/examples.tsx(152,23): error TS2339: Property 'Trigger' does not exist on type 'FC<DropdownMenuProps>'.
src/shared/ui/primitives/DropdownMenu/examples.tsx(158,24): error TS2339: Property 'Trigger' does not exist on type 'FC<DropdownMenuProps>'.
src/shared/ui/primitives/DropdownMenu/examples.tsx(159,23): error TS2339: Property 'Content' does not exist on type 'FC<DropdownMenuProps>'.
src/shared/ui/primitives/DropdownMenu/examples.tsx(160,25): error TS2339: Property 'Item' does not exist on type 'FC<DropdownMenuProps>'.
src/shared/ui/primitives/DropdownMenu/examples.tsx(165,26): error TS2339: Property 'Item' does not exist on type 'FC<DropdownMenuProps>'.
src/shared/ui/primitives/DropdownMenu/examples.tsx(166,25): error TS2339: Property 'Item' does not exist on type 'FC<DropdownMenuProps>'.
src/shared/ui/primitives/DropdownMenu/examples.tsx(171,26): error TS2339: Property 'Item' does not exist on type 'FC<DropdownMenuProps>'.
src/shared/ui/primitives/DropdownMenu/examples.tsx(172,25): error TS2339: Property 'Separator' does not exist on type 'FC<DropdownMenuProps>'.
src/shared/ui/primitives/DropdownMenu/examples.tsx(173,25): error TS2339: Property 'Item' does not exist on type 'FC<DropdownMenuProps>'.
src/shared/ui/primitives/DropdownMenu/examples.tsx(178,26): error TS2339: Property 'Item' does not exist on type 'FC<DropdownMenuProps>'.
src/shared/ui/primitives/DropdownMenu/examples.tsx(179,25): error TS2339: Property 'Item' does not exist on type 'FC<DropdownMenuProps>'.
src/shared/ui/primitives/DropdownMenu/examples.tsx(187,26): error TS2339: Property 'Item' does not exist on type 'FC<DropdownMenuProps>'.
src/shared/ui/primitives/DropdownMenu/examples.tsx(188,24): error TS2339: Property 'Content' does not exist on type 'FC<DropdownMenuProps>'.
src/shared/ui/primitives/DropdownMenu/examples.tsx(210,23): error TS2339: Property 'Trigger' does not exist on type 'FC<DropdownMenuProps>'.
src/shared/ui/primitives/DropdownMenu/examples.tsx(211,19): error TS2322: Type '{ children: (string | Element)[]; intent: string; }' is not assignable to type 'IntrinsicAttributes & ButtonProps & RefAttributes<HTMLButtonElement>'.
  Property 'intent' does not exist on type 'IntrinsicAttributes & ButtonProps & RefAttributes<HTMLButtonElement>'.
src/shared/ui/primitives/DropdownMenu/examples.tsx(217,24): error TS2339: Property 'Trigger' does not exist on type 'FC<DropdownMenuProps>'.
src/shared/ui/primitives/DropdownMenu/examples.tsx(218,23): error TS2339: Property 'Content' does not exist on type 'FC<DropdownMenuProps>'.
src/shared/ui/primitives/DropdownMenu/examples.tsx(219,25): error TS2339: Property 'Item' does not exist on type 'FC<DropdownMenuProps>'.
src/shared/ui/primitives/DropdownMenu/examples.tsx(224,26): error TS2339: Property 'Item' does not exist on type 'FC<DropdownMenuProps>'.
src/shared/ui/primitives/DropdownMenu/examples.tsx(225,25): error TS2339: Property 'Item' does not exist on type 'FC<DropdownMenuProps>'.
src/shared/ui/primitives/DropdownMenu/examples.tsx(230,26): error TS2339: Property 'Item' does not exist on type 'FC<DropdownMenuProps>'.
src/shared/ui/primitives/DropdownMenu/examples.tsx(231,25): error TS2339: Property 'Separator' does not exist on type 'FC<DropdownMenuProps>'.
src/shared/ui/primitives/DropdownMenu/examples.tsx(232,25): error TS2339: Property 'Item' does not exist on type 'FC<DropdownMenuProps>'.
src/shared/ui/primitives/DropdownMenu/examples.tsx(238,26): error TS2339: Property 'Item' does not exist on type 'FC<DropdownMenuProps>'.
src/shared/ui/primitives/DropdownMenu/examples.tsx(239,25): error TS2339: Property 'Item' does not exist on type 'FC<DropdownMenuProps>'.
src/shared/ui/primitives/DropdownMenu/examples.tsx(245,26): error TS2339: Property 'Item' does not exist on type 'FC<DropdownMenuProps>'.
src/shared/ui/primitives/DropdownMenu/examples.tsx(246,25): error TS2339: Property 'Separator' does not exist on type 'FC<DropdownMenuProps>'.
src/shared/ui/primitives/DropdownMenu/examples.tsx(247,25): error TS2339: Property 'Item' does not exist on type 'FC<DropdownMenuProps>'.
src/shared/ui/primitives/DropdownMenu/examples.tsx(252,26): error TS2339: Property 'Item' does not exist on type 'FC<DropdownMenuProps>'.
src/shared/ui/primitives/DropdownMenu/examples.tsx(253,24): error TS2339: Property 'Content' does not exist on type 'FC<DropdownMenuProps>'.
src/shared/ui/primitives/DropdownMenu/examples.tsx(271,23): error TS2339: Property 'Trigger' does not exist on type 'FC<DropdownMenuProps>'.
src/shared/ui/primitives/DropdownMenu/examples.tsx(278,24): error TS2339: Property 'Trigger' does not exist on type 'FC<DropdownMenuProps>'.
src/shared/ui/primitives/DropdownMenu/examples.tsx(279,23): error TS2339: Property 'Content' does not exist on type 'FC<DropdownMenuProps>'.
src/shared/ui/primitives/DropdownMenu/examples.tsx(280,25): error TS2339: Property 'Item' does not exist on type 'FC<DropdownMenuProps>'.
src/shared/ui/primitives/DropdownMenu/examples.tsx(286,26): error TS2339: Property 'Item' does not exist on type 'FC<DropdownMenuProps>'.
src/shared/ui/primitives/DropdownMenu/examples.tsx(287,25): error TS2339: Property 'Item' does not exist on type 'FC<DropdownMenuProps>'.
src/shared/ui/primitives/DropdownMenu/examples.tsx(293,26): error TS2339: Property 'Item' does not exist on type 'FC<DropdownMenuProps>'.
src/shared/ui/primitives/DropdownMenu/examples.tsx(294,25): error TS2339: Property 'Separator' does not exist on type 'FC<DropdownMenuProps>'.
src/shared/ui/primitives/DropdownMenu/examples.tsx(295,25): error TS2339: Property 'Item' does not exist on type 'FC<DropdownMenuProps>'.
src/shared/ui/primitives/DropdownMenu/examples.tsx(301,26): error TS2339: Property 'Item' does not exist on type 'FC<DropdownMenuProps>'.
src/shared/ui/primitives/DropdownMenu/examples.tsx(302,25): error TS2339: Property 'Item' does not exist on type 'FC<DropdownMenuProps>'.
src/shared/ui/primitives/DropdownMenu/examples.tsx(308,26): error TS2339: Property 'Item' does not exist on type 'FC<DropdownMenuProps>'.
src/shared/ui/primitives/DropdownMenu/examples.tsx(309,25): error TS2339: Property 'Separator' does not exist on type 'FC<DropdownMenuProps>'.
src/shared/ui/primitives/DropdownMenu/examples.tsx(310,25): error TS2339: Property 'Item' does not exist on type 'FC<DropdownMenuProps>'.
src/shared/ui/primitives/DropdownMenu/examples.tsx(318,26): error TS2339: Property 'Item' does not exist on type 'FC<DropdownMenuProps>'.
src/shared/ui/primitives/DropdownMenu/examples.tsx(319,24): error TS2339: Property 'Content' does not exist on type 'FC<DropdownMenuProps>'.
src/shared/ui/primitives/EmptyState/examples.tsx(7,10): error TS2305: Module '"../Toast"' has no exported member 'useToast'.
src/shared/ui/primitives/EmptyState/examples.tsx(26,18): error TS2604: JSX element type 'EmptyState.Icons.default' does not have any construct or call signatures.
src/shared/ui/primitives/EmptyState/examples.tsx(26,18): error TS2786: 'EmptyState.Icons.default' cannot be used as a JSX component.
  Its type 'Element' is not a valid JSX element type.
src/shared/ui/primitives/EmptyState/examples.tsx(53,22): error TS2604: JSX element type 'EmptyState.Icons.document' does not have any construct or call signatures.
src/shared/ui/primitives/EmptyState/examples.tsx(53,22): error TS2786: 'EmptyState.Icons.document' cannot be used as a JSX component.
  Its type 'Element' is not a valid JSX element type.
src/shared/ui/primitives/EmptyState/examples.tsx(56,32): error TS2322: Type '"sm" | "md"' is not assignable to type '"default" | "sm" | "lg" | "icon" | null | undefined'.
  Type '"md"' is not assignable to type '"default" | "sm" | "lg" | "icon" | null | undefined'.
src/shared/ui/primitives/EmptyState/examples.tsx(73,18): error TS2604: JSX element type 'EmptyState.Icons.search' does not have any construct or call signatures.
src/shared/ui/primitives/EmptyState/examples.tsx(73,18): error TS2786: 'EmptyState.Icons.search' cannot be used as a JSX component.
  Its type 'Element' is not a valid JSX element type.
src/shared/ui/primitives/EmptyState/examples.tsx(79,18): error TS2604: JSX element type 'EmptyState.Icons.folder' does not have any construct or call signatures.
src/shared/ui/primitives/EmptyState/examples.tsx(79,18): error TS2786: 'EmptyState.Icons.folder' cannot be used as a JSX component.
  Its type 'Element' is not a valid JSX element type.
src/shared/ui/primitives/EmptyState/examples.tsx(85,18): error TS2604: JSX element type 'EmptyState.Icons.star' does not have any construct or call signatures.
src/shared/ui/primitives/EmptyState/examples.tsx(85,18): error TS2786: 'EmptyState.Icons.star' cannot be used as a JSX component.
  Its type 'Element' is not a valid JSX element type.
src/shared/ui/primitives/EmptyState/examples.tsx(91,18): error TS2604: JSX element type 'EmptyState.Icons.error' does not have any construct or call signatures.
src/shared/ui/primitives/EmptyState/examples.tsx(91,18): error TS2786: 'EmptyState.Icons.error' cannot be used as a JSX component.
  Its type 'Element' is not a valid JSX element type.
src/shared/ui/primitives/EmptyState/examples.tsx(97,18): error TS2604: JSX element type 'EmptyState.Icons.default' does not have any construct or call signatures.
src/shared/ui/primitives/EmptyState/examples.tsx(97,18): error TS2786: 'EmptyState.Icons.default' cannot be used as a JSX component.
  Its type 'Element' is not a valid JSX element type.
src/shared/ui/primitives/EmptyState/examples.tsx(168,22): error TS2604: JSX element type 'EmptyState.Icons.search' does not have any construct or call signatures.
src/shared/ui/primitives/EmptyState/examples.tsx(168,22): error TS2786: 'EmptyState.Icons.search' cannot be used as a JSX component.
  Its type 'Element' is not a valid JSX element type.
src/shared/ui/primitives/EmptyState/examples.tsx(214,18): error TS2604: JSX element type 'EmptyState.Icons.inbox' does not have any construct or call signatures.
src/shared/ui/primitives/EmptyState/examples.tsx(214,18): error TS2786: 'EmptyState.Icons.inbox' cannot be used as a JSX component.
  Its type 'Element' is not a valid JSX element type.
src/shared/ui/primitives/EmptyState/examples.tsx(252,18): error TS2604: JSX element type 'EmptyState.Icons.users' does not have any construct or call signatures.
src/shared/ui/primitives/EmptyState/examples.tsx(252,18): error TS2786: 'EmptyState.Icons.users' cannot be used as a JSX component.
  Its type 'Element' is not a valid JSX element type.
src/shared/ui/primitives/EmptyState/examples.tsx(296,18): error TS2604: JSX element type 'EmptyState.Icons.error' does not have any construct or call signatures.
src/shared/ui/primitives/EmptyState/examples.tsx(296,18): error TS2786: 'EmptyState.Icons.error' cannot be used as a JSX component.
  Its type 'Element' is not a valid JSX element type.
src/shared/ui/primitives/EmptyState/examples.tsx(331,18): error TS2604: JSX element type 'EmptyState.Icons.document' does not have any construct or call signatures.
src/shared/ui/primitives/EmptyState/examples.tsx(331,18): error TS2786: 'EmptyState.Icons.document' cannot be used as a JSX component.
  Its type 'Element' is not a valid JSX element type.
src/shared/ui/primitives/EmptyState/examples.tsx(408,14): error TS2604: JSX element type 'EmptyState.Icons.folder' does not have any construct or call signatures.
src/shared/ui/primitives/EmptyState/examples.tsx(408,14): error TS2786: 'EmptyState.Icons.folder' cannot be used as a JSX component.
  Its type 'Element' is not a valid JSX element type.
src/shared/ui/primitives/EmptyState/examples.tsx(414,14): error TS2604: JSX element type 'EmptyState.Icons.users' does not have any construct or call signatures.
src/shared/ui/primitives/EmptyState/examples.tsx(414,14): error TS2786: 'EmptyState.Icons.users' cannot be used as a JSX component.
  Its type 'Element' is not a valid JSX element type.
src/shared/ui/primitives/EmptyState/examples.tsx(420,14): error TS2604: JSX element type 'EmptyState.Icons.star' does not have any construct or call signatures.
src/shared/ui/primitives/EmptyState/examples.tsx(420,14): error TS2786: 'EmptyState.Icons.star' cannot be used as a JSX component.
  Its type 'Element' is not a valid JSX element type.
src/shared/ui/primitives/EmptyState/examples.tsx(447,17): error TS18048: 'currentStep' is possibly 'undefined'.
src/shared/ui/primitives/EmptyState/examples.tsx(448,18): error TS18048: 'currentStep' is possibly 'undefined'.
src/shared/ui/primitives/EmptyState/examples.tsx(449,24): error TS18048: 'currentStep' is possibly 'undefined'.
src/shared/ui/primitives/EmptyState/examples.tsx(453,18): error TS18048: 'currentStep' is possibly 'undefined'.
src/shared/ui/primitives/ErrorFallback/index.tsx(164,21): error TS2322: Type 'RefObject<HTMLAnchorElement>' is not assignable to type 'LegacyRef<HTMLButtonElement> | undefined'.
  Type 'RefObject<HTMLAnchorElement>' is not assignable to type 'RefObject<HTMLButtonElement>'.
    Type 'HTMLAnchorElement' is missing the following properties from type 'HTMLButtonElement': disabled, form, formAction, formEnctype, and 13 more.
src/shared/ui/primitives/Form/form-examples.tsx(7,10): error TS2305: Module '"../Toast"' has no exported member 'useToast'.
src/shared/ui/primitives/Form/form-examples.tsx(56,12): error TS2375: Type '{ value: string | undefined; onChange: (e: ChangeEvent<HTMLInputElement>) => void; onBlur: () => void; state: "error" | "default"; errorMessage: string | undefined; placeholder: string; }' is not assignable to type 'IntrinsicAttributes & (InputProps & RefAttributes<HTMLInputElement | HTMLTextAreaElement>)' with 'exactOptionalPropertyTypes: true'. Consider adding 'undefined' to the types of the target's properties.
  Type '{ value: string | undefined; onChange: (e: ChangeEvent<HTMLInputElement>) => void; onBlur: () => void; state: "error" | "default"; errorMessage: string | undefined; placeholder: string; }' is not assignable to type 'BaseInputProps' with 'exactOptionalPropertyTypes: true'. Consider adding 'undefined' to the types of the target's properties.
    Types of property 'errorMessage' are incompatible.
      Type 'string | undefined' is not assignable to type 'string'.
        Type 'undefined' is not assignable to type 'string'.
src/shared/ui/primitives/Form/form-examples.tsx(74,12): error TS2375: Type '{ type: "email"; value: string | undefined; onChange: (e: ChangeEvent<HTMLInputElement>) => void; onBlur: () => void; state: "error" | "default"; errorMessage: string | undefined; placeholder: string; }' is not assignable to type 'IntrinsicAttributes & (InputProps & RefAttributes<HTMLInputElement | HTMLTextAreaElement>)' with 'exactOptionalPropertyTypes: true'. Consider adding 'undefined' to the types of the target's properties.
  Type '{ type: "email"; value: string | undefined; onChange: (e: ChangeEvent<HTMLInputElement>) => void; onBlur: () => void; state: "error" | "default"; errorMessage: string | undefined; placeholder: string; }' is not assignable to type 'BaseInputProps' with 'exactOptionalPropertyTypes: true'. Consider adding 'undefined' to the types of the target's properties.
    Types of property 'errorMessage' are incompatible.
      Type 'string | undefined' is not assignable to type 'string'.
        Type 'undefined' is not assignable to type 'string'.
src/shared/ui/primitives/Form/form-examples.tsx(92,12): error TS2375: Type '{ type: "tel"; value: string; onChange: (e: ChangeEvent<HTMLInputElement>) => void; onBlur: () => void; state: "error" | "default"; errorMessage: string | undefined; placeholder: string; }' is not assignable to type 'IntrinsicAttributes & (InputProps & RefAttributes<HTMLInputElement | HTMLTextAreaElement>)' with 'exactOptionalPropertyTypes: true'. Consider adding 'undefined' to the types of the target's properties.
  Type '{ type: "tel"; value: string; onChange: (e: ChangeEvent<HTMLInputElement>) => void; onBlur: () => void; state: "error" | "default"; errorMessage: string | undefined; placeholder: string; }' is not assignable to type 'BaseInputProps' with 'exactOptionalPropertyTypes: true'. Consider adding 'undefined' to the types of the target's properties.
    Types of property 'errorMessage' are incompatible.
      Type 'string | undefined' is not assignable to type 'string'.
        Type 'undefined' is not assignable to type 'string'.
src/shared/ui/primitives/Form/form-examples.tsx(111,12): error TS2375: Type '{ multiline: true; rows: number; value: string | undefined; onChange: (e: ChangeEvent<HTMLTextAreaElement>) => void; onBlur: () => void; state: "error" | "default"; errorMessage: string | undefined; placeholder: string; }' is not assignable to type 'IntrinsicAttributes & (InputProps & RefAttributes<HTMLInputElement | HTMLTextAreaElement>)' with 'exactOptionalPropertyTypes: true'. Consider adding 'undefined' to the types of the target's properties.
  Type '{ multiline: true; rows: number; value: string | undefined; onChange: (e: ChangeEvent<HTMLTextAreaElement>) => void; onBlur: () => void; state: "error" | "default"; errorMessage: string | undefined; placeholder: string; }' is not assignable to type 'BaseInputProps' with 'exactOptionalPropertyTypes: true'. Consider adding 'undefined' to the types of the target's properties.
    Types of property 'errorMessage' are incompatible.
      Type 'string | undefined' is not assignable to type 'string'.
        Type 'undefined' is not assignable to type 'string'.
src/shared/ui/primitives/Form/form-examples.tsx(128,31): error TS2322: Type '{ children: string; type: "submit"; intent: string; }' is not assignable to type 'IntrinsicAttributes & ButtonProps & RefAttributes<HTMLButtonElement>'.
  Property 'intent' does not exist on type 'IntrinsicAttributes & ButtonProps & RefAttributes<HTMLButtonElement>'.
src/shared/ui/primitives/Form/form-examples.tsx(205,15): error TS2322: Type 'string | boolean' is not assignable to type 'string | number | readonly string[] | undefined'.
  Type 'false' is not assignable to type 'string | number | readonly string[] | undefined'.
src/shared/ui/primitives/Form/form-examples.tsx(222,15): error TS2322: Type 'string | boolean' is not assignable to type 'string | number | readonly string[] | undefined'.
  Type 'false' is not assignable to type 'string | number | readonly string[] | undefined'.
src/shared/ui/primitives/Form/form-examples.tsx(240,15): error TS2322: Type 'string | boolean' is not assignable to type 'string | number | readonly string[] | undefined'.
  Type 'false' is not assignable to type 'string | number | readonly string[] | undefined'.
src/shared/ui/primitives/Form/form-examples.tsx(259,15): error TS2322: Type 'string | boolean' is not assignable to type 'string | number | readonly string[] | undefined'.
  Type 'false' is not assignable to type 'string | number | readonly string[] | undefined'.
src/shared/ui/primitives/Form/form-examples.tsx(277,15): error TS2322: Type 'string | boolean' is not assignable to type 'string | number | readonly string[] | undefined'.
  Type 'false' is not assignable to type 'string | number | readonly string[] | undefined'.
src/shared/ui/primitives/Form/form-examples.tsx(296,15): error TS2322: Type 'string | boolean' is not assignable to type 'string | number | readonly string[] | undefined'.
  Type 'false' is not assignable to type 'string | number | readonly string[] | undefined'.
src/shared/ui/primitives/Form/form-examples.tsx(314,15): error TS2322: Type 'string | boolean' is not assignable to type 'string | number | readonly string[] | undefined'.
  Type 'false' is not assignable to type 'string | number | readonly string[] | undefined'.
src/shared/ui/primitives/Form/form-examples.tsx(329,31): error TS2322: Type '{ children: string; type: "submit"; intent: string; size: "lg"; }' is not assignable to type 'IntrinsicAttributes & ButtonProps & RefAttributes<HTMLButtonElement>'.
  Property 'intent' does not exist on type 'IntrinsicAttributes & ButtonProps & RefAttributes<HTMLButtonElement>'.
src/shared/ui/primitives/Form/form-examples.tsx(371,12): error TS2375: Type '{ value: string | undefined; onChange: (e: ChangeEvent<HTMLInputElement>) => void; onBlur: () => void; state: "error" | "default"; errorMessage: string | undefined; placeholder: string; className: string; }' is not assignable to type 'IntrinsicAttributes & (InputProps & RefAttributes<HTMLInputElement | HTMLTextAreaElement>)' with 'exactOptionalPropertyTypes: true'. Consider adding 'undefined' to the types of the target's properties.
  Type '{ value: string | undefined; onChange: (e: ChangeEvent<HTMLInputElement>) => void; onBlur: () => void; state: "error" | "default"; errorMessage: string | undefined; placeholder: string; className: string; }' is not assignable to type 'BaseInputProps' with 'exactOptionalPropertyTypes: true'. Consider adding 'undefined' to the types of the target's properties.
    Types of property 'errorMessage' are incompatible.
      Type 'string | undefined' is not assignable to type 'string'.
        Type 'undefined' is not assignable to type 'string'.
src/shared/ui/primitives/Form/form-examples.tsx(383,29): error TS2322: Type '{ children: string; type: "submit"; intent: string; }' is not assignable to type 'IntrinsicAttributes & ButtonProps & RefAttributes<HTMLButtonElement>'.
  Property 'intent' does not exist on type 'IntrinsicAttributes & ButtonProps & RefAttributes<HTMLButtonElement>'.
src/shared/ui/primitives/Form/form-provider.tsx(34,5): error TS2322: Type 'Resolver<FieldValues, any, T>' is not assignable to type 'Resolver<T, any, T>'.
  Types of parameters 'options' and 'options' are incompatible.
    Type 'ResolverOptions<T>' is not assignable to type 'ResolverOptions<FieldValues>' with 'exactOptionalPropertyTypes: true'. Consider adding 'undefined' to the types of the target's properties.
      Type 'FieldValues' is not assignable to type 'T'.
        'FieldValues' is assignable to the constraint of type 'T', but 'T' could be instantiated with a different subtype of constraint 'FieldValues'.
src/shared/ui/primitives/Form/form-provider.tsx(34,27): error TS2769: No overload matches this call.
  Overload 1 of 4, '(schema: Zod3Type<T, FieldValues>, schemaOptions?: ParseParams | undefined, resolverOptions?: NonRawResolverOptions | undefined): Resolver<...>', gave the following error.
    Argument of type 'ZodType<T, unknown, $ZodTypeInternals<T, unknown>>' is not assignable to parameter of type 'Zod3Type<T, FieldValues>'.
      Types of property '_input' are incompatible.
        Type 'unknown' is not assignable to type 'FieldValues'.
  Overload 2 of 4, '(schema: $ZodType<unknown, FieldValues, $ZodTypeInternals<unknown, FieldValues>>, schemaOptions?: ParseContext<$ZodIssue> | undefined, resolverOptions?: NonRawResolverOptions | undefined): Resolver<...>', gave the following error.
    Argument of type 'ZodType<T, unknown, $ZodTypeInternals<T, unknown>>' is not assignable to parameter of type '$ZodType<unknown, FieldValues, $ZodTypeInternals<unknown, FieldValues>>'.
      Types of property '_zod' are incompatible.
        Type '$ZodTypeInternals<T, unknown>' is not assignable to type '$ZodTypeInternals<unknown, FieldValues>' with 'exactOptionalPropertyTypes: true'. Consider adding 'undefined' to the types of the target's properties.
          Type 'unknown' is not assignable to type 'FieldValues'.
src/shared/ui/primitives/Form/form-provider.tsx(35,5): error TS2322: Type 'Partial<T>' is not assignable to type 'AsyncDefaultValues<T> | DefaultValues<T> | undefined'.
src/shared/ui/primitives/Form/form-provider.tsx(58,32): error TS2345: Argument of type '(data: T) => void | Promise<void>' is not assignable to parameter of type 'SubmitHandler<TFieldValues>'.
  Types of parameters 'data' and 'data' are incompatible.
    Type 'TFieldValues' is not assignable to type 'T'.
      'TFieldValues' is assignable to the constraint of type 'T', but 'T' could be instantiated with a different subtype of constraint 'FieldValues'.
src/shared/ui/primitives/Form/form-provider.tsx(132,17): error TS2379: Argument of type '{ value: PathValueImpl<T, Path<T>>; onChange: (newValue: T[FieldPath<T>]) => void; onBlur: () => void; error: string | undefined; invalid: boolean; }' is not assignable to parameter of type '{ value: T[Path<T>]; onChange: (value: T[Path<T>]) => void; onBlur: () => void; error?: string; invalid: boolean; }' with 'exactOptionalPropertyTypes: true'. Consider adding 'undefined' to the types of the target's properties.
  Types of property 'error' are incompatible.
    Type 'string | undefined' is not assignable to type 'string'.
      Type 'undefined' is not assignable to type 'string'.
src/shared/ui/primitives/Form/index.tsx(8,3): error TS1484: 'ControllerProps' is a type and must be imported using a type-only import when 'verbatimModuleSyntax' is enabled.
src/shared/ui/primitives/Form/index.tsx(9,3): error TS1484: 'FieldPath' is a type and must be imported using a type-only import when 'verbatimModuleSyntax' is enabled.
src/shared/ui/primitives/Form/index.tsx(10,3): error TS1484: 'FieldValues' is a type and must be imported using a type-only import when 'verbatimModuleSyntax' is enabled.
src/shared/ui/primitives/Form/index.tsx(16,23): error TS1261: Already included file name 'D:/ORBIPAX-PROJECT/src/shared/ui/primitives/Label/index.tsx' differs from file name 'D:/ORBIPAX-PROJECT/src/shared/ui/primitives/label/index.tsx' only in casing.
  The file is in the program because:
    Imported via "@/shared/ui/primitives/Label" from file 'D:/ORBIPAX-PROJECT/src/shared/ui/primitives/Form/index.tsx'
    Imported via "@/shared/ui/primitives/label" from file 'D:/ORBIPAX-PROJECT/src/modules/intake/ui/step1-demographics/components/AddressSection.tsx'
    Imported via "@/shared/ui/primitives/label" from file 'D:/ORBIPAX-PROJECT/src/modules/intake/ui/step1-demographics/components/LegalSection.tsx'
    Imported via "@/shared/ui/primitives/label" from file 'D:/ORBIPAX-PROJECT/src/modules/intake/ui/step1-demographics/components/PersonalInfoSection.tsx'
    Imported via "@/shared/ui/primitives/label" from file 'D:/ORBIPAX-PROJECT/src/modules/intake/ui/step2-eligibility-insurance/components/AuthorizationsSection.tsx'
    Imported via "@/shared/ui/primitives/label" from file 'D:/ORBIPAX-PROJECT/src/modules/intake/ui/step2-eligibility-insurance/components/EligibilityRecordsSection.tsx'
    Imported via "@/shared/ui/primitives/label" from file 'D:/ORBIPAX-PROJECT/src/modules/intake/ui/step2-eligibility-insurance/components/GovernmentCoverageSection.tsx'
    Imported via "@/shared/ui/primitives/Label" from file 'D:/ORBIPAX-PROJECT/src/modules/intake/ui/step2-eligibility-insurance/components/InsuranceRecordsSection.tsx'
    Imported via "@/shared/ui/primitives/label" from file 'D:/ORBIPAX-PROJECT/src/modules/intake/ui/step3-diagnoses-clinical/components/DiagnosesSection.tsx'
    Imported via "@/shared/ui/primitives/label" from file 'D:/ORBIPAX-PROJECT/src/modules/intake/ui/step3-diagnoses-clinical/components/FunctionalAssessmentSection.tsx'
    Imported via "@/shared/ui/primitives/label" from file 'D:/ORBIPAX-PROJECT/src/modules/intake/ui/step3-diagnoses-clinical/components/PsychiatricEvaluationSection.tsx'
    Imported via "@/shared/ui/primitives/Label" from file 'D:/ORBIPAX-PROJECT/src/modules/intake/ui/step4-medical-providers/components/ProvidersSection.tsx'
    Imported via "@/shared/ui/primitives/Label" from file 'D:/ORBIPAX-PROJECT/src/modules/intake/ui/step4-medical-providers/components/PsychiatristEvaluatorSection.tsx'
    Imported via "@/shared/ui/primitives/label" from file 'D:/ORBIPAX-PROJECT/src/modules/intake/ui/step5-medications/components/CurrentMedicationsSection.tsx'
    Imported via "@/shared/ui/primitives/label" from file 'D:/ORBIPAX-PROJECT/src/modules/intake/ui/step5-medications/components/PharmacyInformationSection.tsx'
    Imported via "@/shared/ui/primitives/label" from file 'D:/ORBIPAX-PROJECT/src/modules/intake/ui/step6-referrals-services/components/TreatmentHistorySection.tsx'
    Imported via "@/shared/ui/primitives/label" from file 'D:/ORBIPAX-PROJECT/src/modules/intake/ui/step6-referrals-services/components/ExternalReferralsSection.tsx'
    Imported via "@/shared/ui/primitives/label" from file 'D:/ORBIPAX-PROJECT/src/modules/intake/ui/step6-referrals-services/components/InternalServiceReferralsSection.tsx'
    Imported via "@/shared/ui/primitives/label" from file 'D:/ORBIPAX-PROJECT/src/modules/intake/ui/step9-legal-consents/Step7LegalConsents.tsx'
    Imported via '@/shared/ui/primitives/label' from file 'D:/ORBIPAX-PROJECT/src/modules/intake/ui/step8-treatment-goals/components/TreatmentGoalsSection.tsx'
    Imported via '@/shared/ui/primitives/label' from file 'D:/ORBIPAX-PROJECT/src/modules/intake/ui/step8-treatment-goals/components/PriorityAreasSection.tsx'
    Imported via '@/shared/ui/primitives/Label' from file 'D:/ORBIPAX-PROJECT/src/modules/intake/ui/step10-review/Step10Review.tsx'
    Imported via "@/shared/ui/primitives/Label" from file 'D:/ORBIPAX-PROJECT/src/shared/ui/primitives/Combobox/index.tsx'
    Matched by include pattern 'src/**/*' in 'D:/ORBIPAX-PROJECT/tsconfig.json'
src/shared/ui/primitives/HoverCard/index.tsx(4,37): error TS2307: Cannot find module '@radix-ui/react-hover-card' or its corresponding type declarations.
src/shared/ui/primitives/index.ts(6,28): error TS2724: '"./Button"' has no exported member named 'ButtonVariants'. Did you mean 'buttonVariants'?
src/shared/ui/primitives/index.ts(19,20): error TS2305: Module '"./Form"' has no exported member 'FormGroup'.
src/shared/ui/primitives/index.ts(19,31): error TS2305: Module '"./Form"' has no exported member 'FormActions'.
src/shared/ui/primitives/index.ts(19,44): error TS2459: Module '"./Form"' declares 'useFormContext' locally, but it is not exported.
src/shared/ui/primitives/index.ts(20,3): error TS2459: Module '"./Form"' declares 'FormProvider' locally, but it is not exported.
src/shared/ui/primitives/index.ts(20,44): error TS2305: Module '"./Form"' has no exported member 'FormActions'.
src/shared/ui/primitives/index.ts(20,75): error TS2305: Module '"./Form"' has no exported member 'FormGroup'.
src/shared/ui/primitives/index.ts(21,3): error TS2305: Module '"./Form"' has no exported member 'ContactFormExample'.
src/shared/ui/primitives/index.ts(21,23): error TS2305: Module '"./Form"' has no exported member 'RegistrationFormExample'.
src/shared/ui/primitives/index.ts(21,48): error TS2305: Module '"./Form"' has no exported member 'SearchFormExample'.
src/shared/ui/primitives/index.ts(25,3): error TS2305: Module '"./Form"' has no exported member 'FormProps'.
src/shared/ui/primitives/index.ts(25,14): error TS2305: Module '"./Form"' has no exported member 'FormFieldProps'.
src/shared/ui/primitives/index.ts(25,30): error TS2305: Module '"./Form"' has no exported member 'FormGroupProps'.
src/shared/ui/primitives/index.ts(25,46): error TS2305: Module '"./Form"' has no exported member 'FormActionsProps'.
src/shared/ui/primitives/index.ts(25,64): error TS2305: Module '"./Form"' has no exported member 'FormVariants'.
src/shared/ui/primitives/index.ts(25,78): error TS2305: Module '"./Form"' has no exported member 'FormContextValue'.
src/shared/ui/primitives/index.ts(26,3): error TS2305: Module '"./Form"' has no exported member 'FormProviderProps'.
src/shared/ui/primitives/index.ts(26,22): error TS2305: Module '"./Form"' has no exported member 'FormFieldProps'.
src/shared/ui/primitives/index.ts(26,59): error TS2305: Module '"./Form"' has no exported member 'FormActionsProps'.
src/shared/ui/primitives/index.ts(26,100): error TS2305: Module '"./Form"' has no exported member 'FormGroupProps'.
src/shared/ui/primitives/index.ts(31,61): error TS2724: '"./Table"' has no exported member named 'TableFooterProps'. Did you mean 'TableFooter'?
src/shared/ui/primitives/index.ts(31,126): error TS2724: '"./Table"' has no exported member named 'TableCaptionProps'. Did you mean 'TableCaption'?
src/shared/ui/primitives/index.ts(31,145): error TS2305: Module '"./Table"' has no exported member 'TableVariants'.
src/shared/ui/primitives/index.ts(34,63): error TS2724: '"./Collapsible"' has no exported member named 'useCollapsibleContext'. Did you mean 'CollapsibleContent'?
src/shared/ui/primitives/index.ts(35,15): error TS2724: '"./Collapsible"' has no exported member named 'CollapsibleProps'. Did you mean 'Collapsible'?
src/shared/ui/primitives/index.ts(35,33): error TS2724: '"./Collapsible"' has no exported member named 'CollapsibleTriggerProps'. Did you mean 'CollapsibleTrigger'?
src/shared/ui/primitives/index.ts(35,58): error TS2724: '"./Collapsible"' has no exported member named 'CollapsibleContentProps'. Did you mean 'CollapsibleContent'?
src/shared/ui/primitives/index.ts(35,83): error TS2305: Module '"./Collapsible"' has no exported member 'CollapsibleVariants'.
src/shared/ui/primitives/index.ts(38,10): error TS2724: '"./Toast"' has no exported member named 'Toast'. Did you mean 'toast'?
src/shared/ui/primitives/index.ts(38,17): error TS2305: Module '"./Toast"' has no exported member 'ToastProvider'.
src/shared/ui/primitives/index.ts(38,32): error TS2305: Module '"./Toast"' has no exported member 'useToast'.
src/shared/ui/primitives/index.ts(39,15): error TS2305: Module '"./Toast"' has no exported member 'ToastData'.
src/shared/ui/primitives/index.ts(39,26): error TS2724: '"./Toast"' has no exported member named 'ToastProps'. Did you mean 'ToasterProps'?
src/shared/ui/primitives/index.ts(39,38): error TS2724: '"./Toast"' has no exported member named 'ToastProviderProps'. Did you mean 'ToasterProps'?
src/shared/ui/primitives/index.ts(39,58): error TS2305: Module '"./Toast"' has no exported member 'ToastVariants'.
src/shared/ui/primitives/index.ts(43,15): error TS2724: '"./Select"' has no exported member named 'SelectProps'. Did you mean 'SelectGroup'?
src/shared/ui/primitives/index.ts(43,28): error TS2724: '"./Select"' has no exported member named 'SelectContentProps'. Did you mean 'SelectContent'?
src/shared/ui/primitives/index.ts(43,48): error TS2724: '"./Select"' has no exported member named 'SelectItemProps'. Did you mean 'SelectItem'?
src/shared/ui/primitives/index.ts(43,65): error TS2305: Module '"./Select"' has no exported member 'SelectOption'.
src/shared/ui/primitives/index.ts(43,79): error TS2305: Module '"./Select"' has no exported member 'SelectVariants'.
src/shared/ui/primitives/index.ts(47,15): error TS2724: '"./DropdownMenu"' has no exported member named 'DropdownMenuProps'. Did you mean 'DropdownMenuGroup'?
src/shared/ui/primitives/index.ts(47,34): error TS2724: '"./DropdownMenu"' has no exported member named 'DropdownMenuTriggerProps'. Did you mean 'DropdownMenuTrigger'?
src/shared/ui/primitives/index.ts(47,60): error TS2724: '"./DropdownMenu"' has no exported member named 'DropdownMenuContentProps'. Did you mean 'DropdownMenuContent'?
src/shared/ui/primitives/index.ts(47,86): error TS2724: '"./DropdownMenu"' has no exported member named 'DropdownMenuItemProps'. Did you mean 'DropdownMenuItem'?
src/shared/ui/primitives/index.ts(47,109): error TS2724: '"./DropdownMenu"' has no exported member named 'DropdownMenuSeparatorProps'. Did you mean 'DropdownMenuSeparator'?
src/shared/ui/primitives/index.ts(47,137): error TS2724: '"./DropdownMenu"' has no exported member named 'DropdownMenuVariants'. Did you mean 'DropdownMenuItem'?
src/shared/ui/primitives/index.ts(59,15): error TS2305: Module '"./Checkbox"' has no exported member 'CheckboxProps'.
src/shared/ui/primitives/index.ts(59,30): error TS2305: Module '"./Checkbox"' has no exported member 'CheckboxGroupProps'.
src/shared/ui/primitives/index.ts(59,50): error TS2305: Module '"./Checkbox"' has no exported member 'CheckboxGroupItemProps'.
src/shared/ui/primitives/index.ts(59,74): error TS2305: Module '"./Checkbox"' has no exported member 'CheckboxVariants'.
src/shared/ui/primitives/index.ts(63,15): error TS2305: Module '"./Switch"' has no exported member 'SwitchProps'.
src/shared/ui/primitives/index.ts(63,28): error TS2305: Module '"./Switch"' has no exported member 'SwitchVariants'.
src/shared/ui/primitives/index.ts(68,30): error TS2724: '"./Calendar"' has no exported member named 'CalendarRangeProps'. Did you mean 'CalendarProps'?
src/shared/ui/primitives/index.ts(68,50): error TS2724: '"./Calendar"' has no exported member named 'CalendarHeaderProps'. Did you mean 'CalendarProps'?
src/shared/ui/primitives/index.ts(68,71): error TS2305: Module '"./Calendar"' has no exported member 'CalendarVariants'.
src/shared/ui/primitives/index.ts(68,89): error TS2305: Module '"./Calendar"' has no exported member 'DateValue'.
src/shared/ui/primitives/index.ts(72,30): error TS2305: Module '"./Textarea"' has no exported member 'TextareaVariants'.
src/shared/ui/primitives/index.ts(72,48): error TS2305: Module '"./Textarea"' has no exported member 'CharacterCounterProps'.
src/shared/ui/primitives/index.ts(76,15): error TS2305: Module '"./Dialog"' has no exported member 'DialogProps'.
src/shared/ui/primitives/index.ts(76,28): error TS2724: '"./Dialog"' has no exported member named 'DialogTriggerProps'. Did you mean 'DialogTrigger'?
src/shared/ui/primitives/index.ts(76,48): error TS2724: '"./Dialog"' has no exported member named 'DialogContentProps'. Did you mean 'DialogContent'?
src/shared/ui/primitives/index.ts(76,68): error TS2724: '"./Dialog"' has no exported member named 'DialogOverlayProps'. Did you mean 'DialogOverlay'?
src/shared/ui/primitives/index.ts(76,88): error TS2724: '"./Dialog"' has no exported member named 'DialogHeaderProps'. Did you mean 'DialogHeader'?
src/shared/ui/primitives/index.ts(76,107): error TS2724: '"./Dialog"' has no exported member named 'DialogTitleProps'. Did you mean 'DialogTitle'?
src/shared/ui/primitives/index.ts(76,125): error TS2724: '"./Dialog"' has no exported member named 'DialogDescriptionProps'. Did you mean 'DialogDescription'?
src/shared/ui/primitives/index.ts(76,149): error TS2724: '"./Dialog"' has no exported member named 'DialogFooterProps'. Did you mean 'DialogFooter'?
src/shared/ui/primitives/index.ts(76,168): error TS2724: '"./Dialog"' has no exported member named 'DialogCloseProps'. Did you mean 'DialogClose'?
src/shared/ui/primitives/index.ts(76,186): error TS2305: Module '"./Dialog"' has no exported member 'DialogVariants'.
src/shared/ui/primitives/index.ts(84,15): error TS2305: Module '"./Sheet"' has no exported member 'SheetProps'.
src/shared/ui/primitives/index.ts(84,27): error TS2724: '"./Sheet"' has no exported member named 'SheetTriggerProps'. Did you mean 'SheetTrigger'?
src/shared/ui/primitives/index.ts(84,46): error TS2724: '"./Sheet"' has no exported member named 'SheetContentProps'. Did you mean 'SheetContent'?
src/shared/ui/primitives/index.ts(84,65): error TS2724: '"./Sheet"' has no exported member named 'SheetHeaderProps'. Did you mean 'SheetHeader'?
src/shared/ui/primitives/index.ts(84,83): error TS2724: '"./Sheet"' has no exported member named 'SheetTitleProps'. Did you mean 'SheetTitle'?
src/shared/ui/primitives/index.ts(84,100): error TS2724: '"./Sheet"' has no exported member named 'SheetDescriptionProps'. Did you mean 'SheetDescription'?
src/shared/ui/primitives/index.ts(84,123): error TS2305: Module '"./Sheet"' has no exported member 'SheetBodyProps'.
src/shared/ui/primitives/index.ts(84,139): error TS2724: '"./Sheet"' has no exported member named 'SheetFooterProps'. Did you mean 'SheetFooter'?
src/shared/ui/primitives/index.ts(84,157): error TS2724: '"./Sheet"' has no exported member named 'SheetCloseProps'. Did you mean 'SheetClose'?
src/shared/ui/primitives/index.ts(84,174): error TS2305: Module '"./Sheet"' has no exported member 'SheetVariants'.
src/shared/ui/primitives/index.ts(92,27): error TS2305: Module '"./Badge"' has no exported member 'BadgeContainerProps'.
src/shared/ui/primitives/index.ts(92,48): error TS2305: Module '"./Badge"' has no exported member 'BadgeContentProps'.
src/shared/ui/primitives/index.ts(92,67): error TS2724: '"./Badge"' has no exported member named 'BadgeIconProps'. Did you mean 'BadgeProps'?
src/shared/ui/primitives/index.ts(92,83): error TS2724: '"./Badge"' has no exported member named 'BadgeVariants'. Did you mean 'badgeVariants'?
src/shared/ui/primitives/InputOTP/index.tsx(4,43): error TS2307: Cannot find module 'input-otp' or its corresponding type declarations.
src/shared/ui/primitives/InputOTP/index.tsx(38,44): error TS18047: 'inputOTPContext' is possibly 'null'.
src/shared/ui/primitives/InputOTP/index.tsx(38,60): error TS2339: Property 'slots' does not exist on type 'string | number | boolean | ServerContextJSONArray | { [key: string]: ServerContextJSONValue; }'.
  Property 'slots' does not exist on type 'string'.
src/shared/ui/primitives/Modal/examples.tsx(8,10): error TS2305: Module '"../Toast"' has no exported member 'useToast'.
src/shared/ui/primitives/Modal/examples.tsx(396,17): error TS2322: Type '{ label: string; value: string; onValueChange: (value: any) => void; placeholder: string; minRows: number; maxLength: number; characterCount: true; }' is not assignable to type 'IntrinsicAttributes & TextareaProps & RefAttributes<HTMLTextAreaElement>'.
  Property 'label' does not exist on type 'IntrinsicAttributes & TextareaProps & RefAttributes<HTMLTextAreaElement>'.
src/shared/ui/primitives/Modal/examples.tsx(398,33): error TS7006: Parameter 'value' implicitly has an 'any' type.
src/shared/ui/primitives/Modal/index.tsx(159,11): error TS18048: 'lastElement' is possibly 'undefined'.
src/shared/ui/primitives/Modal/index.tsx(164,11): error TS18048: 'firstElement' is possibly 'undefined'.
src/shared/ui/primitives/Modal/index.tsx(423,13): error TS2532: Object is possibly 'undefined'.
src/shared/ui/primitives/Modal/index.tsx(432,15): error TS7030: Not all code paths return a value.
src/shared/ui/primitives/Progress/index.tsx(4,36): error TS2307: Cannot find module '@radix-ui/react-progress' or its corresponding type declarations.
src/shared/ui/primitives/RadioGroup/index.tsx(4,38): error TS2307: Cannot find module '@radix-ui/react-radio-group' or its corresponding type declarations.
src/shared/ui/primitives/Resizable/index.tsx(4,37): error TS2307: Cannot find module 'react-resizable-panels' or its corresponding type declarations.
src/shared/ui/primitives/ScrollArea/index.tsx(4,38): error TS2307: Cannot find module '@radix-ui/react-scroll-area' or its corresponding type declarations.
src/shared/ui/primitives/Select/examples.tsx(14,9): error TS2322: Type '{ children: Element; label: string; placeholder: string; value: string; onValueChange: Dispatch<SetStateAction<string>>; }' is not assignable to type 'IntrinsicAttributes & SelectSharedProps & { value?: string; defaultValue?: string; onValueChange?(value: string): void; }'.
  Property 'label' does not exist on type 'IntrinsicAttributes & SelectSharedProps & { value?: string; defaultValue?: string; onValueChange?(value: string): void; }'.
src/shared/ui/primitives/Select/examples.tsx(50,9): error TS2322: Type '{ children: Element; variant: string; label: string; placeholder: string; value: string; onValueChange: Dispatch<SetStateAction<string>>; }' is not assignable to type 'IntrinsicAttributes & SelectSharedProps & { value?: string; defaultValue?: string; onValueChange?(value: string): void; }'.
  Property 'variant' does not exist on type 'IntrinsicAttributes & SelectSharedProps & { value?: string; defaultValue?: string; onValueChange?(value: string): void; }'.
src/shared/ui/primitives/Select/examples.tsx(67,9): error TS2322: Type '{ children: Element; variant: string; label: string; placeholder: string; value: string; onValueChange: Dispatch<SetStateAction<string>>; }' is not assignable to type 'IntrinsicAttributes & SelectSharedProps & { value?: string; defaultValue?: string; onValueChange?(value: string): void; }'.
  Property 'variant' does not exist on type 'IntrinsicAttributes & SelectSharedProps & { value?: string; defaultValue?: string; onValueChange?(value: string): void; }'.
src/shared/ui/primitives/Select/examples.tsx(84,9): error TS2322: Type '{ children: Element; variant: string; label: string; placeholder: string; value: string; onValueChange: Dispatch<SetStateAction<string>>; }' is not assignable to type 'IntrinsicAttributes & SelectSharedProps & { value?: string; defaultValue?: string; onValueChange?(value: string): void; }'.
  Property 'variant' does not exist on type 'IntrinsicAttributes & SelectSharedProps & { value?: string; defaultValue?: string; onValueChange?(value: string): void; }'.
src/shared/ui/primitives/Select/examples.tsx(110,9): error TS2322: Type '{ children: Element; label: string; placeholder: string; value: string; onValueChange: Dispatch<SetStateAction<string>>; description: string; }' is not assignable to type 'IntrinsicAttributes & SelectSharedProps & { value?: string; defaultValue?: string; onValueChange?(value: string): void; }'.
  Property 'label' does not exist on type 'IntrinsicAttributes & SelectSharedProps & { value?: string; defaultValue?: string; onValueChange?(value: string): void; }'.
src/shared/ui/primitives/Select/examples.tsx(125,9): error TS2322: Type '{ children: Element; state: string; label: string; placeholder: string; defaultValue: string; description: string; }' is not assignable to type 'IntrinsicAttributes & SelectSharedProps & { value?: string; defaultValue?: string; onValueChange?(value: string): void; }'.
  Property 'state' does not exist on type 'IntrinsicAttributes & SelectSharedProps & { value?: string; defaultValue?: string; onValueChange?(value: string): void; }'.
src/shared/ui/primitives/Select/examples.tsx(140,9): error TS2322: Type '{ children: Element; state: string; label: string; placeholder: string; description: string; }' is not assignable to type 'IntrinsicAttributes & SelectSharedProps & { value?: string; defaultValue?: string; onValueChange?(value: string): void; }'.
  Property 'state' does not exist on type 'IntrinsicAttributes & SelectSharedProps & { value?: string; defaultValue?: string; onValueChange?(value: string): void; }'.
src/shared/ui/primitives/Select/examples.tsx(154,9): error TS2322: Type '{ children: Element; state: string; label: string; placeholder: string; errorMessage: string; required: true; }' is not assignable to type 'IntrinsicAttributes & SelectSharedProps & { value?: string; defaultValue?: string; onValueChange?(value: string): void; }'.
  Property 'state' does not exist on type 'IntrinsicAttributes & SelectSharedProps & { value?: string; defaultValue?: string; onValueChange?(value: string): void; }'.
src/shared/ui/primitives/Select/examples.tsx(169,9): error TS2322: Type '{ children: Element; label: string; placeholder: string; disabled: true; }' is not assignable to type 'IntrinsicAttributes & SelectSharedProps & { value?: string; defaultValue?: string; onValueChange?(value: string): void; }'.
  Property 'label' does not exist on type 'IntrinsicAttributes & SelectSharedProps & { value?: string; defaultValue?: string; onValueChange?(value: string): void; }'.
src/shared/ui/primitives/Select/examples.tsx(200,9): error TS2322: Type '{ children: Element; size: string; label: string; placeholder: string; value: string; onValueChange: Dispatch<SetStateAction<string>>; }' is not assignable to type 'IntrinsicAttributes & SelectSharedProps & { value?: string; defaultValue?: string; onValueChange?(value: string): void; }'.
  Property 'size' does not exist on type 'IntrinsicAttributes & SelectSharedProps & { value?: string; defaultValue?: string; onValueChange?(value: string): void; }'.
src/shared/ui/primitives/Select/examples.tsx(217,9): error TS2322: Type '{ children: Element; size: string; label: string; placeholder: string; value: string; onValueChange: Dispatch<SetStateAction<string>>; }' is not assignable to type 'IntrinsicAttributes & SelectSharedProps & { value?: string; defaultValue?: string; onValueChange?(value: string): void; }'.
  Property 'size' does not exist on type 'IntrinsicAttributes & SelectSharedProps & { value?: string; defaultValue?: string; onValueChange?(value: string): void; }'.
src/shared/ui/primitives/Select/examples.tsx(234,9): error TS2322: Type '{ children: Element; size: string; label: string; placeholder: string; value: string; onValueChange: Dispatch<SetStateAction<string>>; }' is not assignable to type 'IntrinsicAttributes & SelectSharedProps & { value?: string; defaultValue?: string; onValueChange?(value: string): void; }'.
  Property 'size' does not exist on type 'IntrinsicAttributes & SelectSharedProps & { value?: string; defaultValue?: string; onValueChange?(value: string): void; }'.
src/shared/ui/primitives/Select/examples.tsx(259,9): error TS2322: Type '{ children: Element; label: string; placeholder: string; value: string; onValueChange: Dispatch<SetStateAction<string>>; description: string; }' is not assignable to type 'IntrinsicAttributes & SelectSharedProps & { value?: string; defaultValue?: string; onValueChange?(value: string): void; }'.
  Property 'label' does not exist on type 'IntrinsicAttributes & SelectSharedProps & { value?: string; defaultValue?: string; onValueChange?(value: string): void; }'.
src/shared/ui/primitives/Select/examples.tsx(318,9): error TS2322: Type '{ children: Element; label: string; placeholder: string; value: string; onValueChange: (value: string) => void; required: true; }' is not assignable to type 'IntrinsicAttributes & SelectSharedProps & { value?: string; defaultValue?: string; onValueChange?(value: string): void; }'.
  Property 'label' does not exist on type 'IntrinsicAttributes & SelectSharedProps & { value?: string; defaultValue?: string; onValueChange?(value: string): void; }'.
src/shared/ui/primitives/Select/examples.tsx(333,9): error TS2322: Type '{ children: Element; label: string; placeholder: string; value: string; onValueChange: (value: string) => void; required: true; }' is not assignable to type 'IntrinsicAttributes & SelectSharedProps & { value?: string; defaultValue?: string; onValueChange?(value: string): void; }'.
  Property 'label' does not exist on type 'IntrinsicAttributes & SelectSharedProps & { value?: string; defaultValue?: string; onValueChange?(value: string): void; }'.
src/shared/ui/primitives/Select/examples.tsx(348,9): error TS2322: Type '{ children: Element; label: string; placeholder: string; value: string; onValueChange: (value: string) => void; }' is not assignable to type 'IntrinsicAttributes & SelectSharedProps & { value?: string; defaultValue?: string; onValueChange?(value: string): void; }'.
  Property 'label' does not exist on type 'IntrinsicAttributes & SelectSharedProps & { value?: string; defaultValue?: string; onValueChange?(value: string): void; }'.
src/shared/ui/primitives/Select/examples.tsx(362,9): error TS2322: Type '{ children: Element; label: string; placeholder: string; value: string; onValueChange: (value: string) => void; defaultValue: string; }' is not assignable to type 'IntrinsicAttributes & SelectSharedProps & { value?: string; defaultValue?: string; onValueChange?(value: string): void; }'.
  Property 'label' does not exist on type 'IntrinsicAttributes & SelectSharedProps & { value?: string; defaultValue?: string; onValueChange?(value: string): void; }'.
src/shared/ui/primitives/Shadow/examples.tsx(6,10): error TS2305: Module '"../Toast"' has no exported member 'useToast'.
src/shared/ui/primitives/Sheet/examples.tsx(9,10): error TS2305: Module '"../Toast"' has no exported member 'useToast'.
src/shared/ui/primitives/Sheet/examples.tsx(12,15): error TS2305: Module '"./index"' has no exported member 'SheetVariants'.
src/shared/ui/primitives/Sheet/examples.tsx(27,16): error TS2339: Property 'Trigger' does not exist on type 'FC<DialogProps>'.
src/shared/ui/primitives/Sheet/examples.tsx(29,17): error TS2339: Property 'Trigger' does not exist on type 'FC<DialogProps>'.
src/shared/ui/primitives/Sheet/examples.tsx(31,16): error TS2339: Property 'Content' does not exist on type 'FC<DialogProps>'.
src/shared/ui/primitives/Sheet/examples.tsx(32,18): error TS2339: Property 'Header' does not exist on type 'FC<DialogProps>'.
src/shared/ui/primitives/Sheet/examples.tsx(34,22): error TS2339: Property 'Title' does not exist on type 'FC<DialogProps>'.
src/shared/ui/primitives/Sheet/examples.tsx(34,47): error TS2339: Property 'Title' does not exist on type 'FC<DialogProps>'.
src/shared/ui/primitives/Sheet/examples.tsx(35,22): error TS2339: Property 'Description' does not exist on type 'FC<DialogProps>'.
src/shared/ui/primitives/Sheet/examples.tsx(37,23): error TS2339: Property 'Description' does not exist on type 'FC<DialogProps>'.
src/shared/ui/primitives/Sheet/examples.tsx(39,19): error TS2339: Property 'Header' does not exist on type 'FC<DialogProps>'.
src/shared/ui/primitives/Sheet/examples.tsx(41,18): error TS2339: Property 'Body' does not exist on type 'FC<DialogProps>'.
src/shared/ui/primitives/Sheet/examples.tsx(58,19): error TS2339: Property 'Body' does not exist on type 'FC<DialogProps>'.
src/shared/ui/primitives/Sheet/examples.tsx(60,18): error TS2339: Property 'Footer' does not exist on type 'FC<DialogProps>'.
src/shared/ui/primitives/Sheet/examples.tsx(61,20): error TS2339: Property 'Close' does not exist on type 'FC<DialogProps>'.
src/shared/ui/primitives/Sheet/examples.tsx(63,21): error TS2339: Property 'Close' does not exist on type 'FC<DialogProps>'.
src/shared/ui/primitives/Sheet/examples.tsx(64,20): error TS2339: Property 'Close' does not exist on type 'FC<DialogProps>'.
src/shared/ui/primitives/Sheet/examples.tsx(66,21): error TS2339: Property 'Close' does not exist on type 'FC<DialogProps>'.
src/shared/ui/primitives/Sheet/examples.tsx(67,19): error TS2339: Property 'Footer' does not exist on type 'FC<DialogProps>'.
src/shared/ui/primitives/Sheet/examples.tsx(68,17): error TS2339: Property 'Content' does not exist on type 'FC<DialogProps>'.
src/shared/ui/primitives/Sheet/examples.tsx(85,20): error TS2339: Property 'Trigger' does not exist on type 'FC<DialogProps>'.
src/shared/ui/primitives/Sheet/examples.tsx(89,21): error TS2339: Property 'Trigger' does not exist on type 'FC<DialogProps>'.
src/shared/ui/primitives/Sheet/examples.tsx(91,20): error TS2339: Property 'Content' does not exist on type 'FC<DialogProps>'.
src/shared/ui/primitives/Sheet/examples.tsx(92,22): error TS2339: Property 'Header' does not exist on type 'FC<DialogProps>'.
src/shared/ui/primitives/Sheet/examples.tsx(94,26): error TS2339: Property 'Title' does not exist on type 'FC<DialogProps>'.
src/shared/ui/primitives/Sheet/examples.tsx(94,92): error TS2339: Property 'Title' does not exist on type 'FC<DialogProps>'.
src/shared/ui/primitives/Sheet/examples.tsx(95,26): error TS2339: Property 'Description' does not exist on type 'FC<DialogProps>'.
src/shared/ui/primitives/Sheet/examples.tsx(97,27): error TS2339: Property 'Description' does not exist on type 'FC<DialogProps>'.
src/shared/ui/primitives/Sheet/examples.tsx(99,23): error TS2339: Property 'Header' does not exist on type 'FC<DialogProps>'.
src/shared/ui/primitives/Sheet/examples.tsx(101,22): error TS2339: Property 'Body' does not exist on type 'FC<DialogProps>'.
src/shared/ui/primitives/Sheet/examples.tsx(106,23): error TS2339: Property 'Body' does not exist on type 'FC<DialogProps>'.
src/shared/ui/primitives/Sheet/examples.tsx(108,22): error TS2339: Property 'Footer' does not exist on type 'FC<DialogProps>'.
src/shared/ui/primitives/Sheet/examples.tsx(109,24): error TS2339: Property 'Close' does not exist on type 'FC<DialogProps>'.
src/shared/ui/primitives/Sheet/examples.tsx(111,25): error TS2339: Property 'Close' does not exist on type 'FC<DialogProps>'.
src/shared/ui/primitives/Sheet/examples.tsx(112,23): error TS2339: Property 'Footer' does not exist on type 'FC<DialogProps>'.
src/shared/ui/primitives/Sheet/examples.tsx(113,21): error TS2339: Property 'Content' does not exist on type 'FC<DialogProps>'.
src/shared/ui/primitives/Sheet/examples.tsx(132,20): error TS2339: Property 'Trigger' does not exist on type 'FC<DialogProps>'.
src/shared/ui/primitives/Sheet/examples.tsx(136,21): error TS2339: Property 'Trigger' does not exist on type 'FC<DialogProps>'.
src/shared/ui/primitives/Sheet/examples.tsx(138,20): error TS2339: Property 'Content' does not exist on type 'FC<DialogProps>'.
src/shared/ui/primitives/Sheet/examples.tsx(139,22): error TS2339: Property 'Header' does not exist on type 'FC<DialogProps>'.
src/shared/ui/primitives/Sheet/examples.tsx(141,26): error TS2339: Property 'Title' does not exist on type 'FC<DialogProps>'.
src/shared/ui/primitives/Sheet/examples.tsx(141,66): error TS2339: Property 'Title' does not exist on type 'FC<DialogProps>'.
src/shared/ui/primitives/Sheet/examples.tsx(142,26): error TS2339: Property 'Description' does not exist on type 'FC<DialogProps>'.
src/shared/ui/primitives/Sheet/examples.tsx(144,27): error TS2339: Property 'Description' does not exist on type 'FC<DialogProps>'.
src/shared/ui/primitives/Sheet/examples.tsx(146,23): error TS2339: Property 'Header' does not exist on type 'FC<DialogProps>'.
src/shared/ui/primitives/Sheet/examples.tsx(148,22): error TS2339: Property 'Body' does not exist on type 'FC<DialogProps>'.
src/shared/ui/primitives/Sheet/examples.tsx(154,23): error TS2339: Property 'Body' does not exist on type 'FC<DialogProps>'.
src/shared/ui/primitives/Sheet/examples.tsx(156,22): error TS2339: Property 'Footer' does not exist on type 'FC<DialogProps>'.
src/shared/ui/primitives/Sheet/examples.tsx(157,24): error TS2339: Property 'Close' does not exist on type 'FC<DialogProps>'.
src/shared/ui/primitives/Sheet/examples.tsx(159,25): error TS2339: Property 'Close' does not exist on type 'FC<DialogProps>'.
src/shared/ui/primitives/Sheet/examples.tsx(160,23): error TS2339: Property 'Footer' does not exist on type 'FC<DialogProps>'.
src/shared/ui/primitives/Sheet/examples.tsx(161,21): error TS2339: Property 'Content' does not exist on type 'FC<DialogProps>'.
src/shared/ui/primitives/Sheet/examples.tsx(190,16): error TS2339: Property 'Trigger' does not exist on type 'FC<DialogProps>'.
src/shared/ui/primitives/Sheet/examples.tsx(197,17): error TS2339: Property 'Trigger' does not exist on type 'FC<DialogProps>'.
src/shared/ui/primitives/Sheet/examples.tsx(199,16): error TS2339: Property 'Content' does not exist on type 'FC<DialogProps>'.
src/shared/ui/primitives/Sheet/examples.tsx(200,18): error TS2339: Property 'Header' does not exist on type 'FC<DialogProps>'.
src/shared/ui/primitives/Sheet/examples.tsx(202,22): error TS2339: Property 'Title' does not exist on type 'FC<DialogProps>'.
src/shared/ui/primitives/Sheet/examples.tsx(202,46): error TS2339: Property 'Title' does not exist on type 'FC<DialogProps>'.
src/shared/ui/primitives/Sheet/examples.tsx(203,22): error TS2339: Property 'Description' does not exist on type 'FC<DialogProps>'.
src/shared/ui/primitives/Sheet/examples.tsx(205,23): error TS2339: Property 'Description' does not exist on type 'FC<DialogProps>'.
src/shared/ui/primitives/Sheet/examples.tsx(207,19): error TS2339: Property 'Header' does not exist on type 'FC<DialogProps>'.
src/shared/ui/primitives/Sheet/examples.tsx(209,18): error TS2339: Property 'Body' does not exist on type 'FC<DialogProps>'.
src/shared/ui/primitives/Sheet/examples.tsx(232,19): error TS2339: Property 'Body' does not exist on type 'FC<DialogProps>'.
src/shared/ui/primitives/Sheet/examples.tsx(234,18): error TS2339: Property 'Footer' does not exist on type 'FC<DialogProps>'.
src/shared/ui/primitives/Sheet/examples.tsx(235,20): error TS2339: Property 'Close' does not exist on type 'FC<DialogProps>'.
src/shared/ui/primitives/Sheet/examples.tsx(239,21): error TS2339: Property 'Close' does not exist on type 'FC<DialogProps>'.
src/shared/ui/primitives/Sheet/examples.tsx(240,19): error TS2339: Property 'Footer' does not exist on type 'FC<DialogProps>'.
src/shared/ui/primitives/Sheet/examples.tsx(241,17): error TS2339: Property 'Content' does not exist on type 'FC<DialogProps>'.
src/shared/ui/primitives/Sheet/examples.tsx(272,16): error TS2339: Property 'Trigger' does not exist on type 'FC<DialogProps>'.
src/shared/ui/primitives/Sheet/examples.tsx(274,17): error TS2339: Property 'Trigger' does not exist on type 'FC<DialogProps>'.
src/shared/ui/primitives/Sheet/examples.tsx(276,16): error TS2339: Property 'Content' does not exist on type 'FC<DialogProps>'.
src/shared/ui/primitives/Sheet/examples.tsx(277,18): error TS2339: Property 'Header' does not exist on type 'FC<DialogProps>'.
src/shared/ui/primitives/Sheet/examples.tsx(279,22): error TS2339: Property 'Title' does not exist on type 'FC<DialogProps>'.
src/shared/ui/primitives/Sheet/examples.tsx(279,46): error TS2339: Property 'Title' does not exist on type 'FC<DialogProps>'.
src/shared/ui/primitives/Sheet/examples.tsx(280,22): error TS2339: Property 'Description' does not exist on type 'FC<DialogProps>'.
src/shared/ui/primitives/Sheet/examples.tsx(282,23): error TS2339: Property 'Description' does not exist on type 'FC<DialogProps>'.
src/shared/ui/primitives/Sheet/examples.tsx(284,19): error TS2339: Property 'Header' does not exist on type 'FC<DialogProps>'.
src/shared/ui/primitives/Sheet/examples.tsx(286,18): error TS2339: Property 'Body' does not exist on type 'FC<DialogProps>'.
src/shared/ui/primitives/Sheet/examples.tsx(313,17): error TS2322: Type '{ label: string; value: string; onValueChange: (value: any) => void; placeholder: string; minRows: number; maxLength: number; characterCount: true; }' is not assignable to type 'IntrinsicAttributes & TextareaProps & RefAttributes<HTMLTextAreaElement>'.
  Property 'label' does not exist on type 'IntrinsicAttributes & TextareaProps & RefAttributes<HTMLTextAreaElement>'.
src/shared/ui/primitives/Sheet/examples.tsx(315,33): error TS7006: Parameter 'value' implicitly has an 'any' type.
src/shared/ui/primitives/Sheet/examples.tsx(328,19): error TS2339: Property 'Body' does not exist on type 'FC<DialogProps>'.
src/shared/ui/primitives/Sheet/examples.tsx(330,18): error TS2339: Property 'Footer' does not exist on type 'FC<DialogProps>'.
src/shared/ui/primitives/Sheet/examples.tsx(331,20): error TS2339: Property 'Close' does not exist on type 'FC<DialogProps>'.
src/shared/ui/primitives/Sheet/examples.tsx(333,21): error TS2339: Property 'Close' does not exist on type 'FC<DialogProps>'.
src/shared/ui/primitives/Sheet/examples.tsx(335,19): error TS2339: Property 'Footer' does not exist on type 'FC<DialogProps>'.
src/shared/ui/primitives/Sheet/examples.tsx(336,17): error TS2339: Property 'Content' does not exist on type 'FC<DialogProps>'.
src/shared/ui/primitives/Sheet/examples.tsx(361,16): error TS2339: Property 'Trigger' does not exist on type 'FC<DialogProps>'.
src/shared/ui/primitives/Sheet/examples.tsx(369,17): error TS2339: Property 'Trigger' does not exist on type 'FC<DialogProps>'.
src/shared/ui/primitives/Sheet/examples.tsx(371,16): error TS2339: Property 'Content' does not exist on type 'FC<DialogProps>'.
src/shared/ui/primitives/Sheet/examples.tsx(372,18): error TS2339: Property 'Header' does not exist on type 'FC<DialogProps>'.
src/shared/ui/primitives/Sheet/examples.tsx(374,22): error TS2339: Property 'Title' does not exist on type 'FC<DialogProps>'.
src/shared/ui/primitives/Sheet/examples.tsx(374,44): error TS2339: Property 'Title' does not exist on type 'FC<DialogProps>'.
src/shared/ui/primitives/Sheet/examples.tsx(375,22): error TS2339: Property 'Description' does not exist on type 'FC<DialogProps>'.
src/shared/ui/primitives/Sheet/examples.tsx(377,23): error TS2339: Property 'Description' does not exist on type 'FC<DialogProps>'.
src/shared/ui/primitives/Sheet/examples.tsx(379,19): error TS2339: Property 'Header' does not exist on type 'FC<DialogProps>'.
src/shared/ui/primitives/Sheet/examples.tsx(381,18): error TS2339: Property 'Body' does not exist on type 'FC<DialogProps>'.
src/shared/ui/primitives/Sheet/examples.tsx(436,19): error TS2339: Property 'Body' does not exist on type 'FC<DialogProps>'.
src/shared/ui/primitives/Sheet/examples.tsx(438,18): error TS2339: Property 'Footer' does not exist on type 'FC<DialogProps>'.
src/shared/ui/primitives/Sheet/examples.tsx(439,20): error TS2339: Property 'Close' does not exist on type 'FC<DialogProps>'.
src/shared/ui/primitives/Sheet/examples.tsx(441,21): error TS2339: Property 'Close' does not exist on type 'FC<DialogProps>'.
src/shared/ui/primitives/Sheet/examples.tsx(442,20): error TS2339: Property 'Close' does not exist on type 'FC<DialogProps>'.
src/shared/ui/primitives/Sheet/examples.tsx(444,21): error TS2339: Property 'Close' does not exist on type 'FC<DialogProps>'.
src/shared/ui/primitives/Sheet/examples.tsx(445,19): error TS2339: Property 'Footer' does not exist on type 'FC<DialogProps>'.
src/shared/ui/primitives/Sheet/examples.tsx(446,17): error TS2339: Property 'Content' does not exist on type 'FC<DialogProps>'.
src/shared/ui/primitives/Sheet/examples.tsx(461,16): error TS2339: Property 'Trigger' does not exist on type 'FC<DialogProps>'.
src/shared/ui/primitives/Sheet/examples.tsx(463,17): error TS2339: Property 'Trigger' does not exist on type 'FC<DialogProps>'.
src/shared/ui/primitives/Sheet/examples.tsx(465,16): error TS2339: Property 'Content' does not exist on type 'FC<DialogProps>'.
src/shared/ui/primitives/Sheet/examples.tsx(466,18): error TS2339: Property 'Header' does not exist on type 'FC<DialogProps>'.
src/shared/ui/primitives/Sheet/examples.tsx(468,22): error TS2339: Property 'Title' does not exist on type 'FC<DialogProps>'.
src/shared/ui/primitives/Sheet/examples.tsx(468,51): error TS2339: Property 'Title' does not exist on type 'FC<DialogProps>'.
src/shared/ui/primitives/Sheet/examples.tsx(469,22): error TS2339: Property 'Description' does not exist on type 'FC<DialogProps>'.
src/shared/ui/primitives/Sheet/examples.tsx(471,23): error TS2339: Property 'Description' does not exist on type 'FC<DialogProps>'.
src/shared/ui/primitives/Sheet/examples.tsx(473,19): error TS2339: Property 'Header' does not exist on type 'FC<DialogProps>'.
src/shared/ui/primitives/Sheet/examples.tsx(475,18): error TS2339: Property 'Body' does not exist on type 'FC<DialogProps>'.
src/shared/ui/primitives/Sheet/examples.tsx(497,19): error TS2339: Property 'Body' does not exist on type 'FC<DialogProps>'.
src/shared/ui/primitives/Sheet/examples.tsx(499,18): error TS2339: Property 'Footer' does not exist on type 'FC<DialogProps>'.
src/shared/ui/primitives/Sheet/examples.tsx(500,20): error TS2339: Property 'Close' does not exist on type 'FC<DialogProps>'.
src/shared/ui/primitives/Sheet/examples.tsx(502,21): error TS2339: Property 'Close' does not exist on type 'FC<DialogProps>'.
src/shared/ui/primitives/Sheet/examples.tsx(503,19): error TS2339: Property 'Footer' does not exist on type 'FC<DialogProps>'.
src/shared/ui/primitives/Sheet/examples.tsx(504,17): error TS2339: Property 'Content' does not exist on type 'FC<DialogProps>'.
src/shared/ui/primitives/Sheet/examples.tsx(526,16): error TS2339: Property 'Trigger' does not exist on type 'FC<DialogProps>'.
src/shared/ui/primitives/Sheet/examples.tsx(528,17): error TS2339: Property 'Trigger' does not exist on type 'FC<DialogProps>'.
src/shared/ui/primitives/Sheet/examples.tsx(530,16): error TS2339: Property 'Content' does not exist on type 'FC<DialogProps>'.
src/shared/ui/primitives/Sheet/examples.tsx(531,18): error TS2339: Property 'Header' does not exist on type 'FC<DialogProps>'.
src/shared/ui/primitives/Sheet/examples.tsx(533,22): error TS2339: Property 'Title' does not exist on type 'FC<DialogProps>'.
src/shared/ui/primitives/Sheet/examples.tsx(533,49): error TS2339: Property 'Title' does not exist on type 'FC<DialogProps>'.
src/shared/ui/primitives/Sheet/examples.tsx(534,22): error TS2339: Property 'Description' does not exist on type 'FC<DialogProps>'.
src/shared/ui/primitives/Sheet/examples.tsx(536,23): error TS2339: Property 'Description' does not exist on type 'FC<DialogProps>'.
src/shared/ui/primitives/Sheet/examples.tsx(538,19): error TS2339: Property 'Header' does not exist on type 'FC<DialogProps>'.
src/shared/ui/primitives/Sheet/examples.tsx(540,18): error TS2339: Property 'Body' does not exist on type 'FC<DialogProps>'.
src/shared/ui/primitives/Sheet/examples.tsx(543,24): error TS2339: Property 'Close' does not exist on type 'FC<DialogProps>'.
src/shared/ui/primitives/Sheet/examples.tsx(555,25): error TS2339: Property 'Close' does not exist on type 'FC<DialogProps>'.
src/shared/ui/primitives/Sheet/examples.tsx(558,19): error TS2339: Property 'Body' does not exist on type 'FC<DialogProps>'.
src/shared/ui/primitives/Sheet/examples.tsx(560,18): error TS2339: Property 'Footer' does not exist on type 'FC<DialogProps>'.
src/shared/ui/primitives/Sheet/examples.tsx(561,20): error TS2339: Property 'Close' does not exist on type 'FC<DialogProps>'.
src/shared/ui/primitives/Sheet/examples.tsx(565,21): error TS2339: Property 'Close' does not exist on type 'FC<DialogProps>'.
src/shared/ui/primitives/Sheet/examples.tsx(566,19): error TS2339: Property 'Footer' does not exist on type 'FC<DialogProps>'.
src/shared/ui/primitives/Sheet/examples.tsx(567,17): error TS2339: Property 'Content' does not exist on type 'FC<DialogProps>'.
src/shared/ui/primitives/Sheet/examples.tsx(600,18): error TS2339: Property 'Trigger' does not exist on type 'FC<DialogProps>'.
src/shared/ui/primitives/Sheet/examples.tsx(604,19): error TS2339: Property 'Trigger' does not exist on type 'FC<DialogProps>'.
src/shared/ui/primitives/Sheet/examples.tsx(606,18): error TS2339: Property 'Content' does not exist on type 'FC<DialogProps>'.
src/shared/ui/primitives/Sheet/examples.tsx(607,20): error TS2339: Property 'Header' does not exist on type 'FC<DialogProps>'.
src/shared/ui/primitives/Sheet/examples.tsx(609,24): error TS2339: Property 'Title' does not exist on type 'FC<DialogProps>'.
src/shared/ui/primitives/Sheet/examples.tsx(609,50): error TS2339: Property 'Title' does not exist on type 'FC<DialogProps>'.
src/shared/ui/primitives/Sheet/examples.tsx(610,24): error TS2339: Property 'Description' does not exist on type 'FC<DialogProps>'.
src/shared/ui/primitives/Sheet/examples.tsx(612,25): error TS2339: Property 'Description' does not exist on type 'FC<DialogProps>'.
src/shared/ui/primitives/Sheet/examples.tsx(614,21): error TS2339: Property 'Header' does not exist on type 'FC<DialogProps>'.
src/shared/ui/primitives/Sheet/examples.tsx(616,20): error TS2339: Property 'Body' does not exist on type 'FC<DialogProps>'.
src/shared/ui/primitives/Sheet/examples.tsx(661,21): error TS2339: Property 'Body' does not exist on type 'FC<DialogProps>'.
src/shared/ui/primitives/Sheet/examples.tsx(663,20): error TS2339: Property 'Footer' does not exist on type 'FC<DialogProps>'.
src/shared/ui/primitives/Sheet/examples.tsx(664,22): error TS2339: Property 'Close' does not exist on type 'FC<DialogProps>'.
src/shared/ui/primitives/Sheet/examples.tsx(666,23): error TS2339: Property 'Close' does not exist on type 'FC<DialogProps>'.
src/shared/ui/primitives/Sheet/examples.tsx(668,21): error TS2339: Property 'Footer' does not exist on type 'FC<DialogProps>'.
src/shared/ui/primitives/Sheet/examples.tsx(669,19): error TS2339: Property 'Content' does not exist on type 'FC<DialogProps>'.
src/shared/ui/primitives/Sheet/examples.tsx(683,16): error TS2339: Property 'Trigger' does not exist on type 'FC<DialogProps>'.
src/shared/ui/primitives/Sheet/examples.tsx(687,17): error TS2339: Property 'Trigger' does not exist on type 'FC<DialogProps>'.
src/shared/ui/primitives/Sheet/examples.tsx(689,16): error TS2339: Property 'Content' does not exist on type 'FC<DialogProps>'.
src/shared/ui/primitives/Sheet/examples.tsx(691,20): error TS2339: Property 'Header' does not exist on type 'FC<DialogProps>'.
src/shared/ui/primitives/Sheet/examples.tsx(693,24): error TS2339: Property 'Title' does not exist on type 'FC<DialogProps>'.
src/shared/ui/primitives/Sheet/examples.tsx(693,80): error TS2339: Property 'Title' does not exist on type 'FC<DialogProps>'.
src/shared/ui/primitives/Sheet/examples.tsx(694,24): error TS2339: Property 'Description' does not exist on type 'FC<DialogProps>'.
src/shared/ui/primitives/Sheet/examples.tsx(696,25): error TS2339: Property 'Description' does not exist on type 'FC<DialogProps>'.
src/shared/ui/primitives/Sheet/examples.tsx(698,21): error TS2339: Property 'Header' does not exist on type 'FC<DialogProps>'.
src/shared/ui/primitives/Sheet/examples.tsx(700,20): error TS2339: Property 'Body' does not exist on type 'FC<DialogProps>'.
src/shared/ui/primitives/Sheet/examples.tsx(735,21): error TS2339: Property 'Body' does not exist on type 'FC<DialogProps>'.
src/shared/ui/primitives/Sheet/examples.tsx(737,20): error TS2339: Property 'Footer' does not exist on type 'FC<DialogProps>'.
src/shared/ui/primitives/Sheet/examples.tsx(738,22): error TS2339: Property 'Close' does not exist on type 'FC<DialogProps>'.
src/shared/ui/primitives/Sheet/examples.tsx(742,23): error TS2339: Property 'Close' does not exist on type 'FC<DialogProps>'.
src/shared/ui/primitives/Sheet/examples.tsx(746,21): error TS2339: Property 'Footer' does not exist on type 'FC<DialogProps>'.
src/shared/ui/primitives/Sheet/examples.tsx(748,17): error TS2339: Property 'Content' does not exist on type 'FC<DialogProps>'.
src/shared/ui/primitives/Switch/examples.tsx(7,10): error TS2459: Module '"../Form"' declares 'FormProvider' locally, but it is not exported.
src/shared/ui/primitives/Switch/examples.tsx(8,10): error TS2305: Module '"../Toast"' has no exported member 'useToast'.
src/shared/ui/primitives/Switch/examples.tsx(42,11): error TS2322: Type '{ checked: boolean; onCheckedChange: (checked: boolean) => Promise<void>; loading: boolean; label: string; description: string; }' is not assignable to type 'IntrinsicAttributes & Omit<SwitchProps & RefAttributes<HTMLButtonElement>, "ref"> & RefAttributes<HTMLButtonElement>'.
  Property 'loading' does not exist on type 'IntrinsicAttributes & Omit<SwitchProps & RefAttributes<HTMLButtonElement>, "ref"> & RefAttributes<HTMLButtonElement>'.
src/shared/ui/primitives/Switch/examples.tsx(48,11): error TS2322: Type '{ label: string; description: string; defaultChecked: true; onCheckedChange: (checked: boolean) => void; }' is not assignable to type 'IntrinsicAttributes & Omit<SwitchProps & RefAttributes<HTMLButtonElement>, "ref"> & RefAttributes<HTMLButtonElement>'.
  Property 'label' does not exist on type 'IntrinsicAttributes & Omit<SwitchProps & RefAttributes<HTMLButtonElement>, "ref"> & RefAttributes<HTMLButtonElement>'.
src/shared/ui/primitives/Switch/examples.tsx(55,11): error TS2322: Type '{ label: string; description: string; disabled: true; defaultChecked: true; }' is not assignable to type 'IntrinsicAttributes & Omit<SwitchProps & RefAttributes<HTMLButtonElement>, "ref"> & RefAttributes<HTMLButtonElement>'.
  Property 'label' does not exist on type 'IntrinsicAttributes & Omit<SwitchProps & RefAttributes<HTMLButtonElement>, "ref"> & RefAttributes<HTMLButtonElement>'.
src/shared/ui/primitives/Switch/examples.tsx(62,11): error TS2322: Type '{ label: string; description: string; required: true; defaultChecked: true; }' is not assignable to type 'IntrinsicAttributes & Omit<SwitchProps & RefAttributes<HTMLButtonElement>, "ref"> & RefAttributes<HTMLButtonElement>'.
  Property 'label' does not exist on type 'IntrinsicAttributes & Omit<SwitchProps & RefAttributes<HTMLButtonElement>, "ref"> & RefAttributes<HTMLButtonElement>'.
src/shared/ui/primitives/Switch/examples.tsx(80,11): error TS2322: Type '{ size: string; label: string; description: string; defaultChecked: true; }' is not assignable to type 'IntrinsicAttributes & Omit<SwitchProps & RefAttributes<HTMLButtonElement>, "ref"> & RefAttributes<HTMLButtonElement>'.
  Property 'size' does not exist on type 'IntrinsicAttributes & Omit<SwitchProps & RefAttributes<HTMLButtonElement>, "ref"> & RefAttributes<HTMLButtonElement>'.
src/shared/ui/primitives/Switch/examples.tsx(87,11): error TS2322: Type '{ size: string; label: string; description: string; defaultChecked: true; }' is not assignable to type 'IntrinsicAttributes & Omit<SwitchProps & RefAttributes<HTMLButtonElement>, "ref"> & RefAttributes<HTMLButtonElement>'.
  Property 'size' does not exist on type 'IntrinsicAttributes & Omit<SwitchProps & RefAttributes<HTMLButtonElement>, "ref"> & RefAttributes<HTMLButtonElement>'.
src/shared/ui/primitives/Switch/examples.tsx(94,11): error TS2322: Type '{ size: string; label: string; description: string; defaultChecked: true; }' is not assignable to type 'IntrinsicAttributes & Omit<SwitchProps & RefAttributes<HTMLButtonElement>, "ref"> & RefAttributes<HTMLButtonElement>'.
  Property 'size' does not exist on type 'IntrinsicAttributes & Omit<SwitchProps & RefAttributes<HTMLButtonElement>, "ref"> & RefAttributes<HTMLButtonElement>'.
src/shared/ui/primitives/Switch/examples.tsx(114,21): error TS2322: Type '{ switchStyle: string; label: string; defaultChecked: true; }' is not assignable to type 'IntrinsicAttributes & Omit<SwitchProps & RefAttributes<HTMLButtonElement>, "ref"> & RefAttributes<HTMLButtonElement>'.
  Property 'switchStyle' does not exist on type 'IntrinsicAttributes & Omit<SwitchProps & RefAttributes<HTMLButtonElement>, "ref"> & RefAttributes<HTMLButtonElement>'.
src/shared/ui/primitives/Switch/examples.tsx(115,21): error TS2322: Type '{ switchStyle: string; label: string; }' is not assignable to type 'IntrinsicAttributes & Omit<SwitchProps & RefAttributes<HTMLButtonElement>, "ref"> & RefAttributes<HTMLButtonElement>'.
  Property 'switchStyle' does not exist on type 'IntrinsicAttributes & Omit<SwitchProps & RefAttributes<HTMLButtonElement>, "ref"> & RefAttributes<HTMLButtonElement>'.
src/shared/ui/primitives/Switch/examples.tsx(122,21): error TS2322: Type '{ switchStyle: string; label: string; defaultChecked: true; }' is not assignable to type 'IntrinsicAttributes & Omit<SwitchProps & RefAttributes<HTMLButtonElement>, "ref"> & RefAttributes<HTMLButtonElement>'.
  Property 'switchStyle' does not exist on type 'IntrinsicAttributes & Omit<SwitchProps & RefAttributes<HTMLButtonElement>, "ref"> & RefAttributes<HTMLButtonElement>'.
src/shared/ui/primitives/Switch/examples.tsx(123,21): error TS2322: Type '{ switchStyle: string; label: string; }' is not assignable to type 'IntrinsicAttributes & Omit<SwitchProps & RefAttributes<HTMLButtonElement>, "ref"> & RefAttributes<HTMLButtonElement>'.
  Property 'switchStyle' does not exist on type 'IntrinsicAttributes & Omit<SwitchProps & RefAttributes<HTMLButtonElement>, "ref"> & RefAttributes<HTMLButtonElement>'.
src/shared/ui/primitives/Switch/examples.tsx(130,21): error TS2322: Type '{ switchStyle: string; label: string; defaultChecked: true; }' is not assignable to type 'IntrinsicAttributes & Omit<SwitchProps & RefAttributes<HTMLButtonElement>, "ref"> & RefAttributes<HTMLButtonElement>'.
  Property 'switchStyle' does not exist on type 'IntrinsicAttributes & Omit<SwitchProps & RefAttributes<HTMLButtonElement>, "ref"> & RefAttributes<HTMLButtonElement>'.
src/shared/ui/primitives/Switch/examples.tsx(131,21): error TS2322: Type '{ switchStyle: string; label: string; }' is not assignable to type 'IntrinsicAttributes & Omit<SwitchProps & RefAttributes<HTMLButtonElement>, "ref"> & RefAttributes<HTMLButtonElement>'.
  Property 'switchStyle' does not exist on type 'IntrinsicAttributes & Omit<SwitchProps & RefAttributes<HTMLButtonElement>, "ref"> & RefAttributes<HTMLButtonElement>'.
src/shared/ui/primitives/Switch/examples.tsx(147,11): error TS2322: Type '{ variant: string; label: string; description: string; defaultChecked: true; }' is not assignable to type 'IntrinsicAttributes & Omit<SwitchProps & RefAttributes<HTMLButtonElement>, "ref"> & RefAttributes<HTMLButtonElement>'.
  Property 'variant' does not exist on type 'IntrinsicAttributes & Omit<SwitchProps & RefAttributes<HTMLButtonElement>, "ref"> & RefAttributes<HTMLButtonElement>'.
src/shared/ui/primitives/Switch/examples.tsx(154,11): error TS2322: Type '{ variant: string; label: string; description: string; defaultChecked: true; }' is not assignable to type 'IntrinsicAttributes & Omit<SwitchProps & RefAttributes<HTMLButtonElement>, "ref"> & RefAttributes<HTMLButtonElement>'.
  Property 'variant' does not exist on type 'IntrinsicAttributes & Omit<SwitchProps & RefAttributes<HTMLButtonElement>, "ref"> & RefAttributes<HTMLButtonElement>'.
src/shared/ui/primitives/Switch/examples.tsx(161,11): error TS2322: Type '{ variant: string; label: string; description: string; defaultChecked: true; }' is not assignable to type 'IntrinsicAttributes & Omit<SwitchProps & RefAttributes<HTMLButtonElement>, "ref"> & RefAttributes<HTMLButtonElement>'.
  Property 'variant' does not exist on type 'IntrinsicAttributes & Omit<SwitchProps & RefAttributes<HTMLButtonElement>, "ref"> & RefAttributes<HTMLButtonElement>'.
src/shared/ui/primitives/Switch/examples.tsx(168,11): error TS2322: Type '{ variant: string; label: string; description: string; defaultChecked: true; }' is not assignable to type 'IntrinsicAttributes & Omit<SwitchProps & RefAttributes<HTMLButtonElement>, "ref"> & RefAttributes<HTMLButtonElement>'.
  Property 'variant' does not exist on type 'IntrinsicAttributes & Omit<SwitchProps & RefAttributes<HTMLButtonElement>, "ref"> & RefAttributes<HTMLButtonElement>'.
src/shared/ui/primitives/Switch/examples.tsx(191,11): error TS2322: Type '{ checked: boolean; onCheckedChange: Dispatch<SetStateAction<boolean>>; showLabels: true; onLabel: string; offLabel: string; label: string; description: string; }' is not assignable to type 'IntrinsicAttributes & Omit<SwitchProps & RefAttributes<HTMLButtonElement>, "ref"> & RefAttributes<HTMLButtonElement>'.
  Property 'showLabels' does not exist on type 'IntrinsicAttributes & Omit<SwitchProps & RefAttributes<HTMLButtonElement>, "ref"> & RefAttributes<HTMLButtonElement>'.
src/shared/ui/primitives/Switch/examples.tsx(201,11): error TS2322: Type '{ checked: boolean; onCheckedChange: Dispatch<SetStateAction<boolean>>; showLabels: true; onLabel: string; offLabel: string; label: string; description: string; variant: string; }' is not assignable to type 'IntrinsicAttributes & Omit<SwitchProps & RefAttributes<HTMLButtonElement>, "ref"> & RefAttributes<HTMLButtonElement>'.
  Property 'showLabels' does not exist on type 'IntrinsicAttributes & Omit<SwitchProps & RefAttributes<HTMLButtonElement>, "ref"> & RefAttributes<HTMLButtonElement>'.
src/shared/ui/primitives/Switch/examples.tsx(210,11): error TS2322: Type '{ showLabels: true; onLabel: string; offLabel: string; label: string; description: string; switchStyle: string; }' is not assignable to type 'IntrinsicAttributes & Omit<SwitchProps & RefAttributes<HTMLButtonElement>, "ref"> & RefAttributes<HTMLButtonElement>'.
  Property 'showLabels' does not exist on type 'IntrinsicAttributes & Omit<SwitchProps & RefAttributes<HTMLButtonElement>, "ref"> & RefAttributes<HTMLButtonElement>'.
src/shared/ui/primitives/Switch/examples.tsx(253,11): error TS2322: Type '{ checked: boolean; onCheckedChange: Dispatch<SetStateAction<boolean>>; thumbIcon: Element; label: string; description: string; size: string; }' is not assignable to type 'IntrinsicAttributes & Omit<SwitchProps & RefAttributes<HTMLButtonElement>, "ref"> & RefAttributes<HTMLButtonElement>'.
  Property 'thumbIcon' does not exist on type 'IntrinsicAttributes & Omit<SwitchProps & RefAttributes<HTMLButtonElement>, "ref"> & RefAttributes<HTMLButtonElement>'.
src/shared/ui/primitives/Switch/examples.tsx(262,11): error TS2322: Type '{ checked: boolean; onCheckedChange: Dispatch<SetStateAction<boolean>>; thumbIcon: Element; label: string; description: string; variant: string; }' is not assignable to type 'IntrinsicAttributes & Omit<SwitchProps & RefAttributes<HTMLButtonElement>, "ref"> & RefAttributes<HTMLButtonElement>'.
  Property 'thumbIcon' does not exist on type 'IntrinsicAttributes & Omit<SwitchProps & RefAttributes<HTMLButtonElement>, "ref"> & RefAttributes<HTMLButtonElement>'.
src/shared/ui/primitives/Switch/examples.tsx(269,11): error TS2322: Type '{ thumbIcon: Element; label: string; description: string; switchStyle: string; }' is not assignable to type 'IntrinsicAttributes & Omit<SwitchProps & RefAttributes<HTMLButtonElement>, "ref"> & RefAttributes<HTMLButtonElement>'.
  Property 'thumbIcon' does not exist on type 'IntrinsicAttributes & Omit<SwitchProps & RefAttributes<HTMLButtonElement>, "ref"> & RefAttributes<HTMLButtonElement>'.
src/shared/ui/primitives/Switch/examples.tsx(311,15): error TS2322: Type '{ checked: boolean; onCheckedChange: (checked: boolean) => void; label: string; description: string; }' is not assignable to type 'IntrinsicAttributes & Omit<SwitchProps & RefAttributes<HTMLButtonElement>, "ref"> & RefAttributes<HTMLButtonElement>'.
  Property 'label' does not exist on type 'IntrinsicAttributes & Omit<SwitchProps & RefAttributes<HTMLButtonElement>, "ref"> & RefAttributes<HTMLButtonElement>'.
src/shared/ui/primitives/Switch/examples.tsx(318,15): error TS2322: Type '{ checked: boolean; onCheckedChange: (checked: boolean) => void; label: string; description: string; }' is not assignable to type 'IntrinsicAttributes & Omit<SwitchProps & RefAttributes<HTMLButtonElement>, "ref"> & RefAttributes<HTMLButtonElement>'.
  Property 'label' does not exist on type 'IntrinsicAttributes & Omit<SwitchProps & RefAttributes<HTMLButtonElement>, "ref"> & RefAttributes<HTMLButtonElement>'.
src/shared/ui/primitives/Switch/examples.tsx(330,15): error TS2322: Type '{ checked: boolean; onCheckedChange: (checked: boolean) => void; label: string; description: string; variant: string; }' is not assignable to type 'IntrinsicAttributes & Omit<SwitchProps & RefAttributes<HTMLButtonElement>, "ref"> & RefAttributes<HTMLButtonElement>'.
  Property 'label' does not exist on type 'IntrinsicAttributes & Omit<SwitchProps & RefAttributes<HTMLButtonElement>, "ref"> & RefAttributes<HTMLButtonElement>'.
src/shared/ui/primitives/Switch/examples.tsx(343,15): error TS2322: Type '{ checked: boolean; onCheckedChange: (checked: boolean) => void; label: string; description: string; variant: string; }' is not assignable to type 'IntrinsicAttributes & Omit<SwitchProps & RefAttributes<HTMLButtonElement>, "ref"> & RefAttributes<HTMLButtonElement>'.
  Property 'label' does not exist on type 'IntrinsicAttributes & Omit<SwitchProps & RefAttributes<HTMLButtonElement>, "ref"> & RefAttributes<HTMLButtonElement>'.
src/shared/ui/primitives/Switch/examples.tsx(351,15): error TS2322: Type '{ checked: boolean; onCheckedChange: (checked: boolean) => void; label: string; description: string; variant: string; }' is not assignable to type 'IntrinsicAttributes & Omit<SwitchProps & RefAttributes<HTMLButtonElement>, "ref"> & RefAttributes<HTMLButtonElement>'.
  Property 'label' does not exist on type 'IntrinsicAttributes & Omit<SwitchProps & RefAttributes<HTMLButtonElement>, "ref"> & RefAttributes<HTMLButtonElement>'.
src/shared/ui/primitives/Switch/examples.tsx(402,12): error TS2322: Type '{ children: ({ value, onChange }: { value: any; onChange: any; }) => Element; name: "notifications"; label: string; description: string; }' is not assignable to type 'IntrinsicAttributes & { render: ({ field, fieldState, formState, }: { field: ControllerRenderProps<{ notifications: boolean; emailUpdates: boolean; twoFactor: boolean; publicProfile: boolean; }, "notifications" | "emailUpdates" | "twoFactor" | "publicProfile">; fieldState: ControllerFieldState; formState: UseFormStateReturn<{ notifications: boolean; emailUpdates: boolean; twoFactor: boolean; publicProfile: boolean; }>; }) => ReactElement<any, string | JSXElementConstructor<any>>; } & UseControllerProps<{ notifications: boolean; emailUpdates: boolean; twoFactor: boolean; publicProfile: boolean; }, "notifications" | "emailUpdates" | "twoFactor" | "publicProfile", { notifications: boolean; emailUpdates: boolean; twoFactor: boolean; publicProfile: boolean; }>'.
  Property 'children' does not exist on type 'IntrinsicAttributes & { render: ({ field, fieldState, formState, }: { field: ControllerRenderProps<{ notifications: boolean; emailUpdates: boolean; twoFactor: boolean; publicProfile: boolean; }, "notifications" | "emailUpdates" | "twoFactor" | "publicProfile">; fieldState: ControllerFieldState; formState: UseFormStateReturn<{ notifications: boolean; emailUpdates: boolean; twoFactor: boolean; publicProfile: boolean; }>; }) => ReactElement<any, string | JSXElementConstructor<any>>; } & UseControllerProps<{ notifications: boolean; emailUpdates: boolean; twoFactor: boolean; publicProfile: boolean; }, "notifications" | "emailUpdates" | "twoFactor" | "publicProfile", { notifications: boolean; emailUpdates: boolean; twoFactor: boolean; publicProfile: boolean; }>'.
src/shared/ui/primitives/Switch/examples.tsx(407,17): error TS7031: Binding element 'value' implicitly has an 'any' type.
src/shared/ui/primitives/Switch/examples.tsx(407,24): error TS7031: Binding element 'onChange' implicitly has an 'any' type.
src/shared/ui/primitives/Switch/examples.tsx(411,17): error TS2322: Type '{ checked: any; onCheckedChange: any; label: string; description: string; }' is not assignable to type 'IntrinsicAttributes & Omit<SwitchProps & RefAttributes<HTMLButtonElement>, "ref"> & RefAttributes<HTMLButtonElement>'.
  Property 'label' does not exist on type 'IntrinsicAttributes & Omit<SwitchProps & RefAttributes<HTMLButtonElement>, "ref"> & RefAttributes<HTMLButtonElement>'.
src/shared/ui/primitives/Switch/examples.tsx(417,12): error TS2322: Type '{ children: ({ value, onChange }: { value: any; onChange: any; }) => Element; name: "emailUpdates"; label: string; description: string; }' is not assignable to type 'IntrinsicAttributes & { render: ({ field, fieldState, formState, }: { field: ControllerRenderProps<{ notifications: boolean; emailUpdates: boolean; twoFactor: boolean; publicProfile: boolean; }, "notifications" | "emailUpdates" | "twoFactor" | "publicProfile">; fieldState: ControllerFieldState; formState: UseFormStateReturn<{ notifications: boolean; emailUpdates: boolean; twoFactor: boolean; publicProfile: boolean; }>; }) => ReactElement<any, string | JSXElementConstructor<any>>; } & UseControllerProps<{ notifications: boolean; emailUpdates: boolean; twoFactor: boolean; publicProfile: boolean; }, "notifications" | "emailUpdates" | "twoFactor" | "publicProfile", { notifications: boolean; emailUpdates: boolean; twoFactor: boolean; publicProfile: boolean; }>'.
  Property 'children' does not exist on type 'IntrinsicAttributes & { render: ({ field, fieldState, formState, }: { field: ControllerRenderProps<{ notifications: boolean; emailUpdates: boolean; twoFactor: boolean; publicProfile: boolean; }, "notifications" | "emailUpdates" | "twoFactor" | "publicProfile">; fieldState: ControllerFieldState; formState: UseFormStateReturn<{ notifications: boolean; emailUpdates: boolean; twoFactor: boolean; publicProfile: boolean; }>; }) => ReactElement<any, string | JSXElementConstructor<any>>; } & UseControllerProps<{ notifications: boolean; emailUpdates: boolean; twoFactor: boolean; publicProfile: boolean; }, "notifications" | "emailUpdates" | "twoFactor" | "publicProfile", { notifications: boolean; emailUpdates: boolean; twoFactor: boolean; publicProfile: boolean; }>'.
src/shared/ui/primitives/Switch/examples.tsx(422,17): error TS7031: Binding element 'value' implicitly has an 'any' type.
src/shared/ui/primitives/Switch/examples.tsx(422,24): error TS7031: Binding element 'onChange' implicitly has an 'any' type.
src/shared/ui/primitives/Switch/examples.tsx(426,17): error TS2322: Type '{ checked: any; onCheckedChange: any; label: string; description: string; variant: string; }' is not assignable to type 'IntrinsicAttributes & Omit<SwitchProps & RefAttributes<HTMLButtonElement>, "ref"> & RefAttributes<HTMLButtonElement>'.
  Property 'label' does not exist on type 'IntrinsicAttributes & Omit<SwitchProps & RefAttributes<HTMLButtonElement>, "ref"> & RefAttributes<HTMLButtonElement>'.
src/shared/ui/primitives/Switch/examples.tsx(433,12): error TS2322: Type '{ children: ({ value, onChange }: { value: any; onChange: any; }) => Element; name: "twoFactor"; label: string; description: string; }' is not assignable to type 'IntrinsicAttributes & { render: ({ field, fieldState, formState, }: { field: ControllerRenderProps<{ notifications: boolean; emailUpdates: boolean; twoFactor: boolean; publicProfile: boolean; }, "notifications" | "emailUpdates" | "twoFactor" | "publicProfile">; fieldState: ControllerFieldState; formState: UseFormStateReturn<{ notifications: boolean; emailUpdates: boolean; twoFactor: boolean; publicProfile: boolean; }>; }) => ReactElement<any, string | JSXElementConstructor<any>>; } & UseControllerProps<{ notifications: boolean; emailUpdates: boolean; twoFactor: boolean; publicProfile: boolean; }, "notifications" | "emailUpdates" | "twoFactor" | "publicProfile", { notifications: boolean; emailUpdates: boolean; twoFactor: boolean; publicProfile: boolean; }>'.
  Property 'children' does not exist on type 'IntrinsicAttributes & { render: ({ field, fieldState, formState, }: { field: ControllerRenderProps<{ notifications: boolean; emailUpdates: boolean; twoFactor: boolean; publicProfile: boolean; }, "notifications" | "emailUpdates" | "twoFactor" | "publicProfile">; fieldState: ControllerFieldState; formState: UseFormStateReturn<{ notifications: boolean; emailUpdates: boolean; twoFactor: boolean; publicProfile: boolean; }>; }) => ReactElement<any, string | JSXElementConstructor<any>>; } & UseControllerProps<{ notifications: boolean; emailUpdates: boolean; twoFactor: boolean; publicProfile: boolean; }, "notifications" | "emailUpdates" | "twoFactor" | "publicProfile", { notifications: boolean; emailUpdates: boolean; twoFactor: boolean; publicProfile: boolean; }>'.
src/shared/ui/primitives/Switch/examples.tsx(438,17): error TS7031: Binding element 'value' implicitly has an 'any' type.
src/shared/ui/primitives/Switch/examples.tsx(438,24): error TS7031: Binding element 'onChange' implicitly has an 'any' type.
src/shared/ui/primitives/Switch/examples.tsx(442,17): error TS2322: Type '{ checked: any; onCheckedChange: any; label: string; description: string; variant: string; }' is not assignable to type 'IntrinsicAttributes & Omit<SwitchProps & RefAttributes<HTMLButtonElement>, "ref"> & RefAttributes<HTMLButtonElement>'.
  Property 'label' does not exist on type 'IntrinsicAttributes & Omit<SwitchProps & RefAttributes<HTMLButtonElement>, "ref"> & RefAttributes<HTMLButtonElement>'.
src/shared/ui/primitives/Switch/examples.tsx(449,12): error TS2322: Type '{ children: ({ value, onChange }: { value: any; onChange: any; }) => Element; name: "publicProfile"; label: string; description: string; }' is not assignable to type 'IntrinsicAttributes & { render: ({ field, fieldState, formState, }: { field: ControllerRenderProps<{ notifications: boolean; emailUpdates: boolean; twoFactor: boolean; publicProfile: boolean; }, "notifications" | "emailUpdates" | "twoFactor" | "publicProfile">; fieldState: ControllerFieldState; formState: UseFormStateReturn<{ notifications: boolean; emailUpdates: boolean; twoFactor: boolean; publicProfile: boolean; }>; }) => ReactElement<any, string | JSXElementConstructor<any>>; } & UseControllerProps<{ notifications: boolean; emailUpdates: boolean; twoFactor: boolean; publicProfile: boolean; }, "notifications" | "emailUpdates" | "twoFactor" | "publicProfile", { notifications: boolean; emailUpdates: boolean; twoFactor: boolean; publicProfile: boolean; }>'.
  Property 'children' does not exist on type 'IntrinsicAttributes & { render: ({ field, fieldState, formState, }: { field: ControllerRenderProps<{ notifications: boolean; emailUpdates: boolean; twoFactor: boolean; publicProfile: boolean; }, "notifications" | "emailUpdates" | "twoFactor" | "publicProfile">; fieldState: ControllerFieldState; formState: UseFormStateReturn<{ notifications: boolean; emailUpdates: boolean; twoFactor: boolean; publicProfile: boolean; }>; }) => ReactElement<any, string | JSXElementConstructor<any>>; } & UseControllerProps<{ notifications: boolean; emailUpdates: boolean; twoFactor: boolean; publicProfile: boolean; }, "notifications" | "emailUpdates" | "twoFactor" | "publicProfile", { notifications: boolean; emailUpdates: boolean; twoFactor: boolean; publicProfile: boolean; }>'.
src/shared/ui/primitives/Switch/examples.tsx(454,17): error TS7031: Binding element 'value' implicitly has an 'any' type.
src/shared/ui/primitives/Switch/examples.tsx(454,24): error TS7031: Binding element 'onChange' implicitly has an 'any' type.
src/shared/ui/primitives/Switch/examples.tsx(458,17): error TS2322: Type '{ checked: any; onCheckedChange: any; label: string; description: string; variant: string; }' is not assignable to type 'IntrinsicAttributes & Omit<SwitchProps & RefAttributes<HTMLButtonElement>, "ref"> & RefAttributes<HTMLButtonElement>'.
  Property 'label' does not exist on type 'IntrinsicAttributes & Omit<SwitchProps & RefAttributes<HTMLButtonElement>, "ref"> & RefAttributes<HTMLButtonElement>'.
src/shared/ui/primitives/Switch/examples.tsx(514,11): error TS2375: Type '{ checked: boolean | undefined; onCheckedChange: (checked: boolean) => Promise<void>; loading: boolean | undefined; label: string; description: string; }' is not assignable to type 'IntrinsicAttributes & Omit<SwitchProps & RefAttributes<HTMLButtonElement>, "ref"> & RefAttributes<HTMLButtonElement>' with 'exactOptionalPropertyTypes: true'. Consider adding 'undefined' to the types of the target's properties.
  Property 'loading' does not exist on type 'IntrinsicAttributes & Omit<SwitchProps & RefAttributes<HTMLButtonElement>, "ref"> & RefAttributes<HTMLButtonElement>'.
src/shared/ui/primitives/Switch/examples.tsx(522,11): error TS2375: Type '{ checked: boolean | undefined; onCheckedChange: (checked: boolean) => Promise<void>; loading: boolean | undefined; label: string; description: string; variant: string; }' is not assignable to type 'IntrinsicAttributes & Omit<SwitchProps & RefAttributes<HTMLButtonElement>, "ref"> & RefAttributes<HTMLButtonElement>' with 'exactOptionalPropertyTypes: true'. Consider adding 'undefined' to the types of the target's properties.
  Property 'loading' does not exist on type 'IntrinsicAttributes & Omit<SwitchProps & RefAttributes<HTMLButtonElement>, "ref"> & RefAttributes<HTMLButtonElement>'.
src/shared/ui/primitives/Switch/examples.tsx(531,11): error TS2375: Type '{ checked: boolean | undefined; onCheckedChange: (checked: boolean) => Promise<void>; loading: boolean | undefined; label: string; description: string; variant: string; }' is not assignable to type 'IntrinsicAttributes & Omit<SwitchProps & RefAttributes<HTMLButtonElement>, "ref"> & RefAttributes<HTMLButtonElement>' with 'exactOptionalPropertyTypes: true'. Consider adding 'undefined' to the types of the target's properties.
  Property 'loading' does not exist on type 'IntrinsicAttributes & Omit<SwitchProps & RefAttributes<HTMLButtonElement>, "ref"> & RefAttributes<HTMLButtonElement>'.
src/shared/ui/primitives/Tabs/index.tsx(4,32): error TS2307: Cannot find module '@radix-ui/react-tabs' or its corresponding type declarations.
src/shared/ui/primitives/Textarea/examples.tsx(6,10): error TS2305: Module '"../Toast"' has no exported member 'useToast'.
src/shared/ui/primitives/Textarea/examples.tsx(9,15): error TS2305: Module '"./index"' has no exported member 'TextareaVariants'.
src/shared/ui/primitives/Textarea/examples.tsx(27,11): error TS2322: Type '{ label: string; placeholder: string; value: string; onValueChange: (newValue: string) => void; description: string; }' is not assignable to type 'IntrinsicAttributes & TextareaProps & RefAttributes<HTMLTextAreaElement>'.
  Property 'label' does not exist on type 'IntrinsicAttributes & TextareaProps & RefAttributes<HTMLTextAreaElement>'.
src/shared/ui/primitives/Textarea/examples.tsx(55,15): error TS2322: Type '{ size: TextareaVariants; label: string; placeholder: string; defaultValue: string; }' is not assignable to type 'IntrinsicAttributes & TextareaProps & RefAttributes<HTMLTextAreaElement>'.
  Property 'size' does not exist on type 'IntrinsicAttributes & TextareaProps & RefAttributes<HTMLTextAreaElement>'.
src/shared/ui/primitives/Textarea/examples.tsx(80,15): error TS2322: Type '{ variant: TextareaVariants; label: string; placeholder: string; defaultValue: string; }' is not assignable to type 'IntrinsicAttributes & TextareaProps & RefAttributes<HTMLTextAreaElement>'.
  Property 'variant' does not exist on type 'IntrinsicAttributes & TextareaProps & RefAttributes<HTMLTextAreaElement>'.
src/shared/ui/primitives/Textarea/examples.tsx(109,11): error TS2322: Type '{ label: string; value: string; onValueChange: (value: string) => void; autoResize: boolean; minRows: number; maxRows: number; placeholder: string; description: string; }' is not assignable to type 'IntrinsicAttributes & TextareaProps & RefAttributes<HTMLTextAreaElement>'.
  Property 'label' does not exist on type 'IntrinsicAttributes & TextareaProps & RefAttributes<HTMLTextAreaElement>'.
src/shared/ui/primitives/Textarea/examples.tsx(150,11): error TS2322: Type '{ label: string; value: string; onValueChange: Dispatch<SetStateAction<string>>; maxLength: number; characterCount: boolean; onCharacterCountChange: (count: number, maxLength?: number | undefined) => void; placeholder: string; description: string; }' is not assignable to type 'IntrinsicAttributes & TextareaProps & RefAttributes<HTMLTextAreaElement>'.
  Property 'label' does not exist on type 'IntrinsicAttributes & TextareaProps & RefAttributes<HTMLTextAreaElement>'.
src/shared/ui/primitives/Textarea/examples.tsx(222,11): error TS2322: Type '{ label: string; value: string; onValueChange: (value: any) => void; required: true; characterCount: boolean; maxLength: number; minRows: number; placeholder: string; errorMessage: string; successMessage: string; description: string; }' is not assignable to type 'IntrinsicAttributes & TextareaProps & RefAttributes<HTMLTextAreaElement>'.
  Property 'label' does not exist on type 'IntrinsicAttributes & TextareaProps & RefAttributes<HTMLTextAreaElement>'.
src/shared/ui/primitives/Textarea/examples.tsx(224,27): error TS7006: Parameter 'value' implicitly has an 'any' type.
src/shared/ui/primitives/Textarea/examples.tsx(259,13): error TS2322: Type '{ label: string; placeholder: string; description: string; }' is not assignable to type 'IntrinsicAttributes & TextareaProps & RefAttributes<HTMLTextAreaElement>'.
  Property 'label' does not exist on type 'IntrinsicAttributes & TextareaProps & RefAttributes<HTMLTextAreaElement>'.
src/shared/ui/primitives/Textarea/examples.tsx(265,13): error TS2322: Type '{ label: string; state: string; defaultValue: string; errorMessage: string; }' is not assignable to type 'IntrinsicAttributes & TextareaProps & RefAttributes<HTMLTextAreaElement>'.
  Property 'label' does not exist on type 'IntrinsicAttributes & TextareaProps & RefAttributes<HTMLTextAreaElement>'.
src/shared/ui/primitives/Textarea/examples.tsx(274,13): error TS2322: Type '{ label: string; state: string; defaultValue: string; successMessage: string; }' is not assignable to type 'IntrinsicAttributes & TextareaProps & RefAttributes<HTMLTextAreaElement>'.
  Property 'label' does not exist on type 'IntrinsicAttributes & TextareaProps & RefAttributes<HTMLTextAreaElement>'.
src/shared/ui/primitives/Textarea/examples.tsx(281,13): error TS2322: Type '{ label: string; state: string; defaultValue: string; warningMessage: string; }' is not assignable to type 'IntrinsicAttributes & TextareaProps & RefAttributes<HTMLTextAreaElement>'.
  Property 'label' does not exist on type 'IntrinsicAttributes & TextareaProps & RefAttributes<HTMLTextAreaElement>'.
src/shared/ui/primitives/Textarea/examples.tsx(300,11): error TS2322: Type '{ label: string; disabled: true; defaultValue: string; description: string; }' is not assignable to type 'IntrinsicAttributes & TextareaProps & RefAttributes<HTMLTextAreaElement>'.
  Property 'label' does not exist on type 'IntrinsicAttributes & TextareaProps & RefAttributes<HTMLTextAreaElement>'.
src/shared/ui/primitives/Textarea/examples.tsx(307,11): error TS2322: Type '{ label: string; readOnly: true; defaultValue: string; description: string; }' is not assignable to type 'IntrinsicAttributes & TextareaProps & RefAttributes<HTMLTextAreaElement>'.
  Property 'label' does not exist on type 'IntrinsicAttributes & TextareaProps & RefAttributes<HTMLTextAreaElement>'.
src/shared/ui/primitives/Textarea/examples.tsx(332,15): error TS2322: Type '{ label: string; resize: TextareaVariants; defaultValue: string; description: string; }' is not assignable to type 'IntrinsicAttributes & TextareaProps & RefAttributes<HTMLTextAreaElement>'.
  Property 'label' does not exist on type 'IntrinsicAttributes & TextareaProps & RefAttributes<HTMLTextAreaElement>'.
src/shared/ui/primitives/Textarea/examples.tsx(369,11): error TS2322: Type '{ label: string; value: string; onValueChange: (value: string) => void; autoResize: boolean; minRows: number; maxRows: number; characterCount: boolean; maxLength: number; placeholder: string; description: string; variant: string; size: string; }' is not assignable to type 'IntrinsicAttributes & TextareaProps & RefAttributes<HTMLTextAreaElement>'.
  Property 'label' does not exist on type 'IntrinsicAttributes & TextareaProps & RefAttributes<HTMLTextAreaElement>'.
src/shared/ui/primitives/Toggle/examples.tsx(5,10): error TS2305: Module '"../Toast"' has no exported member 'useToast'.
src/shared/ui/primitives/Toggle/examples.tsx(53,31): error TS7006: Parameter 'pressed' implicitly has an 'any' type.
src/shared/ui/primitives/Toggle/examples.tsx(173,29): error TS7006: Parameter 'pressed' implicitly has an 'any' type.
src/shared/ui/primitives/Toggle/examples.tsx(189,29): error TS7006: Parameter 'pressed' implicitly has an 'any' type.
src/shared/ui/primitives/Toggle/examples.tsx(205,29): error TS7006: Parameter 'pressed' implicitly has an 'any' type.
src/shared/ui/primitives/Toggle/examples.tsx(223,29): error TS7006: Parameter 'pressed' implicitly has an 'any' type.
src/shared/ui/primitives/Toggle/examples.tsx(239,29): error TS7006: Parameter 'pressed' implicitly has an 'any' type.
src/shared/ui/primitives/Toggle/examples.tsx(255,29): error TS7006: Parameter 'pressed' implicitly has an 'any' type.
src/shared/ui/primitives/Toggle/examples.tsx(287,17): error TS2339: Property 'Group' does not exist on type 'ForwardRefExoticComponent<any>'.
src/shared/ui/primitives/Toggle/examples.tsx(293,19): error TS2339: Property 'GroupItem' does not exist on type 'ForwardRefExoticComponent<any>'.
src/shared/ui/primitives/Toggle/examples.tsx(302,20): error TS2339: Property 'GroupItem' does not exist on type 'ForwardRefExoticComponent<any>'.
src/shared/ui/primitives/Toggle/examples.tsx(304,19): error TS2339: Property 'GroupItem' does not exist on type 'ForwardRefExoticComponent<any>'.
src/shared/ui/primitives/Toggle/examples.tsx(313,20): error TS2339: Property 'GroupItem' does not exist on type 'ForwardRefExoticComponent<any>'.
src/shared/ui/primitives/Toggle/examples.tsx(315,19): error TS2339: Property 'GroupItem' does not exist on type 'ForwardRefExoticComponent<any>'.
src/shared/ui/primitives/Toggle/examples.tsx(324,20): error TS2339: Property 'GroupItem' does not exist on type 'ForwardRefExoticComponent<any>'.
src/shared/ui/primitives/Toggle/examples.tsx(326,19): error TS2339: Property 'GroupItem' does not exist on type 'ForwardRefExoticComponent<any>'.
src/shared/ui/primitives/Toggle/examples.tsx(335,20): error TS2339: Property 'GroupItem' does not exist on type 'ForwardRefExoticComponent<any>'.
src/shared/ui/primitives/Toggle/examples.tsx(336,18): error TS2339: Property 'Group' does not exist on type 'ForwardRefExoticComponent<any>'.
src/shared/ui/primitives/Toggle/examples.tsx(362,17): error TS2339: Property 'Group' does not exist on type 'ForwardRefExoticComponent<any>'.
src/shared/ui/primitives/Toggle/examples.tsx(368,19): error TS2339: Property 'GroupItem' does not exist on type 'ForwardRefExoticComponent<any>'.
src/shared/ui/primitives/Toggle/examples.tsx(378,20): error TS2339: Property 'GroupItem' does not exist on type 'ForwardRefExoticComponent<any>'.
src/shared/ui/primitives/Toggle/examples.tsx(380,19): error TS2339: Property 'GroupItem' does not exist on type 'ForwardRefExoticComponent<any>'.
src/shared/ui/primitives/Toggle/examples.tsx(390,20): error TS2339: Property 'GroupItem' does not exist on type 'ForwardRefExoticComponent<any>'.
src/shared/ui/primitives/Toggle/examples.tsx(392,19): error TS2339: Property 'GroupItem' does not exist on type 'ForwardRefExoticComponent<any>'.
src/shared/ui/primitives/Toggle/examples.tsx(402,20): error TS2339: Property 'GroupItem' does not exist on type 'ForwardRefExoticComponent<any>'.
src/shared/ui/primitives/Toggle/examples.tsx(404,19): error TS2339: Property 'GroupItem' does not exist on type 'ForwardRefExoticComponent<any>'.
src/shared/ui/primitives/Toggle/examples.tsx(414,20): error TS2339: Property 'GroupItem' does not exist on type 'ForwardRefExoticComponent<any>'.
src/shared/ui/primitives/Toggle/examples.tsx(415,18): error TS2339: Property 'Group' does not exist on type 'ForwardRefExoticComponent<any>'.
src/shared/ui/primitives/Toggle/examples.tsx(441,17): error TS2339: Property 'Group' does not exist on type 'ForwardRefExoticComponent<any>'.
src/shared/ui/primitives/Toggle/examples.tsx(447,19): error TS2339: Property 'GroupItem' does not exist on type 'ForwardRefExoticComponent<any>'.
src/shared/ui/primitives/Toggle/examples.tsx(457,20): error TS2339: Property 'GroupItem' does not exist on type 'ForwardRefExoticComponent<any>'.
src/shared/ui/primitives/Toggle/examples.tsx(459,19): error TS2339: Property 'GroupItem' does not exist on type 'ForwardRefExoticComponent<any>'.
src/shared/ui/primitives/Toggle/examples.tsx(469,20): error TS2339: Property 'GroupItem' does not exist on type 'ForwardRefExoticComponent<any>'.
src/shared/ui/primitives/Toggle/examples.tsx(471,19): error TS2339: Property 'GroupItem' does not exist on type 'ForwardRefExoticComponent<any>'.
src/shared/ui/primitives/Toggle/examples.tsx(481,20): error TS2339: Property 'GroupItem' does not exist on type 'ForwardRefExoticComponent<any>'.
src/shared/ui/primitives/Toggle/examples.tsx(482,18): error TS2339: Property 'Group' does not exist on type 'ForwardRefExoticComponent<any>'.
src/shared/ui/primitives/Toggle/examples.tsx(519,19): error TS2339: Property 'Group' does not exist on type 'ForwardRefExoticComponent<any>'.
src/shared/ui/primitives/Toggle/examples.tsx(520,21): error TS2339: Property 'GroupItem' does not exist on type 'ForwardRefExoticComponent<any>'.
src/shared/ui/primitives/Toggle/examples.tsx(522,22): error TS2339: Property 'GroupItem' does not exist on type 'ForwardRefExoticComponent<any>'.
src/shared/ui/primitives/Toggle/examples.tsx(523,21): error TS2339: Property 'GroupItem' does not exist on type 'ForwardRefExoticComponent<any>'.
src/shared/ui/primitives/Toggle/examples.tsx(525,22): error TS2339: Property 'GroupItem' does not exist on type 'ForwardRefExoticComponent<any>'.
src/shared/ui/primitives/Toggle/examples.tsx(526,21): error TS2339: Property 'GroupItem' does not exist on type 'ForwardRefExoticComponent<any>'.
src/shared/ui/primitives/Toggle/examples.tsx(528,22): error TS2339: Property 'GroupItem' does not exist on type 'ForwardRefExoticComponent<any>'.
src/shared/ui/primitives/Toggle/examples.tsx(529,20): error TS2339: Property 'Group' does not exist on type 'ForwardRefExoticComponent<any>'.
src/shared/ui/primitives/Toggle/index.tsx(5,34): error TS2307: Cannot find module '@radix-ui/react-toggle' or its corresponding type declarations.
src/shared/ui/primitives/ToggleGroup/index.tsx(5,39): error TS2307: Cannot find module '@radix-ui/react-toggle-group' or its corresponding type declarations.
src/shared/ui/primitives/Tooltip/index.tsx(4,35): error TS2307: Cannot find module '@radix-ui/react-tooltip' or its corresponding type declarations.
src/shared/ui/primitives/Typography/examples.tsx(7,10): error TS2305: Module '"../Toast"' has no exported member 'useToast'.
src/shared/ui/primitives/Typography/examples.tsx(111,18): error TS18048: 'color' is possibly 'undefined'.
src/shared/ui/primitives/Typography/examples.tsx(111,50): error TS18048: 'color' is possibly 'undefined'.
src/shared/ui/primitives/Typography/examples.tsx(139,16): error TS18048: 'weight' is possibly 'undefined'.
src/shared/ui/primitives/Typography/examples.tsx(139,49): error TS18048: 'weight' is possibly 'undefined'.
src/shared/ui/primitives/Typography/examples.tsx(141,14): error TS2375: Type '{ children: (string | undefined)[]; size: "m"; weight: "bold" | "light" | "medium" | "regular" | "semibold" | undefined; }' is not assignable to type 'BodyProps' with 'exactOptionalPropertyTypes: true'. Consider adding 'undefined' to the types of the target's properties.
  Types of property 'weight' are incompatible.
    Type '"bold" | "light" | "medium" | "regular" | "semibold" | undefined' is not assignable to type '"bold" | "light" | "medium" | "regular" | "semibold"'.
      Type 'undefined' is not assignable to type '"bold" | "light" | "medium" | "regular" | "semibold"'.
src/shared/ui/primitives/Typography/examples.tsx(168,16): error TS18048: 'align' is possibly 'undefined'.
src/shared/ui/primitives/Typography/examples.tsx(168,48): error TS18048: 'align' is possibly 'undefined'.
src/shared/ui/primitives/Typography/examples.tsx(171,16): error TS2375: Type '{ children: string; size: "m"; align: "center" | "right" | "left" | "justify" | undefined; }' is not assignable to type 'BodyProps' with 'exactOptionalPropertyTypes: true'. Consider adding 'undefined' to the types of the target's properties.
  Types of property 'align' are incompatible.
    Type '"center" | "right" | "left" | "justify" | undefined' is not assignable to type '"center" | "right" | "left" | "justify"'.
      Type 'undefined' is not assignable to type '"center" | "right" | "left" | "justify"'.
src/shared/ui/primitives/Typography/examples.tsx(399,14): error TS2375: Type '{ children: string; variant: "display-xl" | "display-l" | "display-m" | "display-s" | "headline-h1" | "headline-h2" | "headline-h3" | "headline-h4" | "headline-h5" | "headline-h6" | "title-l" | "title-m" | "title-s" | "body-l" | "body-m" | "body-s" | "label-l" | "label-m" | "label-s" | "caption-l" | "caption-m" | "caption-s"; weight: "bold" | "light" | "medium" | "regular" | "semibold" | undefined; align: "center" | "right" | "left" | "justify" | undefined; color: "error" | "success" | "default" | "muted" | "primary" | "warning" | undefined; }' is not assignable to type 'BaseTypographyProps' with 'exactOptionalPropertyTypes: true'. Consider adding 'undefined' to the types of the target's properties.
  Types of property 'weight' are incompatible.
    Type '"bold" | "light" | "medium" | "regular" | "semibold" | undefined' is not assignable to type '"bold" | "light" | "medium" | "regular" | "semibold"'.
      Type 'undefined' is not assignable to type '"bold" | "light" | "medium" | "regular" | "semibold"'.
src/shared/ui/primitives/Typography/index.tsx(38,11): error TS2320: Interface 'BaseTypographyProps' cannot simultaneously extend types 'HTMLAttributes<HTMLElement>' and 'TypographyVariants'.
  Named property 'color' of types 'HTMLAttributes<HTMLElement>' and 'TypographyVariants' are not identical.
src/shared/ui/primitives/Typography/index.tsx(62,7): error TS2322: Type 'string' is not assignable to type '"error" | "success" | "default" | "muted" | "primary" | "warning" | undefined'.
src/shared/ui/primitives/Typography/index.tsx(163,14): error TS7053: Element implicitly has an 'any' type because expression of type 'string' can't be used to index type '{ default: string; muted: string; primary: string; success: string; warning: string; error: string; }'.
  No index signature with a parameter of type 'string' was found on type '{ default: string; muted: string; primary: string; success: string; warning: string; error: string; }'.
src/shared/ui/primitives/Typography/index.tsx(179,10): error TS2322: Type '{ children: ReactNode; defaultChecked?: boolean | undefined; defaultValue?: string | number | readonly string[] | undefined; suppressContentEditableWarning?: boolean | undefined; suppressHydrationWarning?: boolean | undefined; accessKey?: string | undefined; autoCapitalize?: "none" | (string & {}) | "off" | "on" | "sentences" | "words" | "characters" | undefined; autoFocus?: boolean | undefined; contentEditable?: Booleanish | "inherit" | "plaintext-only" | undefined; contextMenu?: string | undefined; dir?: string | undefined; draggable?: Booleanish | undefined; enterKeyHint?: "search" | "enter" | "done" | "go" | "next" | "previous" | "send" | undefined; hidden?: boolean | undefined; id?: string | undefined; lang?: string | undefined; nonce?: string | undefined; slot?: string | undefined; spellCheck?: Booleanish | undefined; style?: CSSProperties | undefined; tabIndex?: number | undefined; title?: string | undefined; translate?: "yes" | "no" | undefined; radioGroup?: string | undefined; role?: AriaRole | undefined; about?: string | undefined; content?: string | undefined; datatype?: string | undefined; inlist?: any; prefix?: string | undefined; property?: string | undefined; rel?: string | undefined; resource?: string | undefined; rev?: string | undefined; typeof?: string | undefined; vocab?: string | undefined; autoCorrect?: string | undefined; autoSave?: string | undefined; itemProp?: string | undefined; itemScope?: boolean | undefined; itemType?: string | undefined; itemID?: string | undefined; itemRef?: string | undefined; results?: number | undefined; security?: string | undefined; unselectable?: "off" | "on" | undefined; inputMode?: "search" | "text" | "none" | "email" | "tel" | "url" | "numeric" | "decimal" | undefined; is?: string | undefined; exportparts?: string | undefined; part?: string | undefined; popover?: "" | "auto" | "manual" | undefined; popoverTargetAction?: "toggle" | "show" | "hide" | undefined; popoverTarget?: string | undefined; onToggle?: ToggleEventHandler<HTMLElement> | undefined; onBeforeToggle?: ToggleEventHandler<HTMLElement> | undefined; inert?: boolean | undefined; tw?: string; "aria-activedescendant"?: string | undefined; "aria-atomic"?: Booleanish | undefined; "aria-autocomplete"?: "list" | "none" | "inline" | "both" | undefined; "aria-braillelabel"?: string | undefined; "aria-brailleroledescription"?: string | undefined; "aria-busy"?: Booleanish | undefined; "aria-checked"?: boolean | "true" | "false" | "mixed" | undefined; "aria-colcount"?: number | undefined; "aria-colindex"?: number | undefined; "aria-colindextext"?: string | undefined; "aria-colspan"?: number | undefined; "aria-controls"?: string | undefined; "aria-current"?: boolean | "time" | "true" | "false" | "page" | "step" | "location" | "date" | undefined; "aria-describedby"?: string | undefined; "aria-description"?: string | undefined; "aria-details"?: string | undefined; "aria-disabled"?: Booleanish | undefined; "aria-dropeffect"?: "link" | "none" | "copy" | "execute" | "move" | "popup" | undefined; "aria-errormessage"?: string | undefined; "aria-expanded"?: Booleanish | undefined; "aria-flowto"?: string | undefined; "aria-grabbed"?: Booleanish | undefined; "aria-haspopup"?: boolean | "dialog" | "menu" | "grid" | "listbox" | "tree" | "true" | "false" | undefined; "aria-hidden"?: Booleanish | undefined; "aria-invalid"?: boolean | "true" | "false" | "grammar" | "spelling" | undefined; "aria-keyshortcuts"?: string | undefined; "aria-label"?: string | undefined; "aria-labelledby"?: string | undefined; "aria-level"?: number | undefined; "aria-live"?: "polite" | "off" | "assertive" | undefined; "aria-modal"?: Booleanish | undefined; "aria-multiline"?: Booleanish | undefined; "aria-multiselectable"?: Booleanish | undefined; "aria-orientation"?: "horizontal" | "vertical" | undefined; "aria-owns"?: string | undefined; "aria-placeholder"?: string | undefined; "aria-posinset"?: number | undefined; "aria-pressed"?: boolean | "true" | "false" | "mixed" | undefined; "aria-readonly"?: Booleanish | undefined; "aria-relevant"?: "text" | "additions" | "additions removals" | "additions text" | "all" | "removals" | "removals additions" | "removals text" | "text additions" | "text removals" | undefined; "aria-required"?: Booleanish | undefined; "aria-roledescription"?: string | undefined; "aria-rowcount"?: number | undefined; "aria-rowindex"?: number | undefined; "aria-rowindextext"?: string | undefined; "aria-rowspan"?: number | undefined; "aria-selected"?: Booleanish | undefined; "aria-setsize"?: number | undefined; "aria-sort"?: "none" | "other" | "ascending" | "descending" | undefined; "aria-valuemax"?: number | undefined; "aria-valuemin"?: number | undefined; "aria-valuenow"?: number | undefined; "aria-valuetext"?: string | undefined; dangerouslySetInnerHTML?: { __html: string | TrustedHTML; } | undefined; onCopy?: ClipboardEventHandler<HTMLElement> | undefined; onCopyCapture?: ClipboardEventHandler<HTMLElement> | undefined; onCut?: ClipboardEventHandler<HTMLElement> | undefined; onCutCapture?: ClipboardEventHandler<HTMLElement> | undefined; onPaste?: ClipboardEventHandler<HTMLElement> | undefined; onPasteCapture?: ClipboardEventHandler<HTMLElement> | undefined; onCompositionEnd?: CompositionEventHandler<HTMLElement> | undefined; onCompositionEndCapture?: CompositionEventHandler<HTMLElement> | undefined; onCompositionStart?: CompositionEventHandler<HTMLElement> | undefined; onCompositionStartCapture?: CompositionEventHandler<HTMLElement> | undefined; onCompositionUpdate?: CompositionEventHandler<HTMLElement> | undefined; onCompositionUpdateCapture?: CompositionEventHandler<HTMLElement> | undefined; onFocus?: FocusEventHandler<HTMLElement> | undefined; onFocusCapture?: FocusEventHandler<HTMLElement> | undefined; onBlur?: FocusEventHandler<HTMLElement> | undefined; onBlurCapture?: FocusEventHandler<HTMLElement> | undefined; onChange?: FormEventHandler<HTMLElement> | undefined; onChangeCapture?: FormEventHandler<HTMLElement> | undefined; onBeforeInput?: InputEventHandler<HTMLElement> | undefined; onBeforeInputCapture?: FormEventHandler<HTMLElement> | undefined; onInput?: FormEventHandler<HTMLElement> | undefined; onInputCapture?: FormEventHandler<HTMLElement> | undefined; onReset?: FormEventHandler<HTMLElement> | undefined; onResetCapture?: FormEventHandler<HTMLElement> | undefined; onSubmit?: FormEventHandler<HTMLElement> | undefined; onSubmitCapture?: FormEventHandler<HTMLElement> | undefined; onInvalid?: FormEventHandler<HTMLElement> | undefined; onInvalidCapture?: FormEventHandler<HTMLElement> | undefined; onLoad?: ReactEventHandler<HTMLElement> | undefined; onLoadCapture?: ReactEventHandler<HTMLElement> | undefined; onError?: ReactEventHandler<HTMLElement> | undefined; onErrorCapture?: ReactEventHandler<HTMLElement> | undefined; onKeyDown?: KeyboardEventHandler<HTMLElement> | undefined; onKeyDownCapture?: KeyboardEventHandler<HTMLElement> | undefined; onKeyPress?: KeyboardEventHandler<HTMLElement> | undefined; onKeyPressCapture?: KeyboardEventHandler<HTMLElement> | undefined; onKeyUp?: KeyboardEventHandler<HTMLElement> | undefined; onKeyUpCapture?: KeyboardEventHandler<HTMLElement> | undefined; onAbort?: ReactEventHandler<HTMLElement> | undefined; onAbortCapture?: ReactEventHandler<HTMLElement> | undefined; onCanPlay?: ReactEventHandler<HTMLElement> | undefined; onCanPlayCapture?: ReactEventHandler<HTMLElement> | undefined; onCanPlayThrough?: ReactEventHandler<HTMLElement> | undefined; onCanPlayThroughCapture?: ReactEventHandler<HTMLElement> | undefined; onDurationChange?: ReactEventHandler<HTMLElement> | undefined; onDurationChangeCapture?: ReactEventHandler<HTMLElement> | undefined; onEmptied?: ReactEventHandler<HTMLElement> | undefined; onEmptiedCapture?: ReactEventHandler<HTMLElement> | undefined; onEncrypted?: ReactEventHandler<HTMLElement> | undefined; onEncryptedCapture?: ReactEventHandler<HTMLElement> | undefined; onEnded?: ReactEventHandler<HTMLElement> | undefined; onEndedCapture?: ReactEventHandler<HTMLElement> | undefined; onLoadedData?: ReactEventHandler<HTMLElement> | undefined; onLoadedDataCapture?: ReactEventHandler<HTMLElement> | undefined; onLoadedMetadata?: ReactEventHandler<HTMLElement> | undefined; onLoadedMetadataCapture?: ReactEventHandler<HTMLElement> | undefined; onLoadStart?: ReactEventHandler<HTMLElement> | undefined; onLoadStartCapture?: ReactEventHandler<HTMLElement> | undefined; onPause?: ReactEventHandler<HTMLElement> | undefined; onPauseCapture?: ReactEventHandler<HTMLElement> | undefined; onPlay?: ReactEventHandler<HTMLElement> | undefined; onPlayCapture?: ReactEventHandler<HTMLElement> | undefined; onPlaying?: ReactEventHandler<HTMLElement> | undefined; onPlayingCapture?: ReactEventHandler<HTMLElement> | undefined; onProgress?: ReactEventHandler<HTMLElement> | undefined; onProgressCapture?: ReactEventHandler<HTMLElement> | undefined; onRateChange?: ReactEventHandler<HTMLElement> | undefined; onRateChangeCapture?: ReactEventHandler<HTMLElement> | undefined; onSeeked?: ReactEventHandler<HTMLElement> | undefined; onSeekedCapture?: ReactEventHandler<HTMLElement> | undefined; onSeeking?: ReactEventHandler<HTMLElement> | undefined; onSeekingCapture?: ReactEventHandler<HTMLElement> | undefined; onStalled?: ReactEventHandler<HTMLElement> | undefined; onStalledCapture?: ReactEventHandler<HTMLElement> | undefined; onSuspend?: ReactEventHandler<HTMLElement> | undefined; onSuspendCapture?: ReactEventHandler<HTMLElement> | undefined; onTimeUpdate?: ReactEventHandler<HTMLElement> | undefined; onTimeUpdateCapture?: ReactEventHandler<HTMLElement> | undefined; onVolumeChange?: ReactEventHandler<HTMLElement> | undefined; onVolumeChangeCapture?: ReactEventHandler<HTMLElement> | undefined; onWaiting?: ReactEventHandler<HTMLElement> | undefined; onWaitingCapture?: ReactEventHandler<HTMLElement> | undefined; onAuxClick?: MouseEventHandler<HTMLElement> | undefined; onAuxClickCapture?: MouseEventHandler<HTMLElement> | undefined; onClick?: MouseEventHandler<HTMLElement> | undefined; onClickCapture?: MouseEventHandler<HTMLElement> | undefined; onContextMenu?: MouseEventHandler<HTMLElement> | undefined; onContextMenuCapture?: MouseEventHandler<HTMLElement> | undefined; onDoubleClick?: MouseEventHandler<HTMLElement> | undefined; onDoubleClickCapture?: MouseEventHandler<HTMLElement> | undefined; onDrag?: DragEventHandler<HTMLElement> | undefined; onDragCapture?: DragEventHandler<HTMLElement> | undefined; onDragEnd?: DragEventHandler<HTMLElement> | undefined; onDragEndCapture?: DragEventHandler<HTMLElement> | undefined; onDragEnter?: DragEventHandler<HTMLElement> | undefined; onDragEnterCapture?: DragEventHandler<HTMLElement> | undefined; onDragExit?: DragEventHandler<HTMLElement> | undefined; onDragExitCapture?: DragEventHandler<HTMLElement> | undefined; onDragLeave?: DragEventHandler<HTMLElement> | undefined; onDragLeaveCapture?: DragEventHandler<HTMLElement> | undefined; onDragOver?: DragEventHandler<HTMLElement> | undefined; onDragOverCapture?: DragEventHandler<HTMLElement> | undefined; onDragStart?: DragEventHandler<HTMLElement> | undefined; onDragStartCapture?: DragEventHandler<HTMLElement> | undefined; onDrop?: DragEventHandler<HTMLElement> | undefined; onDropCapture?: DragEventHandler<HTMLElement> | undefined; onMouseDown?: MouseEventHandler<HTMLElement> | undefined; onMouseDownCapture?: MouseEventHandler<HTMLElement> | undefined; onMouseEnter?: MouseEventHandler<HTMLElement> | undefined; onMouseLeave?: MouseEventHandler<HTMLElement> | undefined; onMouseMove?: MouseEventHandler<HTMLElement> | undefined; onMouseMoveCapture?: MouseEventHandler<HTMLElement> | undefined; onMouseOut?: MouseEventHandler<HTMLElement> | undefined; onMouseOutCapture?: MouseEventHandler<HTMLElement> | undefined; onMouseOver?: MouseEventHandler<HTMLElement> | undefined; onMouseOverCapture?: MouseEventHandler<HTMLElement> | undefined; onMouseUp?: MouseEventHandler<HTMLElement> | undefined; onMouseUpCapture?: MouseEventHandler<HTMLElement> | undefined; onSelect?: ReactEventHandler<HTMLElement> | undefined; onSelectCapture?: ReactEventHandler<HTMLElement> | undefined; onTouchCancel?: TouchEventHandler<HTMLElement> | undefined; onTouchCancelCapture?: TouchEventHandler<HTMLElement> | undefined; onTouchEnd?: TouchEventHandler<HTMLElement> | undefined; onTouchEndCapture?: TouchEventHandler<HTMLElement> | undefined; onTouchMove?: TouchEventHandler<HTMLElement> | undefined; onTouchMoveCapture?: TouchEventHandler<HTMLElement> | undefined; onTouchStart?: TouchEventHandler<HTMLElement> | undefined; onTouchStartCapture?: TouchEventHandler<HTMLElement> | undefined; onPointerDown?: PointerEventHandler<HTMLElement> | undefined; onPointerDownCapture?: PointerEventHandler<HTMLElement> | undefined; onPointerMove?: PointerEventHandler<HTMLElement> | undefined; onPointerMoveCapture?: PointerEventHandler<HTMLElement> | undefined; onPointerUp?: PointerEventHandler<HTMLElement> | undefined; onPointerUpCapture?: PointerEventHandler<HTMLElement> | undefined; onPointerCancel?: PointerEventHandler<HTMLElement> | undefined; onPointerCancelCapture?: PointerEventHandler<HTMLElement> | undefined; onPointerEnter?: PointerEventHandler<HTMLElement> | undefined; onPointerLeave?: PointerEventHandler<HTMLElement> | undefined; onPointerOver?: PointerEventHandler<HTMLElement> | undefined; onPointerOverCapture?: PointerEventHandler<HTMLElement> | undefined; onPointerOut?: PointerEventHandler<HTMLElement> | undefined; onPointerOutCapture?: PointerEventHandler<HTMLElement> | undefined; onGotPointerCapture?: PointerEventHandler<HTMLElement> | undefined; onGotPointerCaptureCapture?: PointerEventHandler<HTMLElement> | undefined; onLostPointerCapture?: PointerEventHandler<HTMLElement> | undefined; onLostPointerCaptureCapture?: PointerEventHandler<HTMLElement> | undefined; onScroll?: UIEventHandler<HTMLElement> | undefined; onScrollCapture?: UIEventHandler<HTMLElement> | undefined; onWheel?: WheelEventHandler<HTMLElement> | undefined; onWheelCapture?: WheelEventHandler<HTMLElement> | undefined; onAnimationStart?: AnimationEventHandler<HTMLElement> | undefined; onAnimationStartCapture?: AnimationEventHandler<HTMLElement> | undefined; onAnimationEnd?: AnimationEventHandler<HTMLElement> | undefined; onAnimationEndCapture?: AnimationEventHandler<HTMLElement> | undefined; onAnimationIteration?: AnimationEventHandler<HTMLElement> | undefined; onAnimationIterationCapture?: AnimationEventHandler<HTMLElement> | undefined; onTransitionEnd?: TransitionEventHandler<HTMLElement> | undefined; onTransitionEndCapture?: TransitionEventHandler<HTMLElement> | undefined; onTransitionCancel?: TransitionEventHandler<HTMLElement> | undefined; onTransitionCancelCapture?: TransitionEventHandler<HTMLElement> | undefined; onTransitionRun?: TransitionEventHandler<HTMLElement> | undefined; onTransitionRunCapture?: TransitionEventHandler<HTMLElement> | undefined; onTransitionStart?: TransitionEventHandler<HTMLElement> | undefined; onTransitionStartCapture?: TransitionEventHandler<HTMLElement> | undefined; ref: any; className: string; }' is not assignable to type 'SVGProps<SVGSymbolElement>'.
  Types of property 'onCopy' are incompatible.
    Type 'ClipboardEventHandler<HTMLElement> | undefined' is not assignable to type 'ClipboardEventHandler<SVGSymbolElement> | undefined'.
      Type 'ClipboardEventHandler<HTMLElement>' is not assignable to type 'ClipboardEventHandler<SVGSymbolElement>'.
        Type 'HTMLElement' is missing the following properties from type 'SVGSymbolElement': ownerSVGElement, viewportElement, preserveAspectRatio, viewBox
src/shared/ui/primitives/Typography/index.tsx(180,11): error TS2590: Expression produces a union type that is too complex to represent.
src/shared/ui/primitives/Typography/index.tsx(326,3): error TS2484: Export declaration conflicts with exported declaration of 'DisplayProps'.
src/shared/ui/primitives/Typography/index.tsx(327,3): error TS2484: Export declaration conflicts with exported declaration of 'HeadlineProps'.
src/shared/ui/primitives/Typography/index.tsx(328,3): error TS2484: Export declaration conflicts with exported declaration of 'TitleProps'.
src/shared/ui/primitives/Typography/index.tsx(329,3): error TS2484: Export declaration conflicts with exported declaration of 'BodyProps'.
src/shared/ui/primitives/Typography/index.tsx(330,3): error TS2484: Export declaration conflicts with exported declaration of 'LabelProps'.
src/shared/ui/primitives/Typography/index.tsx(331,3): error TS2484: Export declaration conflicts with exported declaration of 'CaptionProps'.
src/shared/utils/name.ts(34,14): error TS2323: Cannot redeclare exported variable 'NAME_LENGTHS'.
src/shared/utils/name.ts(257,15): error TS2323: Cannot redeclare exported variable 'NAME_LENGTHS'.
src/shared/utils/name.ts(257,15): error TS2484: Export declaration conflicts with exported declaration of 'NAME_LENGTHS'.
